
 /----------------------------------------------------------------------------\
 |  yosys -- Yosys Open SYnthesis Suite                                       |
 |  Copyright (C) 2012 - 2026  Claire Xenia Wolf <claire@yosyshq.com>         |
 |  Distributed under an ISC-like license, type "license" to see terms        |
 \----------------------------------------------------------------------------/
 Yosys 0.65 (git sha1 aec814bdf3071f7e0fd0fbe43f7f711e99d01e24, g++ 14.3.0-19 -fvisibility-inlines-hidden -fmessage-length=0 -march=nocona -mtune=haswell -ftree-vectorize -fPIC -fstack-protector-strong -fno-plt -O2 -ffunction-sections -fdebug-prefix-map=/home/conda/feedstock_root/build_artifacts/yosys_1778591527500/work=/usr/local/src/conda/yosys-0.65 -fdebug-prefix-map=/home/b10507053/ALS_Final_Project/student/tools/conda-env=/usr/local/src/conda-prefix -fPIC -O3) [conda-forge/yosys-feedstock]

-- Executing script file `/home/b10507053/ALS_Final_Project/student/work/ex250_ex254_frontend_fp4_dot_fma_semantic_20260608_2105/ex252/logs/ex252_semantic_u2_dot4_pairtable_qrange_abc_g_aig.yosys.ys' --

1. Executing Verilog-2005 frontend: /home/b10507053/ALS_Final_Project/student/work/ex250_ex254_frontend_fp4_dot_fma_semantic_20260608_2105/ex252/verilog/ex252_semantic_u2_dot4_pairtable_qrange.v
Parsing Verilog input from `/home/b10507053/ALS_Final_Project/student/work/ex250_ex254_frontend_fp4_dot_fma_semantic_20260608_2105/ex252/verilog/ex252_semantic_u2_dot4_pairtable_qrange.v' to AST representation.
Generating RTLIL representation for module `\ex252_semantic_u2_dot4_pairtable_qrange'.
Successfully finished Verilog frontend.

2. Executing HIERARCHY pass (managing design hierarchy).

2.1. Analyzing design hierarchy..
Top module:  \ex252_semantic_u2_dot4_pairtable_qrange

2.2. Analyzing design hierarchy..
Top module:  \ex252_semantic_u2_dot4_pairtable_qrange
Removed 0 unused modules.

3. Executing PROC pass (convert processes to netlists).

3.1. Executing PROC_CLEAN pass (remove empty switches from decision trees).
Cleaned up 0 empty switches.

3.2. Executing PROC_RMDEAD pass (remove dead branches from decision trees).
Marked 26 switch rules as full_case in process $proc$/home/b10507053/ALS_Final_Project/student/work/ex250_ex254_frontend_fp4_dot_fma_semantic_20260608_2105/ex252/verilog/ex252_semantic_u2_dot4_pairtable_qrange.v:307$20 in module ex252_semantic_u2_dot4_pairtable_qrange.
Removed 1 dead cases from process $proc$/home/b10507053/ALS_Final_Project/student/work/ex250_ex254_frontend_fp4_dot_fma_semantic_20260608_2105/ex252/verilog/ex252_semantic_u2_dot4_pairtable_qrange.v:271$14 in module ex252_semantic_u2_dot4_pairtable_qrange.
Marked 1 switch rules as full_case in process $proc$/home/b10507053/ALS_Final_Project/student/work/ex250_ex254_frontend_fp4_dot_fma_semantic_20260608_2105/ex252/verilog/ex252_semantic_u2_dot4_pairtable_qrange.v:271$14 in module ex252_semantic_u2_dot4_pairtable_qrange.
Removed 1 dead cases from process $proc$/home/b10507053/ALS_Final_Project/student/work/ex250_ex254_frontend_fp4_dot_fma_semantic_20260608_2105/ex252/verilog/ex252_semantic_u2_dot4_pairtable_qrange.v:270$8 in module ex252_semantic_u2_dot4_pairtable_qrange.
Marked 1 switch rules as full_case in process $proc$/home/b10507053/ALS_Final_Project/student/work/ex250_ex254_frontend_fp4_dot_fma_semantic_20260608_2105/ex252/verilog/ex252_semantic_u2_dot4_pairtable_qrange.v:270$8 in module ex252_semantic_u2_dot4_pairtable_qrange.
Removed a total of 2 dead cases.

3.3. Executing PROC_PRUNE pass (remove redundant assignments in processes).
Removed 0 redundant assignments.
Promoted 11 assignments to connections.

3.4. Executing PROC_INIT pass (extract init attributes).

3.5. Executing PROC_ARST pass (detect async resets in processes).

3.6. Executing PROC_ROM pass (convert switches to ROMs).
Converted 2 switches.

3.7. Executing PROC_MUX pass (convert decision trees to multiplexers).
Creating decoders for process `\ex252_semantic_u2_dot4_pairtable_qrange.$proc$/home/b10507053/ALS_Final_Project/student/work/ex250_ex254_frontend_fp4_dot_fma_semantic_20260608_2105/ex252/verilog/ex252_semantic_u2_dot4_pairtable_qrange.v:307$20'.
     1/26: $26\quant_scaled$func$/home/b10507053/ALS_Final_Project/student/work/ex250_ex254_frontend_fp4_dot_fma_semantic_20260608_2105/ex252/verilog/ex252_semantic_u2_dot4_pairtable_qrange.v:307$6.$result[6:0]$75
     2/26: $25\quant_scaled$func$/home/b10507053/ALS_Final_Project/student/work/ex250_ex254_frontend_fp4_dot_fma_semantic_20260608_2105/ex252/verilog/ex252_semantic_u2_dot4_pairtable_qrange.v:307$6.$result[6:0]$73
     3/26: $24\quant_scaled$func$/home/b10507053/ALS_Final_Project/student/work/ex250_ex254_frontend_fp4_dot_fma_semantic_20260608_2105/ex252/verilog/ex252_semantic_u2_dot4_pairtable_qrange.v:307$6.$result[6:0]$71
     4/26: $23\quant_scaled$func$/home/b10507053/ALS_Final_Project/student/work/ex250_ex254_frontend_fp4_dot_fma_semantic_20260608_2105/ex252/verilog/ex252_semantic_u2_dot4_pairtable_qrange.v:307$6.$result[6:0]$69
     5/26: $22\quant_scaled$func$/home/b10507053/ALS_Final_Project/student/work/ex250_ex254_frontend_fp4_dot_fma_semantic_20260608_2105/ex252/verilog/ex252_semantic_u2_dot4_pairtable_qrange.v:307$6.$result[6:0]$67
     6/26: $21\quant_scaled$func$/home/b10507053/ALS_Final_Project/student/work/ex250_ex254_frontend_fp4_dot_fma_semantic_20260608_2105/ex252/verilog/ex252_semantic_u2_dot4_pairtable_qrange.v:307$6.$result[6:0]$65
     7/26: $20\quant_scaled$func$/home/b10507053/ALS_Final_Project/student/work/ex250_ex254_frontend_fp4_dot_fma_semantic_20260608_2105/ex252/verilog/ex252_semantic_u2_dot4_pairtable_qrange.v:307$6.$result[6:0]$63
     8/26: $19\quant_scaled$func$/home/b10507053/ALS_Final_Project/student/work/ex250_ex254_frontend_fp4_dot_fma_semantic_20260608_2105/ex252/verilog/ex252_semantic_u2_dot4_pairtable_qrange.v:307$6.$result[6:0]$61
     9/26: $18\quant_scaled$func$/home/b10507053/ALS_Final_Project/student/work/ex250_ex254_frontend_fp4_dot_fma_semantic_20260608_2105/ex252/verilog/ex252_semantic_u2_dot4_pairtable_qrange.v:307$6.$result[6:0]$59
    10/26: $17\quant_scaled$func$/home/b10507053/ALS_Final_Project/student/work/ex250_ex254_frontend_fp4_dot_fma_semantic_20260608_2105/ex252/verilog/ex252_semantic_u2_dot4_pairtable_qrange.v:307$6.$result[6:0]$57
    11/26: $16\quant_scaled$func$/home/b10507053/ALS_Final_Project/student/work/ex250_ex254_frontend_fp4_dot_fma_semantic_20260608_2105/ex252/verilog/ex252_semantic_u2_dot4_pairtable_qrange.v:307$6.$result[6:0]$55
    12/26: $15\quant_scaled$func$/home/b10507053/ALS_Final_Project/student/work/ex250_ex254_frontend_fp4_dot_fma_semantic_20260608_2105/ex252/verilog/ex252_semantic_u2_dot4_pairtable_qrange.v:307$6.$result[6:0]$53
    13/26: $14\quant_scaled$func$/home/b10507053/ALS_Final_Project/student/work/ex250_ex254_frontend_fp4_dot_fma_semantic_20260608_2105/ex252/verilog/ex252_semantic_u2_dot4_pairtable_qrange.v:307$6.$result[6:0]$51
    14/26: $13\quant_scaled$func$/home/b10507053/ALS_Final_Project/student/work/ex250_ex254_frontend_fp4_dot_fma_semantic_20260608_2105/ex252/verilog/ex252_semantic_u2_dot4_pairtable_qrange.v:307$6.$result[6:0]$49
    15/26: $12\quant_scaled$func$/home/b10507053/ALS_Final_Project/student/work/ex250_ex254_frontend_fp4_dot_fma_semantic_20260608_2105/ex252/verilog/ex252_semantic_u2_dot4_pairtable_qrange.v:307$6.$result[6:0]$47
    16/26: $11\quant_scaled$func$/home/b10507053/ALS_Final_Project/student/work/ex250_ex254_frontend_fp4_dot_fma_semantic_20260608_2105/ex252/verilog/ex252_semantic_u2_dot4_pairtable_qrange.v:307$6.$result[6:0]$45
    17/26: $10\quant_scaled$func$/home/b10507053/ALS_Final_Project/student/work/ex250_ex254_frontend_fp4_dot_fma_semantic_20260608_2105/ex252/verilog/ex252_semantic_u2_dot4_pairtable_qrange.v:307$6.$result[6:0]$43
    18/26: $9\quant_scaled$func$/home/b10507053/ALS_Final_Project/student/work/ex250_ex254_frontend_fp4_dot_fma_semantic_20260608_2105/ex252/verilog/ex252_semantic_u2_dot4_pairtable_qrange.v:307$6.$result[6:0]$41
    19/26: $8\quant_scaled$func$/home/b10507053/ALS_Final_Project/student/work/ex250_ex254_frontend_fp4_dot_fma_semantic_20260608_2105/ex252/verilog/ex252_semantic_u2_dot4_pairtable_qrange.v:307$6.$result[6:0]$39
    20/26: $7\quant_scaled$func$/home/b10507053/ALS_Final_Project/student/work/ex250_ex254_frontend_fp4_dot_fma_semantic_20260608_2105/ex252/verilog/ex252_semantic_u2_dot4_pairtable_qrange.v:307$6.$result[6:0]$37
    21/26: $6\quant_scaled$func$/home/b10507053/ALS_Final_Project/student/work/ex250_ex254_frontend_fp4_dot_fma_semantic_20260608_2105/ex252/verilog/ex252_semantic_u2_dot4_pairtable_qrange.v:307$6.$result[6:0]$35
    22/26: $5\quant_scaled$func$/home/b10507053/ALS_Final_Project/student/work/ex250_ex254_frontend_fp4_dot_fma_semantic_20260608_2105/ex252/verilog/ex252_semantic_u2_dot4_pairtable_qrange.v:307$6.$result[6:0]$33
    23/26: $4\quant_scaled$func$/home/b10507053/ALS_Final_Project/student/work/ex250_ex254_frontend_fp4_dot_fma_semantic_20260608_2105/ex252/verilog/ex252_semantic_u2_dot4_pairtable_qrange.v:307$6.$result[6:0]$31
    24/26: $3\quant_scaled$func$/home/b10507053/ALS_Final_Project/student/work/ex250_ex254_frontend_fp4_dot_fma_semantic_20260608_2105/ex252/verilog/ex252_semantic_u2_dot4_pairtable_qrange.v:307$6.$result[6:0]$29
    25/26: $2\quant_scaled$func$/home/b10507053/ALS_Final_Project/student/work/ex250_ex254_frontend_fp4_dot_fma_semantic_20260608_2105/ex252/verilog/ex252_semantic_u2_dot4_pairtable_qrange.v:307$6.$result[6:0]$27
    26/26: $1\quant_scaled$func$/home/b10507053/ALS_Final_Project/student/work/ex250_ex254_frontend_fp4_dot_fma_semantic_20260608_2105/ex252/verilog/ex252_semantic_u2_dot4_pairtable_qrange.v:307$6.$result[6:0]$25
Creating decoders for process `\ex252_semantic_u2_dot4_pairtable_qrange.$proc$/home/b10507053/ALS_Final_Project/student/work/ex250_ex254_frontend_fp4_dot_fma_semantic_20260608_2105/ex252/verilog/ex252_semantic_u2_dot4_pairtable_qrange.v:271$14'.
     1/1: $1\pair_dot$func$/home/b10507053/ALS_Final_Project/student/work/ex250_ex254_frontend_fp4_dot_fma_semantic_20260608_2105/ex252/verilog/ex252_semantic_u2_dot4_pairtable_qrange.v:271$5.$result[5:0]$19
Creating decoders for process `\ex252_semantic_u2_dot4_pairtable_qrange.$proc$/home/b10507053/ALS_Final_Project/student/work/ex250_ex254_frontend_fp4_dot_fma_semantic_20260608_2105/ex252/verilog/ex252_semantic_u2_dot4_pairtable_qrange.v:270$8'.
     1/1: $1\pair_dot$func$/home/b10507053/ALS_Final_Project/student/work/ex250_ex254_frontend_fp4_dot_fma_semantic_20260608_2105/ex252/verilog/ex252_semantic_u2_dot4_pairtable_qrange.v:270$4.$result[5:0]$13

3.8. Executing PROC_DLATCH pass (convert process syncs to latches).
No latch inferred for signal `\ex252_semantic_u2_dot4_pairtable_qrange.\quant_scaled$func$/home/b10507053/ALS_Final_Project/student/work/ex250_ex254_frontend_fp4_dot_fma_semantic_20260608_2105/ex252/verilog/ex252_semantic_u2_dot4_pairtable_qrange.v:307$3.$result' from process `\ex252_semantic_u2_dot4_pairtable_qrange.$proc$/home/b10507053/ALS_Final_Project/student/work/ex250_ex254_frontend_fp4_dot_fma_semantic_20260608_2105/ex252/verilog/ex252_semantic_u2_dot4_pairtable_qrange.v:307$20'.
No latch inferred for signal `\ex252_semantic_u2_dot4_pairtable_qrange.\quant_scaled$func$/home/b10507053/ALS_Final_Project/student/work/ex250_ex254_frontend_fp4_dot_fma_semantic_20260608_2105/ex252/verilog/ex252_semantic_u2_dot4_pairtable_qrange.v:307$6.$result' from process `\ex252_semantic_u2_dot4_pairtable_qrange.$proc$/home/b10507053/ALS_Final_Project/student/work/ex250_ex254_frontend_fp4_dot_fma_semantic_20260608_2105/ex252/verilog/ex252_semantic_u2_dot4_pairtable_qrange.v:307$20'.
No latch inferred for signal `\ex252_semantic_u2_dot4_pairtable_qrange.\quant_scaled$func$/home/b10507053/ALS_Final_Project/student/work/ex250_ex254_frontend_fp4_dot_fma_semantic_20260608_2105/ex252/verilog/ex252_semantic_u2_dot4_pairtable_qrange.v:307$6.value' from process `\ex252_semantic_u2_dot4_pairtable_qrange.$proc$/home/b10507053/ALS_Final_Project/student/work/ex250_ex254_frontend_fp4_dot_fma_semantic_20260608_2105/ex252/verilog/ex252_semantic_u2_dot4_pairtable_qrange.v:307$20'.
No latch inferred for signal `\ex252_semantic_u2_dot4_pairtable_qrange.\pair_dot$func$/home/b10507053/ALS_Final_Project/student/work/ex250_ex254_frontend_fp4_dot_fma_semantic_20260608_2105/ex252/verilog/ex252_semantic_u2_dot4_pairtable_qrange.v:271$2.$result' from process `\ex252_semantic_u2_dot4_pairtable_qrange.$proc$/home/b10507053/ALS_Final_Project/student/work/ex250_ex254_frontend_fp4_dot_fma_semantic_20260608_2105/ex252/verilog/ex252_semantic_u2_dot4_pairtable_qrange.v:271$14'.
No latch inferred for signal `\ex252_semantic_u2_dot4_pairtable_qrange.\pair_dot$func$/home/b10507053/ALS_Final_Project/student/work/ex250_ex254_frontend_fp4_dot_fma_semantic_20260608_2105/ex252/verilog/ex252_semantic_u2_dot4_pairtable_qrange.v:271$5.$result' from process `\ex252_semantic_u2_dot4_pairtable_qrange.$proc$/home/b10507053/ALS_Final_Project/student/work/ex250_ex254_frontend_fp4_dot_fma_semantic_20260608_2105/ex252/verilog/ex252_semantic_u2_dot4_pairtable_qrange.v:271$14'.
No latch inferred for signal `\ex252_semantic_u2_dot4_pairtable_qrange.\pair_dot$func$/home/b10507053/ALS_Final_Project/student/work/ex250_ex254_frontend_fp4_dot_fma_semantic_20260608_2105/ex252/verilog/ex252_semantic_u2_dot4_pairtable_qrange.v:271$5.a' from process `\ex252_semantic_u2_dot4_pairtable_qrange.$proc$/home/b10507053/ALS_Final_Project/student/work/ex250_ex254_frontend_fp4_dot_fma_semantic_20260608_2105/ex252/verilog/ex252_semantic_u2_dot4_pairtable_qrange.v:271$14'.
No latch inferred for signal `\ex252_semantic_u2_dot4_pairtable_qrange.\pair_dot$func$/home/b10507053/ALS_Final_Project/student/work/ex250_ex254_frontend_fp4_dot_fma_semantic_20260608_2105/ex252/verilog/ex252_semantic_u2_dot4_pairtable_qrange.v:271$5.b' from process `\ex252_semantic_u2_dot4_pairtable_qrange.$proc$/home/b10507053/ALS_Final_Project/student/work/ex250_ex254_frontend_fp4_dot_fma_semantic_20260608_2105/ex252/verilog/ex252_semantic_u2_dot4_pairtable_qrange.v:271$14'.
No latch inferred for signal `\ex252_semantic_u2_dot4_pairtable_qrange.\pair_dot$func$/home/b10507053/ALS_Final_Project/student/work/ex250_ex254_frontend_fp4_dot_fma_semantic_20260608_2105/ex252/verilog/ex252_semantic_u2_dot4_pairtable_qrange.v:270$1.$result' from process `\ex252_semantic_u2_dot4_pairtable_qrange.$proc$/home/b10507053/ALS_Final_Project/student/work/ex250_ex254_frontend_fp4_dot_fma_semantic_20260608_2105/ex252/verilog/ex252_semantic_u2_dot4_pairtable_qrange.v:270$8'.
No latch inferred for signal `\ex252_semantic_u2_dot4_pairtable_qrange.\pair_dot$func$/home/b10507053/ALS_Final_Project/student/work/ex250_ex254_frontend_fp4_dot_fma_semantic_20260608_2105/ex252/verilog/ex252_semantic_u2_dot4_pairtable_qrange.v:270$4.$result' from process `\ex252_semantic_u2_dot4_pairtable_qrange.$proc$/home/b10507053/ALS_Final_Project/student/work/ex250_ex254_frontend_fp4_dot_fma_semantic_20260608_2105/ex252/verilog/ex252_semantic_u2_dot4_pairtable_qrange.v:270$8'.
No latch inferred for signal `\ex252_semantic_u2_dot4_pairtable_qrange.\pair_dot$func$/home/b10507053/ALS_Final_Project/student/work/ex250_ex254_frontend_fp4_dot_fma_semantic_20260608_2105/ex252/verilog/ex252_semantic_u2_dot4_pairtable_qrange.v:270$4.a' from process `\ex252_semantic_u2_dot4_pairtable_qrange.$proc$/home/b10507053/ALS_Final_Project/student/work/ex250_ex254_frontend_fp4_dot_fma_semantic_20260608_2105/ex252/verilog/ex252_semantic_u2_dot4_pairtable_qrange.v:270$8'.
No latch inferred for signal `\ex252_semantic_u2_dot4_pairtable_qrange.\pair_dot$func$/home/b10507053/ALS_Final_Project/student/work/ex250_ex254_frontend_fp4_dot_fma_semantic_20260608_2105/ex252/verilog/ex252_semantic_u2_dot4_pairtable_qrange.v:270$4.b' from process `\ex252_semantic_u2_dot4_pairtable_qrange.$proc$/home/b10507053/ALS_Final_Project/student/work/ex250_ex254_frontend_fp4_dot_fma_semantic_20260608_2105/ex252/verilog/ex252_semantic_u2_dot4_pairtable_qrange.v:270$8'.

3.9. Executing PROC_DFF pass (convert process syncs to FFs).

3.10. Executing PROC_MEMWR pass (convert process memory writes to cells).

3.11. Executing PROC_CLEAN pass (remove empty switches from decision trees).
Found and cleaned up 26 empty switches in `\ex252_semantic_u2_dot4_pairtable_qrange.$proc$/home/b10507053/ALS_Final_Project/student/work/ex250_ex254_frontend_fp4_dot_fma_semantic_20260608_2105/ex252/verilog/ex252_semantic_u2_dot4_pairtable_qrange.v:307$20'.
Removing empty process `ex252_semantic_u2_dot4_pairtable_qrange.$proc$/home/b10507053/ALS_Final_Project/student/work/ex250_ex254_frontend_fp4_dot_fma_semantic_20260608_2105/ex252/verilog/ex252_semantic_u2_dot4_pairtable_qrange.v:307$20'.
Found and cleaned up 1 empty switch in `\ex252_semantic_u2_dot4_pairtable_qrange.$proc$/home/b10507053/ALS_Final_Project/student/work/ex250_ex254_frontend_fp4_dot_fma_semantic_20260608_2105/ex252/verilog/ex252_semantic_u2_dot4_pairtable_qrange.v:271$14'.
Removing empty process `ex252_semantic_u2_dot4_pairtable_qrange.$proc$/home/b10507053/ALS_Final_Project/student/work/ex250_ex254_frontend_fp4_dot_fma_semantic_20260608_2105/ex252/verilog/ex252_semantic_u2_dot4_pairtable_qrange.v:271$14'.
Found and cleaned up 1 empty switch in `\ex252_semantic_u2_dot4_pairtable_qrange.$proc$/home/b10507053/ALS_Final_Project/student/work/ex250_ex254_frontend_fp4_dot_fma_semantic_20260608_2105/ex252/verilog/ex252_semantic_u2_dot4_pairtable_qrange.v:270$8'.
Removing empty process `ex252_semantic_u2_dot4_pairtable_qrange.$proc$/home/b10507053/ALS_Final_Project/student/work/ex250_ex254_frontend_fp4_dot_fma_semantic_20260608_2105/ex252/verilog/ex252_semantic_u2_dot4_pairtable_qrange.v:270$8'.
Cleaned up 28 empty switches.

3.12. Executing OPT_EXPR pass (perform const folding).
Optimizing module ex252_semantic_u2_dot4_pairtable_qrange.

4. Executing FLATTEN pass (flatten design).

5. Executing TRIBUF pass.

6. Executing DEMINOUT pass (demote inout ports to input or output).

7. Executing OPT pass (performing simple optimizations).

7.1. Executing OPT_EXPR pass (perform const folding).
Optimizing module ex252_semantic_u2_dot4_pairtable_qrange.

7.2. Executing OPT_MERGE pass (detect identical cells).
Finding identical cells in module `\ex252_semantic_u2_dot4_pairtable_qrange'.
Computing hashes of 382 cells of `\ex252_semantic_u2_dot4_pairtable_qrange'.
Finding duplicate cells in `\ex252_semantic_u2_dot4_pairtable_qrange'.
Removed a total of 0 cells.

7.3. Executing OPT_MUXTREE pass (detect dead branches in mux trees).
Running muxtree optimizer on module \ex252_semantic_u2_dot4_pairtable_qrange..
  Creating internal representation of mux trees.
  Evaluating internal representation of mux trees.
  Analyzing evaluation results.
    dead port 1/2 on $mux $procmux$1132.
    dead port 1/2 on $mux $procmux$1126.
    dead port 1/2 on $mux $procmux$1123.
    dead port 1/2 on $mux $procmux$1117.
    dead port 1/2 on $mux $procmux$1114.
    dead port 1/2 on $mux $procmux$1111.
    dead port 1/2 on $mux $procmux$1105.
    dead port 1/2 on $mux $procmux$1102.
    dead port 1/2 on $mux $procmux$1099.
    dead port 1/2 on $mux $procmux$1096.
    dead port 1/2 on $mux $procmux$1090.
    dead port 1/2 on $mux $procmux$1087.
    dead port 1/2 on $mux $procmux$1084.
    dead port 1/2 on $mux $procmux$1081.
    dead port 1/2 on $mux $procmux$1078.
    dead port 1/2 on $mux $procmux$1072.
    dead port 1/2 on $mux $procmux$1069.
    dead port 1/2 on $mux $procmux$1066.
    dead port 1/2 on $mux $procmux$1063.
    dead port 1/2 on $mux $procmux$1060.
    dead port 1/2 on $mux $procmux$1057.
    dead port 1/2 on $mux $procmux$1051.
    dead port 1/2 on $mux $procmux$1048.
    dead port 1/2 on $mux $procmux$1045.
    dead port 1/2 on $mux $procmux$1042.
    dead port 1/2 on $mux $procmux$1039.
    dead port 1/2 on $mux $procmux$1036.
    dead port 1/2 on $mux $procmux$1033.
    dead port 1/2 on $mux $procmux$1027.
    dead port 1/2 on $mux $procmux$1024.
    dead port 1/2 on $mux $procmux$1021.
    dead port 1/2 on $mux $procmux$1018.
    dead port 1/2 on $mux $procmux$1015.
    dead port 1/2 on $mux $procmux$1012.
    dead port 1/2 on $mux $procmux$1009.
    dead port 1/2 on $mux $procmux$1006.
    dead port 1/2 on $mux $procmux$1000.
    dead port 1/2 on $mux $procmux$997.
    dead port 1/2 on $mux $procmux$994.
    dead port 1/2 on $mux $procmux$991.
    dead port 1/2 on $mux $procmux$988.
    dead port 1/2 on $mux $procmux$985.
    dead port 1/2 on $mux $procmux$982.
    dead port 1/2 on $mux $procmux$979.
    dead port 1/2 on $mux $procmux$976.
    dead port 1/2 on $mux $procmux$970.
    dead port 1/2 on $mux $procmux$967.
    dead port 1/2 on $mux $procmux$964.
    dead port 1/2 on $mux $procmux$961.
    dead port 1/2 on $mux $procmux$958.
    dead port 1/2 on $mux $procmux$955.
    dead port 1/2 on $mux $procmux$952.
    dead port 1/2 on $mux $procmux$949.
    dead port 1/2 on $mux $procmux$946.
    dead port 1/2 on $mux $procmux$943.
    dead port 1/2 on $mux $procmux$937.
    dead port 1/2 on $mux $procmux$934.
    dead port 1/2 on $mux $procmux$931.
    dead port 1/2 on $mux $procmux$928.
    dead port 1/2 on $mux $procmux$925.
    dead port 1/2 on $mux $procmux$922.
    dead port 1/2 on $mux $procmux$919.
    dead port 1/2 on $mux $procmux$916.
    dead port 1/2 on $mux $procmux$913.
    dead port 1/2 on $mux $procmux$910.
    dead port 1/2 on $mux $procmux$907.
    dead port 1/2 on $mux $procmux$901.
    dead port 1/2 on $mux $procmux$898.
    dead port 1/2 on $mux $procmux$895.
    dead port 1/2 on $mux $procmux$892.
    dead port 1/2 on $mux $procmux$889.
    dead port 1/2 on $mux $procmux$886.
    dead port 1/2 on $mux $procmux$883.
    dead port 1/2 on $mux $procmux$880.
    dead port 1/2 on $mux $procmux$877.
    dead port 1/2 on $mux $procmux$874.
    dead port 1/2 on $mux $procmux$871.
    dead port 1/2 on $mux $procmux$868.
    dead port 1/2 on $mux $procmux$862.
    dead port 1/2 on $mux $procmux$859.
    dead port 1/2 on $mux $procmux$856.
    dead port 1/2 on $mux $procmux$853.
    dead port 1/2 on $mux $procmux$850.
    dead port 1/2 on $mux $procmux$847.
    dead port 1/2 on $mux $procmux$844.
    dead port 1/2 on $mux $procmux$841.
    dead port 1/2 on $mux $procmux$838.
    dead port 1/2 on $mux $procmux$835.
    dead port 1/2 on $mux $procmux$832.
    dead port 1/2 on $mux $procmux$829.
    dead port 1/2 on $mux $procmux$826.
    dead port 1/2 on $mux $procmux$820.
    dead port 1/2 on $mux $procmux$817.
    dead port 1/2 on $mux $procmux$814.
    dead port 1/2 on $mux $procmux$811.
    dead port 1/2 on $mux $procmux$808.
    dead port 1/2 on $mux $procmux$805.
    dead port 1/2 on $mux $procmux$802.
    dead port 1/2 on $mux $procmux$799.
    dead port 1/2 on $mux $procmux$796.
    dead port 1/2 on $mux $procmux$793.
    dead port 1/2 on $mux $procmux$790.
    dead port 1/2 on $mux $procmux$787.
    dead port 1/2 on $mux $procmux$784.
    dead port 1/2 on $mux $procmux$781.
    dead port 1/2 on $mux $procmux$775.
    dead port 1/2 on $mux $procmux$772.
    dead port 1/2 on $mux $procmux$769.
    dead port 1/2 on $mux $procmux$766.
    dead port 1/2 on $mux $procmux$763.
    dead port 1/2 on $mux $procmux$760.
    dead port 1/2 on $mux $procmux$757.
    dead port 1/2 on $mux $procmux$754.
    dead port 1/2 on $mux $procmux$751.
    dead port 1/2 on $mux $procmux$748.
    dead port 1/2 on $mux $procmux$745.
    dead port 1/2 on $mux $procmux$742.
    dead port 1/2 on $mux $procmux$739.
    dead port 1/2 on $mux $procmux$736.
    dead port 1/2 on $mux $procmux$733.
    dead port 1/2 on $mux $procmux$727.
    dead port 1/2 on $mux $procmux$724.
    dead port 1/2 on $mux $procmux$721.
    dead port 1/2 on $mux $procmux$718.
    dead port 1/2 on $mux $procmux$715.
    dead port 1/2 on $mux $procmux$712.
    dead port 1/2 on $mux $procmux$709.
    dead port 1/2 on $mux $procmux$706.
    dead port 1/2 on $mux $procmux$703.
    dead port 1/2 on $mux $procmux$700.
    dead port 1/2 on $mux $procmux$697.
    dead port 1/2 on $mux $procmux$694.
    dead port 1/2 on $mux $procmux$691.
    dead port 1/2 on $mux $procmux$688.
    dead port 1/2 on $mux $procmux$685.
    dead port 1/2 on $mux $procmux$682.
    dead port 1/2 on $mux $procmux$676.
    dead port 1/2 on $mux $procmux$673.
    dead port 1/2 on $mux $procmux$670.
    dead port 1/2 on $mux $procmux$667.
    dead port 1/2 on $mux $procmux$664.
    dead port 1/2 on $mux $procmux$661.
    dead port 1/2 on $mux $procmux$658.
    dead port 1/2 on $mux $procmux$655.
    dead port 1/2 on $mux $procmux$652.
    dead port 1/2 on $mux $procmux$649.
    dead port 1/2 on $mux $procmux$646.
    dead port 1/2 on $mux $procmux$643.
    dead port 1/2 on $mux $procmux$640.
    dead port 1/2 on $mux $procmux$637.
    dead port 1/2 on $mux $procmux$634.
    dead port 1/2 on $mux $procmux$631.
    dead port 1/2 on $mux $procmux$628.
    dead port 1/2 on $mux $procmux$622.
    dead port 1/2 on $mux $procmux$619.
    dead port 1/2 on $mux $procmux$616.
    dead port 1/2 on $mux $procmux$613.
    dead port 1/2 on $mux $procmux$610.
    dead port 1/2 on $mux $procmux$607.
    dead port 1/2 on $mux $procmux$604.
    dead port 1/2 on $mux $procmux$601.
    dead port 1/2 on $mux $procmux$598.
    dead port 1/2 on $mux $procmux$595.
    dead port 1/2 on $mux $procmux$592.
    dead port 1/2 on $mux $procmux$589.
    dead port 1/2 on $mux $procmux$586.
    dead port 1/2 on $mux $procmux$583.
    dead port 1/2 on $mux $procmux$580.
    dead port 1/2 on $mux $procmux$577.
    dead port 1/2 on $mux $procmux$574.
    dead port 1/2 on $mux $procmux$571.
    dead port 1/2 on $mux $procmux$565.
    dead port 1/2 on $mux $procmux$562.
    dead port 1/2 on $mux $procmux$559.
    dead port 1/2 on $mux $procmux$556.
    dead port 1/2 on $mux $procmux$553.
    dead port 1/2 on $mux $procmux$550.
    dead port 1/2 on $mux $procmux$547.
    dead port 1/2 on $mux $procmux$544.
    dead port 1/2 on $mux $procmux$541.
    dead port 1/2 on $mux $procmux$538.
    dead port 1/2 on $mux $procmux$535.
    dead port 1/2 on $mux $procmux$532.
    dead port 1/2 on $mux $procmux$529.
    dead port 1/2 on $mux $procmux$526.
    dead port 1/2 on $mux $procmux$523.
    dead port 1/2 on $mux $procmux$520.
    dead port 1/2 on $mux $procmux$517.
    dead port 1/2 on $mux $procmux$514.
    dead port 1/2 on $mux $procmux$511.
    dead port 1/2 on $mux $procmux$505.
    dead port 1/2 on $mux $procmux$502.
    dead port 1/2 on $mux $procmux$499.
    dead port 1/2 on $mux $procmux$496.
    dead port 1/2 on $mux $procmux$493.
    dead port 1/2 on $mux $procmux$490.
    dead port 1/2 on $mux $procmux$487.
    dead port 1/2 on $mux $procmux$484.
    dead port 1/2 on $mux $procmux$481.
    dead port 1/2 on $mux $procmux$478.
    dead port 1/2 on $mux $procmux$475.
    dead port 1/2 on $mux $procmux$472.
    dead port 1/2 on $mux $procmux$469.
    dead port 1/2 on $mux $procmux$466.
    dead port 1/2 on $mux $procmux$463.
    dead port 1/2 on $mux $procmux$460.
    dead port 1/2 on $mux $procmux$457.
    dead port 1/2 on $mux $procmux$454.
    dead port 1/2 on $mux $procmux$451.
    dead port 1/2 on $mux $procmux$448.
    dead port 1/2 on $mux $procmux$442.
    dead port 1/2 on $mux $procmux$439.
    dead port 1/2 on $mux $procmux$436.
    dead port 1/2 on $mux $procmux$433.
    dead port 1/2 on $mux $procmux$430.
    dead port 1/2 on $mux $procmux$427.
    dead port 1/2 on $mux $procmux$424.
    dead port 1/2 on $mux $procmux$421.
    dead port 1/2 on $mux $procmux$418.
    dead port 1/2 on $mux $procmux$415.
    dead port 1/2 on $mux $procmux$412.
    dead port 1/2 on $mux $procmux$409.
    dead port 1/2 on $mux $procmux$406.
    dead port 1/2 on $mux $procmux$403.
    dead port 1/2 on $mux $procmux$400.
    dead port 1/2 on $mux $procmux$397.
    dead port 1/2 on $mux $procmux$394.
    dead port 1/2 on $mux $procmux$391.
    dead port 1/2 on $mux $procmux$388.
    dead port 1/2 on $mux $procmux$385.
    dead port 1/2 on $mux $procmux$382.
    dead port 1/2 on $mux $procmux$376.
    dead port 1/2 on $mux $procmux$373.
    dead port 1/2 on $mux $procmux$370.
    dead port 1/2 on $mux $procmux$367.
    dead port 1/2 on $mux $procmux$364.
    dead port 1/2 on $mux $procmux$361.
    dead port 1/2 on $mux $procmux$358.
    dead port 1/2 on $mux $procmux$355.
    dead port 1/2 on $mux $procmux$352.
    dead port 1/2 on $mux $procmux$349.
    dead port 1/2 on $mux $procmux$346.
    dead port 1/2 on $mux $procmux$343.
    dead port 1/2 on $mux $procmux$340.
    dead port 1/2 on $mux $procmux$337.
    dead port 1/2 on $mux $procmux$334.
    dead port 1/2 on $mux $procmux$331.
    dead port 1/2 on $mux $procmux$328.
    dead port 1/2 on $mux $procmux$325.
    dead port 1/2 on $mux $procmux$322.
    dead port 1/2 on $mux $procmux$319.
    dead port 1/2 on $mux $procmux$316.
    dead port 1/2 on $mux $procmux$313.
    dead port 1/2 on $mux $procmux$307.
    dead port 1/2 on $mux $procmux$304.
    dead port 1/2 on $mux $procmux$301.
    dead port 1/2 on $mux $procmux$298.
    dead port 1/2 on $mux $procmux$295.
    dead port 1/2 on $mux $procmux$292.
    dead port 1/2 on $mux $procmux$289.
    dead port 1/2 on $mux $procmux$286.
    dead port 1/2 on $mux $procmux$283.
    dead port 1/2 on $mux $procmux$280.
    dead port 1/2 on $mux $procmux$277.
    dead port 1/2 on $mux $procmux$274.
    dead port 1/2 on $mux $procmux$271.
    dead port 1/2 on $mux $procmux$268.
    dead port 1/2 on $mux $procmux$265.
    dead port 1/2 on $mux $procmux$262.
    dead port 1/2 on $mux $procmux$259.
    dead port 1/2 on $mux $procmux$256.
    dead port 1/2 on $mux $procmux$253.
    dead port 1/2 on $mux $procmux$250.
    dead port 1/2 on $mux $procmux$247.
    dead port 1/2 on $mux $procmux$244.
    dead port 1/2 on $mux $procmux$241.
    dead port 1/2 on $mux $procmux$235.
    dead port 1/2 on $mux $procmux$232.
    dead port 1/2 on $mux $procmux$229.
    dead port 1/2 on $mux $procmux$226.
    dead port 1/2 on $mux $procmux$223.
    dead port 1/2 on $mux $procmux$220.
    dead port 1/2 on $mux $procmux$217.
    dead port 1/2 on $mux $procmux$214.
    dead port 1/2 on $mux $procmux$211.
    dead port 1/2 on $mux $procmux$208.
    dead port 1/2 on $mux $procmux$205.
    dead port 1/2 on $mux $procmux$202.
    dead port 1/2 on $mux $procmux$199.
    dead port 1/2 on $mux $procmux$196.
    dead port 1/2 on $mux $procmux$193.
    dead port 1/2 on $mux $procmux$190.
    dead port 1/2 on $mux $procmux$187.
    dead port 1/2 on $mux $procmux$184.
    dead port 1/2 on $mux $procmux$181.
    dead port 1/2 on $mux $procmux$178.
    dead port 1/2 on $mux $procmux$175.
    dead port 1/2 on $mux $procmux$172.
    dead port 1/2 on $mux $procmux$169.
    dead port 1/2 on $mux $procmux$166.
    dead port 1/2 on $mux $procmux$160.
    dead port 1/2 on $mux $procmux$157.
    dead port 1/2 on $mux $procmux$154.
    dead port 1/2 on $mux $procmux$151.
    dead port 1/2 on $mux $procmux$148.
    dead port 1/2 on $mux $procmux$145.
    dead port 1/2 on $mux $procmux$142.
    dead port 1/2 on $mux $procmux$139.
    dead port 1/2 on $mux $procmux$136.
    dead port 1/2 on $mux $procmux$133.
    dead port 1/2 on $mux $procmux$130.
    dead port 1/2 on $mux $procmux$127.
    dead port 1/2 on $mux $procmux$124.
    dead port 1/2 on $mux $procmux$121.
    dead port 1/2 on $mux $procmux$118.
    dead port 1/2 on $mux $procmux$115.
    dead port 1/2 on $mux $procmux$112.
    dead port 1/2 on $mux $procmux$109.
    dead port 1/2 on $mux $procmux$106.
    dead port 1/2 on $mux $procmux$103.
    dead port 1/2 on $mux $procmux$100.
    dead port 1/2 on $mux $procmux$97.
    dead port 1/2 on $mux $procmux$94.
    dead port 1/2 on $mux $procmux$91.
    dead port 1/2 on $mux $procmux$88.
Removed 325 multiplexer ports.

7.4. Executing OPT_REDUCE pass (consolidate $*mux and $reduce_* inputs).
  Optimizing cells in module \ex252_semantic_u2_dot4_pairtable_qrange.
Performed a total of 0 changes.

7.5. Executing OPT_MERGE pass (detect identical cells).
Finding identical cells in module `\ex252_semantic_u2_dot4_pairtable_qrange'.
Computing hashes of 57 cells of `\ex252_semantic_u2_dot4_pairtable_qrange'.
Finding duplicate cells in `\ex252_semantic_u2_dot4_pairtable_qrange'.
Removed a total of 0 cells.

7.6. Executing OPT_DFF pass (perform DFF optimizations).

7.7. Executing OPT_CLEAN pass (remove unused cells and wires).
Finding unused cells or wires in module \ex252_semantic_u2_dot4_pairtable_qrange..
Removed 0 unused cells and 724 unused wires.

7.8. Executing OPT_EXPR pass (perform const folding).
Optimizing module ex252_semantic_u2_dot4_pairtable_qrange.

7.9. Rerunning OPT passes. (Maybe there is more to do..)

7.10. Executing OPT_MUXTREE pass (detect dead branches in mux trees).
Running muxtree optimizer on module \ex252_semantic_u2_dot4_pairtable_qrange..
  Creating internal representation of mux trees.
  Evaluating internal representation of mux trees.
  Analyzing evaluation results.
Removed 0 multiplexer ports.

7.11. Executing OPT_REDUCE pass (consolidate $*mux and $reduce_* inputs).
  Optimizing cells in module \ex252_semantic_u2_dot4_pairtable_qrange.
Performed a total of 0 changes.

7.12. Executing OPT_MERGE pass (detect identical cells).
Finding identical cells in module `\ex252_semantic_u2_dot4_pairtable_qrange'.
Computing hashes of 57 cells of `\ex252_semantic_u2_dot4_pairtable_qrange'.
Finding duplicate cells in `\ex252_semantic_u2_dot4_pairtable_qrange'.
Removed a total of 0 cells.

7.13. Executing OPT_DFF pass (perform DFF optimizations).

7.14. Executing OPT_CLEAN pass (remove unused cells and wires).
Finding unused cells or wires in module \ex252_semantic_u2_dot4_pairtable_qrange..

7.15. Executing OPT_EXPR pass (perform const folding).
Optimizing module ex252_semantic_u2_dot4_pairtable_qrange.

7.16. Finished fast OPT passes. (There is nothing left to do.)

8. Executing MEMORY pass.

8.1. Executing OPT_MEM pass (optimize memories).
ex252_semantic_u2_dot4_pairtable_qrange.$auto$proc_rom.cc:155:do_switch$81: removing const-0 lane 5
ex252_semantic_u2_dot4_pairtable_qrange.$auto$proc_rom.cc:155:do_switch$77: removing const-0 lane 5
Performed a total of 2 transformations.

8.2. Executing OPT_MEM_PRIORITY pass (removing unnecessary memory write priority relations).
Performed a total of 0 transformations.

8.3. Executing OPT_MEM_FEEDBACK pass (finding memory read-to-write feedback paths).

8.4. Executing MEMORY_BMUX2ROM pass (converting muxes to ROMs).

8.5. Executing MEMORY_DFF pass (merging $dff cells to $memrd).
Checking read port `$auto$proc_rom.cc:155:do_switch$81'[0] in module `\ex252_semantic_u2_dot4_pairtable_qrange': no output FF found.
Checking read port `$auto$proc_rom.cc:155:do_switch$77'[0] in module `\ex252_semantic_u2_dot4_pairtable_qrange': no output FF found.
Checking read port address `$auto$proc_rom.cc:155:do_switch$81'[0] in module `\ex252_semantic_u2_dot4_pairtable_qrange': no address FF found.
Checking read port address `$auto$proc_rom.cc:155:do_switch$77'[0] in module `\ex252_semantic_u2_dot4_pairtable_qrange': no address FF found.

8.6. Executing OPT_CLEAN pass (remove unused cells and wires).
Finding unused cells or wires in module \ex252_semantic_u2_dot4_pairtable_qrange..

8.7. Executing MEMORY_SHARE pass (consolidating $memrd/$memwr cells).

8.8. Executing OPT_MEM_WIDEN pass (optimize memories where all ports are wide).
Performed a total of 0 transformations.

8.9. Executing OPT_CLEAN pass (remove unused cells and wires).
Finding unused cells or wires in module \ex252_semantic_u2_dot4_pairtable_qrange..

8.10. Executing MEMORY_COLLECT pass (generating $mem cells).

8.11. Executing MEMORY_MAP pass (converting memories to logic and flip-flops).
Mapping memory $auto$proc_rom.cc:155:do_switch$81 in module \ex252_semantic_u2_dot4_pairtable_qrange:
  created 256 $dff cells and 0 static cells of width 5.
  read interface: 0 $dff and 255 $mux cells.
  write interface: 0 write mux blocks.
Mapping memory $auto$proc_rom.cc:155:do_switch$77 in module \ex252_semantic_u2_dot4_pairtable_qrange:
  created 256 $dff cells and 0 static cells of width 5.
  read interface: 0 $dff and 255 $mux cells.
  write interface: 0 write mux blocks.

9. Executing OPT pass (performing simple optimizations).

9.1. Executing OPT_EXPR pass (perform const folding).
Optimizing module ex252_semantic_u2_dot4_pairtable_qrange.

9.2. Executing OPT_MERGE pass (detect identical cells).
Finding identical cells in module `\ex252_semantic_u2_dot4_pairtable_qrange'.
Computing hashes of 461 cells of `\ex252_semantic_u2_dot4_pairtable_qrange'.
Finding duplicate cells in `\ex252_semantic_u2_dot4_pairtable_qrange'.
Removed a total of 0 cells.

9.3. Executing OPT_MUXTREE pass (detect dead branches in mux trees).
Running muxtree optimizer on module \ex252_semantic_u2_dot4_pairtable_qrange..
  Creating internal representation of mux trees.
  Evaluating internal representation of mux trees.
  Analyzing evaluation results.
Removed 0 multiplexer ports.

9.4. Executing OPT_REDUCE pass (consolidate $*mux and $reduce_* inputs).
  Optimizing cells in module \ex252_semantic_u2_dot4_pairtable_qrange.
Performed a total of 0 changes.

9.5. Executing OPT_MERGE pass (detect identical cells).
Finding identical cells in module `\ex252_semantic_u2_dot4_pairtable_qrange'.
Computing hashes of 461 cells of `\ex252_semantic_u2_dot4_pairtable_qrange'.
Finding duplicate cells in `\ex252_semantic_u2_dot4_pairtable_qrange'.
Computing hashes of 337 cells of `\ex252_semantic_u2_dot4_pairtable_qrange'.
Finding duplicate cells in `\ex252_semantic_u2_dot4_pairtable_qrange'.
Computing hashes of 283 cells of `\ex252_semantic_u2_dot4_pairtable_qrange'.
Finding duplicate cells in `\ex252_semantic_u2_dot4_pairtable_qrange'.
Computing hashes of 277 cells of `\ex252_semantic_u2_dot4_pairtable_qrange'.
Finding duplicate cells in `\ex252_semantic_u2_dot4_pairtable_qrange'.
Removed a total of 184 cells.

9.6. Executing OPT_DFF pass (perform DFF optimizations).

9.7. Executing OPT_CLEAN pass (remove unused cells and wires).
Finding unused cells or wires in module \ex252_semantic_u2_dot4_pairtable_qrange..
Removed 0 unused cells and 798 unused wires.

9.8. Executing OPT_EXPR pass (perform const folding).
Optimizing module ex252_semantic_u2_dot4_pairtable_qrange.

9.9. Rerunning OPT passes. (Maybe there is more to do..)

9.10. Executing OPT_MUXTREE pass (detect dead branches in mux trees).
Running muxtree optimizer on module \ex252_semantic_u2_dot4_pairtable_qrange..
  Creating internal representation of mux trees.
  Evaluating internal representation of mux trees.
  Analyzing evaluation results.
Removed 0 multiplexer ports.

9.11. Executing OPT_REDUCE pass (consolidate $*mux and $reduce_* inputs).
  Optimizing cells in module \ex252_semantic_u2_dot4_pairtable_qrange.
Performed a total of 0 changes.

9.12. Executing OPT_MERGE pass (detect identical cells).
Finding identical cells in module `\ex252_semantic_u2_dot4_pairtable_qrange'.
Computing hashes of 265 cells of `\ex252_semantic_u2_dot4_pairtable_qrange'.
Finding duplicate cells in `\ex252_semantic_u2_dot4_pairtable_qrange'.
Removed a total of 0 cells.

9.13. Executing OPT_DFF pass (perform DFF optimizations).

9.14. Executing OPT_CLEAN pass (remove unused cells and wires).
Finding unused cells or wires in module \ex252_semantic_u2_dot4_pairtable_qrange..
Removed 0 unused cells and 12 unused wires.

9.15. Executing OPT_EXPR pass (perform const folding).
Optimizing module ex252_semantic_u2_dot4_pairtable_qrange.

9.16. Rerunning OPT passes. (Maybe there is more to do..)

9.17. Executing OPT_MUXTREE pass (detect dead branches in mux trees).
Running muxtree optimizer on module \ex252_semantic_u2_dot4_pairtable_qrange..
  Creating internal representation of mux trees.
  Evaluating internal representation of mux trees.
  Analyzing evaluation results.
Removed 0 multiplexer ports.

9.18. Executing OPT_REDUCE pass (consolidate $*mux and $reduce_* inputs).
  Optimizing cells in module \ex252_semantic_u2_dot4_pairtable_qrange.
Performed a total of 0 changes.

9.19. Executing OPT_MERGE pass (detect identical cells).
Finding identical cells in module `\ex252_semantic_u2_dot4_pairtable_qrange'.
Computing hashes of 265 cells of `\ex252_semantic_u2_dot4_pairtable_qrange'.
Finding duplicate cells in `\ex252_semantic_u2_dot4_pairtable_qrange'.
Removed a total of 0 cells.

9.20. Executing OPT_DFF pass (perform DFF optimizations).

9.21. Executing OPT_CLEAN pass (remove unused cells and wires).
Finding unused cells or wires in module \ex252_semantic_u2_dot4_pairtable_qrange..

9.22. Executing OPT_EXPR pass (perform const folding).
Optimizing module ex252_semantic_u2_dot4_pairtable_qrange.

9.23. Finished fast OPT passes. (There is nothing left to do.)

10. Executing TECHMAP pass (map to technology primitives).

10.1. Executing Verilog-2005 frontend: /home/b10507053/ALS_Final_Project/student/tools/conda-env/bin/../share/yosys/techmap.v
Parsing Verilog input from `/home/b10507053/ALS_Final_Project/student/tools/conda-env/bin/../share/yosys/techmap.v' to AST representation.
Generating RTLIL representation for module `\_90_simplemap_bool_ops'.
Generating RTLIL representation for module `\_90_simplemap_reduce_ops'.
Generating RTLIL representation for module `\_90_simplemap_logic_ops'.
Generating RTLIL representation for module `\_90_simplemap_compare_ops'.
Generating RTLIL representation for module `\_90_simplemap_various'.
Generating RTLIL representation for module `\_90_simplemap_registers'.
Generating RTLIL representation for module `\_90_shift_ops_shr_shl_sshl_sshr'.
Generating RTLIL representation for module `\_90_shift_shiftx'.
Generating RTLIL representation for module `\_90_fa'.
Generating RTLIL representation for module `\_90_lcu_brent_kung'.
Generating RTLIL representation for module `\_90_alu'.
Generating RTLIL representation for module `\_90_macc'.
Generating RTLIL representation for module `\_90_alumacc'.
Generating RTLIL representation for module `$__div_mod_u'.
Generating RTLIL representation for module `$__div_mod_trunc'.
Generating RTLIL representation for module `\_90_div'.
Generating RTLIL representation for module `\_90_mod'.
Generating RTLIL representation for module `$__div_mod_floor'.
Generating RTLIL representation for module `\_90_divfloor'.
Generating RTLIL representation for module `\_90_modfloor'.
Generating RTLIL representation for module `\_90_pow'.
Generating RTLIL representation for module `\_90_demux'.
Generating RTLIL representation for module `\_90_lut'.
Generating RTLIL representation for module `$connect'.
Generating RTLIL representation for module `$input_port'.
Successfully finished Verilog frontend.

10.2. Continuing TECHMAP pass.
Running "alumacc" on wrapper $extern:wrap:$add:Y_WIDTH=6:B_WIDTH=6:A_WIDTH=6:B_SIGNED=0:A_SIGNED=0:394426c56d1a028ba8fdd5469b163e04011def47.
Using template $extern:wrap:$add:Y_WIDTH=6:B_WIDTH=6:A_WIDTH=6:B_SIGNED=0:A_SIGNED=0:394426c56d1a028ba8fdd5469b163e04011def47 for cells of type $extern:wrap:$add:Y_WIDTH=6:B_WIDTH=6:A_WIDTH=6:B_SIGNED=0:A_SIGNED=0:394426c56d1a028ba8fdd5469b163e04011def47.
Using extmapper simplemap for cells of type $mux.
Running "alumacc" on wrapper $extern:wrap:$le:Y_WIDTH=1:B_WIDTH=10:A_WIDTH=10:B_SIGNED=0:A_SIGNED=0:394426c56d1a028ba8fdd5469b163e04011def47.
Using template $extern:wrap:$le:Y_WIDTH=1:B_WIDTH=10:A_WIDTH=10:B_SIGNED=0:A_SIGNED=0:394426c56d1a028ba8fdd5469b163e04011def47 for cells of type $extern:wrap:$le:Y_WIDTH=1:B_WIDTH=10:A_WIDTH=10:B_SIGNED=0:A_SIGNED=0:394426c56d1a028ba8fdd5469b163e04011def47.
Using extmapper simplemap for cells of type $reduce_or.
Using template $paramod$00298f3f8094950cb9a5ff2fda48d0d8bde8806c\_90_alu for cells of type $alu.
Using template $paramod$484d51534650924b7ed4c69e46eed3a56904771f\_90_alu for cells of type $alu.
Using extmapper simplemap for cells of type $not.
Using extmapper simplemap for cells of type $reduce_and.
Using extmapper simplemap for cells of type $pos.
Using template $paramod\_90_fa\WIDTH=32'00000000000000000000000000001010 for cells of type $fa.
Using template $paramod\_90_lcu_brent_kung\WIDTH=32'00000000000000000000000000001010 for cells of type $lcu.
Using extmapper simplemap for cells of type $xor.
Using template $paramod\_90_fa\WIDTH=32'00000000000000000000000000000110 for cells of type $fa.
Using template $paramod\_90_lcu_brent_kung\WIDTH=32'00000000000000000000000000000110 for cells of type $lcu.
Using extmapper simplemap for cells of type $or.
Using extmapper simplemap for cells of type $and.
No more expansions possible.

11. Executing OPT pass (performing simple optimizations).

11.1. Executing OPT_EXPR pass (perform const folding).
Optimizing module ex252_semantic_u2_dot4_pairtable_qrange.

11.2. Executing OPT_MERGE pass (detect identical cells).
Finding identical cells in module `\ex252_semantic_u2_dot4_pairtable_qrange'.
Computing hashes of 1492 cells of `\ex252_semantic_u2_dot4_pairtable_qrange'.
Finding duplicate cells in `\ex252_semantic_u2_dot4_pairtable_qrange'.
Computing hashes of 1092 cells of `\ex252_semantic_u2_dot4_pairtable_qrange'.
Finding duplicate cells in `\ex252_semantic_u2_dot4_pairtable_qrange'.
Computing hashes of 902 cells of `\ex252_semantic_u2_dot4_pairtable_qrange'.
Finding duplicate cells in `\ex252_semantic_u2_dot4_pairtable_qrange'.
Computing hashes of 796 cells of `\ex252_semantic_u2_dot4_pairtable_qrange'.
Finding duplicate cells in `\ex252_semantic_u2_dot4_pairtable_qrange'.
Computing hashes of 759 cells of `\ex252_semantic_u2_dot4_pairtable_qrange'.
Finding duplicate cells in `\ex252_semantic_u2_dot4_pairtable_qrange'.
Computing hashes of 741 cells of `\ex252_semantic_u2_dot4_pairtable_qrange'.
Finding duplicate cells in `\ex252_semantic_u2_dot4_pairtable_qrange'.
Computing hashes of 735 cells of `\ex252_semantic_u2_dot4_pairtable_qrange'.
Finding duplicate cells in `\ex252_semantic_u2_dot4_pairtable_qrange'.
Computing hashes of 733 cells of `\ex252_semantic_u2_dot4_pairtable_qrange'.
Finding duplicate cells in `\ex252_semantic_u2_dot4_pairtable_qrange'.
Removed a total of 759 cells.

11.3. Executing OPT_MUXTREE pass (detect dead branches in mux trees).
Running muxtree optimizer on module \ex252_semantic_u2_dot4_pairtable_qrange..
  Creating internal representation of mux trees.
  No muxes found in this module.
Removed 0 multiplexer ports.

11.4. Executing OPT_REDUCE pass (consolidate $*mux and $reduce_* inputs).
  Optimizing cells in module \ex252_semantic_u2_dot4_pairtable_qrange.
Performed a total of 0 changes.

11.5. Executing OPT_MERGE pass (detect identical cells).
Finding identical cells in module `\ex252_semantic_u2_dot4_pairtable_qrange'.
Computing hashes of 733 cells of `\ex252_semantic_u2_dot4_pairtable_qrange'.
Finding duplicate cells in `\ex252_semantic_u2_dot4_pairtable_qrange'.
Removed a total of 0 cells.

11.6. Executing OPT_DFF pass (perform DFF optimizations).

11.7. Executing OPT_CLEAN pass (remove unused cells and wires).
Finding unused cells or wires in module \ex252_semantic_u2_dot4_pairtable_qrange..
Removed 126 unused cells and 2409 unused wires.

11.8. Executing OPT_EXPR pass (perform const folding).
Optimizing module ex252_semantic_u2_dot4_pairtable_qrange.

11.9. Rerunning OPT passes. (Maybe there is more to do..)

11.10. Executing OPT_MUXTREE pass (detect dead branches in mux trees).
Running muxtree optimizer on module \ex252_semantic_u2_dot4_pairtable_qrange..
  Creating internal representation of mux trees.
  No muxes found in this module.
Removed 0 multiplexer ports.

11.11. Executing OPT_REDUCE pass (consolidate $*mux and $reduce_* inputs).
  Optimizing cells in module \ex252_semantic_u2_dot4_pairtable_qrange.
Performed a total of 0 changes.

11.12. Executing OPT_MERGE pass (detect identical cells).
Finding identical cells in module `\ex252_semantic_u2_dot4_pairtable_qrange'.
Computing hashes of 587 cells of `\ex252_semantic_u2_dot4_pairtable_qrange'.
Finding duplicate cells in `\ex252_semantic_u2_dot4_pairtable_qrange'.
Removed a total of 0 cells.

11.13. Executing OPT_DFF pass (perform DFF optimizations).

11.14. Executing OPT_CLEAN pass (remove unused cells and wires).
Finding unused cells or wires in module \ex252_semantic_u2_dot4_pairtable_qrange..
Removed 0 unused cells and 4 unused wires.

11.15. Executing OPT_EXPR pass (perform const folding).
Optimizing module ex252_semantic_u2_dot4_pairtable_qrange.

11.16. Rerunning OPT passes. (Maybe there is more to do..)

11.17. Executing OPT_MUXTREE pass (detect dead branches in mux trees).
Running muxtree optimizer on module \ex252_semantic_u2_dot4_pairtable_qrange..
  Creating internal representation of mux trees.
  No muxes found in this module.
Removed 0 multiplexer ports.

11.18. Executing OPT_REDUCE pass (consolidate $*mux and $reduce_* inputs).
  Optimizing cells in module \ex252_semantic_u2_dot4_pairtable_qrange.
Performed a total of 0 changes.

11.19. Executing OPT_MERGE pass (detect identical cells).
Finding identical cells in module `\ex252_semantic_u2_dot4_pairtable_qrange'.
Computing hashes of 587 cells of `\ex252_semantic_u2_dot4_pairtable_qrange'.
Finding duplicate cells in `\ex252_semantic_u2_dot4_pairtable_qrange'.
Removed a total of 0 cells.

11.20. Executing OPT_DFF pass (perform DFF optimizations).

11.21. Executing OPT_CLEAN pass (remove unused cells and wires).
Finding unused cells or wires in module \ex252_semantic_u2_dot4_pairtable_qrange..

11.22. Executing OPT_EXPR pass (perform const folding).
Optimizing module ex252_semantic_u2_dot4_pairtable_qrange.

11.23. Finished fast OPT passes. (There is nothing left to do.)

12. Executing ABC pass (technology mapping using ABC).

12.1. Extracting gate netlist of module `\ex252_semantic_u2_dot4_pairtable_qrange' to `<abc-temp-dir>/input.blif'..

12.1.1. Executed ABC.
Extracted 587 gates and 605 wires to a netlist network with 16 inputs and 7 outputs.
Running ABC script: <abc-temp-dir>/abc.script
ABC: UC Berkeley, ABC 1.01 (compiled May 12 2026 13:26:50)
ABC: abc 01> empty
ABC: abc 01> source <abc-temp-dir>/abc.script
ABC: + read_blif <abc-temp-dir>/input.blif 
ABC: + read_library <abc-temp-dir>/stdcells.genlib 
ABC: + strash 
ABC: + &get -n 
ABC: + &fraig -x 
ABC: + &put 
ABC: + scorr 
ABC: Warning: The network is combinational (run "fraig" or "fraig_sweep").
ABC: + dc2 
ABC: + dretime 
ABC: + strash 
ABC: + &get -n 
ABC: + &dch -f 
ABC: + &nf 
ABC: + &put 
ABC: + write_blif <abc-temp-dir>/output.blif 
ABC: 
ABC: YOSYS_ABC_DONE 

12.1.2. Re-integrating ABC results.
ABC RESULTS:               AND cells:      123
ABC RESULTS:            ANDNOT cells:       23
ABC RESULTS:              NAND cells:      152
ABC RESULTS:               NOR cells:       23
ABC RESULTS:               NOT cells:        3
ABC RESULTS:                OR cells:       61
ABC RESULTS:             ORNOT cells:       22
ABC RESULTS:        internal signals:      582
ABC RESULTS:           input signals:       16
ABC RESULTS:          output signals:        7
Removing temp directory.
Removing global temp directory.

13. Executing OPT pass (performing simple optimizations).

13.1. Executing OPT_EXPR pass (perform const folding).
Optimizing module ex252_semantic_u2_dot4_pairtable_qrange.

13.2. Executing OPT_MERGE pass (detect identical cells).
Finding identical cells in module `\ex252_semantic_u2_dot4_pairtable_qrange'.
Computing hashes of 407 cells of `\ex252_semantic_u2_dot4_pairtable_qrange'.
Finding duplicate cells in `\ex252_semantic_u2_dot4_pairtable_qrange'.
Removed a total of 0 cells.

13.3. Executing OPT_MUXTREE pass (detect dead branches in mux trees).
Running muxtree optimizer on module \ex252_semantic_u2_dot4_pairtable_qrange..
  Creating internal representation of mux trees.
  No muxes found in this module.
Removed 0 multiplexer ports.

13.4. Executing OPT_REDUCE pass (consolidate $*mux and $reduce_* inputs).
  Optimizing cells in module \ex252_semantic_u2_dot4_pairtable_qrange.
Performed a total of 0 changes.

13.5. Executing OPT_MERGE pass (detect identical cells).
Finding identical cells in module `\ex252_semantic_u2_dot4_pairtable_qrange'.
Computing hashes of 407 cells of `\ex252_semantic_u2_dot4_pairtable_qrange'.
Finding duplicate cells in `\ex252_semantic_u2_dot4_pairtable_qrange'.
Removed a total of 0 cells.

13.6. Executing OPT_DFF pass (perform DFF optimizations).

13.7. Executing OPT_CLEAN pass (remove unused cells and wires).
Finding unused cells or wires in module \ex252_semantic_u2_dot4_pairtable_qrange..
Removed 0 unused cells and 308 unused wires.

13.8. Executing OPT_EXPR pass (perform const folding).
Optimizing module ex252_semantic_u2_dot4_pairtable_qrange.

13.9. Rerunning OPT passes. (Maybe there is more to do..)

13.10. Executing OPT_MUXTREE pass (detect dead branches in mux trees).
Running muxtree optimizer on module \ex252_semantic_u2_dot4_pairtable_qrange..
  Creating internal representation of mux trees.
  No muxes found in this module.
Removed 0 multiplexer ports.

13.11. Executing OPT_REDUCE pass (consolidate $*mux and $reduce_* inputs).
  Optimizing cells in module \ex252_semantic_u2_dot4_pairtable_qrange.
Performed a total of 0 changes.

13.12. Executing OPT_MERGE pass (detect identical cells).
Finding identical cells in module `\ex252_semantic_u2_dot4_pairtable_qrange'.
Computing hashes of 407 cells of `\ex252_semantic_u2_dot4_pairtable_qrange'.
Finding duplicate cells in `\ex252_semantic_u2_dot4_pairtable_qrange'.
Removed a total of 0 cells.

13.13. Executing OPT_DFF pass (perform DFF optimizations).

13.14. Executing OPT_CLEAN pass (remove unused cells and wires).
Finding unused cells or wires in module \ex252_semantic_u2_dot4_pairtable_qrange..

13.15. Executing OPT_EXPR pass (perform const folding).
Optimizing module ex252_semantic_u2_dot4_pairtable_qrange.

13.16. Finished fast OPT passes. (There is nothing left to do.)

14. Executing AIGMAP pass (map logic to AIG).
Module ex252_semantic_u2_dot4_pairtable_qrange: replaced 281 cells with 729 new cells, skipped 126 cells.
  replaced 5 cell types:
      23 $_ANDNOT_
     152 $_NAND_
      23 $_NOR_
      22 $_ORNOT_
      61 $_OR_
  not replaced 2 cell types:
     123 $_AND_
       3 $_NOT_

15. Executing OPT pass (performing simple optimizations).

15.1. Executing OPT_EXPR pass (perform const folding).
Optimizing module ex252_semantic_u2_dot4_pairtable_qrange.

15.2. Executing OPT_MERGE pass (detect identical cells).
Finding identical cells in module `\ex252_semantic_u2_dot4_pairtable_qrange'.
Computing hashes of 809 cells of `\ex252_semantic_u2_dot4_pairtable_qrange'.
Finding duplicate cells in `\ex252_semantic_u2_dot4_pairtable_qrange'.
Computing hashes of 728 cells of `\ex252_semantic_u2_dot4_pairtable_qrange'.
Finding duplicate cells in `\ex252_semantic_u2_dot4_pairtable_qrange'.
Computing hashes of 726 cells of `\ex252_semantic_u2_dot4_pairtable_qrange'.
Finding duplicate cells in `\ex252_semantic_u2_dot4_pairtable_qrange'.
Removed a total of 83 cells.

15.3. Executing OPT_MUXTREE pass (detect dead branches in mux trees).
Running muxtree optimizer on module \ex252_semantic_u2_dot4_pairtable_qrange..
  Creating internal representation of mux trees.
  No muxes found in this module.
Removed 0 multiplexer ports.

15.4. Executing OPT_REDUCE pass (consolidate $*mux and $reduce_* inputs).
  Optimizing cells in module \ex252_semantic_u2_dot4_pairtable_qrange.
Performed a total of 0 changes.

15.5. Executing OPT_MERGE pass (detect identical cells).
Finding identical cells in module `\ex252_semantic_u2_dot4_pairtable_qrange'.
Computing hashes of 726 cells of `\ex252_semantic_u2_dot4_pairtable_qrange'.
Finding duplicate cells in `\ex252_semantic_u2_dot4_pairtable_qrange'.
Removed a total of 0 cells.

15.6. Executing OPT_DFF pass (perform DFF optimizations).

15.7. Executing OPT_CLEAN pass (remove unused cells and wires).
Finding unused cells or wires in module \ex252_semantic_u2_dot4_pairtable_qrange..
Removed 8 unused cells and 418 unused wires.

15.8. Executing OPT_EXPR pass (perform const folding).
Optimizing module ex252_semantic_u2_dot4_pairtable_qrange.

15.9. Rerunning OPT passes. (Maybe there is more to do..)

15.10. Executing OPT_MUXTREE pass (detect dead branches in mux trees).
Running muxtree optimizer on module \ex252_semantic_u2_dot4_pairtable_qrange..
  Creating internal representation of mux trees.
  No muxes found in this module.
Removed 0 multiplexer ports.

15.11. Executing OPT_REDUCE pass (consolidate $*mux and $reduce_* inputs).
  Optimizing cells in module \ex252_semantic_u2_dot4_pairtable_qrange.
Performed a total of 0 changes.

15.12. Executing OPT_MERGE pass (detect identical cells).
Finding identical cells in module `\ex252_semantic_u2_dot4_pairtable_qrange'.
Computing hashes of 718 cells of `\ex252_semantic_u2_dot4_pairtable_qrange'.
Finding duplicate cells in `\ex252_semantic_u2_dot4_pairtable_qrange'.
Removed a total of 0 cells.

15.13. Executing OPT_DFF pass (perform DFF optimizations).

15.14. Executing OPT_CLEAN pass (remove unused cells and wires).
Finding unused cells or wires in module \ex252_semantic_u2_dot4_pairtable_qrange..

15.15. Executing OPT_EXPR pass (perform const folding).
Optimizing module ex252_semantic_u2_dot4_pairtable_qrange.

15.16. Finished fast OPT passes. (There is nothing left to do.)

16. Executing AIGER backend.
ERROR: Can't open output file `/home/b10507053/ALS_Final_Project/student/work/ex250_ex254_frontend_fp4_dot_fma_semantic_20260608_2105/ex252/aigs/ex252_semantic_u2_dot4_pairtable_qrange_abc_g_aig.aig' for writing: No such file or directory
