
 /----------------------------------------------------------------------------\
 |  yosys -- Yosys Open SYnthesis Suite                                       |
 |  Copyright (C) 2012 - 2026  Claire Xenia Wolf <claire@yosyshq.com>         |
 |  Distributed under an ISC-like license, type "license" to see terms        |
 \----------------------------------------------------------------------------/
 Yosys 0.65 (git sha1 aec814bdf3071f7e0fd0fbe43f7f711e99d01e24, g++ 14.3.0-19 -fvisibility-inlines-hidden -fmessage-length=0 -march=nocona -mtune=haswell -ftree-vectorize -fPIC -fstack-protector-strong -fno-plt -O2 -ffunction-sections -fdebug-prefix-map=/home/conda/feedstock_root/build_artifacts/yosys_1778591527500/work=/usr/local/src/conda/yosys-0.65 -fdebug-prefix-map=/home/b10507053/ALS_Final_Project/student/tools/conda-env=/usr/local/src/conda-prefix -fPIC -O3) [conda-forge/yosys-feedstock]

-- Executing script file `/home/b10507053/ALS_Final_Project/student/work/ex250_ex254_frontend_fp4_dot_fma_semantic_20260608_2105/ex252/logs/ex252_semantic_u2_dot4_pairtable_qcase_abc_g_aig.yosys.ys' --

1. Executing Verilog-2005 frontend: /home/b10507053/ALS_Final_Project/student/work/ex250_ex254_frontend_fp4_dot_fma_semantic_20260608_2105/ex252/verilog/ex252_semantic_u2_dot4_pairtable_qcase.v
Parsing Verilog input from `/home/b10507053/ALS_Final_Project/student/work/ex250_ex254_frontend_fp4_dot_fma_semantic_20260608_2105/ex252/verilog/ex252_semantic_u2_dot4_pairtable_qcase.v' to AST representation.
Generating RTLIL representation for module `\ex252_semantic_u2_dot4_pairtable_qcase'.
Successfully finished Verilog frontend.

2. Executing HIERARCHY pass (managing design hierarchy).

2.1. Analyzing design hierarchy..
Top module:  \ex252_semantic_u2_dot4_pairtable_qcase

2.2. Analyzing design hierarchy..
Top module:  \ex252_semantic_u2_dot4_pairtable_qcase
Removed 0 unused modules.

3. Executing PROC pass (convert processes to netlists).

3.1. Executing PROC_CLEAN pass (remove empty switches from decision trees).
Cleaned up 0 empty switches.

3.2. Executing PROC_RMDEAD pass (remove dead branches from decision trees).
Marked 1 switch rules as full_case in process $proc$/home/b10507053/ALS_Final_Project/student/work/ex250_ex254_frontend_fp4_dot_fma_semantic_20260608_2105/ex252/verilog/ex252_semantic_u2_dot4_pairtable_qcase.v:320$20 in module ex252_semantic_u2_dot4_pairtable_qcase.
Removed 1 dead cases from process $proc$/home/b10507053/ALS_Final_Project/student/work/ex250_ex254_frontend_fp4_dot_fma_semantic_20260608_2105/ex252/verilog/ex252_semantic_u2_dot4_pairtable_qcase.v:271$14 in module ex252_semantic_u2_dot4_pairtable_qcase.
Marked 1 switch rules as full_case in process $proc$/home/b10507053/ALS_Final_Project/student/work/ex250_ex254_frontend_fp4_dot_fma_semantic_20260608_2105/ex252/verilog/ex252_semantic_u2_dot4_pairtable_qcase.v:271$14 in module ex252_semantic_u2_dot4_pairtable_qcase.
Removed 1 dead cases from process $proc$/home/b10507053/ALS_Final_Project/student/work/ex250_ex254_frontend_fp4_dot_fma_semantic_20260608_2105/ex252/verilog/ex252_semantic_u2_dot4_pairtable_qcase.v:270$8 in module ex252_semantic_u2_dot4_pairtable_qcase.
Marked 1 switch rules as full_case in process $proc$/home/b10507053/ALS_Final_Project/student/work/ex250_ex254_frontend_fp4_dot_fma_semantic_20260608_2105/ex252/verilog/ex252_semantic_u2_dot4_pairtable_qcase.v:270$8 in module ex252_semantic_u2_dot4_pairtable_qcase.
Removed a total of 2 dead cases.

3.3. Executing PROC_PRUNE pass (remove redundant assignments in processes).
Removed 0 redundant assignments.
Promoted 11 assignments to connections.

3.4. Executing PROC_INIT pass (extract init attributes).

3.5. Executing PROC_ARST pass (detect async resets in processes).

3.6. Executing PROC_ROM pass (convert switches to ROMs).
Converted 3 switches.

3.7. Executing PROC_MUX pass (convert decision trees to multiplexers).
Creating decoders for process `\ex252_semantic_u2_dot4_pairtable_qcase.$proc$/home/b10507053/ALS_Final_Project/student/work/ex250_ex254_frontend_fp4_dot_fma_semantic_20260608_2105/ex252/verilog/ex252_semantic_u2_dot4_pairtable_qcase.v:320$20'.
     1/1: $1\quant_scaled$func$/home/b10507053/ALS_Final_Project/student/work/ex250_ex254_frontend_fp4_dot_fma_semantic_20260608_2105/ex252/verilog/ex252_semantic_u2_dot4_pairtable_qcase.v:320$6.$result[6:0]$24
Creating decoders for process `\ex252_semantic_u2_dot4_pairtable_qcase.$proc$/home/b10507053/ALS_Final_Project/student/work/ex250_ex254_frontend_fp4_dot_fma_semantic_20260608_2105/ex252/verilog/ex252_semantic_u2_dot4_pairtable_qcase.v:271$14'.
     1/1: $1\pair_dot$func$/home/b10507053/ALS_Final_Project/student/work/ex250_ex254_frontend_fp4_dot_fma_semantic_20260608_2105/ex252/verilog/ex252_semantic_u2_dot4_pairtable_qcase.v:271$5.$result[5:0]$19
Creating decoders for process `\ex252_semantic_u2_dot4_pairtable_qcase.$proc$/home/b10507053/ALS_Final_Project/student/work/ex250_ex254_frontend_fp4_dot_fma_semantic_20260608_2105/ex252/verilog/ex252_semantic_u2_dot4_pairtable_qcase.v:270$8'.
     1/1: $1\pair_dot$func$/home/b10507053/ALS_Final_Project/student/work/ex250_ex254_frontend_fp4_dot_fma_semantic_20260608_2105/ex252/verilog/ex252_semantic_u2_dot4_pairtable_qcase.v:270$4.$result[5:0]$13

3.8. Executing PROC_DLATCH pass (convert process syncs to latches).
No latch inferred for signal `\ex252_semantic_u2_dot4_pairtable_qcase.\quant_scaled$func$/home/b10507053/ALS_Final_Project/student/work/ex250_ex254_frontend_fp4_dot_fma_semantic_20260608_2105/ex252/verilog/ex252_semantic_u2_dot4_pairtable_qcase.v:320$3.$result' from process `\ex252_semantic_u2_dot4_pairtable_qcase.$proc$/home/b10507053/ALS_Final_Project/student/work/ex250_ex254_frontend_fp4_dot_fma_semantic_20260608_2105/ex252/verilog/ex252_semantic_u2_dot4_pairtable_qcase.v:320$20'.
No latch inferred for signal `\ex252_semantic_u2_dot4_pairtable_qcase.\quant_scaled$func$/home/b10507053/ALS_Final_Project/student/work/ex250_ex254_frontend_fp4_dot_fma_semantic_20260608_2105/ex252/verilog/ex252_semantic_u2_dot4_pairtable_qcase.v:320$6.$result' from process `\ex252_semantic_u2_dot4_pairtable_qcase.$proc$/home/b10507053/ALS_Final_Project/student/work/ex250_ex254_frontend_fp4_dot_fma_semantic_20260608_2105/ex252/verilog/ex252_semantic_u2_dot4_pairtable_qcase.v:320$20'.
No latch inferred for signal `\ex252_semantic_u2_dot4_pairtable_qcase.\quant_scaled$func$/home/b10507053/ALS_Final_Project/student/work/ex250_ex254_frontend_fp4_dot_fma_semantic_20260608_2105/ex252/verilog/ex252_semantic_u2_dot4_pairtable_qcase.v:320$6.value' from process `\ex252_semantic_u2_dot4_pairtable_qcase.$proc$/home/b10507053/ALS_Final_Project/student/work/ex250_ex254_frontend_fp4_dot_fma_semantic_20260608_2105/ex252/verilog/ex252_semantic_u2_dot4_pairtable_qcase.v:320$20'.
No latch inferred for signal `\ex252_semantic_u2_dot4_pairtable_qcase.\pair_dot$func$/home/b10507053/ALS_Final_Project/student/work/ex250_ex254_frontend_fp4_dot_fma_semantic_20260608_2105/ex252/verilog/ex252_semantic_u2_dot4_pairtable_qcase.v:271$2.$result' from process `\ex252_semantic_u2_dot4_pairtable_qcase.$proc$/home/b10507053/ALS_Final_Project/student/work/ex250_ex254_frontend_fp4_dot_fma_semantic_20260608_2105/ex252/verilog/ex252_semantic_u2_dot4_pairtable_qcase.v:271$14'.
No latch inferred for signal `\ex252_semantic_u2_dot4_pairtable_qcase.\pair_dot$func$/home/b10507053/ALS_Final_Project/student/work/ex250_ex254_frontend_fp4_dot_fma_semantic_20260608_2105/ex252/verilog/ex252_semantic_u2_dot4_pairtable_qcase.v:271$5.$result' from process `\ex252_semantic_u2_dot4_pairtable_qcase.$proc$/home/b10507053/ALS_Final_Project/student/work/ex250_ex254_frontend_fp4_dot_fma_semantic_20260608_2105/ex252/verilog/ex252_semantic_u2_dot4_pairtable_qcase.v:271$14'.
No latch inferred for signal `\ex252_semantic_u2_dot4_pairtable_qcase.\pair_dot$func$/home/b10507053/ALS_Final_Project/student/work/ex250_ex254_frontend_fp4_dot_fma_semantic_20260608_2105/ex252/verilog/ex252_semantic_u2_dot4_pairtable_qcase.v:271$5.a' from process `\ex252_semantic_u2_dot4_pairtable_qcase.$proc$/home/b10507053/ALS_Final_Project/student/work/ex250_ex254_frontend_fp4_dot_fma_semantic_20260608_2105/ex252/verilog/ex252_semantic_u2_dot4_pairtable_qcase.v:271$14'.
No latch inferred for signal `\ex252_semantic_u2_dot4_pairtable_qcase.\pair_dot$func$/home/b10507053/ALS_Final_Project/student/work/ex250_ex254_frontend_fp4_dot_fma_semantic_20260608_2105/ex252/verilog/ex252_semantic_u2_dot4_pairtable_qcase.v:271$5.b' from process `\ex252_semantic_u2_dot4_pairtable_qcase.$proc$/home/b10507053/ALS_Final_Project/student/work/ex250_ex254_frontend_fp4_dot_fma_semantic_20260608_2105/ex252/verilog/ex252_semantic_u2_dot4_pairtable_qcase.v:271$14'.
No latch inferred for signal `\ex252_semantic_u2_dot4_pairtable_qcase.\pair_dot$func$/home/b10507053/ALS_Final_Project/student/work/ex250_ex254_frontend_fp4_dot_fma_semantic_20260608_2105/ex252/verilog/ex252_semantic_u2_dot4_pairtable_qcase.v:270$1.$result' from process `\ex252_semantic_u2_dot4_pairtable_qcase.$proc$/home/b10507053/ALS_Final_Project/student/work/ex250_ex254_frontend_fp4_dot_fma_semantic_20260608_2105/ex252/verilog/ex252_semantic_u2_dot4_pairtable_qcase.v:270$8'.
No latch inferred for signal `\ex252_semantic_u2_dot4_pairtable_qcase.\pair_dot$func$/home/b10507053/ALS_Final_Project/student/work/ex250_ex254_frontend_fp4_dot_fma_semantic_20260608_2105/ex252/verilog/ex252_semantic_u2_dot4_pairtable_qcase.v:270$4.$result' from process `\ex252_semantic_u2_dot4_pairtable_qcase.$proc$/home/b10507053/ALS_Final_Project/student/work/ex250_ex254_frontend_fp4_dot_fma_semantic_20260608_2105/ex252/verilog/ex252_semantic_u2_dot4_pairtable_qcase.v:270$8'.
No latch inferred for signal `\ex252_semantic_u2_dot4_pairtable_qcase.\pair_dot$func$/home/b10507053/ALS_Final_Project/student/work/ex250_ex254_frontend_fp4_dot_fma_semantic_20260608_2105/ex252/verilog/ex252_semantic_u2_dot4_pairtable_qcase.v:270$4.a' from process `\ex252_semantic_u2_dot4_pairtable_qcase.$proc$/home/b10507053/ALS_Final_Project/student/work/ex250_ex254_frontend_fp4_dot_fma_semantic_20260608_2105/ex252/verilog/ex252_semantic_u2_dot4_pairtable_qcase.v:270$8'.
No latch inferred for signal `\ex252_semantic_u2_dot4_pairtable_qcase.\pair_dot$func$/home/b10507053/ALS_Final_Project/student/work/ex250_ex254_frontend_fp4_dot_fma_semantic_20260608_2105/ex252/verilog/ex252_semantic_u2_dot4_pairtable_qcase.v:270$4.b' from process `\ex252_semantic_u2_dot4_pairtable_qcase.$proc$/home/b10507053/ALS_Final_Project/student/work/ex250_ex254_frontend_fp4_dot_fma_semantic_20260608_2105/ex252/verilog/ex252_semantic_u2_dot4_pairtable_qcase.v:270$8'.

3.9. Executing PROC_DFF pass (convert process syncs to FFs).

3.10. Executing PROC_MEMWR pass (convert process memory writes to cells).

3.11. Executing PROC_CLEAN pass (remove empty switches from decision trees).
Found and cleaned up 1 empty switch in `\ex252_semantic_u2_dot4_pairtable_qcase.$proc$/home/b10507053/ALS_Final_Project/student/work/ex250_ex254_frontend_fp4_dot_fma_semantic_20260608_2105/ex252/verilog/ex252_semantic_u2_dot4_pairtable_qcase.v:320$20'.
Removing empty process `ex252_semantic_u2_dot4_pairtable_qcase.$proc$/home/b10507053/ALS_Final_Project/student/work/ex250_ex254_frontend_fp4_dot_fma_semantic_20260608_2105/ex252/verilog/ex252_semantic_u2_dot4_pairtable_qcase.v:320$20'.
Found and cleaned up 1 empty switch in `\ex252_semantic_u2_dot4_pairtable_qcase.$proc$/home/b10507053/ALS_Final_Project/student/work/ex250_ex254_frontend_fp4_dot_fma_semantic_20260608_2105/ex252/verilog/ex252_semantic_u2_dot4_pairtable_qcase.v:271$14'.
Removing empty process `ex252_semantic_u2_dot4_pairtable_qcase.$proc$/home/b10507053/ALS_Final_Project/student/work/ex250_ex254_frontend_fp4_dot_fma_semantic_20260608_2105/ex252/verilog/ex252_semantic_u2_dot4_pairtable_qcase.v:271$14'.
Found and cleaned up 1 empty switch in `\ex252_semantic_u2_dot4_pairtable_qcase.$proc$/home/b10507053/ALS_Final_Project/student/work/ex250_ex254_frontend_fp4_dot_fma_semantic_20260608_2105/ex252/verilog/ex252_semantic_u2_dot4_pairtable_qcase.v:270$8'.
Removing empty process `ex252_semantic_u2_dot4_pairtable_qcase.$proc$/home/b10507053/ALS_Final_Project/student/work/ex250_ex254_frontend_fp4_dot_fma_semantic_20260608_2105/ex252/verilog/ex252_semantic_u2_dot4_pairtable_qcase.v:270$8'.
Cleaned up 3 empty switches.

3.12. Executing OPT_EXPR pass (perform const folding).
Optimizing module ex252_semantic_u2_dot4_pairtable_qcase.

4. Executing FLATTEN pass (flatten design).

5. Executing TRIBUF pass.

6. Executing DEMINOUT pass (demote inout ports to input or output).

7. Executing OPT pass (performing simple optimizations).

7.1. Executing OPT_EXPR pass (perform const folding).
Optimizing module ex252_semantic_u2_dot4_pairtable_qcase.

7.2. Executing OPT_MERGE pass (detect identical cells).
Finding identical cells in module `\ex252_semantic_u2_dot4_pairtable_qcase'.
Computing hashes of 7 cells of `\ex252_semantic_u2_dot4_pairtable_qcase'.
Finding duplicate cells in `\ex252_semantic_u2_dot4_pairtable_qcase'.
Removed a total of 0 cells.

7.3. Executing OPT_MUXTREE pass (detect dead branches in mux trees).
Running muxtree optimizer on module \ex252_semantic_u2_dot4_pairtable_qcase..
  Creating internal representation of mux trees.
  No muxes found in this module.
Removed 0 multiplexer ports.

7.4. Executing OPT_REDUCE pass (consolidate $*mux and $reduce_* inputs).
  Optimizing cells in module \ex252_semantic_u2_dot4_pairtable_qcase.
Performed a total of 0 changes.

7.5. Executing OPT_MERGE pass (detect identical cells).
Finding identical cells in module `\ex252_semantic_u2_dot4_pairtable_qcase'.
Computing hashes of 7 cells of `\ex252_semantic_u2_dot4_pairtable_qcase'.
Finding duplicate cells in `\ex252_semantic_u2_dot4_pairtable_qcase'.
Removed a total of 0 cells.

7.6. Executing OPT_DFF pass (perform DFF optimizations).

7.7. Executing OPT_CLEAN pass (remove unused cells and wires).
Finding unused cells or wires in module \ex252_semantic_u2_dot4_pairtable_qcase..
Removed 0 unused cells and 23 unused wires.

7.8. Executing OPT_EXPR pass (perform const folding).
Optimizing module ex252_semantic_u2_dot4_pairtable_qcase.

7.9. Rerunning OPT passes. (Maybe there is more to do..)

7.10. Executing OPT_MUXTREE pass (detect dead branches in mux trees).
Running muxtree optimizer on module \ex252_semantic_u2_dot4_pairtable_qcase..
  Creating internal representation of mux trees.
  No muxes found in this module.
Removed 0 multiplexer ports.

7.11. Executing OPT_REDUCE pass (consolidate $*mux and $reduce_* inputs).
  Optimizing cells in module \ex252_semantic_u2_dot4_pairtable_qcase.
Performed a total of 0 changes.

7.12. Executing OPT_MERGE pass (detect identical cells).
Finding identical cells in module `\ex252_semantic_u2_dot4_pairtable_qcase'.
Computing hashes of 7 cells of `\ex252_semantic_u2_dot4_pairtable_qcase'.
Finding duplicate cells in `\ex252_semantic_u2_dot4_pairtable_qcase'.
Removed a total of 0 cells.

7.13. Executing OPT_DFF pass (perform DFF optimizations).

7.14. Executing OPT_CLEAN pass (remove unused cells and wires).
Finding unused cells or wires in module \ex252_semantic_u2_dot4_pairtable_qcase..

7.15. Executing OPT_EXPR pass (perform const folding).
Optimizing module ex252_semantic_u2_dot4_pairtable_qcase.

7.16. Finished fast OPT passes. (There is nothing left to do.)

8. Executing MEMORY pass.

8.1. Executing OPT_MEM pass (optimize memories).
ex252_semantic_u2_dot4_pairtable_qcase.$auto$proc_rom.cc:155:do_switch$34: removing const-0 lane 5
ex252_semantic_u2_dot4_pairtable_qcase.$auto$proc_rom.cc:155:do_switch$30: removing const-0 lane 5
Performed a total of 2 transformations.

8.2. Executing OPT_MEM_PRIORITY pass (removing unnecessary memory write priority relations).
Performed a total of 0 transformations.

8.3. Executing OPT_MEM_FEEDBACK pass (finding memory read-to-write feedback paths).

8.4. Executing MEMORY_BMUX2ROM pass (converting muxes to ROMs).

8.5. Executing MEMORY_DFF pass (merging $dff cells to $memrd).
Checking read port `$auto$proc_rom.cc:155:do_switch$34'[0] in module `\ex252_semantic_u2_dot4_pairtable_qcase': no output FF found.
Checking read port `$auto$proc_rom.cc:155:do_switch$30'[0] in module `\ex252_semantic_u2_dot4_pairtable_qcase': no output FF found.
Checking read port `$auto$proc_rom.cc:155:do_switch$26'[0] in module `\ex252_semantic_u2_dot4_pairtable_qcase': no output FF found.
Checking read port address `$auto$proc_rom.cc:155:do_switch$34'[0] in module `\ex252_semantic_u2_dot4_pairtable_qcase': no address FF found.
Checking read port address `$auto$proc_rom.cc:155:do_switch$30'[0] in module `\ex252_semantic_u2_dot4_pairtable_qcase': no address FF found.
Checking read port address `$auto$proc_rom.cc:155:do_switch$26'[0] in module `\ex252_semantic_u2_dot4_pairtable_qcase': no address FF found.

8.6. Executing OPT_CLEAN pass (remove unused cells and wires).
Finding unused cells or wires in module \ex252_semantic_u2_dot4_pairtable_qcase..

8.7. Executing MEMORY_SHARE pass (consolidating $memrd/$memwr cells).

8.8. Executing OPT_MEM_WIDEN pass (optimize memories where all ports are wide).
Performed a total of 0 transformations.

8.9. Executing OPT_CLEAN pass (remove unused cells and wires).
Finding unused cells or wires in module \ex252_semantic_u2_dot4_pairtable_qcase..

8.10. Executing MEMORY_COLLECT pass (generating $mem cells).

8.11. Executing MEMORY_MAP pass (converting memories to logic and flip-flops).
Mapping memory $auto$proc_rom.cc:155:do_switch$30 in module \ex252_semantic_u2_dot4_pairtable_qcase:
  created 256 $dff cells and 0 static cells of width 5.
  read interface: 0 $dff and 255 $mux cells.
  write interface: 0 write mux blocks.
Mapping memory $auto$proc_rom.cc:155:do_switch$34 in module \ex252_semantic_u2_dot4_pairtable_qcase:
  created 256 $dff cells and 0 static cells of width 5.
  read interface: 0 $dff and 255 $mux cells.
  write interface: 0 write mux blocks.
Mapping memory $auto$proc_rom.cc:155:do_switch$26 in module \ex252_semantic_u2_dot4_pairtable_qcase:
  created 64 $dff cells and 0 static cells of width 7.
  read interface: 0 $dff and 63 $mux cells.
  write interface: 0 write mux blocks.

9. Executing OPT pass (performing simple optimizations).

9.1. Executing OPT_EXPR pass (perform const folding).
Optimizing module ex252_semantic_u2_dot4_pairtable_qcase.

9.2. Executing OPT_MERGE pass (detect identical cells).
Finding identical cells in module `\ex252_semantic_u2_dot4_pairtable_qcase'.
Computing hashes of 444 cells of `\ex252_semantic_u2_dot4_pairtable_qcase'.
Finding duplicate cells in `\ex252_semantic_u2_dot4_pairtable_qcase'.
Removed a total of 0 cells.

9.3. Executing OPT_MUXTREE pass (detect dead branches in mux trees).
Running muxtree optimizer on module \ex252_semantic_u2_dot4_pairtable_qcase..
  Creating internal representation of mux trees.
  Evaluating internal representation of mux trees.
  Analyzing evaluation results.
Removed 0 multiplexer ports.

9.4. Executing OPT_REDUCE pass (consolidate $*mux and $reduce_* inputs).
  Optimizing cells in module \ex252_semantic_u2_dot4_pairtable_qcase.
Performed a total of 0 changes.

9.5. Executing OPT_MERGE pass (detect identical cells).
Finding identical cells in module `\ex252_semantic_u2_dot4_pairtable_qcase'.
Computing hashes of 444 cells of `\ex252_semantic_u2_dot4_pairtable_qcase'.
Finding duplicate cells in `\ex252_semantic_u2_dot4_pairtable_qcase'.
Computing hashes of 320 cells of `\ex252_semantic_u2_dot4_pairtable_qcase'.
Finding duplicate cells in `\ex252_semantic_u2_dot4_pairtable_qcase'.
Computing hashes of 266 cells of `\ex252_semantic_u2_dot4_pairtable_qcase'.
Finding duplicate cells in `\ex252_semantic_u2_dot4_pairtable_qcase'.
Computing hashes of 260 cells of `\ex252_semantic_u2_dot4_pairtable_qcase'.
Finding duplicate cells in `\ex252_semantic_u2_dot4_pairtable_qcase'.
Removed a total of 184 cells.

9.6. Executing OPT_DFF pass (perform DFF optimizations).

9.7. Executing OPT_CLEAN pass (remove unused cells and wires).
Finding unused cells or wires in module \ex252_semantic_u2_dot4_pairtable_qcase..
Removed 0 unused cells and 890 unused wires.

9.8. Executing OPT_EXPR pass (perform const folding).
Optimizing module ex252_semantic_u2_dot4_pairtable_qcase.

9.9. Rerunning OPT passes. (Maybe there is more to do..)

9.10. Executing OPT_MUXTREE pass (detect dead branches in mux trees).
Running muxtree optimizer on module \ex252_semantic_u2_dot4_pairtable_qcase..
  Creating internal representation of mux trees.
  Evaluating internal representation of mux trees.
  Analyzing evaluation results.
Removed 0 multiplexer ports.

9.11. Executing OPT_REDUCE pass (consolidate $*mux and $reduce_* inputs).
  Optimizing cells in module \ex252_semantic_u2_dot4_pairtable_qcase.
Performed a total of 0 changes.

9.12. Executing OPT_MERGE pass (detect identical cells).
Finding identical cells in module `\ex252_semantic_u2_dot4_pairtable_qcase'.
Computing hashes of 248 cells of `\ex252_semantic_u2_dot4_pairtable_qcase'.
Finding duplicate cells in `\ex252_semantic_u2_dot4_pairtable_qcase'.
Removed a total of 0 cells.

9.13. Executing OPT_DFF pass (perform DFF optimizations).

9.14. Executing OPT_CLEAN pass (remove unused cells and wires).
Finding unused cells or wires in module \ex252_semantic_u2_dot4_pairtable_qcase..
Removed 0 unused cells and 12 unused wires.

9.15. Executing OPT_EXPR pass (perform const folding).
Optimizing module ex252_semantic_u2_dot4_pairtable_qcase.

9.16. Rerunning OPT passes. (Maybe there is more to do..)

9.17. Executing OPT_MUXTREE pass (detect dead branches in mux trees).
Running muxtree optimizer on module \ex252_semantic_u2_dot4_pairtable_qcase..
  Creating internal representation of mux trees.
  Evaluating internal representation of mux trees.
  Analyzing evaluation results.
Removed 0 multiplexer ports.

9.18. Executing OPT_REDUCE pass (consolidate $*mux and $reduce_* inputs).
  Optimizing cells in module \ex252_semantic_u2_dot4_pairtable_qcase.
Performed a total of 0 changes.

9.19. Executing OPT_MERGE pass (detect identical cells).
Finding identical cells in module `\ex252_semantic_u2_dot4_pairtable_qcase'.
Computing hashes of 248 cells of `\ex252_semantic_u2_dot4_pairtable_qcase'.
Finding duplicate cells in `\ex252_semantic_u2_dot4_pairtable_qcase'.
Removed a total of 0 cells.

9.20. Executing OPT_DFF pass (perform DFF optimizations).

9.21. Executing OPT_CLEAN pass (remove unused cells and wires).
Finding unused cells or wires in module \ex252_semantic_u2_dot4_pairtable_qcase..

9.22. Executing OPT_EXPR pass (perform const folding).
Optimizing module ex252_semantic_u2_dot4_pairtable_qcase.

9.23. Finished fast OPT passes. (There is nothing left to do.)

10. Executing TECHMAP pass (map to technology primitives).

10.1. Executing Verilog-2005 frontend: /home/b10507053/ALS_Final_Project/student/tools/conda-env/bin/../share/yosys/techmap.v
Parsing Verilog input from `/home/b10507053/ALS_Final_Project/student/tools/conda-env/bin/../share/yosys/techmap.v' to AST representation.
Generating RTLIL representation for module `\_90_simplemap_bool_ops'.
Generating RTLIL representation for module `\_90_simplemap_reduce_ops'.
Generating RTLIL representation for module `\_90_simplemap_logic_ops'.
Generating RTLIL representation for module `\_90_simplemap_compare_ops'.
Generating RTLIL representation for module `\_90_simplemap_various'.
Generating RTLIL representation for module `\_90_simplemap_registers'.
Generating RTLIL representation for module `\_90_shift_ops_shr_shl_sshl_sshr'.
Generating RTLIL representation for module `\_90_shift_shiftx'.
Generating RTLIL representation for module `\_90_fa'.
Generating RTLIL representation for module `\_90_lcu_brent_kung'.
Generating RTLIL representation for module `\_90_alu'.
Generating RTLIL representation for module `\_90_macc'.
Generating RTLIL representation for module `\_90_alumacc'.
Generating RTLIL representation for module `$__div_mod_u'.
Generating RTLIL representation for module `$__div_mod_trunc'.
Generating RTLIL representation for module `\_90_div'.
Generating RTLIL representation for module `\_90_mod'.
Generating RTLIL representation for module `$__div_mod_floor'.
Generating RTLIL representation for module `\_90_divfloor'.
Generating RTLIL representation for module `\_90_modfloor'.
Generating RTLIL representation for module `\_90_pow'.
Generating RTLIL representation for module `\_90_demux'.
Generating RTLIL representation for module `\_90_lut'.
Generating RTLIL representation for module `$connect'.
Generating RTLIL representation for module `$input_port'.
Successfully finished Verilog frontend.

10.2. Continuing TECHMAP pass.
Using extmapper simplemap for cells of type $mux.
Running "alumacc" on wrapper $extern:wrap:$add:Y_WIDTH=6:B_WIDTH=6:A_WIDTH=6:B_SIGNED=0:A_SIGNED=0:394426c56d1a028ba8fdd5469b163e04011def47.
Using template $extern:wrap:$add:Y_WIDTH=6:B_WIDTH=6:A_WIDTH=6:B_SIGNED=0:A_SIGNED=0:394426c56d1a028ba8fdd5469b163e04011def47 for cells of type $extern:wrap:$add:Y_WIDTH=6:B_WIDTH=6:A_WIDTH=6:B_SIGNED=0:A_SIGNED=0:394426c56d1a028ba8fdd5469b163e04011def47.
Using template $paramod$00298f3f8094950cb9a5ff2fda48d0d8bde8806c\_90_alu for cells of type $alu.
Using extmapper simplemap for cells of type $not.
Using extmapper simplemap for cells of type $pos.
Using template $paramod\_90_fa\WIDTH=32'00000000000000000000000000000110 for cells of type $fa.
Using template $paramod\_90_lcu_brent_kung\WIDTH=32'00000000000000000000000000000110 for cells of type $lcu.
Using extmapper simplemap for cells of type $xor.
Using extmapper simplemap for cells of type $and.
Using extmapper simplemap for cells of type $or.
No more expansions possible.

11. Executing OPT pass (performing simple optimizations).

11.1. Executing OPT_EXPR pass (perform const folding).
Optimizing module ex252_semantic_u2_dot4_pairtable_qcase.

11.2. Executing OPT_MERGE pass (detect identical cells).
Finding identical cells in module `\ex252_semantic_u2_dot4_pairtable_qcase'.
Computing hashes of 551 cells of `\ex252_semantic_u2_dot4_pairtable_qcase'.
Finding duplicate cells in `\ex252_semantic_u2_dot4_pairtable_qcase'.
Computing hashes of 444 cells of `\ex252_semantic_u2_dot4_pairtable_qcase'.
Finding duplicate cells in `\ex252_semantic_u2_dot4_pairtable_qcase'.
Computing hashes of 382 cells of `\ex252_semantic_u2_dot4_pairtable_qcase'.
Finding duplicate cells in `\ex252_semantic_u2_dot4_pairtable_qcase'.
Computing hashes of 348 cells of `\ex252_semantic_u2_dot4_pairtable_qcase'.
Finding duplicate cells in `\ex252_semantic_u2_dot4_pairtable_qcase'.
Computing hashes of 335 cells of `\ex252_semantic_u2_dot4_pairtable_qcase'.
Finding duplicate cells in `\ex252_semantic_u2_dot4_pairtable_qcase'.
Computing hashes of 329 cells of `\ex252_semantic_u2_dot4_pairtable_qcase'.
Finding duplicate cells in `\ex252_semantic_u2_dot4_pairtable_qcase'.
Computing hashes of 327 cells of `\ex252_semantic_u2_dot4_pairtable_qcase'.
Finding duplicate cells in `\ex252_semantic_u2_dot4_pairtable_qcase'.
Computing hashes of 325 cells of `\ex252_semantic_u2_dot4_pairtable_qcase'.
Finding duplicate cells in `\ex252_semantic_u2_dot4_pairtable_qcase'.
Removed a total of 226 cells.

11.3. Executing OPT_MUXTREE pass (detect dead branches in mux trees).
Running muxtree optimizer on module \ex252_semantic_u2_dot4_pairtable_qcase..
  Creating internal representation of mux trees.
  No muxes found in this module.
Removed 0 multiplexer ports.

11.4. Executing OPT_REDUCE pass (consolidate $*mux and $reduce_* inputs).
  Optimizing cells in module \ex252_semantic_u2_dot4_pairtable_qcase.
Performed a total of 0 changes.

11.5. Executing OPT_MERGE pass (detect identical cells).
Finding identical cells in module `\ex252_semantic_u2_dot4_pairtable_qcase'.
Computing hashes of 325 cells of `\ex252_semantic_u2_dot4_pairtable_qcase'.
Finding duplicate cells in `\ex252_semantic_u2_dot4_pairtable_qcase'.
Removed a total of 0 cells.

11.6. Executing OPT_DFF pass (perform DFF optimizations).

11.7. Executing OPT_CLEAN pass (remove unused cells and wires).
Finding unused cells or wires in module \ex252_semantic_u2_dot4_pairtable_qcase..
Removed 5 unused cells and 182 unused wires.

11.8. Executing OPT_EXPR pass (perform const folding).
Optimizing module ex252_semantic_u2_dot4_pairtable_qcase.

11.9. Rerunning OPT passes. (Maybe there is more to do..)

11.10. Executing OPT_MUXTREE pass (detect dead branches in mux trees).
Running muxtree optimizer on module \ex252_semantic_u2_dot4_pairtable_qcase..
  Creating internal representation of mux trees.
  No muxes found in this module.
Removed 0 multiplexer ports.

11.11. Executing OPT_REDUCE pass (consolidate $*mux and $reduce_* inputs).
  Optimizing cells in module \ex252_semantic_u2_dot4_pairtable_qcase.
Performed a total of 0 changes.

11.12. Executing OPT_MERGE pass (detect identical cells).
Finding identical cells in module `\ex252_semantic_u2_dot4_pairtable_qcase'.
Computing hashes of 297 cells of `\ex252_semantic_u2_dot4_pairtable_qcase'.
Finding duplicate cells in `\ex252_semantic_u2_dot4_pairtable_qcase'.
Removed a total of 0 cells.

11.13. Executing OPT_DFF pass (perform DFF optimizations).

11.14. Executing OPT_CLEAN pass (remove unused cells and wires).
Finding unused cells or wires in module \ex252_semantic_u2_dot4_pairtable_qcase..
Removed 0 unused cells and 5 unused wires.

11.15. Executing OPT_EXPR pass (perform const folding).
Optimizing module ex252_semantic_u2_dot4_pairtable_qcase.

11.16. Rerunning OPT passes. (Maybe there is more to do..)

11.17. Executing OPT_MUXTREE pass (detect dead branches in mux trees).
Running muxtree optimizer on module \ex252_semantic_u2_dot4_pairtable_qcase..
  Creating internal representation of mux trees.
  No muxes found in this module.
Removed 0 multiplexer ports.

11.18. Executing OPT_REDUCE pass (consolidate $*mux and $reduce_* inputs).
  Optimizing cells in module \ex252_semantic_u2_dot4_pairtable_qcase.
Performed a total of 0 changes.

11.19. Executing OPT_MERGE pass (detect identical cells).
Finding identical cells in module `\ex252_semantic_u2_dot4_pairtable_qcase'.
Computing hashes of 297 cells of `\ex252_semantic_u2_dot4_pairtable_qcase'.
Finding duplicate cells in `\ex252_semantic_u2_dot4_pairtable_qcase'.
Removed a total of 0 cells.

11.20. Executing OPT_DFF pass (perform DFF optimizations).

11.21. Executing OPT_CLEAN pass (remove unused cells and wires).
Finding unused cells or wires in module \ex252_semantic_u2_dot4_pairtable_qcase..

11.22. Executing OPT_EXPR pass (perform const folding).
Optimizing module ex252_semantic_u2_dot4_pairtable_qcase.

11.23. Finished fast OPT passes. (There is nothing left to do.)

12. Executing ABC pass (technology mapping using ABC).

12.1. Extracting gate netlist of module `\ex252_semantic_u2_dot4_pairtable_qcase' to `<abc-temp-dir>/input.blif'..

12.1.1. Executed ABC.
Extracted 297 gates and 315 wires to a netlist network with 16 inputs and 7 outputs.
Running ABC script: <abc-temp-dir>/abc.script
ABC: UC Berkeley, ABC 1.01 (compiled May 12 2026 13:26:50)
ABC: abc 01> empty
ABC: abc 01> source <abc-temp-dir>/abc.script
ABC: + read_blif <abc-temp-dir>/input.blif 
ABC: + read_library <abc-temp-dir>/stdcells.genlib 
ABC: + strash 
ABC: + &get -n 
ABC: + &fraig -x 
ABC: + &put 
ABC: + scorr 
ABC: Warning: The network is combinational (run "fraig" or "fraig_sweep").
ABC: + dc2 
ABC: + dretime 
ABC: + strash 
ABC: + &get -n 
ABC: + &dch -f 
ABC: + &nf 
ABC: + &put 
ABC: + write_blif <abc-temp-dir>/output.blif 
ABC: 
ABC: YOSYS_ABC_DONE 

12.1.2. Re-integrating ABC results.
ABC RESULTS:               AND cells:       81
ABC RESULTS:            ANDNOT cells:       27
ABC RESULTS:              NAND cells:      160
ABC RESULTS:               NOR cells:       14
ABC RESULTS:               NOT cells:        3
ABC RESULTS:                OR cells:       63
ABC RESULTS:             ORNOT cells:       15
ABC RESULTS:        internal signals:      292
ABC RESULTS:           input signals:       16
ABC RESULTS:          output signals:        7
Removing temp directory.
Removing global temp directory.

13. Executing OPT pass (performing simple optimizations).

13.1. Executing OPT_EXPR pass (perform const folding).
Optimizing module ex252_semantic_u2_dot4_pairtable_qcase.

13.2. Executing OPT_MERGE pass (detect identical cells).
Finding identical cells in module `\ex252_semantic_u2_dot4_pairtable_qcase'.
Computing hashes of 363 cells of `\ex252_semantic_u2_dot4_pairtable_qcase'.
Finding duplicate cells in `\ex252_semantic_u2_dot4_pairtable_qcase'.
Removed a total of 0 cells.

13.3. Executing OPT_MUXTREE pass (detect dead branches in mux trees).
Running muxtree optimizer on module \ex252_semantic_u2_dot4_pairtable_qcase..
  Creating internal representation of mux trees.
  No muxes found in this module.
Removed 0 multiplexer ports.

13.4. Executing OPT_REDUCE pass (consolidate $*mux and $reduce_* inputs).
  Optimizing cells in module \ex252_semantic_u2_dot4_pairtable_qcase.
Performed a total of 0 changes.

13.5. Executing OPT_MERGE pass (detect identical cells).
Finding identical cells in module `\ex252_semantic_u2_dot4_pairtable_qcase'.
Computing hashes of 363 cells of `\ex252_semantic_u2_dot4_pairtable_qcase'.
Finding duplicate cells in `\ex252_semantic_u2_dot4_pairtable_qcase'.
Removed a total of 0 cells.

13.6. Executing OPT_DFF pass (perform DFF optimizations).

13.7. Executing OPT_CLEAN pass (remove unused cells and wires).
Finding unused cells or wires in module \ex252_semantic_u2_dot4_pairtable_qcase..
Removed 0 unused cells and 138 unused wires.

13.8. Executing OPT_EXPR pass (perform const folding).
Optimizing module ex252_semantic_u2_dot4_pairtable_qcase.

13.9. Rerunning OPT passes. (Maybe there is more to do..)

13.10. Executing OPT_MUXTREE pass (detect dead branches in mux trees).
Running muxtree optimizer on module \ex252_semantic_u2_dot4_pairtable_qcase..
  Creating internal representation of mux trees.
  No muxes found in this module.
Removed 0 multiplexer ports.

13.11. Executing OPT_REDUCE pass (consolidate $*mux and $reduce_* inputs).
  Optimizing cells in module \ex252_semantic_u2_dot4_pairtable_qcase.
Performed a total of 0 changes.

13.12. Executing OPT_MERGE pass (detect identical cells).
Finding identical cells in module `\ex252_semantic_u2_dot4_pairtable_qcase'.
Computing hashes of 363 cells of `\ex252_semantic_u2_dot4_pairtable_qcase'.
Finding duplicate cells in `\ex252_semantic_u2_dot4_pairtable_qcase'.
Removed a total of 0 cells.

13.13. Executing OPT_DFF pass (perform DFF optimizations).

13.14. Executing OPT_CLEAN pass (remove unused cells and wires).
Finding unused cells or wires in module \ex252_semantic_u2_dot4_pairtable_qcase..

13.15. Executing OPT_EXPR pass (perform const folding).
Optimizing module ex252_semantic_u2_dot4_pairtable_qcase.

13.16. Finished fast OPT passes. (There is nothing left to do.)

14. Executing AIGMAP pass (map logic to AIG).
Module ex252_semantic_u2_dot4_pairtable_qcase: replaced 279 cells with 713 new cells, skipped 84 cells.
  replaced 5 cell types:
      27 $_ANDNOT_
     160 $_NAND_
      14 $_NOR_
      15 $_ORNOT_
      63 $_OR_
  not replaced 2 cell types:
      81 $_AND_
       3 $_NOT_

15. Executing OPT pass (performing simple optimizations).

15.1. Executing OPT_EXPR pass (perform const folding).
Optimizing module ex252_semantic_u2_dot4_pairtable_qcase.

15.2. Executing OPT_MERGE pass (detect identical cells).
Finding identical cells in module `\ex252_semantic_u2_dot4_pairtable_qcase'.
Computing hashes of 739 cells of `\ex252_semantic_u2_dot4_pairtable_qcase'.
Finding duplicate cells in `\ex252_semantic_u2_dot4_pairtable_qcase'.
Computing hashes of 670 cells of `\ex252_semantic_u2_dot4_pairtable_qcase'.
Finding duplicate cells in `\ex252_semantic_u2_dot4_pairtable_qcase'.
Computing hashes of 669 cells of `\ex252_semantic_u2_dot4_pairtable_qcase'.
Finding duplicate cells in `\ex252_semantic_u2_dot4_pairtable_qcase'.
Removed a total of 70 cells.

15.3. Executing OPT_MUXTREE pass (detect dead branches in mux trees).
Running muxtree optimizer on module \ex252_semantic_u2_dot4_pairtable_qcase..
  Creating internal representation of mux trees.
  No muxes found in this module.
Removed 0 multiplexer ports.

15.4. Executing OPT_REDUCE pass (consolidate $*mux and $reduce_* inputs).
  Optimizing cells in module \ex252_semantic_u2_dot4_pairtable_qcase.
Performed a total of 0 changes.

15.5. Executing OPT_MERGE pass (detect identical cells).
Finding identical cells in module `\ex252_semantic_u2_dot4_pairtable_qcase'.
Computing hashes of 669 cells of `\ex252_semantic_u2_dot4_pairtable_qcase'.
Finding duplicate cells in `\ex252_semantic_u2_dot4_pairtable_qcase'.
Removed a total of 0 cells.

15.6. Executing OPT_DFF pass (perform DFF optimizations).

15.7. Executing OPT_CLEAN pass (remove unused cells and wires).
Finding unused cells or wires in module \ex252_semantic_u2_dot4_pairtable_qcase..
Removed 10 unused cells and 417 unused wires.

15.8. Executing OPT_EXPR pass (perform const folding).
Optimizing module ex252_semantic_u2_dot4_pairtable_qcase.

15.9. Rerunning OPT passes. (Maybe there is more to do..)

15.10. Executing OPT_MUXTREE pass (detect dead branches in mux trees).
Running muxtree optimizer on module \ex252_semantic_u2_dot4_pairtable_qcase..
  Creating internal representation of mux trees.
  No muxes found in this module.
Removed 0 multiplexer ports.

15.11. Executing OPT_REDUCE pass (consolidate $*mux and $reduce_* inputs).
  Optimizing cells in module \ex252_semantic_u2_dot4_pairtable_qcase.
Performed a total of 0 changes.

15.12. Executing OPT_MERGE pass (detect identical cells).
Finding identical cells in module `\ex252_semantic_u2_dot4_pairtable_qcase'.
Computing hashes of 659 cells of `\ex252_semantic_u2_dot4_pairtable_qcase'.
Finding duplicate cells in `\ex252_semantic_u2_dot4_pairtable_qcase'.
Removed a total of 0 cells.

15.13. Executing OPT_DFF pass (perform DFF optimizations).

15.14. Executing OPT_CLEAN pass (remove unused cells and wires).
Finding unused cells or wires in module \ex252_semantic_u2_dot4_pairtable_qcase..

15.15. Executing OPT_EXPR pass (perform const folding).
Optimizing module ex252_semantic_u2_dot4_pairtable_qcase.

15.16. Finished fast OPT passes. (There is nothing left to do.)

16. Executing AIGER backend.
ERROR: Can't open output file `/home/b10507053/ALS_Final_Project/student/work/ex250_ex254_frontend_fp4_dot_fma_semantic_20260608_2105/ex252/aigs/ex252_semantic_u2_dot4_pairtable_qcase_abc_g_aig.aig' for writing: No such file or directory
