
 /----------------------------------------------------------------------------\
 |  yosys -- Yosys Open SYnthesis Suite                                       |
 |  Copyright (C) 2012 - 2026  Claire Xenia Wolf <claire@yosyshq.com>         |
 |  Distributed under an ISC-like license, type "license" to see terms        |
 \----------------------------------------------------------------------------/
 Yosys 0.65 (git sha1 aec814bdf3071f7e0fd0fbe43f7f711e99d01e24, g++ 14.3.0-19 -fvisibility-inlines-hidden -fmessage-length=0 -march=nocona -mtune=haswell -ftree-vectorize -fPIC -fstack-protector-strong -fno-plt -O2 -ffunction-sections -fdebug-prefix-map=/home/conda/feedstock_root/build_artifacts/yosys_1778591527500/work=/usr/local/src/conda/yosys-0.65 -fdebug-prefix-map=/home/b10507053/ALS_Final_Project/student/tools/conda-env=/usr/local/src/conda-prefix -fPIC -O3) [conda-forge/yosys-feedstock]

-- Executing script file `/tmp/als_yosys_synth_1q8x7tye.ys' --

1. Executing Verilog-2005 frontend: student/work/ex220_ex224_frontend_fp16_semantic_20260606_2050/ex224/verilog/ex224_fp16_log2_sign_exp_default_expr_case.v
Parsing Verilog input from `student/work/ex220_ex224_frontend_fp16_semantic_20260606_2050/ex224/verilog/ex224_fp16_log2_sign_exp_default_expr_case.v' to AST representation.
Generating RTLIL representation for module `\ex224_fp16_log2_sign_exp_default_expr_case'.
Successfully finished Verilog frontend.

2. Executing HIERARCHY pass (managing design hierarchy).

2.1. Analyzing design hierarchy..
Top module:  \ex224_fp16_log2_sign_exp_default_expr_case

2.2. Analyzing design hierarchy..
Top module:  \ex224_fp16_log2_sign_exp_default_expr_case
Removed 0 unused modules.

3. Executing PROC pass (convert processes to netlists).

3.1. Executing PROC_CLEAN pass (remove empty switches from decision trees).
Cleaned up 0 empty switches.

3.2. Executing PROC_RMDEAD pass (remove dead branches from decision trees).
Removed 28 dead cases from process $proc$student/work/ex220_ex224_frontend_fp16_semantic_20260606_2050/ex224/verilog/ex224_fp16_log2_sign_exp_default_expr_case.v:10$1 in module ex224_fp16_log2_sign_exp_default_expr_case.
Marked 32 switch rules as full_case in process $proc$student/work/ex220_ex224_frontend_fp16_semantic_20260606_2050/ex224/verilog/ex224_fp16_log2_sign_exp_default_expr_case.v:10$1 in module ex224_fp16_log2_sign_exp_default_expr_case.
Removed a total of 28 dead cases.

3.3. Executing PROC_PRUNE pass (remove redundant assignments in processes).
Removed 0 redundant assignments.
Promoted 1 assignment to connection.

3.4. Executing PROC_INIT pass (extract init attributes).

3.5. Executing PROC_ARST pass (detect async resets in processes).

3.6. Executing PROC_ROM pass (convert switches to ROMs).
Converted 28 switches.

3.7. Executing PROC_MUX pass (convert decision trees to multiplexers).
Creating decoders for process `\ex224_fp16_log2_sign_exp_default_expr_case.$proc$student/work/ex220_ex224_frontend_fp16_semantic_20260606_2050/ex224/verilog/ex224_fp16_log2_sign_exp_default_expr_case.v:10$1'.
     1/32: $32\out_r[15:0]
     2/32: $31\out_r[15:0]
     3/32: $30\out_r[15:0]
     4/32: $29\out_r[15:0]
     5/32: $28\out_r[15:0]
     6/32: $27\out_r[15:0]
     7/32: $26\out_r[15:0]
     8/32: $25\out_r[15:0]
     9/32: $24\out_r[15:0]
    10/32: $23\out_r[15:0]
    11/32: $22\out_r[15:0]
    12/32: $21\out_r[15:0]
    13/32: $20\out_r[15:0]
    14/32: $19\out_r[15:0]
    15/32: $18\out_r[15:0]
    16/32: $17\out_r[15:0]
    17/32: $16\out_r[15:0]
    18/32: $15\out_r[15:0]
    19/32: $14\out_r[15:0]
    20/32: $13\out_r[15:0]
    21/32: $12\out_r[15:0]
    22/32: $11\out_r[15:0]
    23/32: $10\out_r[15:0]
    24/32: $9\out_r[15:0]
    25/32: $8\out_r[15:0]
    26/32: $7\out_r[15:0]
    27/32: $6\out_r[15:0]
    28/32: $5\out_r[15:0]
    29/32: $4\out_r[15:0]
    30/32: $3\out_r[15:0]
    31/32: $2\out_r[15:0]
    32/32: $1\out_r[15:0]

3.8. Executing PROC_DLATCH pass (convert process syncs to latches).
No latch inferred for signal `\ex224_fp16_log2_sign_exp_default_expr_case.\out_r' from process `\ex224_fp16_log2_sign_exp_default_expr_case.$proc$student/work/ex220_ex224_frontend_fp16_semantic_20260606_2050/ex224/verilog/ex224_fp16_log2_sign_exp_default_expr_case.v:10$1'.

3.9. Executing PROC_DFF pass (convert process syncs to FFs).

3.10. Executing PROC_MEMWR pass (convert process memory writes to cells).

3.11. Executing PROC_CLEAN pass (remove empty switches from decision trees).
Found and cleaned up 32 empty switches in `\ex224_fp16_log2_sign_exp_default_expr_case.$proc$student/work/ex220_ex224_frontend_fp16_semantic_20260606_2050/ex224/verilog/ex224_fp16_log2_sign_exp_default_expr_case.v:10$1'.
Removing empty process `ex224_fp16_log2_sign_exp_default_expr_case.$proc$student/work/ex220_ex224_frontend_fp16_semantic_20260606_2050/ex224/verilog/ex224_fp16_log2_sign_exp_default_expr_case.v:10$1'.
Cleaned up 32 empty switches.

3.12. Executing OPT_EXPR pass (perform const folding).
Optimizing module ex224_fp16_log2_sign_exp_default_expr_case.

4. Executing FLATTEN pass (flatten design).

5. Executing TRIBUF pass.

6. Executing DEMINOUT pass (demote inout ports to input or output).

7. Executing OPT pass (performing simple optimizations).

7.1. Executing OPT_EXPR pass (perform const folding).
Optimizing module ex224_fp16_log2_sign_exp_default_expr_case.

7.2. Executing OPT_MERGE pass (detect identical cells).
Finding identical cells in module `\ex224_fp16_log2_sign_exp_default_expr_case'.
Computing hashes of 2234 cells of `\ex224_fp16_log2_sign_exp_default_expr_case'.
Finding duplicate cells in `\ex224_fp16_log2_sign_exp_default_expr_case'.
Computing hashes of 1180 cells of `\ex224_fp16_log2_sign_exp_default_expr_case'.
Finding duplicate cells in `\ex224_fp16_log2_sign_exp_default_expr_case'.
Removed a total of 1054 cells.

7.3. Executing OPT_MUXTREE pass (detect dead branches in mux trees).
Running muxtree optimizer on module \ex224_fp16_log2_sign_exp_default_expr_case..
  Creating internal representation of mux trees.
  Evaluating internal representation of mux trees.
  Analyzing evaluation results.
    dead port 2/2 on $mux $procmux$1870.
    dead port 2/2 on $mux $procmux$3713.
    dead port 2/2 on $mux $procmux$3648.
    dead port 2/2 on $mux $procmux$3584.
    dead port 2/2 on $mux $procmux$3521.
    dead port 2/2 on $mux $procmux$3459.
    dead port 2/2 on $mux $procmux$3398.
    dead port 2/2 on $mux $procmux$3338.
    dead port 2/2 on $mux $procmux$3279.
    dead port 2/2 on $mux $procmux$3221.
    dead port 2/2 on $mux $procmux$3164.
    dead port 2/2 on $mux $procmux$3108.
    dead port 2/2 on $mux $procmux$3053.
    dead port 2/2 on $mux $procmux$2999.
    dead port 2/2 on $mux $procmux$2946.
    dead port 2/2 on $mux $procmux$795.
    dead port 2/2 on $mux $procmux$745.
    dead port 2/2 on $mux $procmux$696.
    dead port 2/2 on $mux $procmux$648.
    dead port 2/2 on $mux $procmux$601.
    dead port 2/2 on $mux $procmux$555.
    dead port 2/2 on $mux $procmux$510.
    dead port 2/2 on $mux $procmux$466.
    dead port 2/2 on $mux $procmux$423.
    dead port 2/2 on $mux $procmux$381.
    dead port 2/2 on $mux $procmux$340.
    dead port 2/2 on $mux $procmux$300.
    dead port 2/2 on $mux $procmux$261.
    dead port 2/2 on $mux $procmux$223.
    dead port 2/2 on $mux $procmux$186.
    dead port 2/2 on $mux $procmux$150.
Removed 31 multiplexer ports.

7.4. Executing OPT_REDUCE pass (consolidate $*mux and $reduce_* inputs).
  Optimizing cells in module \ex224_fp16_log2_sign_exp_default_expr_case.
    New ctrl vector for $pmux cell $procmux$3715: { $auto$opt_reduce.cc:135:opt_pmux$3785 $auto$opt_reduce.cc:135:opt_pmux$3783 $procmux$3748_CMP $procmux$3749_CMP $procmux$3750_CMP $procmux$3751_CMP $procmux$3752_CMP $procmux$3753_CMP $procmux$3754_CMP $procmux$3755_CMP $procmux$3756_CMP $procmux$3757_CMP $procmux$3758_CMP $procmux$3759_CMP $procmux$3760_CMP $procmux$3761_CMP $procmux$3762_CMP $procmux$3763_CMP $procmux$3764_CMP $procmux$3765_CMP $procmux$3766_CMP $procmux$3767_CMP $procmux$3768_CMP $procmux$3769_CMP $procmux$3770_CMP $procmux$3771_CMP $procmux$3772_CMP $procmux$3773_CMP $procmux$3774_CMP $procmux$3775_CMP $procmux$3776_CMP $procmux$3777_CMP $procmux$3778_CMP }
  Optimizing cells in module \ex224_fp16_log2_sign_exp_default_expr_case.
Performed a total of 1 changes.

7.5. Executing OPT_MERGE pass (detect identical cells).
Finding identical cells in module `\ex224_fp16_log2_sign_exp_default_expr_case'.
Computing hashes of 1151 cells of `\ex224_fp16_log2_sign_exp_default_expr_case'.
Finding duplicate cells in `\ex224_fp16_log2_sign_exp_default_expr_case'.
Removed a total of 0 cells.

7.6. Executing OPT_DFF pass (perform DFF optimizations).

7.7. Executing OPT_CLEAN pass (remove unused cells and wires).
Finding unused cells or wires in module \ex224_fp16_log2_sign_exp_default_expr_case..
Removed 0 unused cells and 1120 unused wires.

7.8. Executing OPT_EXPR pass (perform const folding).
Optimizing module ex224_fp16_log2_sign_exp_default_expr_case.

7.9. Rerunning OPT passes. (Maybe there is more to do..)

7.10. Executing OPT_MUXTREE pass (detect dead branches in mux trees).
Running muxtree optimizer on module \ex224_fp16_log2_sign_exp_default_expr_case..
  Creating internal representation of mux trees.
  Evaluating internal representation of mux trees.
  Analyzing evaluation results.
Removed 0 multiplexer ports.

7.11. Executing OPT_REDUCE pass (consolidate $*mux and $reduce_* inputs).
  Optimizing cells in module \ex224_fp16_log2_sign_exp_default_expr_case.
Performed a total of 0 changes.

7.12. Executing OPT_MERGE pass (detect identical cells).
Finding identical cells in module `\ex224_fp16_log2_sign_exp_default_expr_case'.
Computing hashes of 1151 cells of `\ex224_fp16_log2_sign_exp_default_expr_case'.
Finding duplicate cells in `\ex224_fp16_log2_sign_exp_default_expr_case'.
Removed a total of 0 cells.

7.13. Executing OPT_DFF pass (perform DFF optimizations).

7.14. Executing OPT_CLEAN pass (remove unused cells and wires).
Finding unused cells or wires in module \ex224_fp16_log2_sign_exp_default_expr_case..

7.15. Executing OPT_EXPR pass (perform const folding).
Optimizing module ex224_fp16_log2_sign_exp_default_expr_case.

7.16. Finished fast OPT passes. (There is nothing left to do.)

8. Executing MEMORY pass.

8.1. Executing OPT_MEM pass (optimize memories).
ex224_fp16_log2_sign_exp_default_expr_case.$auto$proc_rom.cc:155:do_switch$112: removing const-1 lane 11
ex224_fp16_log2_sign_exp_default_expr_case.$auto$proc_rom.cc:155:do_switch$112: removing const-0 lane 12
ex224_fp16_log2_sign_exp_default_expr_case.$auto$proc_rom.cc:155:do_switch$112: removing const-0 lane 13
ex224_fp16_log2_sign_exp_default_expr_case.$auto$proc_rom.cc:155:do_switch$112: removing const-1 lane 14
ex224_fp16_log2_sign_exp_default_expr_case.$auto$proc_rom.cc:155:do_switch$112: removing const-0 lane 15
ex224_fp16_log2_sign_exp_default_expr_case.$auto$proc_rom.cc:155:do_switch$108: removing const-1 lane 8
ex224_fp16_log2_sign_exp_default_expr_case.$auto$proc_rom.cc:155:do_switch$108: removing const-1 lane 9
ex224_fp16_log2_sign_exp_default_expr_case.$auto$proc_rom.cc:155:do_switch$108: removing const-0 lane 10
ex224_fp16_log2_sign_exp_default_expr_case.$auto$proc_rom.cc:155:do_switch$108: removing const-1 lane 11
ex224_fp16_log2_sign_exp_default_expr_case.$auto$proc_rom.cc:155:do_switch$108: removing const-0 lane 12
ex224_fp16_log2_sign_exp_default_expr_case.$auto$proc_rom.cc:155:do_switch$108: removing const-0 lane 13
ex224_fp16_log2_sign_exp_default_expr_case.$auto$proc_rom.cc:155:do_switch$108: removing const-1 lane 14
ex224_fp16_log2_sign_exp_default_expr_case.$auto$proc_rom.cc:155:do_switch$108: removing const-0 lane 15
ex224_fp16_log2_sign_exp_default_expr_case.$auto$proc_rom.cc:155:do_switch$104: removing const-1 lane 9
ex224_fp16_log2_sign_exp_default_expr_case.$auto$proc_rom.cc:155:do_switch$104: removing const-0 lane 10
ex224_fp16_log2_sign_exp_default_expr_case.$auto$proc_rom.cc:155:do_switch$104: removing const-1 lane 11
ex224_fp16_log2_sign_exp_default_expr_case.$auto$proc_rom.cc:155:do_switch$104: removing const-0 lane 12
ex224_fp16_log2_sign_exp_default_expr_case.$auto$proc_rom.cc:155:do_switch$104: removing const-0 lane 13
ex224_fp16_log2_sign_exp_default_expr_case.$auto$proc_rom.cc:155:do_switch$104: removing const-1 lane 14
ex224_fp16_log2_sign_exp_default_expr_case.$auto$proc_rom.cc:155:do_switch$104: removing const-0 lane 15
ex224_fp16_log2_sign_exp_default_expr_case.$auto$proc_rom.cc:155:do_switch$100: removing const-0 lane 8
ex224_fp16_log2_sign_exp_default_expr_case.$auto$proc_rom.cc:155:do_switch$100: removing const-1 lane 9
ex224_fp16_log2_sign_exp_default_expr_case.$auto$proc_rom.cc:155:do_switch$100: removing const-0 lane 10
ex224_fp16_log2_sign_exp_default_expr_case.$auto$proc_rom.cc:155:do_switch$100: removing const-1 lane 11
ex224_fp16_log2_sign_exp_default_expr_case.$auto$proc_rom.cc:155:do_switch$100: removing const-0 lane 12
ex224_fp16_log2_sign_exp_default_expr_case.$auto$proc_rom.cc:155:do_switch$100: removing const-0 lane 13
ex224_fp16_log2_sign_exp_default_expr_case.$auto$proc_rom.cc:155:do_switch$100: removing const-1 lane 14
ex224_fp16_log2_sign_exp_default_expr_case.$auto$proc_rom.cc:155:do_switch$100: removing const-0 lane 15
ex224_fp16_log2_sign_exp_default_expr_case.$auto$proc_rom.cc:155:do_switch$96: removing const-0 lane 10
ex224_fp16_log2_sign_exp_default_expr_case.$auto$proc_rom.cc:155:do_switch$96: removing const-1 lane 11
ex224_fp16_log2_sign_exp_default_expr_case.$auto$proc_rom.cc:155:do_switch$96: removing const-0 lane 12
ex224_fp16_log2_sign_exp_default_expr_case.$auto$proc_rom.cc:155:do_switch$96: removing const-0 lane 13
ex224_fp16_log2_sign_exp_default_expr_case.$auto$proc_rom.cc:155:do_switch$96: removing const-1 lane 14
ex224_fp16_log2_sign_exp_default_expr_case.$auto$proc_rom.cc:155:do_switch$96: removing const-0 lane 15
ex224_fp16_log2_sign_exp_default_expr_case.$auto$proc_rom.cc:155:do_switch$92: removing const-1 lane 8
ex224_fp16_log2_sign_exp_default_expr_case.$auto$proc_rom.cc:155:do_switch$92: removing const-0 lane 9
ex224_fp16_log2_sign_exp_default_expr_case.$auto$proc_rom.cc:155:do_switch$92: removing const-0 lane 10
ex224_fp16_log2_sign_exp_default_expr_case.$auto$proc_rom.cc:155:do_switch$92: removing const-1 lane 11
ex224_fp16_log2_sign_exp_default_expr_case.$auto$proc_rom.cc:155:do_switch$92: removing const-0 lane 12
ex224_fp16_log2_sign_exp_default_expr_case.$auto$proc_rom.cc:155:do_switch$92: removing const-0 lane 13
ex224_fp16_log2_sign_exp_default_expr_case.$auto$proc_rom.cc:155:do_switch$92: removing const-1 lane 14
ex224_fp16_log2_sign_exp_default_expr_case.$auto$proc_rom.cc:155:do_switch$92: removing const-0 lane 15
ex224_fp16_log2_sign_exp_default_expr_case.$auto$proc_rom.cc:155:do_switch$88: removing const-0 lane 9
ex224_fp16_log2_sign_exp_default_expr_case.$auto$proc_rom.cc:155:do_switch$88: removing const-0 lane 10
ex224_fp16_log2_sign_exp_default_expr_case.$auto$proc_rom.cc:155:do_switch$88: removing const-1 lane 11
ex224_fp16_log2_sign_exp_default_expr_case.$auto$proc_rom.cc:155:do_switch$88: removing const-0 lane 12
ex224_fp16_log2_sign_exp_default_expr_case.$auto$proc_rom.cc:155:do_switch$88: removing const-0 lane 13
ex224_fp16_log2_sign_exp_default_expr_case.$auto$proc_rom.cc:155:do_switch$88: removing const-1 lane 14
ex224_fp16_log2_sign_exp_default_expr_case.$auto$proc_rom.cc:155:do_switch$88: removing const-0 lane 15
ex224_fp16_log2_sign_exp_default_expr_case.$auto$proc_rom.cc:155:do_switch$84: removing const-0 lane 8
ex224_fp16_log2_sign_exp_default_expr_case.$auto$proc_rom.cc:155:do_switch$84: removing const-0 lane 9
ex224_fp16_log2_sign_exp_default_expr_case.$auto$proc_rom.cc:155:do_switch$84: removing const-0 lane 10
ex224_fp16_log2_sign_exp_default_expr_case.$auto$proc_rom.cc:155:do_switch$84: removing const-1 lane 11
ex224_fp16_log2_sign_exp_default_expr_case.$auto$proc_rom.cc:155:do_switch$84: removing const-0 lane 12
ex224_fp16_log2_sign_exp_default_expr_case.$auto$proc_rom.cc:155:do_switch$84: removing const-0 lane 13
ex224_fp16_log2_sign_exp_default_expr_case.$auto$proc_rom.cc:155:do_switch$84: removing const-1 lane 14
ex224_fp16_log2_sign_exp_default_expr_case.$auto$proc_rom.cc:155:do_switch$84: removing const-0 lane 15
ex224_fp16_log2_sign_exp_default_expr_case.$auto$proc_rom.cc:155:do_switch$80: removing const-0 lane 12
ex224_fp16_log2_sign_exp_default_expr_case.$auto$proc_rom.cc:155:do_switch$80: removing const-0 lane 13
ex224_fp16_log2_sign_exp_default_expr_case.$auto$proc_rom.cc:155:do_switch$80: removing const-1 lane 14
ex224_fp16_log2_sign_exp_default_expr_case.$auto$proc_rom.cc:155:do_switch$80: removing const-0 lane 15
ex224_fp16_log2_sign_exp_default_expr_case.$auto$proc_rom.cc:155:do_switch$76: removing const-1 lane 9
ex224_fp16_log2_sign_exp_default_expr_case.$auto$proc_rom.cc:155:do_switch$76: removing const-1 lane 10
ex224_fp16_log2_sign_exp_default_expr_case.$auto$proc_rom.cc:155:do_switch$76: removing const-0 lane 11
ex224_fp16_log2_sign_exp_default_expr_case.$auto$proc_rom.cc:155:do_switch$76: removing const-0 lane 12
ex224_fp16_log2_sign_exp_default_expr_case.$auto$proc_rom.cc:155:do_switch$76: removing const-0 lane 13
ex224_fp16_log2_sign_exp_default_expr_case.$auto$proc_rom.cc:155:do_switch$76: removing const-1 lane 14
ex224_fp16_log2_sign_exp_default_expr_case.$auto$proc_rom.cc:155:do_switch$76: removing const-0 lane 15
ex224_fp16_log2_sign_exp_default_expr_case.$auto$proc_rom.cc:155:do_switch$72: removing const-1 lane 10
ex224_fp16_log2_sign_exp_default_expr_case.$auto$proc_rom.cc:155:do_switch$72: removing const-0 lane 11
ex224_fp16_log2_sign_exp_default_expr_case.$auto$proc_rom.cc:155:do_switch$72: removing const-0 lane 12
ex224_fp16_log2_sign_exp_default_expr_case.$auto$proc_rom.cc:155:do_switch$72: removing const-0 lane 13
ex224_fp16_log2_sign_exp_default_expr_case.$auto$proc_rom.cc:155:do_switch$72: removing const-1 lane 14
ex224_fp16_log2_sign_exp_default_expr_case.$auto$proc_rom.cc:155:do_switch$72: removing const-0 lane 15
ex224_fp16_log2_sign_exp_default_expr_case.$auto$proc_rom.cc:155:do_switch$68: removing const-0 lane 9
ex224_fp16_log2_sign_exp_default_expr_case.$auto$proc_rom.cc:155:do_switch$68: removing const-1 lane 10
ex224_fp16_log2_sign_exp_default_expr_case.$auto$proc_rom.cc:155:do_switch$68: removing const-0 lane 11
ex224_fp16_log2_sign_exp_default_expr_case.$auto$proc_rom.cc:155:do_switch$68: removing const-0 lane 12
ex224_fp16_log2_sign_exp_default_expr_case.$auto$proc_rom.cc:155:do_switch$68: removing const-0 lane 13
ex224_fp16_log2_sign_exp_default_expr_case.$auto$proc_rom.cc:155:do_switch$68: removing const-1 lane 14
ex224_fp16_log2_sign_exp_default_expr_case.$auto$proc_rom.cc:155:do_switch$68: removing const-0 lane 15
ex224_fp16_log2_sign_exp_default_expr_case.$auto$proc_rom.cc:155:do_switch$64: removing const-0 lane 11
ex224_fp16_log2_sign_exp_default_expr_case.$auto$proc_rom.cc:155:do_switch$64: removing const-0 lane 12
ex224_fp16_log2_sign_exp_default_expr_case.$auto$proc_rom.cc:155:do_switch$64: removing const-0 lane 13
ex224_fp16_log2_sign_exp_default_expr_case.$auto$proc_rom.cc:155:do_switch$64: removing const-1 lane 14
ex224_fp16_log2_sign_exp_default_expr_case.$auto$proc_rom.cc:155:do_switch$64: removing const-0 lane 15
ex224_fp16_log2_sign_exp_default_expr_case.$auto$proc_rom.cc:155:do_switch$60: removing const-0 lane 10
ex224_fp16_log2_sign_exp_default_expr_case.$auto$proc_rom.cc:155:do_switch$60: removing const-0 lane 11
ex224_fp16_log2_sign_exp_default_expr_case.$auto$proc_rom.cc:155:do_switch$60: removing const-0 lane 12
ex224_fp16_log2_sign_exp_default_expr_case.$auto$proc_rom.cc:155:do_switch$60: removing const-0 lane 13
ex224_fp16_log2_sign_exp_default_expr_case.$auto$proc_rom.cc:155:do_switch$60: removing const-1 lane 14
ex224_fp16_log2_sign_exp_default_expr_case.$auto$proc_rom.cc:155:do_switch$60: removing const-0 lane 15
ex224_fp16_log2_sign_exp_default_expr_case.$auto$proc_rom.cc:155:do_switch$56: removing const-1 lane 10
ex224_fp16_log2_sign_exp_default_expr_case.$auto$proc_rom.cc:155:do_switch$56: removing const-1 lane 11
ex224_fp16_log2_sign_exp_default_expr_case.$auto$proc_rom.cc:155:do_switch$56: removing const-1 lane 12
ex224_fp16_log2_sign_exp_default_expr_case.$auto$proc_rom.cc:155:do_switch$56: removing const-1 lane 13
ex224_fp16_log2_sign_exp_default_expr_case.$auto$proc_rom.cc:155:do_switch$56: removing const-0 lane 14
ex224_fp16_log2_sign_exp_default_expr_case.$auto$proc_rom.cc:155:do_switch$56: removing const-0 lane 15
ex224_fp16_log2_sign_exp_default_expr_case.$auto$proc_rom.cc:155:do_switch$52: removing const-1 lane 15
ex224_fp16_log2_sign_exp_default_expr_case.$auto$proc_rom.cc:155:do_switch$48: removing const-0 lane 10
ex224_fp16_log2_sign_exp_default_expr_case.$auto$proc_rom.cc:155:do_switch$48: removing const-0 lane 11
ex224_fp16_log2_sign_exp_default_expr_case.$auto$proc_rom.cc:155:do_switch$48: removing const-0 lane 12
ex224_fp16_log2_sign_exp_default_expr_case.$auto$proc_rom.cc:155:do_switch$48: removing const-0 lane 13
ex224_fp16_log2_sign_exp_default_expr_case.$auto$proc_rom.cc:155:do_switch$48: removing const-1 lane 14
ex224_fp16_log2_sign_exp_default_expr_case.$auto$proc_rom.cc:155:do_switch$48: removing const-1 lane 15
ex224_fp16_log2_sign_exp_default_expr_case.$auto$proc_rom.cc:155:do_switch$44: removing const-0 lane 11
ex224_fp16_log2_sign_exp_default_expr_case.$auto$proc_rom.cc:155:do_switch$44: removing const-0 lane 12
ex224_fp16_log2_sign_exp_default_expr_case.$auto$proc_rom.cc:155:do_switch$44: removing const-0 lane 13
ex224_fp16_log2_sign_exp_default_expr_case.$auto$proc_rom.cc:155:do_switch$44: removing const-1 lane 14
ex224_fp16_log2_sign_exp_default_expr_case.$auto$proc_rom.cc:155:do_switch$44: removing const-1 lane 15
ex224_fp16_log2_sign_exp_default_expr_case.$auto$proc_rom.cc:155:do_switch$40: removing const-0 lane 9
ex224_fp16_log2_sign_exp_default_expr_case.$auto$proc_rom.cc:155:do_switch$40: removing const-1 lane 10
ex224_fp16_log2_sign_exp_default_expr_case.$auto$proc_rom.cc:155:do_switch$40: removing const-0 lane 11
ex224_fp16_log2_sign_exp_default_expr_case.$auto$proc_rom.cc:155:do_switch$40: removing const-0 lane 12
ex224_fp16_log2_sign_exp_default_expr_case.$auto$proc_rom.cc:155:do_switch$40: removing const-0 lane 13
ex224_fp16_log2_sign_exp_default_expr_case.$auto$proc_rom.cc:155:do_switch$40: removing const-1 lane 14
ex224_fp16_log2_sign_exp_default_expr_case.$auto$proc_rom.cc:155:do_switch$40: removing const-1 lane 15
ex224_fp16_log2_sign_exp_default_expr_case.$auto$proc_rom.cc:155:do_switch$36: removing const-1 lane 10
ex224_fp16_log2_sign_exp_default_expr_case.$auto$proc_rom.cc:155:do_switch$36: removing const-0 lane 11
ex224_fp16_log2_sign_exp_default_expr_case.$auto$proc_rom.cc:155:do_switch$36: removing const-0 lane 12
ex224_fp16_log2_sign_exp_default_expr_case.$auto$proc_rom.cc:155:do_switch$36: removing const-0 lane 13
ex224_fp16_log2_sign_exp_default_expr_case.$auto$proc_rom.cc:155:do_switch$36: removing const-1 lane 14
ex224_fp16_log2_sign_exp_default_expr_case.$auto$proc_rom.cc:155:do_switch$36: removing const-1 lane 15
ex224_fp16_log2_sign_exp_default_expr_case.$auto$proc_rom.cc:155:do_switch$32: removing const-1 lane 9
ex224_fp16_log2_sign_exp_default_expr_case.$auto$proc_rom.cc:155:do_switch$32: removing const-1 lane 10
ex224_fp16_log2_sign_exp_default_expr_case.$auto$proc_rom.cc:155:do_switch$32: removing const-0 lane 11
ex224_fp16_log2_sign_exp_default_expr_case.$auto$proc_rom.cc:155:do_switch$32: removing const-0 lane 12
ex224_fp16_log2_sign_exp_default_expr_case.$auto$proc_rom.cc:155:do_switch$32: removing const-0 lane 13
ex224_fp16_log2_sign_exp_default_expr_case.$auto$proc_rom.cc:155:do_switch$32: removing const-1 lane 14
ex224_fp16_log2_sign_exp_default_expr_case.$auto$proc_rom.cc:155:do_switch$32: removing const-1 lane 15
ex224_fp16_log2_sign_exp_default_expr_case.$auto$proc_rom.cc:155:do_switch$28: removing const-0 lane 12
ex224_fp16_log2_sign_exp_default_expr_case.$auto$proc_rom.cc:155:do_switch$28: removing const-0 lane 13
ex224_fp16_log2_sign_exp_default_expr_case.$auto$proc_rom.cc:155:do_switch$28: removing const-1 lane 14
ex224_fp16_log2_sign_exp_default_expr_case.$auto$proc_rom.cc:155:do_switch$28: removing const-1 lane 15
ex224_fp16_log2_sign_exp_default_expr_case.$auto$proc_rom.cc:155:do_switch$24: removing const-0 lane 8
ex224_fp16_log2_sign_exp_default_expr_case.$auto$proc_rom.cc:155:do_switch$24: removing const-0 lane 9
ex224_fp16_log2_sign_exp_default_expr_case.$auto$proc_rom.cc:155:do_switch$24: removing const-0 lane 10
ex224_fp16_log2_sign_exp_default_expr_case.$auto$proc_rom.cc:155:do_switch$24: removing const-1 lane 11
ex224_fp16_log2_sign_exp_default_expr_case.$auto$proc_rom.cc:155:do_switch$24: removing const-0 lane 12
ex224_fp16_log2_sign_exp_default_expr_case.$auto$proc_rom.cc:155:do_switch$24: removing const-0 lane 13
ex224_fp16_log2_sign_exp_default_expr_case.$auto$proc_rom.cc:155:do_switch$24: removing const-1 lane 14
ex224_fp16_log2_sign_exp_default_expr_case.$auto$proc_rom.cc:155:do_switch$24: removing const-1 lane 15
ex224_fp16_log2_sign_exp_default_expr_case.$auto$proc_rom.cc:155:do_switch$20: removing const-0 lane 9
ex224_fp16_log2_sign_exp_default_expr_case.$auto$proc_rom.cc:155:do_switch$20: removing const-0 lane 10
ex224_fp16_log2_sign_exp_default_expr_case.$auto$proc_rom.cc:155:do_switch$20: removing const-1 lane 11
ex224_fp16_log2_sign_exp_default_expr_case.$auto$proc_rom.cc:155:do_switch$20: removing const-0 lane 12
ex224_fp16_log2_sign_exp_default_expr_case.$auto$proc_rom.cc:155:do_switch$20: removing const-0 lane 13
ex224_fp16_log2_sign_exp_default_expr_case.$auto$proc_rom.cc:155:do_switch$20: removing const-1 lane 14
ex224_fp16_log2_sign_exp_default_expr_case.$auto$proc_rom.cc:155:do_switch$20: removing const-1 lane 15
ex224_fp16_log2_sign_exp_default_expr_case.$auto$proc_rom.cc:155:do_switch$16: removing const-1 lane 8
ex224_fp16_log2_sign_exp_default_expr_case.$auto$proc_rom.cc:155:do_switch$16: removing const-0 lane 9
ex224_fp16_log2_sign_exp_default_expr_case.$auto$proc_rom.cc:155:do_switch$16: removing const-0 lane 10
ex224_fp16_log2_sign_exp_default_expr_case.$auto$proc_rom.cc:155:do_switch$16: removing const-1 lane 11
ex224_fp16_log2_sign_exp_default_expr_case.$auto$proc_rom.cc:155:do_switch$16: removing const-0 lane 12
ex224_fp16_log2_sign_exp_default_expr_case.$auto$proc_rom.cc:155:do_switch$16: removing const-0 lane 13
ex224_fp16_log2_sign_exp_default_expr_case.$auto$proc_rom.cc:155:do_switch$16: removing const-1 lane 14
ex224_fp16_log2_sign_exp_default_expr_case.$auto$proc_rom.cc:155:do_switch$16: removing const-1 lane 15
ex224_fp16_log2_sign_exp_default_expr_case.$auto$proc_rom.cc:155:do_switch$12: removing const-0 lane 10
ex224_fp16_log2_sign_exp_default_expr_case.$auto$proc_rom.cc:155:do_switch$12: removing const-1 lane 11
ex224_fp16_log2_sign_exp_default_expr_case.$auto$proc_rom.cc:155:do_switch$12: removing const-0 lane 12
ex224_fp16_log2_sign_exp_default_expr_case.$auto$proc_rom.cc:155:do_switch$12: removing const-0 lane 13
ex224_fp16_log2_sign_exp_default_expr_case.$auto$proc_rom.cc:155:do_switch$12: removing const-1 lane 14
ex224_fp16_log2_sign_exp_default_expr_case.$auto$proc_rom.cc:155:do_switch$12: removing const-1 lane 15
ex224_fp16_log2_sign_exp_default_expr_case.$auto$proc_rom.cc:155:do_switch$8: removing const-0 lane 8
ex224_fp16_log2_sign_exp_default_expr_case.$auto$proc_rom.cc:155:do_switch$8: removing const-1 lane 9
ex224_fp16_log2_sign_exp_default_expr_case.$auto$proc_rom.cc:155:do_switch$8: removing const-0 lane 10
ex224_fp16_log2_sign_exp_default_expr_case.$auto$proc_rom.cc:155:do_switch$8: removing const-1 lane 11
ex224_fp16_log2_sign_exp_default_expr_case.$auto$proc_rom.cc:155:do_switch$8: removing const-0 lane 12
ex224_fp16_log2_sign_exp_default_expr_case.$auto$proc_rom.cc:155:do_switch$8: removing const-0 lane 13
ex224_fp16_log2_sign_exp_default_expr_case.$auto$proc_rom.cc:155:do_switch$8: removing const-1 lane 14
ex224_fp16_log2_sign_exp_default_expr_case.$auto$proc_rom.cc:155:do_switch$8: removing const-1 lane 15
ex224_fp16_log2_sign_exp_default_expr_case.$auto$proc_rom.cc:155:do_switch$4: removing const-1 lane 9
ex224_fp16_log2_sign_exp_default_expr_case.$auto$proc_rom.cc:155:do_switch$4: removing const-0 lane 10
ex224_fp16_log2_sign_exp_default_expr_case.$auto$proc_rom.cc:155:do_switch$4: removing const-1 lane 11
ex224_fp16_log2_sign_exp_default_expr_case.$auto$proc_rom.cc:155:do_switch$4: removing const-0 lane 12
ex224_fp16_log2_sign_exp_default_expr_case.$auto$proc_rom.cc:155:do_switch$4: removing const-0 lane 13
ex224_fp16_log2_sign_exp_default_expr_case.$auto$proc_rom.cc:155:do_switch$4: removing const-1 lane 14
ex224_fp16_log2_sign_exp_default_expr_case.$auto$proc_rom.cc:155:do_switch$4: removing const-1 lane 15
Performed a total of 28 transformations.

8.2. Executing OPT_MEM_PRIORITY pass (removing unnecessary memory write priority relations).
Performed a total of 0 transformations.

8.3. Executing OPT_MEM_FEEDBACK pass (finding memory read-to-write feedback paths).

8.4. Executing MEMORY_BMUX2ROM pass (converting muxes to ROMs).

8.5. Executing MEMORY_DFF pass (merging $dff cells to $memrd).
Checking read port `$auto$proc_rom.cc:155:do_switch$112'[0] in module `\ex224_fp16_log2_sign_exp_default_expr_case': no output FF found.
Checking read port `$auto$proc_rom.cc:155:do_switch$108'[0] in module `\ex224_fp16_log2_sign_exp_default_expr_case': no output FF found.
Checking read port `$auto$proc_rom.cc:155:do_switch$104'[0] in module `\ex224_fp16_log2_sign_exp_default_expr_case': no output FF found.
Checking read port `$auto$proc_rom.cc:155:do_switch$100'[0] in module `\ex224_fp16_log2_sign_exp_default_expr_case': no output FF found.
Checking read port `$auto$proc_rom.cc:155:do_switch$96'[0] in module `\ex224_fp16_log2_sign_exp_default_expr_case': no output FF found.
Checking read port `$auto$proc_rom.cc:155:do_switch$92'[0] in module `\ex224_fp16_log2_sign_exp_default_expr_case': no output FF found.
Checking read port `$auto$proc_rom.cc:155:do_switch$88'[0] in module `\ex224_fp16_log2_sign_exp_default_expr_case': no output FF found.
Checking read port `$auto$proc_rom.cc:155:do_switch$84'[0] in module `\ex224_fp16_log2_sign_exp_default_expr_case': no output FF found.
Checking read port `$auto$proc_rom.cc:155:do_switch$80'[0] in module `\ex224_fp16_log2_sign_exp_default_expr_case': no output FF found.
Checking read port `$auto$proc_rom.cc:155:do_switch$76'[0] in module `\ex224_fp16_log2_sign_exp_default_expr_case': no output FF found.
Checking read port `$auto$proc_rom.cc:155:do_switch$72'[0] in module `\ex224_fp16_log2_sign_exp_default_expr_case': no output FF found.
Checking read port `$auto$proc_rom.cc:155:do_switch$68'[0] in module `\ex224_fp16_log2_sign_exp_default_expr_case': no output FF found.
Checking read port `$auto$proc_rom.cc:155:do_switch$64'[0] in module `\ex224_fp16_log2_sign_exp_default_expr_case': no output FF found.
Checking read port `$auto$proc_rom.cc:155:do_switch$60'[0] in module `\ex224_fp16_log2_sign_exp_default_expr_case': no output FF found.
Checking read port `$auto$proc_rom.cc:155:do_switch$56'[0] in module `\ex224_fp16_log2_sign_exp_default_expr_case': no output FF found.
Checking read port `$auto$proc_rom.cc:155:do_switch$52'[0] in module `\ex224_fp16_log2_sign_exp_default_expr_case': no output FF found.
Checking read port `$auto$proc_rom.cc:155:do_switch$48'[0] in module `\ex224_fp16_log2_sign_exp_default_expr_case': no output FF found.
Checking read port `$auto$proc_rom.cc:155:do_switch$44'[0] in module `\ex224_fp16_log2_sign_exp_default_expr_case': no output FF found.
Checking read port `$auto$proc_rom.cc:155:do_switch$40'[0] in module `\ex224_fp16_log2_sign_exp_default_expr_case': no output FF found.
Checking read port `$auto$proc_rom.cc:155:do_switch$36'[0] in module `\ex224_fp16_log2_sign_exp_default_expr_case': no output FF found.
Checking read port `$auto$proc_rom.cc:155:do_switch$32'[0] in module `\ex224_fp16_log2_sign_exp_default_expr_case': no output FF found.
Checking read port `$auto$proc_rom.cc:155:do_switch$28'[0] in module `\ex224_fp16_log2_sign_exp_default_expr_case': no output FF found.
Checking read port `$auto$proc_rom.cc:155:do_switch$24'[0] in module `\ex224_fp16_log2_sign_exp_default_expr_case': no output FF found.
Checking read port `$auto$proc_rom.cc:155:do_switch$20'[0] in module `\ex224_fp16_log2_sign_exp_default_expr_case': no output FF found.
Checking read port `$auto$proc_rom.cc:155:do_switch$16'[0] in module `\ex224_fp16_log2_sign_exp_default_expr_case': no output FF found.
Checking read port `$auto$proc_rom.cc:155:do_switch$12'[0] in module `\ex224_fp16_log2_sign_exp_default_expr_case': no output FF found.
Checking read port `$auto$proc_rom.cc:155:do_switch$8'[0] in module `\ex224_fp16_log2_sign_exp_default_expr_case': no output FF found.
Checking read port `$auto$proc_rom.cc:155:do_switch$4'[0] in module `\ex224_fp16_log2_sign_exp_default_expr_case': no output FF found.
Checking read port address `$auto$proc_rom.cc:155:do_switch$112'[0] in module `\ex224_fp16_log2_sign_exp_default_expr_case': no address FF found.
Checking read port address `$auto$proc_rom.cc:155:do_switch$108'[0] in module `\ex224_fp16_log2_sign_exp_default_expr_case': no address FF found.
Checking read port address `$auto$proc_rom.cc:155:do_switch$104'[0] in module `\ex224_fp16_log2_sign_exp_default_expr_case': no address FF found.
Checking read port address `$auto$proc_rom.cc:155:do_switch$100'[0] in module `\ex224_fp16_log2_sign_exp_default_expr_case': no address FF found.
Checking read port address `$auto$proc_rom.cc:155:do_switch$96'[0] in module `\ex224_fp16_log2_sign_exp_default_expr_case': no address FF found.
Checking read port address `$auto$proc_rom.cc:155:do_switch$92'[0] in module `\ex224_fp16_log2_sign_exp_default_expr_case': no address FF found.
Checking read port address `$auto$proc_rom.cc:155:do_switch$88'[0] in module `\ex224_fp16_log2_sign_exp_default_expr_case': no address FF found.
Checking read port address `$auto$proc_rom.cc:155:do_switch$84'[0] in module `\ex224_fp16_log2_sign_exp_default_expr_case': no address FF found.
Checking read port address `$auto$proc_rom.cc:155:do_switch$80'[0] in module `\ex224_fp16_log2_sign_exp_default_expr_case': no address FF found.
Checking read port address `$auto$proc_rom.cc:155:do_switch$76'[0] in module `\ex224_fp16_log2_sign_exp_default_expr_case': no address FF found.
Checking read port address `$auto$proc_rom.cc:155:do_switch$72'[0] in module `\ex224_fp16_log2_sign_exp_default_expr_case': no address FF found.
Checking read port address `$auto$proc_rom.cc:155:do_switch$68'[0] in module `\ex224_fp16_log2_sign_exp_default_expr_case': no address FF found.
Checking read port address `$auto$proc_rom.cc:155:do_switch$64'[0] in module `\ex224_fp16_log2_sign_exp_default_expr_case': no address FF found.
Checking read port address `$auto$proc_rom.cc:155:do_switch$60'[0] in module `\ex224_fp16_log2_sign_exp_default_expr_case': no address FF found.
Checking read port address `$auto$proc_rom.cc:155:do_switch$56'[0] in module `\ex224_fp16_log2_sign_exp_default_expr_case': no address FF found.
Checking read port address `$auto$proc_rom.cc:155:do_switch$52'[0] in module `\ex224_fp16_log2_sign_exp_default_expr_case': no address FF found.
Checking read port address `$auto$proc_rom.cc:155:do_switch$48'[0] in module `\ex224_fp16_log2_sign_exp_default_expr_case': no address FF found.
Checking read port address `$auto$proc_rom.cc:155:do_switch$44'[0] in module `\ex224_fp16_log2_sign_exp_default_expr_case': no address FF found.
Checking read port address `$auto$proc_rom.cc:155:do_switch$40'[0] in module `\ex224_fp16_log2_sign_exp_default_expr_case': no address FF found.
Checking read port address `$auto$proc_rom.cc:155:do_switch$36'[0] in module `\ex224_fp16_log2_sign_exp_default_expr_case': no address FF found.
Checking read port address `$auto$proc_rom.cc:155:do_switch$32'[0] in module `\ex224_fp16_log2_sign_exp_default_expr_case': no address FF found.
Checking read port address `$auto$proc_rom.cc:155:do_switch$28'[0] in module `\ex224_fp16_log2_sign_exp_default_expr_case': no address FF found.
Checking read port address `$auto$proc_rom.cc:155:do_switch$24'[0] in module `\ex224_fp16_log2_sign_exp_default_expr_case': no address FF found.
Checking read port address `$auto$proc_rom.cc:155:do_switch$20'[0] in module `\ex224_fp16_log2_sign_exp_default_expr_case': no address FF found.
Checking read port address `$auto$proc_rom.cc:155:do_switch$16'[0] in module `\ex224_fp16_log2_sign_exp_default_expr_case': no address FF found.
Checking read port address `$auto$proc_rom.cc:155:do_switch$12'[0] in module `\ex224_fp16_log2_sign_exp_default_expr_case': no address FF found.
Checking read port address `$auto$proc_rom.cc:155:do_switch$8'[0] in module `\ex224_fp16_log2_sign_exp_default_expr_case': no address FF found.
Checking read port address `$auto$proc_rom.cc:155:do_switch$4'[0] in module `\ex224_fp16_log2_sign_exp_default_expr_case': no address FF found.

8.6. Executing OPT_CLEAN pass (remove unused cells and wires).
Finding unused cells or wires in module \ex224_fp16_log2_sign_exp_default_expr_case..

8.7. Executing MEMORY_SHARE pass (consolidating $memrd/$memwr cells).

8.8. Executing OPT_MEM_WIDEN pass (optimize memories where all ports are wide).
Performed a total of 0 transformations.

8.9. Executing OPT_CLEAN pass (remove unused cells and wires).
Finding unused cells or wires in module \ex224_fp16_log2_sign_exp_default_expr_case..

8.10. Executing MEMORY_COLLECT pass (generating $mem cells).

8.11. Executing MEMORY_MAP pass (converting memories to logic and flip-flops).
Mapping memory $auto$proc_rom.cc:155:do_switch$112 in module \ex224_fp16_log2_sign_exp_default_expr_case:
  created 1024 $dff cells and 0 static cells of width 11.
  read interface: 0 $dff and 1023 $mux cells.
  write interface: 0 write mux blocks.
Mapping memory $auto$proc_rom.cc:155:do_switch$108 in module \ex224_fp16_log2_sign_exp_default_expr_case:
  created 1024 $dff cells and 0 static cells of width 8.
  read interface: 0 $dff and 1023 $mux cells.
  write interface: 0 write mux blocks.
Mapping memory $auto$proc_rom.cc:155:do_switch$104 in module \ex224_fp16_log2_sign_exp_default_expr_case:
  created 1024 $dff cells and 0 static cells of width 9.
  read interface: 0 $dff and 1023 $mux cells.
  write interface: 0 write mux blocks.
Mapping memory $auto$proc_rom.cc:155:do_switch$100 in module \ex224_fp16_log2_sign_exp_default_expr_case:
  created 1024 $dff cells and 0 static cells of width 8.
  read interface: 0 $dff and 1023 $mux cells.
  write interface: 0 write mux blocks.
Mapping memory $auto$proc_rom.cc:155:do_switch$96 in module \ex224_fp16_log2_sign_exp_default_expr_case:
  created 1024 $dff cells and 0 static cells of width 10.
  read interface: 0 $dff and 1023 $mux cells.
  write interface: 0 write mux blocks.
Mapping memory $auto$proc_rom.cc:155:do_switch$92 in module \ex224_fp16_log2_sign_exp_default_expr_case:
  created 1024 $dff cells and 0 static cells of width 8.
  read interface: 0 $dff and 1023 $mux cells.
  write interface: 0 write mux blocks.
Mapping memory $auto$proc_rom.cc:155:do_switch$88 in module \ex224_fp16_log2_sign_exp_default_expr_case:
  created 1024 $dff cells and 0 static cells of width 9.
  read interface: 0 $dff and 1023 $mux cells.
  write interface: 0 write mux blocks.
Mapping memory $auto$proc_rom.cc:155:do_switch$84 in module \ex224_fp16_log2_sign_exp_default_expr_case:
  created 1024 $dff cells and 0 static cells of width 8.
  read interface: 0 $dff and 1023 $mux cells.
  write interface: 0 write mux blocks.
Mapping memory $auto$proc_rom.cc:155:do_switch$80 in module \ex224_fp16_log2_sign_exp_default_expr_case:
  created 1024 $dff cells and 0 static cells of width 12.
  read interface: 0 $dff and 1023 $mux cells.
  write interface: 0 write mux blocks.
Mapping memory $auto$proc_rom.cc:155:do_switch$76 in module \ex224_fp16_log2_sign_exp_default_expr_case:
  created 1024 $dff cells and 0 static cells of width 9.
  read interface: 0 $dff and 1023 $mux cells.
  write interface: 0 write mux blocks.
Mapping memory $auto$proc_rom.cc:155:do_switch$72 in module \ex224_fp16_log2_sign_exp_default_expr_case:
  created 1024 $dff cells and 0 static cells of width 10.
  read interface: 0 $dff and 1023 $mux cells.
  write interface: 0 write mux blocks.
Mapping memory $auto$proc_rom.cc:155:do_switch$68 in module \ex224_fp16_log2_sign_exp_default_expr_case:
  created 1024 $dff cells and 0 static cells of width 9.
  read interface: 0 $dff and 1023 $mux cells.
  write interface: 0 write mux blocks.
Mapping memory $auto$proc_rom.cc:155:do_switch$64 in module \ex224_fp16_log2_sign_exp_default_expr_case:
  created 1024 $dff cells and 0 static cells of width 11.
  read interface: 0 $dff and 1023 $mux cells.
  write interface: 0 write mux blocks.
Mapping memory $auto$proc_rom.cc:155:do_switch$60 in module \ex224_fp16_log2_sign_exp_default_expr_case:
  created 1024 $dff cells and 0 static cells of width 10.
  read interface: 0 $dff and 1023 $mux cells.
  write interface: 0 write mux blocks.
Mapping memory $auto$proc_rom.cc:155:do_switch$56 in module \ex224_fp16_log2_sign_exp_default_expr_case:
  created 1024 $dff cells and 0 static cells of width 10.
  read interface: 0 $dff and 1023 $mux cells.
  write interface: 0 write mux blocks.
Mapping memory $auto$proc_rom.cc:155:do_switch$52 in module \ex224_fp16_log2_sign_exp_default_expr_case:
  created 1024 $dff cells and 0 static cells of width 15.
  read interface: 0 $dff and 1023 $mux cells.
  write interface: 0 write mux blocks.
Mapping memory $auto$proc_rom.cc:155:do_switch$48 in module \ex224_fp16_log2_sign_exp_default_expr_case:
  created 1024 $dff cells and 0 static cells of width 10.
  read interface: 0 $dff and 1023 $mux cells.
  write interface: 0 write mux blocks.
Mapping memory $auto$proc_rom.cc:155:do_switch$44 in module \ex224_fp16_log2_sign_exp_default_expr_case:
  created 1024 $dff cells and 0 static cells of width 11.
  read interface: 0 $dff and 1023 $mux cells.
  write interface: 0 write mux blocks.
Mapping memory $auto$proc_rom.cc:155:do_switch$40 in module \ex224_fp16_log2_sign_exp_default_expr_case:
  created 1024 $dff cells and 0 static cells of width 9.
  read interface: 0 $dff and 1023 $mux cells.
  write interface: 0 write mux blocks.
Mapping memory $auto$proc_rom.cc:155:do_switch$36 in module \ex224_fp16_log2_sign_exp_default_expr_case:
  created 1024 $dff cells and 0 static cells of width 10.
  read interface: 0 $dff and 1023 $mux cells.
  write interface: 0 write mux blocks.
Mapping memory $auto$proc_rom.cc:155:do_switch$32 in module \ex224_fp16_log2_sign_exp_default_expr_case:
  created 1024 $dff cells and 0 static cells of width 9.
  read interface: 0 $dff and 1023 $mux cells.
  write interface: 0 write mux blocks.
Mapping memory $auto$proc_rom.cc:155:do_switch$28 in module \ex224_fp16_log2_sign_exp_default_expr_case:
  created 1024 $dff cells and 0 static cells of width 12.
  read interface: 0 $dff and 1023 $mux cells.
  write interface: 0 write mux blocks.
Mapping memory $auto$proc_rom.cc:155:do_switch$24 in module \ex224_fp16_log2_sign_exp_default_expr_case:
  created 1024 $dff cells and 0 static cells of width 8.
  read interface: 0 $dff and 1023 $mux cells.
  write interface: 0 write mux blocks.
Mapping memory $auto$proc_rom.cc:155:do_switch$20 in module \ex224_fp16_log2_sign_exp_default_expr_case:
  created 1024 $dff cells and 0 static cells of width 9.
  read interface: 0 $dff and 1023 $mux cells.
  write interface: 0 write mux blocks.
Mapping memory $auto$proc_rom.cc:155:do_switch$16 in module \ex224_fp16_log2_sign_exp_default_expr_case:
  created 1024 $dff cells and 0 static cells of width 8.
  read interface: 0 $dff and 1023 $mux cells.
  write interface: 0 write mux blocks.
Mapping memory $auto$proc_rom.cc:155:do_switch$12 in module \ex224_fp16_log2_sign_exp_default_expr_case:
  created 1024 $dff cells and 0 static cells of width 10.
  read interface: 0 $dff and 1023 $mux cells.
  write interface: 0 write mux blocks.
Mapping memory $auto$proc_rom.cc:155:do_switch$8 in module \ex224_fp16_log2_sign_exp_default_expr_case:
  created 1024 $dff cells and 0 static cells of width 8.
  read interface: 0 $dff and 1023 $mux cells.
  write interface: 0 write mux blocks.
Mapping memory $auto$proc_rom.cc:155:do_switch$4 in module \ex224_fp16_log2_sign_exp_default_expr_case:
  created 1024 $dff cells and 0 static cells of width 9.
  read interface: 0 $dff and 1023 $mux cells.
  write interface: 0 write mux blocks.

9. Executing OPT pass (performing simple optimizations).

9.1. Executing OPT_EXPR pass (perform const folding).
Optimizing module ex224_fp16_log2_sign_exp_default_expr_case.

9.2. Executing OPT_MERGE pass (detect identical cells).
Finding identical cells in module `\ex224_fp16_log2_sign_exp_default_expr_case'.
Computing hashes of 16249 cells of `\ex224_fp16_log2_sign_exp_default_expr_case'.
Finding duplicate cells in `\ex224_fp16_log2_sign_exp_default_expr_case'.
Removed a total of 0 cells.

9.3. Executing OPT_MUXTREE pass (detect dead branches in mux trees).
Running muxtree optimizer on module \ex224_fp16_log2_sign_exp_default_expr_case..
  Creating internal representation of mux trees.
  Evaluating internal representation of mux trees.
  Analyzing evaluation results.
Removed 0 multiplexer ports.

9.4. Executing OPT_REDUCE pass (consolidate $*mux and $reduce_* inputs).
  Optimizing cells in module \ex224_fp16_log2_sign_exp_default_expr_case.
Performed a total of 0 changes.

9.5. Executing OPT_MERGE pass (detect identical cells).
Finding identical cells in module `\ex224_fp16_log2_sign_exp_default_expr_case'.
Computing hashes of 16249 cells of `\ex224_fp16_log2_sign_exp_default_expr_case'.
Finding duplicate cells in `\ex224_fp16_log2_sign_exp_default_expr_case'.
Computing hashes of 14539 cells of `\ex224_fp16_log2_sign_exp_default_expr_case'.
Finding duplicate cells in `\ex224_fp16_log2_sign_exp_default_expr_case'.
Computing hashes of 13492 cells of `\ex224_fp16_log2_sign_exp_default_expr_case'.
Finding duplicate cells in `\ex224_fp16_log2_sign_exp_default_expr_case'.
Computing hashes of 12764 cells of `\ex224_fp16_log2_sign_exp_default_expr_case'.
Finding duplicate cells in `\ex224_fp16_log2_sign_exp_default_expr_case'.
Computing hashes of 12292 cells of `\ex224_fp16_log2_sign_exp_default_expr_case'.
Finding duplicate cells in `\ex224_fp16_log2_sign_exp_default_expr_case'.
Computing hashes of 12018 cells of `\ex224_fp16_log2_sign_exp_default_expr_case'.
Finding duplicate cells in `\ex224_fp16_log2_sign_exp_default_expr_case'.
Computing hashes of 11874 cells of `\ex224_fp16_log2_sign_exp_default_expr_case'.
Finding duplicate cells in `\ex224_fp16_log2_sign_exp_default_expr_case'.
Computing hashes of 11802 cells of `\ex224_fp16_log2_sign_exp_default_expr_case'.
Finding duplicate cells in `\ex224_fp16_log2_sign_exp_default_expr_case'.
Computing hashes of 11766 cells of `\ex224_fp16_log2_sign_exp_default_expr_case'.
Finding duplicate cells in `\ex224_fp16_log2_sign_exp_default_expr_case'.
Computing hashes of 11748 cells of `\ex224_fp16_log2_sign_exp_default_expr_case'.
Finding duplicate cells in `\ex224_fp16_log2_sign_exp_default_expr_case'.
Computing hashes of 11739 cells of `\ex224_fp16_log2_sign_exp_default_expr_case'.
Finding duplicate cells in `\ex224_fp16_log2_sign_exp_default_expr_case'.
Removed a total of 4510 cells.

9.6. Executing OPT_DFF pass (perform DFF optimizations).

9.7. Executing OPT_CLEAN pass (remove unused cells and wires).
Finding unused cells or wires in module \ex224_fp16_log2_sign_exp_default_expr_case..
Removed 0 unused cells and 46672 unused wires.

9.8. Executing OPT_EXPR pass (perform const folding).
Optimizing module ex224_fp16_log2_sign_exp_default_expr_case.

9.9. Rerunning OPT passes. (Maybe there is more to do..)

9.10. Executing OPT_MUXTREE pass (detect dead branches in mux trees).
Running muxtree optimizer on module \ex224_fp16_log2_sign_exp_default_expr_case..
  Creating internal representation of mux trees.
  Evaluating internal representation of mux trees.
  Analyzing evaluation results.
Removed 0 multiplexer ports.

9.11. Executing OPT_REDUCE pass (consolidate $*mux and $reduce_* inputs).
  Optimizing cells in module \ex224_fp16_log2_sign_exp_default_expr_case.
Performed a total of 0 changes.

9.12. Executing OPT_MERGE pass (detect identical cells).
Finding identical cells in module `\ex224_fp16_log2_sign_exp_default_expr_case'.
Computing hashes of 11739 cells of `\ex224_fp16_log2_sign_exp_default_expr_case'.
Finding duplicate cells in `\ex224_fp16_log2_sign_exp_default_expr_case'.
Removed a total of 0 cells.

9.13. Executing OPT_DFF pass (perform DFF optimizations).

9.14. Executing OPT_CLEAN pass (remove unused cells and wires).
Finding unused cells or wires in module \ex224_fp16_log2_sign_exp_default_expr_case..

9.15. Executing OPT_EXPR pass (perform const folding).
Optimizing module ex224_fp16_log2_sign_exp_default_expr_case.

9.16. Finished fast OPT passes. (There is nothing left to do.)

10. Executing TECHMAP pass (map to technology primitives).

10.1. Executing Verilog-2005 frontend: /home/b10507053/ALS_Final_Project/student/tools/conda-env/bin/../share/yosys/techmap.v
Parsing Verilog input from `/home/b10507053/ALS_Final_Project/student/tools/conda-env/bin/../share/yosys/techmap.v' to AST representation.
Generating RTLIL representation for module `\_90_simplemap_bool_ops'.
Generating RTLIL representation for module `\_90_simplemap_reduce_ops'.
Generating RTLIL representation for module `\_90_simplemap_logic_ops'.
Generating RTLIL representation for module `\_90_simplemap_compare_ops'.
Generating RTLIL representation for module `\_90_simplemap_various'.
Generating RTLIL representation for module `\_90_simplemap_registers'.
Generating RTLIL representation for module `\_90_shift_ops_shr_shl_sshl_sshr'.
Generating RTLIL representation for module `\_90_shift_shiftx'.
Generating RTLIL representation for module `\_90_fa'.
Generating RTLIL representation for module `\_90_lcu_brent_kung'.
Generating RTLIL representation for module `\_90_alu'.
Generating RTLIL representation for module `\_90_macc'.
Generating RTLIL representation for module `\_90_alumacc'.
Generating RTLIL representation for module `$__div_mod_u'.
Generating RTLIL representation for module `$__div_mod_trunc'.
Generating RTLIL representation for module `\_90_div'.
Generating RTLIL representation for module `\_90_mod'.
Generating RTLIL representation for module `$__div_mod_floor'.
Generating RTLIL representation for module `\_90_divfloor'.
Generating RTLIL representation for module `\_90_modfloor'.
Generating RTLIL representation for module `\_90_pow'.
Generating RTLIL representation for module `\_90_demux'.
Generating RTLIL representation for module `\_90_lut'.
Generating RTLIL representation for module `$connect'.
Generating RTLIL representation for module `$input_port'.
Successfully finished Verilog frontend.

10.2. Continuing TECHMAP pass.
Using extmapper simplemap for cells of type $reduce_or.
Using extmapper simplemap for cells of type $not.
Using extmapper simplemap for cells of type $mux.
Using extmapper simplemap for cells of type $pmux.
Using extmapper simplemap for cells of type $eq.
Using extmapper simplemap for cells of type $logic_not.
No more expansions possible.

11. Executing OPT pass (performing simple optimizations).

11.1. Executing OPT_EXPR pass (perform const folding).
Optimizing module ex224_fp16_log2_sign_exp_default_expr_case.

11.2. Executing OPT_MERGE pass (detect identical cells).
Finding identical cells in module `\ex224_fp16_log2_sign_exp_default_expr_case'.
Computing hashes of 62469 cells of `\ex224_fp16_log2_sign_exp_default_expr_case'.
Finding duplicate cells in `\ex224_fp16_log2_sign_exp_default_expr_case'.
Computing hashes of 40598 cells of `\ex224_fp16_log2_sign_exp_default_expr_case'.
Finding duplicate cells in `\ex224_fp16_log2_sign_exp_default_expr_case'.
Computing hashes of 27202 cells of `\ex224_fp16_log2_sign_exp_default_expr_case'.
Finding duplicate cells in `\ex224_fp16_log2_sign_exp_default_expr_case'.
Computing hashes of 19431 cells of `\ex224_fp16_log2_sign_exp_default_expr_case'.
Finding duplicate cells in `\ex224_fp16_log2_sign_exp_default_expr_case'.
Computing hashes of 15292 cells of `\ex224_fp16_log2_sign_exp_default_expr_case'.
Finding duplicate cells in `\ex224_fp16_log2_sign_exp_default_expr_case'.
Computing hashes of 13505 cells of `\ex224_fp16_log2_sign_exp_default_expr_case'.
Finding duplicate cells in `\ex224_fp16_log2_sign_exp_default_expr_case'.
Computing hashes of 12493 cells of `\ex224_fp16_log2_sign_exp_default_expr_case'.
Finding duplicate cells in `\ex224_fp16_log2_sign_exp_default_expr_case'.
Computing hashes of 11904 cells of `\ex224_fp16_log2_sign_exp_default_expr_case'.
Finding duplicate cells in `\ex224_fp16_log2_sign_exp_default_expr_case'.
Computing hashes of 11567 cells of `\ex224_fp16_log2_sign_exp_default_expr_case'.
Finding duplicate cells in `\ex224_fp16_log2_sign_exp_default_expr_case'.
Computing hashes of 11378 cells of `\ex224_fp16_log2_sign_exp_default_expr_case'.
Finding duplicate cells in `\ex224_fp16_log2_sign_exp_default_expr_case'.
Computing hashes of 11277 cells of `\ex224_fp16_log2_sign_exp_default_expr_case'.
Finding duplicate cells in `\ex224_fp16_log2_sign_exp_default_expr_case'.
Computing hashes of 11273 cells of `\ex224_fp16_log2_sign_exp_default_expr_case'.
Finding duplicate cells in `\ex224_fp16_log2_sign_exp_default_expr_case'.
Computing hashes of 11272 cells of `\ex224_fp16_log2_sign_exp_default_expr_case'.
Finding duplicate cells in `\ex224_fp16_log2_sign_exp_default_expr_case'.
Removed a total of 51197 cells.

11.3. Executing OPT_MUXTREE pass (detect dead branches in mux trees).
Running muxtree optimizer on module \ex224_fp16_log2_sign_exp_default_expr_case..
  Creating internal representation of mux trees.
  No muxes found in this module.
Removed 0 multiplexer ports.

11.4. Executing OPT_REDUCE pass (consolidate $*mux and $reduce_* inputs).
  Optimizing cells in module \ex224_fp16_log2_sign_exp_default_expr_case.
Performed a total of 0 changes.

11.5. Executing OPT_MERGE pass (detect identical cells).
Finding identical cells in module `\ex224_fp16_log2_sign_exp_default_expr_case'.
Computing hashes of 11272 cells of `\ex224_fp16_log2_sign_exp_default_expr_case'.
Finding duplicate cells in `\ex224_fp16_log2_sign_exp_default_expr_case'.
Removed a total of 0 cells.

11.6. Executing OPT_DFF pass (perform DFF optimizations).

11.7. Executing OPT_CLEAN pass (remove unused cells and wires).
Finding unused cells or wires in module \ex224_fp16_log2_sign_exp_default_expr_case..
Removed 0 unused cells and 54201 unused wires.

11.8. Executing OPT_EXPR pass (perform const folding).
Optimizing module ex224_fp16_log2_sign_exp_default_expr_case.

11.9. Rerunning OPT passes. (Maybe there is more to do..)

11.10. Executing OPT_MUXTREE pass (detect dead branches in mux trees).
Running muxtree optimizer on module \ex224_fp16_log2_sign_exp_default_expr_case..
  Creating internal representation of mux trees.
  No muxes found in this module.
Removed 0 multiplexer ports.

11.11. Executing OPT_REDUCE pass (consolidate $*mux and $reduce_* inputs).
  Optimizing cells in module \ex224_fp16_log2_sign_exp_default_expr_case.
Performed a total of 0 changes.

11.12. Executing OPT_MERGE pass (detect identical cells).
Finding identical cells in module `\ex224_fp16_log2_sign_exp_default_expr_case'.
Computing hashes of 11237 cells of `\ex224_fp16_log2_sign_exp_default_expr_case'.
Finding duplicate cells in `\ex224_fp16_log2_sign_exp_default_expr_case'.
Removed a total of 0 cells.

11.13. Executing OPT_DFF pass (perform DFF optimizations).

11.14. Executing OPT_CLEAN pass (remove unused cells and wires).
Finding unused cells or wires in module \ex224_fp16_log2_sign_exp_default_expr_case..
Removed 0 unused cells and 17 unused wires.

11.15. Executing OPT_EXPR pass (perform const folding).
Optimizing module ex224_fp16_log2_sign_exp_default_expr_case.

11.16. Rerunning OPT passes. (Maybe there is more to do..)

11.17. Executing OPT_MUXTREE pass (detect dead branches in mux trees).
Running muxtree optimizer on module \ex224_fp16_log2_sign_exp_default_expr_case..
  Creating internal representation of mux trees.
  No muxes found in this module.
Removed 0 multiplexer ports.

11.18. Executing OPT_REDUCE pass (consolidate $*mux and $reduce_* inputs).
  Optimizing cells in module \ex224_fp16_log2_sign_exp_default_expr_case.
Performed a total of 0 changes.

11.19. Executing OPT_MERGE pass (detect identical cells).
Finding identical cells in module `\ex224_fp16_log2_sign_exp_default_expr_case'.
Computing hashes of 11237 cells of `\ex224_fp16_log2_sign_exp_default_expr_case'.
Finding duplicate cells in `\ex224_fp16_log2_sign_exp_default_expr_case'.
Removed a total of 0 cells.

11.20. Executing OPT_DFF pass (perform DFF optimizations).

11.21. Executing OPT_CLEAN pass (remove unused cells and wires).
Finding unused cells or wires in module \ex224_fp16_log2_sign_exp_default_expr_case..

11.22. Executing OPT_EXPR pass (perform const folding).
Optimizing module ex224_fp16_log2_sign_exp_default_expr_case.

11.23. Finished fast OPT passes. (There is nothing left to do.)

12. Executing ABC pass (technology mapping using ABC).

12.1. Extracting gate netlist of module `\ex224_fp16_log2_sign_exp_default_expr_case' to `<abc-temp-dir>/input.blif'..
Replacing 16 occurrences of constant undef bits with constant zero bits

12.1.1. Executed ABC.
Extracted 11237 gates and 11256 wires to a netlist network with 16 inputs and 16 outputs.
Running ABC script: <abc-temp-dir>/abc.script
ABC: UC Berkeley, ABC 1.01 (compiled May 12 2026 13:26:50)
ABC: abc 01> empty
ABC: abc 01> source <abc-temp-dir>/abc.script
ABC: + read_blif <abc-temp-dir>/input.blif 
ABC: + read_library <abc-temp-dir>/stdcells.genlib 
ABC: + strash 
ABC: + &get -n 
ABC: + &fraig -x 
ABC: + &put 
ABC: + scorr 
ABC: Warning: The network is combinational (run "fraig" or "fraig_sweep").
ABC: + dc2 
ABC: + dretime 
ABC: + strash 
ABC: + &get -n 
ABC: + &dch -f 
ABC: + &nf 
ABC: + &put 
ABC: + write_blif <abc-temp-dir>/output.blif 
ABC: 
ABC: YOSYS_ABC_DONE 

12.1.2. Re-integrating ABC results.
ABC RESULTS:               AND cells:    10123
ABC RESULTS:               NOT cells:     4193
ABC RESULTS:        internal signals:    11224
ABC RESULTS:           input signals:       16
ABC RESULTS:          output signals:       16
Removing temp directory.
Removing global temp directory.

13. Executing OPT pass (performing simple optimizations).

13.1. Executing OPT_EXPR pass (perform const folding).
Optimizing module ex224_fp16_log2_sign_exp_default_expr_case.

13.2. Executing OPT_MERGE pass (detect identical cells).
Finding identical cells in module `\ex224_fp16_log2_sign_exp_default_expr_case'.
Computing hashes of 14316 cells of `\ex224_fp16_log2_sign_exp_default_expr_case'.
Finding duplicate cells in `\ex224_fp16_log2_sign_exp_default_expr_case'.
Removed a total of 0 cells.

13.3. Executing OPT_MUXTREE pass (detect dead branches in mux trees).
Running muxtree optimizer on module \ex224_fp16_log2_sign_exp_default_expr_case..
  Creating internal representation of mux trees.
  No muxes found in this module.
Removed 0 multiplexer ports.

13.4. Executing OPT_REDUCE pass (consolidate $*mux and $reduce_* inputs).
  Optimizing cells in module \ex224_fp16_log2_sign_exp_default_expr_case.
Performed a total of 0 changes.

13.5. Executing OPT_MERGE pass (detect identical cells).
Finding identical cells in module `\ex224_fp16_log2_sign_exp_default_expr_case'.
Computing hashes of 14316 cells of `\ex224_fp16_log2_sign_exp_default_expr_case'.
Finding duplicate cells in `\ex224_fp16_log2_sign_exp_default_expr_case'.
Removed a total of 0 cells.

13.6. Executing OPT_DFF pass (perform DFF optimizations).

13.7. Executing OPT_CLEAN pass (remove unused cells and wires).
Finding unused cells or wires in module \ex224_fp16_log2_sign_exp_default_expr_case..
Removed 0 unused cells and 3036 unused wires.

13.8. Executing OPT_EXPR pass (perform const folding).
Optimizing module ex224_fp16_log2_sign_exp_default_expr_case.

13.9. Rerunning OPT passes. (Maybe there is more to do..)

13.10. Executing OPT_MUXTREE pass (detect dead branches in mux trees).
Running muxtree optimizer on module \ex224_fp16_log2_sign_exp_default_expr_case..
  Creating internal representation of mux trees.
  No muxes found in this module.
Removed 0 multiplexer ports.

13.11. Executing OPT_REDUCE pass (consolidate $*mux and $reduce_* inputs).
  Optimizing cells in module \ex224_fp16_log2_sign_exp_default_expr_case.
Performed a total of 0 changes.

13.12. Executing OPT_MERGE pass (detect identical cells).
Finding identical cells in module `\ex224_fp16_log2_sign_exp_default_expr_case'.
Computing hashes of 14316 cells of `\ex224_fp16_log2_sign_exp_default_expr_case'.
Finding duplicate cells in `\ex224_fp16_log2_sign_exp_default_expr_case'.
Removed a total of 0 cells.

13.13. Executing OPT_DFF pass (perform DFF optimizations).

13.14. Executing OPT_CLEAN pass (remove unused cells and wires).
Finding unused cells or wires in module \ex224_fp16_log2_sign_exp_default_expr_case..

13.15. Executing OPT_EXPR pass (perform const folding).
Optimizing module ex224_fp16_log2_sign_exp_default_expr_case.

13.16. Finished fast OPT passes. (There is nothing left to do.)

14. Executing AIGMAP pass (map logic to AIG).
Module ex224_fp16_log2_sign_exp_default_expr_case: replaced 0 cells with 0 new cells, skipped 14316 cells.
  not replaced 2 cell types:
   10123 $_AND_
    4193 $_NOT_

15. Executing OPT pass (performing simple optimizations).

15.1. Executing OPT_EXPR pass (perform const folding).
Optimizing module ex224_fp16_log2_sign_exp_default_expr_case.

15.2. Executing OPT_MERGE pass (detect identical cells).
Finding identical cells in module `\ex224_fp16_log2_sign_exp_default_expr_case'.
Computing hashes of 14316 cells of `\ex224_fp16_log2_sign_exp_default_expr_case'.
Finding duplicate cells in `\ex224_fp16_log2_sign_exp_default_expr_case'.
Removed a total of 0 cells.

15.3. Executing OPT_MUXTREE pass (detect dead branches in mux trees).
Running muxtree optimizer on module \ex224_fp16_log2_sign_exp_default_expr_case..
  Creating internal representation of mux trees.
  No muxes found in this module.
Removed 0 multiplexer ports.

15.4. Executing OPT_REDUCE pass (consolidate $*mux and $reduce_* inputs).
  Optimizing cells in module \ex224_fp16_log2_sign_exp_default_expr_case.
Performed a total of 0 changes.

15.5. Executing OPT_MERGE pass (detect identical cells).
Finding identical cells in module `\ex224_fp16_log2_sign_exp_default_expr_case'.
Computing hashes of 14316 cells of `\ex224_fp16_log2_sign_exp_default_expr_case'.
Finding duplicate cells in `\ex224_fp16_log2_sign_exp_default_expr_case'.
Removed a total of 0 cells.

15.6. Executing OPT_DFF pass (perform DFF optimizations).

15.7. Executing OPT_CLEAN pass (remove unused cells and wires).
Finding unused cells or wires in module \ex224_fp16_log2_sign_exp_default_expr_case..

15.8. Executing OPT_EXPR pass (perform const folding).
Optimizing module ex224_fp16_log2_sign_exp_default_expr_case.

15.9. Finished fast OPT passes. (There is nothing left to do.)

16. Executing AIGER backend.
Warning: Treating undriven bit ex224_fp16_log2_sign_exp_default_expr_case.\in [0] like $anyseq.
Warning: Treating undriven bit ex224_fp16_log2_sign_exp_default_expr_case.\in [1] like $anyseq.
Warning: Treating undriven bit ex224_fp16_log2_sign_exp_default_expr_case.\in [2] like $anyseq.
Warning: Treating undriven bit ex224_fp16_log2_sign_exp_default_expr_case.\in [3] like $anyseq.
Warning: Treating undriven bit ex224_fp16_log2_sign_exp_default_expr_case.\in [4] like $anyseq.
Warning: Treating undriven bit ex224_fp16_log2_sign_exp_default_expr_case.\in [5] like $anyseq.
Warning: Treating undriven bit ex224_fp16_log2_sign_exp_default_expr_case.\in [6] like $anyseq.
Warning: Treating undriven bit ex224_fp16_log2_sign_exp_default_expr_case.\in [7] like $anyseq.
Warning: Treating undriven bit ex224_fp16_log2_sign_exp_default_expr_case.\in [8] like $anyseq.
Warning: Treating undriven bit ex224_fp16_log2_sign_exp_default_expr_case.\in [9] like $anyseq.
Warning: Treating undriven bit ex224_fp16_log2_sign_exp_default_expr_case.\in [10] like $anyseq.
Warning: Treating undriven bit ex224_fp16_log2_sign_exp_default_expr_case.\in [11] like $anyseq.
Warning: Treating undriven bit ex224_fp16_log2_sign_exp_default_expr_case.\in [12] like $anyseq.
Warning: Treating undriven bit ex224_fp16_log2_sign_exp_default_expr_case.\in [13] like $anyseq.
Warning: Treating undriven bit ex224_fp16_log2_sign_exp_default_expr_case.\in [14] like $anyseq.
Warning: Treating undriven bit ex224_fp16_log2_sign_exp_default_expr_case.\in [15] like $anyseq.
Warning: Treating a total of 16 undriven bits in ex224_fp16_log2_sign_exp_default_expr_case like $anyseq.

Warnings: 17 unique messages, 17 total
End of script. Logfile hash: 6c60cb1ddb, time: 12.76s, user: 11.14s, system: 0.41s, MEM: 376.26 MB peak
Yosys 0.65 (git sha1 aec814bdf3071f7e0fd0fbe43f7f711e99d01e24, g++ 14.3.0-19 -fvisibility-inlines-hidden -fmessage-length=0 -march=nocona -mtune=haswell -ftree-vectorize -fPIC -fstack-protector-strong -fno-plt -O2 -ffunction-sections -fdebug-prefix-map=/home/conda/feedstock_root/build_artifacts/yosys_1778591527500/work=/usr/local/src/conda/yosys-0.65 -fdebug-prefix-map=/home/b10507053/ALS_Final_Project/student/tools/conda-env=/usr/local/src/conda-prefix -fPIC -O3) [conda-forge/yosys-feedstock]
Time spent: 25% 16x opt_expr (3 sec), 16% 1x abc (2 sec), ...
