
 /----------------------------------------------------------------------------\
 |  yosys -- Yosys Open SYnthesis Suite                                       |
 |  Copyright (C) 2012 - 2026  Claire Xenia Wolf <claire@yosyshq.com>         |
 |  Distributed under an ISC-like license, type "license" to see terms        |
 \----------------------------------------------------------------------------/
 Yosys 0.65 (git sha1 aec814bdf3071f7e0fd0fbe43f7f711e99d01e24, g++ 14.3.0-19 -fvisibility-inlines-hidden -fmessage-length=0 -march=nocona -mtune=haswell -ftree-vectorize -fPIC -fstack-protector-strong -fno-plt -O2 -ffunction-sections -fdebug-prefix-map=/home/conda/feedstock_root/build_artifacts/yosys_1778591527500/work=/usr/local/src/conda/yosys-0.65 -fdebug-prefix-map=/home/b10507053/ALS_Final_Project/student/tools/conda-env=/usr/local/src/conda-prefix -fPIC -O3) [conda-forge/yosys-feedstock]

-- Executing script file `/tmp/als_yosys_synth_p5u4mpul.ys' --

1. Executing Verilog-2005 frontend: student/work/ex220_ex224_frontend_fp16_semantic_20260606_2050/ex224/verilog/ex224_fp16_log2_default_expr_exception_case.v
Parsing Verilog input from `student/work/ex220_ex224_frontend_fp16_semantic_20260606_2050/ex224/verilog/ex224_fp16_log2_default_expr_exception_case.v' to AST representation.
Generating RTLIL representation for module `\ex224_fp16_log2_default_expr_exception_case'.
Successfully finished Verilog frontend.

2. Executing HIERARCHY pass (managing design hierarchy).

2.1. Analyzing design hierarchy..
Top module:  \ex224_fp16_log2_default_expr_exception_case

2.2. Analyzing design hierarchy..
Top module:  \ex224_fp16_log2_default_expr_exception_case
Removed 0 unused modules.

3. Executing PROC pass (convert processes to netlists).

3.1. Executing PROC_CLEAN pass (remove empty switches from decision trees).
Cleaned up 0 empty switches.

3.2. Executing PROC_RMDEAD pass (remove dead branches from decision trees).
Marked 1 switch rules as full_case in process $proc$student/work/ex220_ex224_frontend_fp16_semantic_20260606_2050/ex224/verilog/ex224_fp16_log2_default_expr_exception_case.v:5$1 in module ex224_fp16_log2_default_expr_exception_case.
Removed a total of 0 dead cases.

3.3. Executing PROC_PRUNE pass (remove redundant assignments in processes).
Removed 0 redundant assignments.
Promoted 1 assignment to connection.

3.4. Executing PROC_INIT pass (extract init attributes).

3.5. Executing PROC_ARST pass (detect async resets in processes).

3.6. Executing PROC_ROM pass (convert switches to ROMs).
Converted 1 switch.

3.7. Executing PROC_MUX pass (convert decision trees to multiplexers).
Creating decoders for process `\ex224_fp16_log2_default_expr_exception_case.$proc$student/work/ex220_ex224_frontend_fp16_semantic_20260606_2050/ex224/verilog/ex224_fp16_log2_default_expr_exception_case.v:5$1'.
     1/1: $1\out_r[15:0]

3.8. Executing PROC_DLATCH pass (convert process syncs to latches).
No latch inferred for signal `\ex224_fp16_log2_default_expr_exception_case.\out_r' from process `\ex224_fp16_log2_default_expr_exception_case.$proc$student/work/ex220_ex224_frontend_fp16_semantic_20260606_2050/ex224/verilog/ex224_fp16_log2_default_expr_exception_case.v:5$1'.

3.9. Executing PROC_DFF pass (convert process syncs to FFs).

3.10. Executing PROC_MEMWR pass (convert process memory writes to cells).

3.11. Executing PROC_CLEAN pass (remove empty switches from decision trees).
Found and cleaned up 1 empty switch in `\ex224_fp16_log2_default_expr_exception_case.$proc$student/work/ex220_ex224_frontend_fp16_semantic_20260606_2050/ex224/verilog/ex224_fp16_log2_default_expr_exception_case.v:5$1'.
Removing empty process `ex224_fp16_log2_default_expr_exception_case.$proc$student/work/ex220_ex224_frontend_fp16_semantic_20260606_2050/ex224/verilog/ex224_fp16_log2_default_expr_exception_case.v:5$1'.
Cleaned up 1 empty switch.

3.12. Executing OPT_EXPR pass (perform const folding).
Optimizing module ex224_fp16_log2_default_expr_exception_case.

4. Executing FLATTEN pass (flatten design).

5. Executing TRIBUF pass.

6. Executing DEMINOUT pass (demote inout ports to input or output).

7. Executing OPT pass (performing simple optimizations).

7.1. Executing OPT_EXPR pass (perform const folding).
Optimizing module ex224_fp16_log2_default_expr_exception_case.

7.2. Executing OPT_MERGE pass (detect identical cells).
Finding identical cells in module `\ex224_fp16_log2_default_expr_exception_case'.
Computing hashes of 2 cells of `\ex224_fp16_log2_default_expr_exception_case'.
Finding duplicate cells in `\ex224_fp16_log2_default_expr_exception_case'.
Removed a total of 0 cells.

7.3. Executing OPT_MUXTREE pass (detect dead branches in mux trees).
Running muxtree optimizer on module \ex224_fp16_log2_default_expr_exception_case..
  Creating internal representation of mux trees.
  No muxes found in this module.
Removed 0 multiplexer ports.

7.4. Executing OPT_REDUCE pass (consolidate $*mux and $reduce_* inputs).
  Optimizing cells in module \ex224_fp16_log2_default_expr_exception_case.
Performed a total of 0 changes.

7.5. Executing OPT_MERGE pass (detect identical cells).
Finding identical cells in module `\ex224_fp16_log2_default_expr_exception_case'.
Computing hashes of 2 cells of `\ex224_fp16_log2_default_expr_exception_case'.
Finding duplicate cells in `\ex224_fp16_log2_default_expr_exception_case'.
Removed a total of 0 cells.

7.6. Executing OPT_DFF pass (perform DFF optimizations).

7.7. Executing OPT_CLEAN pass (remove unused cells and wires).
Finding unused cells or wires in module \ex224_fp16_log2_default_expr_exception_case..
Removed 0 unused cells and 3 unused wires.

7.8. Executing OPT_EXPR pass (perform const folding).
Optimizing module ex224_fp16_log2_default_expr_exception_case.

7.9. Rerunning OPT passes. (Maybe there is more to do..)

7.10. Executing OPT_MUXTREE pass (detect dead branches in mux trees).
Running muxtree optimizer on module \ex224_fp16_log2_default_expr_exception_case..
  Creating internal representation of mux trees.
  No muxes found in this module.
Removed 0 multiplexer ports.

7.11. Executing OPT_REDUCE pass (consolidate $*mux and $reduce_* inputs).
  Optimizing cells in module \ex224_fp16_log2_default_expr_exception_case.
Performed a total of 0 changes.

7.12. Executing OPT_MERGE pass (detect identical cells).
Finding identical cells in module `\ex224_fp16_log2_default_expr_exception_case'.
Computing hashes of 2 cells of `\ex224_fp16_log2_default_expr_exception_case'.
Finding duplicate cells in `\ex224_fp16_log2_default_expr_exception_case'.
Removed a total of 0 cells.

7.13. Executing OPT_DFF pass (perform DFF optimizations).

7.14. Executing OPT_CLEAN pass (remove unused cells and wires).
Finding unused cells or wires in module \ex224_fp16_log2_default_expr_exception_case..

7.15. Executing OPT_EXPR pass (perform const folding).
Optimizing module ex224_fp16_log2_default_expr_exception_case.

7.16. Finished fast OPT passes. (There is nothing left to do.)

8. Executing MEMORY pass.

8.1. Executing OPT_MEM pass (optimize memories).
Performed a total of 0 transformations.

8.2. Executing OPT_MEM_PRIORITY pass (removing unnecessary memory write priority relations).
Performed a total of 0 transformations.

8.3. Executing OPT_MEM_FEEDBACK pass (finding memory read-to-write feedback paths).

8.4. Executing MEMORY_BMUX2ROM pass (converting muxes to ROMs).

8.5. Executing MEMORY_DFF pass (merging $dff cells to $memrd).
Checking read port `$auto$proc_rom.cc:155:do_switch$3'[0] in module `\ex224_fp16_log2_default_expr_exception_case': no output FF found.
Checking read port address `$auto$proc_rom.cc:155:do_switch$3'[0] in module `\ex224_fp16_log2_default_expr_exception_case': no address FF found.

8.6. Executing OPT_CLEAN pass (remove unused cells and wires).
Finding unused cells or wires in module \ex224_fp16_log2_default_expr_exception_case..

8.7. Executing MEMORY_SHARE pass (consolidating $memrd/$memwr cells).

8.8. Executing OPT_MEM_WIDEN pass (optimize memories where all ports are wide).
Performed a total of 0 transformations.

8.9. Executing OPT_CLEAN pass (remove unused cells and wires).
Finding unused cells or wires in module \ex224_fp16_log2_default_expr_exception_case..

8.10. Executing MEMORY_COLLECT pass (generating $mem cells).

8.11. Executing MEMORY_MAP pass (converting memories to logic and flip-flops).
Mapping memory $auto$proc_rom.cc:155:do_switch$3 in module \ex224_fp16_log2_default_expr_exception_case:
  created 65536 $dff cells and 0 static cells of width 16.
  read interface: 0 $dff and 65535 $mux cells.
  write interface: 0 write mux blocks.

9. Executing OPT pass (performing simple optimizations).

9.1. Executing OPT_EXPR pass (perform const folding).
Optimizing module ex224_fp16_log2_default_expr_exception_case.

9.2. Executing OPT_MERGE pass (detect identical cells).
Finding identical cells in module `\ex224_fp16_log2_default_expr_exception_case'.
Computing hashes of 17247 cells of `\ex224_fp16_log2_default_expr_exception_case'.
Finding duplicate cells in `\ex224_fp16_log2_default_expr_exception_case'.
Removed a total of 0 cells.

9.3. Executing OPT_MUXTREE pass (detect dead branches in mux trees).
Running muxtree optimizer on module \ex224_fp16_log2_default_expr_exception_case..
  Creating internal representation of mux trees.
  Evaluating internal representation of mux trees.
  Analyzing evaluation results.
Removed 0 multiplexer ports.

9.4. Executing OPT_REDUCE pass (consolidate $*mux and $reduce_* inputs).
  Optimizing cells in module \ex224_fp16_log2_default_expr_exception_case.
Performed a total of 0 changes.

9.5. Executing OPT_MERGE pass (detect identical cells).
Finding identical cells in module `\ex224_fp16_log2_default_expr_exception_case'.
Computing hashes of 17247 cells of `\ex224_fp16_log2_default_expr_exception_case'.
Finding duplicate cells in `\ex224_fp16_log2_default_expr_exception_case'.
Removed a total of 0 cells.

9.6. Executing OPT_DFF pass (perform DFF optimizations).

9.7. Executing OPT_CLEAN pass (remove unused cells and wires).
Finding unused cells or wires in module \ex224_fp16_log2_default_expr_exception_case..
Removed 0 unused cells and 113824 unused wires.

9.8. Executing OPT_EXPR pass (perform const folding).
Optimizing module ex224_fp16_log2_default_expr_exception_case.

9.9. Rerunning OPT passes. (Maybe there is more to do..)

9.10. Executing OPT_MUXTREE pass (detect dead branches in mux trees).
Running muxtree optimizer on module \ex224_fp16_log2_default_expr_exception_case..
  Creating internal representation of mux trees.
  Evaluating internal representation of mux trees.
  Analyzing evaluation results.
Removed 0 multiplexer ports.

9.11. Executing OPT_REDUCE pass (consolidate $*mux and $reduce_* inputs).
  Optimizing cells in module \ex224_fp16_log2_default_expr_exception_case.
Performed a total of 0 changes.

9.12. Executing OPT_MERGE pass (detect identical cells).
Finding identical cells in module `\ex224_fp16_log2_default_expr_exception_case'.
Computing hashes of 17247 cells of `\ex224_fp16_log2_default_expr_exception_case'.
Finding duplicate cells in `\ex224_fp16_log2_default_expr_exception_case'.
Removed a total of 0 cells.

9.13. Executing OPT_DFF pass (perform DFF optimizations).

9.14. Executing OPT_CLEAN pass (remove unused cells and wires).
Finding unused cells or wires in module \ex224_fp16_log2_default_expr_exception_case..

9.15. Executing OPT_EXPR pass (perform const folding).
Optimizing module ex224_fp16_log2_default_expr_exception_case.

9.16. Finished fast OPT passes. (There is nothing left to do.)

10. Executing TECHMAP pass (map to technology primitives).

10.1. Executing Verilog-2005 frontend: /home/b10507053/ALS_Final_Project/student/tools/conda-env/bin/../share/yosys/techmap.v
Parsing Verilog input from `/home/b10507053/ALS_Final_Project/student/tools/conda-env/bin/../share/yosys/techmap.v' to AST representation.
Generating RTLIL representation for module `\_90_simplemap_bool_ops'.
Generating RTLIL representation for module `\_90_simplemap_reduce_ops'.
Generating RTLIL representation for module `\_90_simplemap_logic_ops'.
Generating RTLIL representation for module `\_90_simplemap_compare_ops'.
Generating RTLIL representation for module `\_90_simplemap_various'.
Generating RTLIL representation for module `\_90_simplemap_registers'.
Generating RTLIL representation for module `\_90_shift_ops_shr_shl_sshl_sshr'.
Generating RTLIL representation for module `\_90_shift_shiftx'.
Generating RTLIL representation for module `\_90_fa'.
Generating RTLIL representation for module `\_90_lcu_brent_kung'.
Generating RTLIL representation for module `\_90_alu'.
Generating RTLIL representation for module `\_90_macc'.
Generating RTLIL representation for module `\_90_alumacc'.
Generating RTLIL representation for module `$__div_mod_u'.
Generating RTLIL representation for module `$__div_mod_trunc'.
Generating RTLIL representation for module `\_90_div'.
Generating RTLIL representation for module `\_90_mod'.
Generating RTLIL representation for module `$__div_mod_floor'.
Generating RTLIL representation for module `\_90_divfloor'.
Generating RTLIL representation for module `\_90_modfloor'.
Generating RTLIL representation for module `\_90_pow'.
Generating RTLIL representation for module `\_90_demux'.
Generating RTLIL representation for module `\_90_lut'.
Generating RTLIL representation for module `$connect'.
Generating RTLIL representation for module `$input_port'.
Successfully finished Verilog frontend.

10.2. Continuing TECHMAP pass.
Using extmapper simplemap for cells of type $mux.
No more expansions possible.

11. Executing OPT pass (performing simple optimizations).

11.1. Executing OPT_EXPR pass (perform const folding).
Optimizing module ex224_fp16_log2_default_expr_exception_case.

11.2. Executing OPT_MERGE pass (detect identical cells).
Finding identical cells in module `\ex224_fp16_log2_default_expr_exception_case'.
Computing hashes of 44165 cells of `\ex224_fp16_log2_default_expr_exception_case'.
Finding duplicate cells in `\ex224_fp16_log2_default_expr_exception_case'.
Computing hashes of 31347 cells of `\ex224_fp16_log2_default_expr_exception_case'.
Finding duplicate cells in `\ex224_fp16_log2_default_expr_exception_case'.
Computing hashes of 21475 cells of `\ex224_fp16_log2_default_expr_exception_case'.
Finding duplicate cells in `\ex224_fp16_log2_default_expr_exception_case'.
Computing hashes of 14375 cells of `\ex224_fp16_log2_default_expr_exception_case'.
Finding duplicate cells in `\ex224_fp16_log2_default_expr_exception_case'.
Computing hashes of 9993 cells of `\ex224_fp16_log2_default_expr_exception_case'.
Finding duplicate cells in `\ex224_fp16_log2_default_expr_exception_case'.
Computing hashes of 7589 cells of `\ex224_fp16_log2_default_expr_exception_case'.
Finding duplicate cells in `\ex224_fp16_log2_default_expr_exception_case'.
Computing hashes of 6118 cells of `\ex224_fp16_log2_default_expr_exception_case'.
Finding duplicate cells in `\ex224_fp16_log2_default_expr_exception_case'.
Computing hashes of 5210 cells of `\ex224_fp16_log2_default_expr_exception_case'.
Finding duplicate cells in `\ex224_fp16_log2_default_expr_exception_case'.
Computing hashes of 4675 cells of `\ex224_fp16_log2_default_expr_exception_case'.
Finding duplicate cells in `\ex224_fp16_log2_default_expr_exception_case'.
Computing hashes of 4371 cells of `\ex224_fp16_log2_default_expr_exception_case'.
Finding duplicate cells in `\ex224_fp16_log2_default_expr_exception_case'.
Computing hashes of 4200 cells of `\ex224_fp16_log2_default_expr_exception_case'.
Finding duplicate cells in `\ex224_fp16_log2_default_expr_exception_case'.
Computing hashes of 4170 cells of `\ex224_fp16_log2_default_expr_exception_case'.
Finding duplicate cells in `\ex224_fp16_log2_default_expr_exception_case'.
Computing hashes of 4169 cells of `\ex224_fp16_log2_default_expr_exception_case'.
Finding duplicate cells in `\ex224_fp16_log2_default_expr_exception_case'.
Removed a total of 39996 cells.

11.3. Executing OPT_MUXTREE pass (detect dead branches in mux trees).
Running muxtree optimizer on module \ex224_fp16_log2_default_expr_exception_case..
  Creating internal representation of mux trees.
  No muxes found in this module.
Removed 0 multiplexer ports.

11.4. Executing OPT_REDUCE pass (consolidate $*mux and $reduce_* inputs).
  Optimizing cells in module \ex224_fp16_log2_default_expr_exception_case.
Performed a total of 0 changes.

11.5. Executing OPT_MERGE pass (detect identical cells).
Finding identical cells in module `\ex224_fp16_log2_default_expr_exception_case'.
Computing hashes of 4169 cells of `\ex224_fp16_log2_default_expr_exception_case'.
Finding duplicate cells in `\ex224_fp16_log2_default_expr_exception_case'.
Removed a total of 0 cells.

11.6. Executing OPT_DFF pass (perform DFF optimizations).

11.7. Executing OPT_CLEAN pass (remove unused cells and wires).
Finding unused cells or wires in module \ex224_fp16_log2_default_expr_exception_case..
Removed 0 unused cells and 16186 unused wires.

11.8. Executing OPT_EXPR pass (perform const folding).
Optimizing module ex224_fp16_log2_default_expr_exception_case.

11.9. Rerunning OPT passes. (Maybe there is more to do..)

11.10. Executing OPT_MUXTREE pass (detect dead branches in mux trees).
Running muxtree optimizer on module \ex224_fp16_log2_default_expr_exception_case..
  Creating internal representation of mux trees.
  No muxes found in this module.
Removed 0 multiplexer ports.

11.11. Executing OPT_REDUCE pass (consolidate $*mux and $reduce_* inputs).
  Optimizing cells in module \ex224_fp16_log2_default_expr_exception_case.
Performed a total of 0 changes.

11.12. Executing OPT_MERGE pass (detect identical cells).
Finding identical cells in module `\ex224_fp16_log2_default_expr_exception_case'.
Computing hashes of 4092 cells of `\ex224_fp16_log2_default_expr_exception_case'.
Finding duplicate cells in `\ex224_fp16_log2_default_expr_exception_case'.
Removed a total of 0 cells.

11.13. Executing OPT_DFF pass (perform DFF optimizations).

11.14. Executing OPT_CLEAN pass (remove unused cells and wires).
Finding unused cells or wires in module \ex224_fp16_log2_default_expr_exception_case..
Removed 0 unused cells and 13 unused wires.

11.15. Executing OPT_EXPR pass (perform const folding).
Optimizing module ex224_fp16_log2_default_expr_exception_case.

11.16. Rerunning OPT passes. (Maybe there is more to do..)

11.17. Executing OPT_MUXTREE pass (detect dead branches in mux trees).
Running muxtree optimizer on module \ex224_fp16_log2_default_expr_exception_case..
  Creating internal representation of mux trees.
  No muxes found in this module.
Removed 0 multiplexer ports.

11.18. Executing OPT_REDUCE pass (consolidate $*mux and $reduce_* inputs).
  Optimizing cells in module \ex224_fp16_log2_default_expr_exception_case.
Performed a total of 0 changes.

11.19. Executing OPT_MERGE pass (detect identical cells).
Finding identical cells in module `\ex224_fp16_log2_default_expr_exception_case'.
Computing hashes of 4092 cells of `\ex224_fp16_log2_default_expr_exception_case'.
Finding duplicate cells in `\ex224_fp16_log2_default_expr_exception_case'.
Removed a total of 0 cells.

11.20. Executing OPT_DFF pass (perform DFF optimizations).

11.21. Executing OPT_CLEAN pass (remove unused cells and wires).
Finding unused cells or wires in module \ex224_fp16_log2_default_expr_exception_case..

11.22. Executing OPT_EXPR pass (perform const folding).
Optimizing module ex224_fp16_log2_default_expr_exception_case.

11.23. Finished fast OPT passes. (There is nothing left to do.)

12. Executing ABC pass (technology mapping using ABC).

12.1. Extracting gate netlist of module `\ex224_fp16_log2_default_expr_exception_case' to `<abc-temp-dir>/input.blif'..

12.1.1. Executed ABC.
Extracted 4092 gates and 4110 wires to a netlist network with 16 inputs and 16 outputs.
Running ABC script: <abc-temp-dir>/abc.script
ABC: UC Berkeley, ABC 1.01 (compiled May 12 2026 13:26:50)
ABC: abc 01> empty
ABC: abc 01> source <abc-temp-dir>/abc.script
ABC: + read_blif <abc-temp-dir>/input.blif 
ABC: + read_library <abc-temp-dir>/stdcells.genlib 
ABC: + strash 
ABC: + &get -n 
ABC: + &fraig -x 
ABC: + &put 
ABC: + scorr 
ABC: Warning: The network is combinational (run "fraig" or "fraig_sweep").
ABC: + dc2 
ABC: + dretime 
ABC: + strash 
ABC: + &get -n 
ABC: + &dch -f 
ABC: + &nf 
ABC: + &put 
ABC: + write_blif <abc-temp-dir>/output.blif 
ABC: 
ABC: YOSYS_ABC_DONE 

12.1.2. Re-integrating ABC results.
ABC RESULTS:               AND cells:     6402
ABC RESULTS:               NOT cells:     4566
ABC RESULTS:        internal signals:     4078
ABC RESULTS:           input signals:       16
ABC RESULTS:          output signals:       16
Removing temp directory.
Removing global temp directory.

13. Executing OPT pass (performing simple optimizations).

13.1. Executing OPT_EXPR pass (perform const folding).
Optimizing module ex224_fp16_log2_default_expr_exception_case.

13.2. Executing OPT_MERGE pass (detect identical cells).
Finding identical cells in module `\ex224_fp16_log2_default_expr_exception_case'.
Computing hashes of 10968 cells of `\ex224_fp16_log2_default_expr_exception_case'.
Finding duplicate cells in `\ex224_fp16_log2_default_expr_exception_case'.
Removed a total of 0 cells.

13.3. Executing OPT_MUXTREE pass (detect dead branches in mux trees).
Running muxtree optimizer on module \ex224_fp16_log2_default_expr_exception_case..
  Creating internal representation of mux trees.
  No muxes found in this module.
Removed 0 multiplexer ports.

13.4. Executing OPT_REDUCE pass (consolidate $*mux and $reduce_* inputs).
  Optimizing cells in module \ex224_fp16_log2_default_expr_exception_case.
Performed a total of 0 changes.

13.5. Executing OPT_MERGE pass (detect identical cells).
Finding identical cells in module `\ex224_fp16_log2_default_expr_exception_case'.
Computing hashes of 10968 cells of `\ex224_fp16_log2_default_expr_exception_case'.
Finding duplicate cells in `\ex224_fp16_log2_default_expr_exception_case'.
Removed a total of 0 cells.

13.6. Executing OPT_DFF pass (perform DFF optimizations).

13.7. Executing OPT_CLEAN pass (remove unused cells and wires).
Finding unused cells or wires in module \ex224_fp16_log2_default_expr_exception_case..
Removed 0 unused cells and 1079 unused wires.

13.8. Executing OPT_EXPR pass (perform const folding).
Optimizing module ex224_fp16_log2_default_expr_exception_case.

13.9. Rerunning OPT passes. (Maybe there is more to do..)

13.10. Executing OPT_MUXTREE pass (detect dead branches in mux trees).
Running muxtree optimizer on module \ex224_fp16_log2_default_expr_exception_case..
  Creating internal representation of mux trees.
  No muxes found in this module.
Removed 0 multiplexer ports.

13.11. Executing OPT_REDUCE pass (consolidate $*mux and $reduce_* inputs).
  Optimizing cells in module \ex224_fp16_log2_default_expr_exception_case.
Performed a total of 0 changes.

13.12. Executing OPT_MERGE pass (detect identical cells).
Finding identical cells in module `\ex224_fp16_log2_default_expr_exception_case'.
Computing hashes of 10968 cells of `\ex224_fp16_log2_default_expr_exception_case'.
Finding duplicate cells in `\ex224_fp16_log2_default_expr_exception_case'.
Removed a total of 0 cells.

13.13. Executing OPT_DFF pass (perform DFF optimizations).

13.14. Executing OPT_CLEAN pass (remove unused cells and wires).
Finding unused cells or wires in module \ex224_fp16_log2_default_expr_exception_case..

13.15. Executing OPT_EXPR pass (perform const folding).
Optimizing module ex224_fp16_log2_default_expr_exception_case.

13.16. Finished fast OPT passes. (There is nothing left to do.)

14. Executing AIGMAP pass (map logic to AIG).
Module ex224_fp16_log2_default_expr_exception_case: replaced 0 cells with 0 new cells, skipped 10968 cells.
  not replaced 2 cell types:
    6402 $_AND_
    4566 $_NOT_

15. Executing OPT pass (performing simple optimizations).

15.1. Executing OPT_EXPR pass (perform const folding).
Optimizing module ex224_fp16_log2_default_expr_exception_case.

15.2. Executing OPT_MERGE pass (detect identical cells).
Finding identical cells in module `\ex224_fp16_log2_default_expr_exception_case'.
Computing hashes of 10968 cells of `\ex224_fp16_log2_default_expr_exception_case'.
Finding duplicate cells in `\ex224_fp16_log2_default_expr_exception_case'.
Removed a total of 0 cells.

15.3. Executing OPT_MUXTREE pass (detect dead branches in mux trees).
Running muxtree optimizer on module \ex224_fp16_log2_default_expr_exception_case..
  Creating internal representation of mux trees.
  No muxes found in this module.
Removed 0 multiplexer ports.

15.4. Executing OPT_REDUCE pass (consolidate $*mux and $reduce_* inputs).
  Optimizing cells in module \ex224_fp16_log2_default_expr_exception_case.
Performed a total of 0 changes.

15.5. Executing OPT_MERGE pass (detect identical cells).
Finding identical cells in module `\ex224_fp16_log2_default_expr_exception_case'.
Computing hashes of 10968 cells of `\ex224_fp16_log2_default_expr_exception_case'.
Finding duplicate cells in `\ex224_fp16_log2_default_expr_exception_case'.
Removed a total of 0 cells.

15.6. Executing OPT_DFF pass (perform DFF optimizations).

15.7. Executing OPT_CLEAN pass (remove unused cells and wires).
Finding unused cells or wires in module \ex224_fp16_log2_default_expr_exception_case..

15.8. Executing OPT_EXPR pass (perform const folding).
Optimizing module ex224_fp16_log2_default_expr_exception_case.

15.9. Finished fast OPT passes. (There is nothing left to do.)

16. Executing AIGER backend.

End of script. Logfile hash: ea78f15eb7, time: 13.37s, user: 12.62s, system: 0.41s, MEM: 573.19 MB peak
Yosys 0.65 (git sha1 aec814bdf3071f7e0fd0fbe43f7f711e99d01e24, g++ 14.3.0-19 -fvisibility-inlines-hidden -fmessage-length=0 -march=nocona -mtune=haswell -ftree-vectorize -fPIC -fstack-protector-strong -fno-plt -O2 -ffunction-sections -fdebug-prefix-map=/home/conda/feedstock_root/build_artifacts/yosys_1778591527500/work=/usr/local/src/conda/yosys-0.65 -fdebug-prefix-map=/home/b10507053/ALS_Final_Project/student/tools/conda-env=/usr/local/src/conda-prefix -fPIC -O3) [conda-forge/yosys-feedstock]
Time spent: 24% 16x opt_expr (3 sec), 17% 12x opt_clean (2 sec), ...
