
 /----------------------------------------------------------------------------\
 |  yosys -- Yosys Open SYnthesis Suite                                       |
 |  Copyright (C) 2012 - 2026  Claire Xenia Wolf <claire@yosyshq.com>         |
 |  Distributed under an ISC-like license, type "license" to see terms        |
 \----------------------------------------------------------------------------/
 Yosys 0.65 (git sha1 aec814bdf3071f7e0fd0fbe43f7f711e99d01e24, g++ 14.3.0-19 -fvisibility-inlines-hidden -fmessage-length=0 -march=nocona -mtune=haswell -ftree-vectorize -fPIC -fstack-protector-strong -fno-plt -O2 -ffunction-sections -fdebug-prefix-map=/home/conda/feedstock_root/build_artifacts/yosys_1778591527500/work=/usr/local/src/conda/yosys-0.65 -fdebug-prefix-map=/home/b10507053/ALS_Final_Project/student/tools/conda-env=/usr/local/src/conda-prefix -fPIC -O3) [conda-forge/yosys-feedstock]

-- Executing script file `/home/b10507053/ALS_Final_Project/student/work/ex250_ex254_frontend_fp4_dot_fma_semantic_20260608_2105/ex253/logs/ex253_semantic_u2_sum8_arith_qcase_synth_preset.yosys.ys' --

1. Executing Verilog-2005 frontend: /home/b10507053/ALS_Final_Project/student/work/ex250_ex254_frontend_fp4_dot_fma_semantic_20260608_2105/ex253/verilog/ex253_semantic_u2_sum8_arith_qcase.v
Parsing Verilog input from `/home/b10507053/ALS_Final_Project/student/work/ex250_ex254_frontend_fp4_dot_fma_semantic_20260608_2105/ex253/verilog/ex253_semantic_u2_sum8_arith_qcase.v' to AST representation.
Generating RTLIL representation for module `\ex253_semantic_u2_sum8_arith_qcase'.
Successfully finished Verilog frontend.

2. Executing SYNTH pass.

2.1. Executing HIERARCHY pass (managing design hierarchy).

2.1.1. Analyzing design hierarchy..
Top module:  \ex253_semantic_u2_sum8_arith_qcase

2.1.2. Analyzing design hierarchy..
Top module:  \ex253_semantic_u2_sum8_arith_qcase
Removed 0 unused modules.

2.2. Executing PROC pass (convert processes to netlists).

2.2.1. Executing PROC_CLEAN pass (remove empty switches from decision trees).
Cleaned up 0 empty switches.

2.2.2. Executing PROC_RMDEAD pass (remove dead branches from decision trees).
Marked 1 switch rules as full_case in process $proc$/home/b10507053/ALS_Final_Project/student/work/ex250_ex254_frontend_fp4_dot_fma_semantic_20260608_2105/ex253/verilog/ex253_semantic_u2_sum8_arith_qcase.v:65$10 in module ex253_semantic_u2_sum8_arith_qcase.
Removed a total of 0 dead cases.

2.2.3. Executing PROC_PRUNE pass (remove redundant assignments in processes).
Removed 0 redundant assignments.
Promoted 3 assignments to connections.

2.2.4. Executing PROC_INIT pass (extract init attributes).

2.2.5. Executing PROC_ARST pass (detect async resets in processes).

2.2.6. Executing PROC_ROM pass (convert switches to ROMs).
Converted 1 switch.

2.2.7. Executing PROC_MUX pass (convert decision trees to multiplexers).
Creating decoders for process `\ex253_semantic_u2_sum8_arith_qcase.$proc$/home/b10507053/ALS_Final_Project/student/work/ex250_ex254_frontend_fp4_dot_fma_semantic_20260608_2105/ex253/verilog/ex253_semantic_u2_sum8_arith_qcase.v:65$10'.
     1/1: $1\quant_scaled$func$/home/b10507053/ALS_Final_Project/student/work/ex250_ex254_frontend_fp4_dot_fma_semantic_20260608_2105/ex253/verilog/ex253_semantic_u2_sum8_arith_qcase.v:65$2.$result[6:0]$14

2.2.8. Executing PROC_DLATCH pass (convert process syncs to latches).
No latch inferred for signal `\ex253_semantic_u2_sum8_arith_qcase.\quant_scaled$func$/home/b10507053/ALS_Final_Project/student/work/ex250_ex254_frontend_fp4_dot_fma_semantic_20260608_2105/ex253/verilog/ex253_semantic_u2_sum8_arith_qcase.v:65$1.$result' from process `\ex253_semantic_u2_sum8_arith_qcase.$proc$/home/b10507053/ALS_Final_Project/student/work/ex250_ex254_frontend_fp4_dot_fma_semantic_20260608_2105/ex253/verilog/ex253_semantic_u2_sum8_arith_qcase.v:65$10'.
No latch inferred for signal `\ex253_semantic_u2_sum8_arith_qcase.\quant_scaled$func$/home/b10507053/ALS_Final_Project/student/work/ex250_ex254_frontend_fp4_dot_fma_semantic_20260608_2105/ex253/verilog/ex253_semantic_u2_sum8_arith_qcase.v:65$2.$result' from process `\ex253_semantic_u2_sum8_arith_qcase.$proc$/home/b10507053/ALS_Final_Project/student/work/ex250_ex254_frontend_fp4_dot_fma_semantic_20260608_2105/ex253/verilog/ex253_semantic_u2_sum8_arith_qcase.v:65$10'.
No latch inferred for signal `\ex253_semantic_u2_sum8_arith_qcase.\quant_scaled$func$/home/b10507053/ALS_Final_Project/student/work/ex250_ex254_frontend_fp4_dot_fma_semantic_20260608_2105/ex253/verilog/ex253_semantic_u2_sum8_arith_qcase.v:65$2.value' from process `\ex253_semantic_u2_sum8_arith_qcase.$proc$/home/b10507053/ALS_Final_Project/student/work/ex250_ex254_frontend_fp4_dot_fma_semantic_20260608_2105/ex253/verilog/ex253_semantic_u2_sum8_arith_qcase.v:65$10'.

2.2.9. Executing PROC_DFF pass (convert process syncs to FFs).

2.2.10. Executing PROC_MEMWR pass (convert process memory writes to cells).

2.2.11. Executing PROC_CLEAN pass (remove empty switches from decision trees).
Found and cleaned up 1 empty switch in `\ex253_semantic_u2_sum8_arith_qcase.$proc$/home/b10507053/ALS_Final_Project/student/work/ex250_ex254_frontend_fp4_dot_fma_semantic_20260608_2105/ex253/verilog/ex253_semantic_u2_sum8_arith_qcase.v:65$10'.
Removing empty process `ex253_semantic_u2_sum8_arith_qcase.$proc$/home/b10507053/ALS_Final_Project/student/work/ex250_ex254_frontend_fp4_dot_fma_semantic_20260608_2105/ex253/verilog/ex253_semantic_u2_sum8_arith_qcase.v:65$10'.
Cleaned up 1 empty switch.

2.2.12. Executing OPT_EXPR pass (perform const folding).
Optimizing module ex253_semantic_u2_sum8_arith_qcase.

2.3. Executing CHECK pass (checking for obvious problems).
Checking module ex253_semantic_u2_sum8_arith_qcase...
Found and reported 0 problems.

2.4. Executing FLATTEN pass (flatten design).

2.5. Executing OPT_EXPR pass (perform const folding).
Optimizing module ex253_semantic_u2_sum8_arith_qcase.

2.6. Executing OPT_CLEAN pass (remove unused cells and wires).
Finding unused cells or wires in module \ex253_semantic_u2_sum8_arith_qcase..
Removed 0 unused cells and 7 unused wires.

2.7. Executing CHECK pass (checking for obvious problems).
Checking module ex253_semantic_u2_sum8_arith_qcase...
Found and reported 0 problems.

2.8. Executing OPT pass (performing simple optimizations).

2.8.1. Executing OPT_EXPR pass (perform const folding).
Optimizing module ex253_semantic_u2_sum8_arith_qcase.

2.8.2. Executing OPT_MERGE pass (detect identical cells).
Finding identical cells in module `\ex253_semantic_u2_sum8_arith_qcase'.
Computing hashes of 11 cells of `\ex253_semantic_u2_sum8_arith_qcase'.
Finding duplicate cells in `\ex253_semantic_u2_sum8_arith_qcase'.
Removed a total of 0 cells.

2.8.3. Executing OPT_MUXTREE pass (detect dead branches in mux trees).
Running muxtree optimizer on module \ex253_semantic_u2_sum8_arith_qcase..
  Creating internal representation of mux trees.
  Evaluating internal representation of mux trees.
  Analyzing evaluation results.
Removed 0 multiplexer ports.

2.8.4. Executing OPT_REDUCE pass (consolidate $*mux and $reduce_* inputs).
  Optimizing cells in module \ex253_semantic_u2_sum8_arith_qcase.
Performed a total of 0 changes.

2.8.5. Executing OPT_MERGE pass (detect identical cells).
Finding identical cells in module `\ex253_semantic_u2_sum8_arith_qcase'.
Computing hashes of 11 cells of `\ex253_semantic_u2_sum8_arith_qcase'.
Finding duplicate cells in `\ex253_semantic_u2_sum8_arith_qcase'.
Removed a total of 0 cells.

2.8.6. Executing OPT_DFF pass (perform DFF optimizations).

2.8.7. Executing OPT_CLEAN pass (remove unused cells and wires).
Finding unused cells or wires in module \ex253_semantic_u2_sum8_arith_qcase..

2.8.8. Executing OPT_EXPR pass (perform const folding).
Optimizing module ex253_semantic_u2_sum8_arith_qcase.

2.8.9. Finished fast OPT passes. (There is nothing left to do.)

2.9. Executing FSM pass (extract and optimize FSM).

2.9.1. Executing FSM_DETECT pass (finding FSMs in design).

2.9.2. Executing FSM_EXTRACT pass (extracting FSM from design).

2.9.3. Executing FSM_OPT pass (simple optimizations of FSMs).

2.9.4. Executing OPT_CLEAN pass (remove unused cells and wires).
Finding unused cells or wires in module \ex253_semantic_u2_sum8_arith_qcase..

2.9.5. Executing FSM_OPT pass (simple optimizations of FSMs).

2.9.6. Executing FSM_RECODE pass (re-assigning FSM state encoding).

2.9.7. Executing FSM_INFO pass (dumping all available information on FSM cells).

2.9.8. Executing FSM_MAP pass (mapping FSMs to basic logic).

2.10. Executing OPT pass (performing simple optimizations).

2.10.1. Executing OPT_EXPR pass (perform const folding).
Optimizing module ex253_semantic_u2_sum8_arith_qcase.

2.10.2. Executing OPT_MERGE pass (detect identical cells).
Finding identical cells in module `\ex253_semantic_u2_sum8_arith_qcase'.
Computing hashes of 11 cells of `\ex253_semantic_u2_sum8_arith_qcase'.
Finding duplicate cells in `\ex253_semantic_u2_sum8_arith_qcase'.
Removed a total of 0 cells.

2.10.3. Executing OPT_MUXTREE pass (detect dead branches in mux trees).
Running muxtree optimizer on module \ex253_semantic_u2_sum8_arith_qcase..
  Creating internal representation of mux trees.
  Evaluating internal representation of mux trees.
  Analyzing evaluation results.
Removed 0 multiplexer ports.

2.10.4. Executing OPT_REDUCE pass (consolidate $*mux and $reduce_* inputs).
  Optimizing cells in module \ex253_semantic_u2_sum8_arith_qcase.
Performed a total of 0 changes.

2.10.5. Executing OPT_MERGE pass (detect identical cells).
Finding identical cells in module `\ex253_semantic_u2_sum8_arith_qcase'.
Computing hashes of 11 cells of `\ex253_semantic_u2_sum8_arith_qcase'.
Finding duplicate cells in `\ex253_semantic_u2_sum8_arith_qcase'.
Removed a total of 0 cells.

2.10.6. Executing OPT_DFF pass (perform DFF optimizations).

2.10.7. Executing OPT_CLEAN pass (remove unused cells and wires).
Finding unused cells or wires in module \ex253_semantic_u2_sum8_arith_qcase..

2.10.8. Executing OPT_EXPR pass (perform const folding).
Optimizing module ex253_semantic_u2_sum8_arith_qcase.

2.10.9. Finished fast OPT passes. (There is nothing left to do.)

2.11. Executing WREDUCE pass (reducing word size of cells).
Removed top 26 address bits (of 32) from memory init port ex253_semantic_u2_sum8_arith_qcase.$auto$mem.cc:351:emit$18 ($auto$proc_rom.cc:155:do_switch$16).
Removed top 4 bits (of 6) from port A of cell ex253_semantic_u2_sum8_arith_qcase.$add$/home/b10507053/ALS_Final_Project/student/work/ex250_ex254_frontend_fp4_dot_fma_semantic_20260608_2105/ex253/verilog/ex253_semantic_u2_sum8_arith_qcase.v:4$3 ($add).
Removed top 4 bits (of 6) from port B of cell ex253_semantic_u2_sum8_arith_qcase.$add$/home/b10507053/ALS_Final_Project/student/work/ex250_ex254_frontend_fp4_dot_fma_semantic_20260608_2105/ex253/verilog/ex253_semantic_u2_sum8_arith_qcase.v:4$3 ($add).
Removed top 3 bits (of 6) from port Y of cell ex253_semantic_u2_sum8_arith_qcase.$add$/home/b10507053/ALS_Final_Project/student/work/ex250_ex254_frontend_fp4_dot_fma_semantic_20260608_2105/ex253/verilog/ex253_semantic_u2_sum8_arith_qcase.v:4$3 ($add).
Removed top 3 bits (of 6) from port A of cell ex253_semantic_u2_sum8_arith_qcase.$add$/home/b10507053/ALS_Final_Project/student/work/ex250_ex254_frontend_fp4_dot_fma_semantic_20260608_2105/ex253/verilog/ex253_semantic_u2_sum8_arith_qcase.v:4$4 ($add).
Removed top 4 bits (of 6) from port B of cell ex253_semantic_u2_sum8_arith_qcase.$add$/home/b10507053/ALS_Final_Project/student/work/ex250_ex254_frontend_fp4_dot_fma_semantic_20260608_2105/ex253/verilog/ex253_semantic_u2_sum8_arith_qcase.v:4$4 ($add).
Removed top 2 bits (of 6) from port Y of cell ex253_semantic_u2_sum8_arith_qcase.$add$/home/b10507053/ALS_Final_Project/student/work/ex250_ex254_frontend_fp4_dot_fma_semantic_20260608_2105/ex253/verilog/ex253_semantic_u2_sum8_arith_qcase.v:4$4 ($add).
Removed top 2 bits (of 6) from port A of cell ex253_semantic_u2_sum8_arith_qcase.$add$/home/b10507053/ALS_Final_Project/student/work/ex250_ex254_frontend_fp4_dot_fma_semantic_20260608_2105/ex253/verilog/ex253_semantic_u2_sum8_arith_qcase.v:4$5 ($add).
Removed top 4 bits (of 6) from port B of cell ex253_semantic_u2_sum8_arith_qcase.$add$/home/b10507053/ALS_Final_Project/student/work/ex250_ex254_frontend_fp4_dot_fma_semantic_20260608_2105/ex253/verilog/ex253_semantic_u2_sum8_arith_qcase.v:4$5 ($add).
Removed top 1 bits (of 6) from port Y of cell ex253_semantic_u2_sum8_arith_qcase.$add$/home/b10507053/ALS_Final_Project/student/work/ex250_ex254_frontend_fp4_dot_fma_semantic_20260608_2105/ex253/verilog/ex253_semantic_u2_sum8_arith_qcase.v:4$5 ($add).
Removed top 1 bits (of 6) from port A of cell ex253_semantic_u2_sum8_arith_qcase.$add$/home/b10507053/ALS_Final_Project/student/work/ex250_ex254_frontend_fp4_dot_fma_semantic_20260608_2105/ex253/verilog/ex253_semantic_u2_sum8_arith_qcase.v:4$6 ($add).
Removed top 4 bits (of 6) from port B of cell ex253_semantic_u2_sum8_arith_qcase.$add$/home/b10507053/ALS_Final_Project/student/work/ex250_ex254_frontend_fp4_dot_fma_semantic_20260608_2105/ex253/verilog/ex253_semantic_u2_sum8_arith_qcase.v:4$6 ($add).
Removed top 4 bits (of 6) from port B of cell ex253_semantic_u2_sum8_arith_qcase.$add$/home/b10507053/ALS_Final_Project/student/work/ex250_ex254_frontend_fp4_dot_fma_semantic_20260608_2105/ex253/verilog/ex253_semantic_u2_sum8_arith_qcase.v:4$7 ($add).
Removed top 4 bits (of 6) from port B of cell ex253_semantic_u2_sum8_arith_qcase.$add$/home/b10507053/ALS_Final_Project/student/work/ex250_ex254_frontend_fp4_dot_fma_semantic_20260608_2105/ex253/verilog/ex253_semantic_u2_sum8_arith_qcase.v:4$8 ($add).
Removed top 4 bits (of 6) from port B of cell ex253_semantic_u2_sum8_arith_qcase.$add$/home/b10507053/ALS_Final_Project/student/work/ex250_ex254_frontend_fp4_dot_fma_semantic_20260608_2105/ex253/verilog/ex253_semantic_u2_sum8_arith_qcase.v:4$9 ($add).
Removed top 1 bits (of 6) from wire ex253_semantic_u2_sum8_arith_qcase.$add$/home/b10507053/ALS_Final_Project/student/work/ex250_ex254_frontend_fp4_dot_fma_semantic_20260608_2105/ex253/verilog/ex253_semantic_u2_sum8_arith_qcase.v:4$5_Y.
Removed top 2 bits (of 6) from wire ex253_semantic_u2_sum8_arith_qcase.$add$/home/b10507053/ALS_Final_Project/student/work/ex250_ex254_frontend_fp4_dot_fma_semantic_20260608_2105/ex253/verilog/ex253_semantic_u2_sum8_arith_qcase.v:4$4_Y.
Removed top 3 bits (of 6) from wire ex253_semantic_u2_sum8_arith_qcase.$add$/home/b10507053/ALS_Final_Project/student/work/ex250_ex254_frontend_fp4_dot_fma_semantic_20260608_2105/ex253/verilog/ex253_semantic_u2_sum8_arith_qcase.v:4$3_Y.
Removed top 3 bits (of 10) from wire ex253_semantic_u2_sum8_arith_qcase.scaled_sum.

2.12. Executing PEEPOPT pass (run peephole optimizers).

2.13. Executing OPT_CLEAN pass (remove unused cells and wires).
Finding unused cells or wires in module \ex253_semantic_u2_sum8_arith_qcase..
Removed 0 unused cells and 4 unused wires.

2.14. Executing ALUMACC pass (create $alu and $macc cells).
Extracting $alu and $macc cells in module ex253_semantic_u2_sum8_arith_qcase:
  creating $macc model for $add$/home/b10507053/ALS_Final_Project/student/work/ex250_ex254_frontend_fp4_dot_fma_semantic_20260608_2105/ex253/verilog/ex253_semantic_u2_sum8_arith_qcase.v:4$9 ($add).
  creating $macc model for $add$/home/b10507053/ALS_Final_Project/student/work/ex250_ex254_frontend_fp4_dot_fma_semantic_20260608_2105/ex253/verilog/ex253_semantic_u2_sum8_arith_qcase.v:4$8 ($add).
  creating $macc model for $add$/home/b10507053/ALS_Final_Project/student/work/ex250_ex254_frontend_fp4_dot_fma_semantic_20260608_2105/ex253/verilog/ex253_semantic_u2_sum8_arith_qcase.v:4$7 ($add).
  creating $macc model for $add$/home/b10507053/ALS_Final_Project/student/work/ex250_ex254_frontend_fp4_dot_fma_semantic_20260608_2105/ex253/verilog/ex253_semantic_u2_sum8_arith_qcase.v:4$6 ($add).
  creating $macc model for $add$/home/b10507053/ALS_Final_Project/student/work/ex250_ex254_frontend_fp4_dot_fma_semantic_20260608_2105/ex253/verilog/ex253_semantic_u2_sum8_arith_qcase.v:4$5 ($add).
  creating $macc model for $add$/home/b10507053/ALS_Final_Project/student/work/ex250_ex254_frontend_fp4_dot_fma_semantic_20260608_2105/ex253/verilog/ex253_semantic_u2_sum8_arith_qcase.v:4$4 ($add).
  creating $macc model for $add$/home/b10507053/ALS_Final_Project/student/work/ex250_ex254_frontend_fp4_dot_fma_semantic_20260608_2105/ex253/verilog/ex253_semantic_u2_sum8_arith_qcase.v:4$3 ($add).
  merging $macc model for $add$/home/b10507053/ALS_Final_Project/student/work/ex250_ex254_frontend_fp4_dot_fma_semantic_20260608_2105/ex253/verilog/ex253_semantic_u2_sum8_arith_qcase.v:4$3 into $add$/home/b10507053/ALS_Final_Project/student/work/ex250_ex254_frontend_fp4_dot_fma_semantic_20260608_2105/ex253/verilog/ex253_semantic_u2_sum8_arith_qcase.v:4$4.
  merging $macc model for $add$/home/b10507053/ALS_Final_Project/student/work/ex250_ex254_frontend_fp4_dot_fma_semantic_20260608_2105/ex253/verilog/ex253_semantic_u2_sum8_arith_qcase.v:4$4 into $add$/home/b10507053/ALS_Final_Project/student/work/ex250_ex254_frontend_fp4_dot_fma_semantic_20260608_2105/ex253/verilog/ex253_semantic_u2_sum8_arith_qcase.v:4$5.
  merging $macc model for $add$/home/b10507053/ALS_Final_Project/student/work/ex250_ex254_frontend_fp4_dot_fma_semantic_20260608_2105/ex253/verilog/ex253_semantic_u2_sum8_arith_qcase.v:4$5 into $add$/home/b10507053/ALS_Final_Project/student/work/ex250_ex254_frontend_fp4_dot_fma_semantic_20260608_2105/ex253/verilog/ex253_semantic_u2_sum8_arith_qcase.v:4$6.
  merging $macc model for $add$/home/b10507053/ALS_Final_Project/student/work/ex250_ex254_frontend_fp4_dot_fma_semantic_20260608_2105/ex253/verilog/ex253_semantic_u2_sum8_arith_qcase.v:4$6 into $add$/home/b10507053/ALS_Final_Project/student/work/ex250_ex254_frontend_fp4_dot_fma_semantic_20260608_2105/ex253/verilog/ex253_semantic_u2_sum8_arith_qcase.v:4$7.
  merging $macc model for $add$/home/b10507053/ALS_Final_Project/student/work/ex250_ex254_frontend_fp4_dot_fma_semantic_20260608_2105/ex253/verilog/ex253_semantic_u2_sum8_arith_qcase.v:4$7 into $add$/home/b10507053/ALS_Final_Project/student/work/ex250_ex254_frontend_fp4_dot_fma_semantic_20260608_2105/ex253/verilog/ex253_semantic_u2_sum8_arith_qcase.v:4$8.
  merging $macc model for $add$/home/b10507053/ALS_Final_Project/student/work/ex250_ex254_frontend_fp4_dot_fma_semantic_20260608_2105/ex253/verilog/ex253_semantic_u2_sum8_arith_qcase.v:4$8 into $add$/home/b10507053/ALS_Final_Project/student/work/ex250_ex254_frontend_fp4_dot_fma_semantic_20260608_2105/ex253/verilog/ex253_semantic_u2_sum8_arith_qcase.v:4$9.
  creating $macc cell for $add$/home/b10507053/ALS_Final_Project/student/work/ex250_ex254_frontend_fp4_dot_fma_semantic_20260608_2105/ex253/verilog/ex253_semantic_u2_sum8_arith_qcase.v:4$9: $auto$alumacc.cc:382:replace_macc$26
  created 0 $alu and 1 $macc cells.

2.15. Executing SHARE pass (SAT-based resource sharing).

2.16. Executing OPT pass (performing simple optimizations).

2.16.1. Executing OPT_EXPR pass (perform const folding).
Optimizing module ex253_semantic_u2_sum8_arith_qcase.

2.16.2. Executing OPT_MERGE pass (detect identical cells).
Finding identical cells in module `\ex253_semantic_u2_sum8_arith_qcase'.
Computing hashes of 11 cells of `\ex253_semantic_u2_sum8_arith_qcase'.
Finding duplicate cells in `\ex253_semantic_u2_sum8_arith_qcase'.
Removed a total of 0 cells.

2.16.3. Executing OPT_MUXTREE pass (detect dead branches in mux trees).
Running muxtree optimizer on module \ex253_semantic_u2_sum8_arith_qcase..
  Creating internal representation of mux trees.
  Evaluating internal representation of mux trees.
  Analyzing evaluation results.
Removed 0 multiplexer ports.

2.16.4. Executing OPT_REDUCE pass (consolidate $*mux and $reduce_* inputs).
  Optimizing cells in module \ex253_semantic_u2_sum8_arith_qcase.
Performed a total of 0 changes.

2.16.5. Executing OPT_MERGE pass (detect identical cells).
Finding identical cells in module `\ex253_semantic_u2_sum8_arith_qcase'.
Computing hashes of 11 cells of `\ex253_semantic_u2_sum8_arith_qcase'.
Finding duplicate cells in `\ex253_semantic_u2_sum8_arith_qcase'.
Removed a total of 0 cells.

2.16.6. Executing OPT_DFF pass (perform DFF optimizations).

2.16.7. Executing OPT_CLEAN pass (remove unused cells and wires).
Finding unused cells or wires in module \ex253_semantic_u2_sum8_arith_qcase..
Removed 6 unused cells and 6 unused wires.

2.16.8. Executing OPT_EXPR pass (perform const folding).
Optimizing module ex253_semantic_u2_sum8_arith_qcase.

2.16.9. Rerunning OPT passes. (Maybe there is more to do..)

2.16.10. Executing OPT_MUXTREE pass (detect dead branches in mux trees).
Running muxtree optimizer on module \ex253_semantic_u2_sum8_arith_qcase..
  Creating internal representation of mux trees.
  Evaluating internal representation of mux trees.
  Analyzing evaluation results.
Removed 0 multiplexer ports.

2.16.11. Executing OPT_REDUCE pass (consolidate $*mux and $reduce_* inputs).
  Optimizing cells in module \ex253_semantic_u2_sum8_arith_qcase.
Performed a total of 0 changes.

2.16.12. Executing OPT_MERGE pass (detect identical cells).
Finding identical cells in module `\ex253_semantic_u2_sum8_arith_qcase'.
Computing hashes of 5 cells of `\ex253_semantic_u2_sum8_arith_qcase'.
Finding duplicate cells in `\ex253_semantic_u2_sum8_arith_qcase'.
Removed a total of 0 cells.

2.16.13. Executing OPT_DFF pass (perform DFF optimizations).

2.16.14. Executing OPT_CLEAN pass (remove unused cells and wires).
Finding unused cells or wires in module \ex253_semantic_u2_sum8_arith_qcase..

2.16.15. Executing OPT_EXPR pass (perform const folding).
Optimizing module ex253_semantic_u2_sum8_arith_qcase.

2.16.16. Finished fast OPT passes. (There is nothing left to do.)

2.17. Executing MEMORY pass.

2.17.1. Executing OPT_MEM pass (optimize memories).
Performed a total of 0 transformations.

2.17.2. Executing OPT_MEM_PRIORITY pass (removing unnecessary memory write priority relations).
Performed a total of 0 transformations.

2.17.3. Executing OPT_MEM_FEEDBACK pass (finding memory read-to-write feedback paths).

2.17.4. Executing MEMORY_BMUX2ROM pass (converting muxes to ROMs).

2.17.5. Executing MEMORY_DFF pass (merging $dff cells to $memrd).
Checking read port `$auto$proc_rom.cc:155:do_switch$16'[0] in module `\ex253_semantic_u2_sum8_arith_qcase': no output FF found.
Checking read port address `$auto$proc_rom.cc:155:do_switch$16'[0] in module `\ex253_semantic_u2_sum8_arith_qcase': no address FF found.

2.17.6. Executing OPT_CLEAN pass (remove unused cells and wires).
Finding unused cells or wires in module \ex253_semantic_u2_sum8_arith_qcase..

2.17.7. Executing MEMORY_SHARE pass (consolidating $memrd/$memwr cells).

2.17.8. Executing OPT_MEM_WIDEN pass (optimize memories where all ports are wide).
Performed a total of 0 transformations.

2.17.9. Executing OPT_CLEAN pass (remove unused cells and wires).
Finding unused cells or wires in module \ex253_semantic_u2_sum8_arith_qcase..

2.17.10. Executing MEMORY_COLLECT pass (generating $mem cells).

2.18. Executing OPT_CLEAN pass (remove unused cells and wires).
Finding unused cells or wires in module \ex253_semantic_u2_sum8_arith_qcase..

2.19. Executing OPT pass (performing simple optimizations).

2.19.1. Executing OPT_EXPR pass (perform const folding).
Optimizing module ex253_semantic_u2_sum8_arith_qcase.

2.19.2. Executing OPT_MERGE pass (detect identical cells).
Finding identical cells in module `\ex253_semantic_u2_sum8_arith_qcase'.
Computing hashes of 4 cells of `\ex253_semantic_u2_sum8_arith_qcase'.
Finding duplicate cells in `\ex253_semantic_u2_sum8_arith_qcase'.
Removed a total of 0 cells.

2.19.3. Executing OPT_DFF pass (perform DFF optimizations).

2.19.4. Executing OPT_CLEAN pass (remove unused cells and wires).
Finding unused cells or wires in module \ex253_semantic_u2_sum8_arith_qcase..
Removed 1 unused cells and 1 unused wires.

2.19.5. Finished fast OPT passes.

2.20. Executing MEMORY_MAP pass (converting memories to logic and flip-flops).
Mapping memory $auto$proc_rom.cc:155:do_switch$16 in module \ex253_semantic_u2_sum8_arith_qcase:
  created 64 $dff cells and 0 static cells of width 7.
  read interface: 0 $dff and 63 $mux cells.
  write interface: 0 write mux blocks.

2.21. Executing OPT pass (performing simple optimizations).

2.21.1. Executing OPT_EXPR pass (perform const folding).
Optimizing module ex253_semantic_u2_sum8_arith_qcase.

2.21.2. Executing OPT_MERGE pass (detect identical cells).
Finding identical cells in module `\ex253_semantic_u2_sum8_arith_qcase'.
Computing hashes of 27 cells of `\ex253_semantic_u2_sum8_arith_qcase'.
Finding duplicate cells in `\ex253_semantic_u2_sum8_arith_qcase'.
Removed a total of 0 cells.

2.21.3. Executing OPT_MUXTREE pass (detect dead branches in mux trees).
Running muxtree optimizer on module \ex253_semantic_u2_sum8_arith_qcase..
  Creating internal representation of mux trees.
  Evaluating internal representation of mux trees.
  Analyzing evaluation results.
Removed 0 multiplexer ports.

2.21.4. Executing OPT_REDUCE pass (consolidate $*mux and $reduce_* inputs).
  Optimizing cells in module \ex253_semantic_u2_sum8_arith_qcase.
    Consolidated identical input bits for $mux cell $memory$auto$proc_rom.cc:155:do_switch$16$rdmux[0][4][12]$110:
      Old ports: A=7'1010100, B=7'1111110, Y=$memory$auto$proc_rom.cc:155:do_switch$16$rdmux[0][3][6]$a$69
      New ports: A=1'0, B=1'1, Y=$memory$auto$proc_rom.cc:155:do_switch$16$rdmux[0][3][6]$a$69 [1]
      New connections: { $memory$auto$proc_rom.cc:155:do_switch$16$rdmux[0][3][6]$a$69 [6:2] $memory$auto$proc_rom.cc:155:do_switch$16$rdmux[0][3][6]$a$69 [0] } = { 1'1 $memory$auto$proc_rom.cc:155:do_switch$16$rdmux[0][3][6]$a$69 [1] 1'1 $memory$auto$proc_rom.cc:155:do_switch$16$rdmux[0][3][6]$a$69 [1] 2'10 }
    Consolidated identical input bits for $mux cell $memory$auto$proc_rom.cc:155:do_switch$16$rdmux[0][4][7]$95:
      Old ports: A=7'1001110, B=7'1001111, Y=$memory$auto$proc_rom.cc:155:do_switch$16$rdmux[0][3][3]$b$61
      New ports: A=1'0, B=1'1, Y=$memory$auto$proc_rom.cc:155:do_switch$16$rdmux[0][3][3]$b$61 [0]
      New connections: $memory$auto$proc_rom.cc:155:do_switch$16$rdmux[0][3][3]$b$61 [6:1] = 6'100111
    Consolidated identical input bits for $mux cell $memory$auto$proc_rom.cc:155:do_switch$16$rdmux[0][4][6]$92:
      Old ports: A=7'1001100, B=7'1001101, Y=$memory$auto$proc_rom.cc:155:do_switch$16$rdmux[0][3][3]$a$60
      New ports: A=1'0, B=1'1, Y=$memory$auto$proc_rom.cc:155:do_switch$16$rdmux[0][3][3]$a$60 [0]
      New connections: $memory$auto$proc_rom.cc:155:do_switch$16$rdmux[0][3][3]$a$60 [6:1] = 6'100110
    Consolidated identical input bits for $mux cell $memory$auto$proc_rom.cc:155:do_switch$16$rdmux[0][4][5]$89:
      Old ports: A=7'1001010, B=7'1001011, Y=$memory$auto$proc_rom.cc:155:do_switch$16$rdmux[0][3][2]$b$58
      New ports: A=1'0, B=1'1, Y=$memory$auto$proc_rom.cc:155:do_switch$16$rdmux[0][3][2]$b$58 [0]
      New connections: $memory$auto$proc_rom.cc:155:do_switch$16$rdmux[0][3][2]$b$58 [6:1] = 6'100101
    Consolidated identical input bits for $mux cell $memory$auto$proc_rom.cc:155:do_switch$16$rdmux[0][4][4]$86:
      Old ports: A=7'1001000, B=7'1001001, Y=$memory$auto$proc_rom.cc:155:do_switch$16$rdmux[0][3][2]$a$57
      New ports: A=1'0, B=1'1, Y=$memory$auto$proc_rom.cc:155:do_switch$16$rdmux[0][3][2]$a$57 [0]
      New connections: $memory$auto$proc_rom.cc:155:do_switch$16$rdmux[0][3][2]$a$57 [6:1] = 6'100100
    Consolidated identical input bits for $mux cell $memory$auto$proc_rom.cc:155:do_switch$16$rdmux[0][4][3]$83:
      Old ports: A=7'1000100, B=7'1000110, Y=$memory$auto$proc_rom.cc:155:do_switch$16$rdmux[0][3][1]$b$55
      New ports: A=1'0, B=1'1, Y=$memory$auto$proc_rom.cc:155:do_switch$16$rdmux[0][3][1]$b$55 [1]
      New connections: { $memory$auto$proc_rom.cc:155:do_switch$16$rdmux[0][3][1]$b$55 [6:2] $memory$auto$proc_rom.cc:155:do_switch$16$rdmux[0][3][1]$b$55 [0] } = 6'100010
    Consolidated identical input bits for $mux cell $memory$auto$proc_rom.cc:155:do_switch$16$rdmux[0][4][2]$80:
      Old ports: A=7'1000000, B=7'1000010, Y=$memory$auto$proc_rom.cc:155:do_switch$16$rdmux[0][3][1]$a$54
      New ports: A=1'0, B=1'1, Y=$memory$auto$proc_rom.cc:155:do_switch$16$rdmux[0][3][1]$a$54 [1]
      New connections: { $memory$auto$proc_rom.cc:155:do_switch$16$rdmux[0][3][1]$a$54 [6:2] $memory$auto$proc_rom.cc:155:do_switch$16$rdmux[0][3][1]$a$54 [0] } = 6'100000
    Consolidated identical input bits for $mux cell $memory$auto$proc_rom.cc:155:do_switch$16$rdmux[0][4][1]$77:
      Old ports: A=7'0111000, B=7'0111100, Y=$memory$auto$proc_rom.cc:155:do_switch$16$rdmux[0][3][0]$b$52
      New ports: A=1'0, B=1'1, Y=$memory$auto$proc_rom.cc:155:do_switch$16$rdmux[0][3][0]$b$52 [2]
      New connections: { $memory$auto$proc_rom.cc:155:do_switch$16$rdmux[0][3][0]$b$52 [6:3] $memory$auto$proc_rom.cc:155:do_switch$16$rdmux[0][3][0]$b$52 [1:0] } = 6'011100
    Consolidated identical input bits for $mux cell $memory$auto$proc_rom.cc:155:do_switch$16$rdmux[0][4][0]$74:
      Old ports: A=7'0000000, B=7'0110000, Y=$memory$auto$proc_rom.cc:155:do_switch$16$rdmux[0][3][0]$a$51
      New ports: A=1'0, B=1'1, Y=$memory$auto$proc_rom.cc:155:do_switch$16$rdmux[0][3][0]$a$51 [4]
      New connections: { $memory$auto$proc_rom.cc:155:do_switch$16$rdmux[0][3][0]$a$51 [6:5] $memory$auto$proc_rom.cc:155:do_switch$16$rdmux[0][3][0]$a$51 [3:0] } = { 1'0 $memory$auto$proc_rom.cc:155:do_switch$16$rdmux[0][3][0]$a$51 [4] 4'0000 }
    Consolidated identical input bits for $mux cell $memory$auto$proc_rom.cc:155:do_switch$16$rdmux[0][4][9]$101:
      Old ports: A=7'1010001, B=7'1010010, Y=$memory$auto$proc_rom.cc:155:do_switch$16$rdmux[0][3][4]$b$64
      New ports: A=2'01, B=2'10, Y=$memory$auto$proc_rom.cc:155:do_switch$16$rdmux[0][3][4]$b$64 [1:0]
      New connections: $memory$auto$proc_rom.cc:155:do_switch$16$rdmux[0][3][4]$b$64 [6:2] = 5'10100
    Consolidated identical input bits for $mux cell $memory$auto$proc_rom.cc:155:do_switch$16$rdmux[0][4][11]$107:
      Old ports: A=7'1010011, B=7'1010100, Y=$memory$auto$proc_rom.cc:155:do_switch$16$rdmux[0][3][5]$b$67
      New ports: A=2'01, B=2'10, Y={ $memory$auto$proc_rom.cc:155:do_switch$16$rdmux[0][3][5]$b$67 [2] $memory$auto$proc_rom.cc:155:do_switch$16$rdmux[0][3][5]$b$67 [0] }
      New connections: { $memory$auto$proc_rom.cc:155:do_switch$16$rdmux[0][3][5]$b$67 [6:3] $memory$auto$proc_rom.cc:155:do_switch$16$rdmux[0][3][5]$b$67 [1] } = { 4'1010 $memory$auto$proc_rom.cc:155:do_switch$16$rdmux[0][3][5]$b$67 [0] }
  Optimizing cells in module \ex253_semantic_u2_sum8_arith_qcase.
    Consolidated identical input bits for $mux cell $memory$auto$proc_rom.cc:155:do_switch$16$rdmux[0][3][6]$68:
      Old ports: A=$memory$auto$proc_rom.cc:155:do_switch$16$rdmux[0][3][6]$a$69, B=7'1111110, Y=$memory$auto$proc_rom.cc:155:do_switch$16$rdmux[0][2][3]$a$48
      New ports: A=$memory$auto$proc_rom.cc:155:do_switch$16$rdmux[0][3][6]$a$69 [1], B=1'1, Y=$memory$auto$proc_rom.cc:155:do_switch$16$rdmux[0][2][3]$a$48 [1]
      New connections: { $memory$auto$proc_rom.cc:155:do_switch$16$rdmux[0][2][3]$a$48 [6:2] $memory$auto$proc_rom.cc:155:do_switch$16$rdmux[0][2][3]$a$48 [0] } = { 1'1 $memory$auto$proc_rom.cc:155:do_switch$16$rdmux[0][2][3]$a$48 [1] 1'1 $memory$auto$proc_rom.cc:155:do_switch$16$rdmux[0][2][3]$a$48 [1] 2'10 }
    Consolidated identical input bits for $mux cell $memory$auto$proc_rom.cc:155:do_switch$16$rdmux[0][3][5]$65:
      Old ports: A=7'1010010, B=$memory$auto$proc_rom.cc:155:do_switch$16$rdmux[0][3][5]$b$67, Y=$memory$auto$proc_rom.cc:155:do_switch$16$rdmux[0][2][2]$b$46
      New ports: A=3'010, B={ $memory$auto$proc_rom.cc:155:do_switch$16$rdmux[0][3][5]$b$67 [2] $memory$auto$proc_rom.cc:155:do_switch$16$rdmux[0][3][5]$b$67 [0] $memory$auto$proc_rom.cc:155:do_switch$16$rdmux[0][3][5]$b$67 [0] }, Y=$memory$auto$proc_rom.cc:155:do_switch$16$rdmux[0][2][2]$b$46 [2:0]
      New connections: $memory$auto$proc_rom.cc:155:do_switch$16$rdmux[0][2][2]$b$46 [6:3] = 4'1010
    Consolidated identical input bits for $mux cell $memory$auto$proc_rom.cc:155:do_switch$16$rdmux[0][3][4]$62:
      Old ports: A=7'1010000, B=$memory$auto$proc_rom.cc:155:do_switch$16$rdmux[0][3][4]$b$64, Y=$memory$auto$proc_rom.cc:155:do_switch$16$rdmux[0][2][2]$a$45
      New ports: A=2'00, B=$memory$auto$proc_rom.cc:155:do_switch$16$rdmux[0][3][4]$b$64 [1:0], Y=$memory$auto$proc_rom.cc:155:do_switch$16$rdmux[0][2][2]$a$45 [1:0]
      New connections: $memory$auto$proc_rom.cc:155:do_switch$16$rdmux[0][2][2]$a$45 [6:2] = 5'10100
    Consolidated identical input bits for $mux cell $memory$auto$proc_rom.cc:155:do_switch$16$rdmux[0][3][3]$59:
      Old ports: A=$memory$auto$proc_rom.cc:155:do_switch$16$rdmux[0][3][3]$a$60, B=$memory$auto$proc_rom.cc:155:do_switch$16$rdmux[0][3][3]$b$61, Y=$memory$auto$proc_rom.cc:155:do_switch$16$rdmux[0][2][1]$b$43
      New ports: A={ 1'0 $memory$auto$proc_rom.cc:155:do_switch$16$rdmux[0][3][3]$a$60 [0] }, B={ 1'1 $memory$auto$proc_rom.cc:155:do_switch$16$rdmux[0][3][3]$b$61 [0] }, Y=$memory$auto$proc_rom.cc:155:do_switch$16$rdmux[0][2][1]$b$43 [1:0]
      New connections: $memory$auto$proc_rom.cc:155:do_switch$16$rdmux[0][2][1]$b$43 [6:2] = 5'10011
    Consolidated identical input bits for $mux cell $memory$auto$proc_rom.cc:155:do_switch$16$rdmux[0][3][2]$56:
      Old ports: A=$memory$auto$proc_rom.cc:155:do_switch$16$rdmux[0][3][2]$a$57, B=$memory$auto$proc_rom.cc:155:do_switch$16$rdmux[0][3][2]$b$58, Y=$memory$auto$proc_rom.cc:155:do_switch$16$rdmux[0][2][1]$a$42
      New ports: A={ 1'0 $memory$auto$proc_rom.cc:155:do_switch$16$rdmux[0][3][2]$a$57 [0] }, B={ 1'1 $memory$auto$proc_rom.cc:155:do_switch$16$rdmux[0][3][2]$b$58 [0] }, Y=$memory$auto$proc_rom.cc:155:do_switch$16$rdmux[0][2][1]$a$42 [1:0]
      New connections: $memory$auto$proc_rom.cc:155:do_switch$16$rdmux[0][2][1]$a$42 [6:2] = 5'10010
    Consolidated identical input bits for $mux cell $memory$auto$proc_rom.cc:155:do_switch$16$rdmux[0][3][1]$53:
      Old ports: A=$memory$auto$proc_rom.cc:155:do_switch$16$rdmux[0][3][1]$a$54, B=$memory$auto$proc_rom.cc:155:do_switch$16$rdmux[0][3][1]$b$55, Y=$memory$auto$proc_rom.cc:155:do_switch$16$rdmux[0][2][0]$b$40
      New ports: A={ 1'0 $memory$auto$proc_rom.cc:155:do_switch$16$rdmux[0][3][1]$a$54 [1] }, B={ 1'1 $memory$auto$proc_rom.cc:155:do_switch$16$rdmux[0][3][1]$b$55 [1] }, Y=$memory$auto$proc_rom.cc:155:do_switch$16$rdmux[0][2][0]$b$40 [2:1]
      New connections: { $memory$auto$proc_rom.cc:155:do_switch$16$rdmux[0][2][0]$b$40 [6:3] $memory$auto$proc_rom.cc:155:do_switch$16$rdmux[0][2][0]$b$40 [0] } = 5'10000
    Consolidated identical input bits for $mux cell $memory$auto$proc_rom.cc:155:do_switch$16$rdmux[0][3][0]$50:
      Old ports: A=$memory$auto$proc_rom.cc:155:do_switch$16$rdmux[0][3][0]$a$51, B=$memory$auto$proc_rom.cc:155:do_switch$16$rdmux[0][3][0]$b$52, Y=$memory$auto$proc_rom.cc:155:do_switch$16$rdmux[0][2][0]$a$39
      New ports: A={ $memory$auto$proc_rom.cc:155:do_switch$16$rdmux[0][3][0]$a$51 [4] 2'00 }, B={ 2'11 $memory$auto$proc_rom.cc:155:do_switch$16$rdmux[0][3][0]$b$52 [2] }, Y=$memory$auto$proc_rom.cc:155:do_switch$16$rdmux[0][2][0]$a$39 [4:2]
      New connections: { $memory$auto$proc_rom.cc:155:do_switch$16$rdmux[0][2][0]$a$39 [6:5] $memory$auto$proc_rom.cc:155:do_switch$16$rdmux[0][2][0]$a$39 [1:0] } = { 1'0 $memory$auto$proc_rom.cc:155:do_switch$16$rdmux[0][2][0]$a$39 [4] 2'00 }
  Optimizing cells in module \ex253_semantic_u2_sum8_arith_qcase.
    Consolidated identical input bits for $mux cell $memory$auto$proc_rom.cc:155:do_switch$16$rdmux[0][2][3]$47:
      Old ports: A=$memory$auto$proc_rom.cc:155:do_switch$16$rdmux[0][2][3]$a$48, B=7'1111110, Y=$memory$auto$proc_rom.cc:155:do_switch$16$rdmux[0][1][1]$b$37
      New ports: A=$memory$auto$proc_rom.cc:155:do_switch$16$rdmux[0][2][3]$a$48 [1], B=1'1, Y=$memory$auto$proc_rom.cc:155:do_switch$16$rdmux[0][1][1]$b$37 [1]
      New connections: { $memory$auto$proc_rom.cc:155:do_switch$16$rdmux[0][1][1]$b$37 [6:2] $memory$auto$proc_rom.cc:155:do_switch$16$rdmux[0][1][1]$b$37 [0] } = { 1'1 $memory$auto$proc_rom.cc:155:do_switch$16$rdmux[0][1][1]$b$37 [1] 1'1 $memory$auto$proc_rom.cc:155:do_switch$16$rdmux[0][1][1]$b$37 [1] 2'10 }
    Consolidated identical input bits for $mux cell $memory$auto$proc_rom.cc:155:do_switch$16$rdmux[0][2][2]$44:
      Old ports: A=$memory$auto$proc_rom.cc:155:do_switch$16$rdmux[0][2][2]$a$45, B=$memory$auto$proc_rom.cc:155:do_switch$16$rdmux[0][2][2]$b$46, Y=$memory$auto$proc_rom.cc:155:do_switch$16$rdmux[0][1][1]$a$36
      New ports: A={ 1'0 $memory$auto$proc_rom.cc:155:do_switch$16$rdmux[0][2][2]$a$45 [1:0] }, B=$memory$auto$proc_rom.cc:155:do_switch$16$rdmux[0][2][2]$b$46 [2:0], Y=$memory$auto$proc_rom.cc:155:do_switch$16$rdmux[0][1][1]$a$36 [2:0]
      New connections: $memory$auto$proc_rom.cc:155:do_switch$16$rdmux[0][1][1]$a$36 [6:3] = 4'1010
    Consolidated identical input bits for $mux cell $memory$auto$proc_rom.cc:155:do_switch$16$rdmux[0][2][1]$41:
      Old ports: A=$memory$auto$proc_rom.cc:155:do_switch$16$rdmux[0][2][1]$a$42, B=$memory$auto$proc_rom.cc:155:do_switch$16$rdmux[0][2][1]$b$43, Y=$memory$auto$proc_rom.cc:155:do_switch$16$rdmux[0][1][0]$b$34
      New ports: A={ 1'0 $memory$auto$proc_rom.cc:155:do_switch$16$rdmux[0][2][1]$a$42 [1:0] }, B={ 1'1 $memory$auto$proc_rom.cc:155:do_switch$16$rdmux[0][2][1]$b$43 [1:0] }, Y=$memory$auto$proc_rom.cc:155:do_switch$16$rdmux[0][1][0]$b$34 [2:0]
      New connections: $memory$auto$proc_rom.cc:155:do_switch$16$rdmux[0][1][0]$b$34 [6:3] = 4'1001
    Consolidated identical input bits for $mux cell $memory$auto$proc_rom.cc:155:do_switch$16$rdmux[0][2][0]$38:
      Old ports: A=$memory$auto$proc_rom.cc:155:do_switch$16$rdmux[0][2][0]$a$39, B=$memory$auto$proc_rom.cc:155:do_switch$16$rdmux[0][2][0]$b$40, Y=$memory$auto$proc_rom.cc:155:do_switch$16$rdmux[0][1][0]$a$33
      New ports: A={ 1'0 $memory$auto$proc_rom.cc:155:do_switch$16$rdmux[0][2][0]$a$39 [4:2] 1'0 }, B={ 3'100 $memory$auto$proc_rom.cc:155:do_switch$16$rdmux[0][2][0]$b$40 [2:1] }, Y={ $memory$auto$proc_rom.cc:155:do_switch$16$rdmux[0][1][0]$a$33 [6] $memory$auto$proc_rom.cc:155:do_switch$16$rdmux[0][1][0]$a$33 [4:1] }
      New connections: { $memory$auto$proc_rom.cc:155:do_switch$16$rdmux[0][1][0]$a$33 [5] $memory$auto$proc_rom.cc:155:do_switch$16$rdmux[0][1][0]$a$33 [0] } = { $memory$auto$proc_rom.cc:155:do_switch$16$rdmux[0][1][0]$a$33 [4] 1'0 }
  Optimizing cells in module \ex253_semantic_u2_sum8_arith_qcase.
    Consolidated identical input bits for $mux cell $memory$auto$proc_rom.cc:155:do_switch$16$rdmux[0][1][1]$35:
      Old ports: A=$memory$auto$proc_rom.cc:155:do_switch$16$rdmux[0][1][1]$a$36, B=$memory$auto$proc_rom.cc:155:do_switch$16$rdmux[0][1][1]$b$37, Y=$memory$auto$proc_rom.cc:155:do_switch$16$rdmux[0][0][0]$b$31
      New ports: A={ 1'0 $memory$auto$proc_rom.cc:155:do_switch$16$rdmux[0][1][1]$a$36 [2:0] }, B={ $memory$auto$proc_rom.cc:155:do_switch$16$rdmux[0][1][1]$b$37 [1] 1'1 $memory$auto$proc_rom.cc:155:do_switch$16$rdmux[0][1][1]$b$37 [1] 1'0 }, Y=$memory$auto$proc_rom.cc:155:do_switch$16$rdmux[0][0][0]$b$31 [3:0]
      New connections: $memory$auto$proc_rom.cc:155:do_switch$16$rdmux[0][0][0]$b$31 [6:4] = { 1'1 $memory$auto$proc_rom.cc:155:do_switch$16$rdmux[0][0][0]$b$31 [3] 1'1 }
    Consolidated identical input bits for $mux cell $memory$auto$proc_rom.cc:155:do_switch$16$rdmux[0][1][0]$32:
      Old ports: A=$memory$auto$proc_rom.cc:155:do_switch$16$rdmux[0][1][0]$a$33, B=$memory$auto$proc_rom.cc:155:do_switch$16$rdmux[0][1][0]$b$34, Y=$memory$auto$proc_rom.cc:155:do_switch$16$rdmux[0][0][0]$a$30
      New ports: A={ $memory$auto$proc_rom.cc:155:do_switch$16$rdmux[0][1][0]$a$33 [6] $memory$auto$proc_rom.cc:155:do_switch$16$rdmux[0][1][0]$a$33 [4:1] 1'0 }, B={ 3'101 $memory$auto$proc_rom.cc:155:do_switch$16$rdmux[0][1][0]$b$34 [2:0] }, Y={ $memory$auto$proc_rom.cc:155:do_switch$16$rdmux[0][0][0]$a$30 [6] $memory$auto$proc_rom.cc:155:do_switch$16$rdmux[0][0][0]$a$30 [4:0] }
      New connections: $memory$auto$proc_rom.cc:155:do_switch$16$rdmux[0][0][0]$a$30 [5] = $memory$auto$proc_rom.cc:155:do_switch$16$rdmux[0][0][0]$a$30 [4]
  Optimizing cells in module \ex253_semantic_u2_sum8_arith_qcase.
Performed a total of 24 changes.

2.21.5. Executing OPT_MERGE pass (detect identical cells).
Finding identical cells in module `\ex253_semantic_u2_sum8_arith_qcase'.
Computing hashes of 27 cells of `\ex253_semantic_u2_sum8_arith_qcase'.
Finding duplicate cells in `\ex253_semantic_u2_sum8_arith_qcase'.
Computing hashes of 18 cells of `\ex253_semantic_u2_sum8_arith_qcase'.
Finding duplicate cells in `\ex253_semantic_u2_sum8_arith_qcase'.
Computing hashes of 16 cells of `\ex253_semantic_u2_sum8_arith_qcase'.
Finding duplicate cells in `\ex253_semantic_u2_sum8_arith_qcase'.
Removed a total of 11 cells.

2.21.6. Executing OPT_SHARE pass.

2.21.7. Executing OPT_DFF pass (perform DFF optimizations).

2.21.8. Executing OPT_CLEAN pass (remove unused cells and wires).
Finding unused cells or wires in module \ex253_semantic_u2_sum8_arith_qcase..
Removed 0 unused cells and 113 unused wires.

2.21.9. Executing OPT_EXPR pass (perform const folding).
Optimizing module ex253_semantic_u2_sum8_arith_qcase.

2.21.10. Rerunning OPT passes. (Maybe there is more to do..)

2.21.11. Executing OPT_MUXTREE pass (detect dead branches in mux trees).
Running muxtree optimizer on module \ex253_semantic_u2_sum8_arith_qcase..
  Creating internal representation of mux trees.
  Evaluating internal representation of mux trees.
  Analyzing evaluation results.
Removed 0 multiplexer ports.

2.21.12. Executing OPT_REDUCE pass (consolidate $*mux and $reduce_* inputs).
  Optimizing cells in module \ex253_semantic_u2_sum8_arith_qcase.
    Consolidated identical input bits for $mux cell $memory$auto$proc_rom.cc:155:do_switch$16$rdmux[0][3][3]$59:
      Old ports: A={ 1'0 $memory$auto$proc_rom.cc:155:do_switch$16$rdmux[0][3][0]$a$51 [4] }, B={ 1'1 $memory$auto$proc_rom.cc:155:do_switch$16$rdmux[0][3][0]$a$51 [4] }, Y=$memory$auto$proc_rom.cc:155:do_switch$16$rdmux[0][2][0]$b$40 [2:1]
      New ports: A=1'0, B=1'1, Y=$memory$auto$proc_rom.cc:155:do_switch$16$rdmux[0][2][0]$b$40 [2]
      New connections: $memory$auto$proc_rom.cc:155:do_switch$16$rdmux[0][2][0]$b$40 [1] = \lane_sum [0]
    Consolidated identical input bits for $mux cell $memory$auto$proc_rom.cc:155:do_switch$16$rdmux[0][2][1]$41:
      Old ports: A={ 1'0 $memory$auto$proc_rom.cc:155:do_switch$16$rdmux[0][2][0]$b$40 [2:1] }, B={ 1'1 $memory$auto$proc_rom.cc:155:do_switch$16$rdmux[0][2][0]$b$40 [2:1] }, Y=$memory$auto$proc_rom.cc:155:do_switch$16$rdmux[0][1][0]$b$34 [2:0]
      New ports: A=1'0, B=1'1, Y=$memory$auto$proc_rom.cc:155:do_switch$16$rdmux[0][1][0]$b$34 [2]
      New connections: $memory$auto$proc_rom.cc:155:do_switch$16$rdmux[0][1][0]$b$34 [1:0] = $memory$auto$proc_rom.cc:155:do_switch$16$rdmux[0][2][0]$b$40 [2:1]
  Optimizing cells in module \ex253_semantic_u2_sum8_arith_qcase.
Performed a total of 2 changes.

2.21.13. Executing OPT_MERGE pass (detect identical cells).
Finding identical cells in module `\ex253_semantic_u2_sum8_arith_qcase'.
Computing hashes of 15 cells of `\ex253_semantic_u2_sum8_arith_qcase'.
Finding duplicate cells in `\ex253_semantic_u2_sum8_arith_qcase'.
Removed a total of 0 cells.

2.21.14. Executing OPT_SHARE pass.

2.21.15. Executing OPT_DFF pass (perform DFF optimizations).

2.21.16. Executing OPT_CLEAN pass (remove unused cells and wires).
Finding unused cells or wires in module \ex253_semantic_u2_sum8_arith_qcase..
Removed 0 unused cells and 2 unused wires.

2.21.17. Executing OPT_EXPR pass (perform const folding).
Optimizing module ex253_semantic_u2_sum8_arith_qcase.

2.21.18. Rerunning OPT passes. (Maybe there is more to do..)

2.21.19. Executing OPT_MUXTREE pass (detect dead branches in mux trees).
Running muxtree optimizer on module \ex253_semantic_u2_sum8_arith_qcase..
  Creating internal representation of mux trees.
  Evaluating internal representation of mux trees.
  Analyzing evaluation results.
Removed 0 multiplexer ports.

2.21.20. Executing OPT_REDUCE pass (consolidate $*mux and $reduce_* inputs).
  Optimizing cells in module \ex253_semantic_u2_sum8_arith_qcase.
Performed a total of 0 changes.

2.21.21. Executing OPT_MERGE pass (detect identical cells).
Finding identical cells in module `\ex253_semantic_u2_sum8_arith_qcase'.
Computing hashes of 13 cells of `\ex253_semantic_u2_sum8_arith_qcase'.
Finding duplicate cells in `\ex253_semantic_u2_sum8_arith_qcase'.
Removed a total of 0 cells.

2.21.22. Executing OPT_SHARE pass.

2.21.23. Executing OPT_DFF pass (perform DFF optimizations).

2.21.24. Executing OPT_CLEAN pass (remove unused cells and wires).
Finding unused cells or wires in module \ex253_semantic_u2_sum8_arith_qcase..
Removed 0 unused cells and 1 unused wires.

2.21.25. Executing OPT_EXPR pass (perform const folding).
Optimizing module ex253_semantic_u2_sum8_arith_qcase.

2.21.26. Rerunning OPT passes. (Maybe there is more to do..)

2.21.27. Executing OPT_MUXTREE pass (detect dead branches in mux trees).
Running muxtree optimizer on module \ex253_semantic_u2_sum8_arith_qcase..
  Creating internal representation of mux trees.
  Evaluating internal representation of mux trees.
  Analyzing evaluation results.
Removed 0 multiplexer ports.

2.21.28. Executing OPT_REDUCE pass (consolidate $*mux and $reduce_* inputs).
  Optimizing cells in module \ex253_semantic_u2_sum8_arith_qcase.
Performed a total of 0 changes.

2.21.29. Executing OPT_MERGE pass (detect identical cells).
Finding identical cells in module `\ex253_semantic_u2_sum8_arith_qcase'.
Computing hashes of 13 cells of `\ex253_semantic_u2_sum8_arith_qcase'.
Finding duplicate cells in `\ex253_semantic_u2_sum8_arith_qcase'.
Removed a total of 0 cells.

2.21.30. Executing OPT_SHARE pass.

2.21.31. Executing OPT_DFF pass (perform DFF optimizations).

2.21.32. Executing OPT_CLEAN pass (remove unused cells and wires).
Finding unused cells or wires in module \ex253_semantic_u2_sum8_arith_qcase..

2.21.33. Executing OPT_EXPR pass (perform const folding).
Optimizing module ex253_semantic_u2_sum8_arith_qcase.

2.21.34. Finished fast OPT passes. (There is nothing left to do.)

2.22. Executing TECHMAP pass (map to technology primitives).

2.22.1. Executing Verilog-2005 frontend: /home/b10507053/ALS_Final_Project/student/tools/conda-env/bin/../share/yosys/techmap.v
Parsing Verilog input from `/home/b10507053/ALS_Final_Project/student/tools/conda-env/bin/../share/yosys/techmap.v' to AST representation.
Generating RTLIL representation for module `\_90_simplemap_bool_ops'.
Generating RTLIL representation for module `\_90_simplemap_reduce_ops'.
Generating RTLIL representation for module `\_90_simplemap_logic_ops'.
Generating RTLIL representation for module `\_90_simplemap_compare_ops'.
Generating RTLIL representation for module `\_90_simplemap_various'.
Generating RTLIL representation for module `\_90_simplemap_registers'.
Generating RTLIL representation for module `\_90_shift_ops_shr_shl_sshl_sshr'.
Generating RTLIL representation for module `\_90_shift_shiftx'.
Generating RTLIL representation for module `\_90_fa'.
Generating RTLIL representation for module `\_90_lcu_brent_kung'.
Generating RTLIL representation for module `\_90_alu'.
Generating RTLIL representation for module `\_90_macc'.
Generating RTLIL representation for module `\_90_alumacc'.
Generating RTLIL representation for module `$__div_mod_u'.
Generating RTLIL representation for module `$__div_mod_trunc'.
Generating RTLIL representation for module `\_90_div'.
Generating RTLIL representation for module `\_90_mod'.
Generating RTLIL representation for module `$__div_mod_floor'.
Generating RTLIL representation for module `\_90_divfloor'.
Generating RTLIL representation for module `\_90_modfloor'.
Generating RTLIL representation for module `\_90_pow'.
Generating RTLIL representation for module `\_90_demux'.
Generating RTLIL representation for module `\_90_lut'.
Generating RTLIL representation for module `$connect'.
Generating RTLIL representation for module `$input_port'.
Successfully finished Verilog frontend.

2.22.2. Continuing TECHMAP pass.
Using extmapper maccmap for cells of type $macc_v2.
  add \in [1:0] (2 bits, unsigned)
  add \in [15:14] (2 bits, unsigned)
  add \in [13:12] (2 bits, unsigned)
  add \in [11:10] (2 bits, unsigned)
  add \in [9:8] (2 bits, unsigned)
  add \in [7:6] (2 bits, unsigned)
  add \in [5:4] (2 bits, unsigned)
  add \in [3:2] (2 bits, unsigned)
  packed 3 (2) bits / 1 words into adder tree
Using extmapper simplemap for cells of type $mux.
Using extmapper simplemap for cells of type $or.
Using template $paramod\_90_fa\WIDTH=32'00000000000000000000000000000010 for cells of type $fa.
Using template $paramod\_90_fa\WIDTH=32'00000000000000000000000000000011 for cells of type $fa.
Using template $paramod\_90_fa\WIDTH=32'00000000000000000000000000000100 for cells of type $fa.
Using template $paramod\_90_fa\WIDTH=32'00000000000000000000000000000101 for cells of type $fa.
Using template $paramod$00298f3f8094950cb9a5ff2fda48d0d8bde8806c\_90_alu for cells of type $alu.
Using extmapper simplemap for cells of type $xor.
Using extmapper simplemap for cells of type $and.
Using template $paramod\_90_fa\WIDTH=32'00000000000000000000000000000110 for cells of type $fa.
Using template $paramod\_90_lcu_brent_kung\WIDTH=32'00000000000000000000000000000110 for cells of type $lcu.
Using extmapper simplemap for cells of type $pos.
Using extmapper simplemap for cells of type $not.
No more expansions possible.

2.23. Executing OPT pass (performing simple optimizations).

2.23.1. Executing OPT_EXPR pass (perform const folding).
Optimizing module ex253_semantic_u2_sum8_arith_qcase.

2.23.2. Executing OPT_MERGE pass (detect identical cells).
Finding identical cells in module `\ex253_semantic_u2_sum8_arith_qcase'.
Computing hashes of 106 cells of `\ex253_semantic_u2_sum8_arith_qcase'.
Finding duplicate cells in `\ex253_semantic_u2_sum8_arith_qcase'.
Computing hashes of 103 cells of `\ex253_semantic_u2_sum8_arith_qcase'.
Finding duplicate cells in `\ex253_semantic_u2_sum8_arith_qcase'.
Removed a total of 3 cells.

2.23.3. Executing OPT_DFF pass (perform DFF optimizations).

2.23.4. Executing OPT_CLEAN pass (remove unused cells and wires).
Finding unused cells or wires in module \ex253_semantic_u2_sum8_arith_qcase..
Removed 3 unused cells and 98 unused wires.

2.23.5. Finished fast OPT passes.

2.24. Executing ABC pass (technology mapping using ABC).

2.24.1. Extracting gate netlist of module `\ex253_semantic_u2_sum8_arith_qcase' to `<abc-temp-dir>/input.blif'..

2.24.1.1. Executed ABC.
Extracted 100 gates and 118 wires to a netlist network with 16 inputs and 7 outputs.
Running ABC script: <abc-temp-dir>/abc.script
ABC: UC Berkeley, ABC 1.01 (compiled May 12 2026 13:26:50)
ABC: abc 01> empty
ABC: abc 01> source <abc-temp-dir>/abc.script
ABC: + read_blif <abc-temp-dir>/input.blif 
ABC: + read_library <abc-temp-dir>/stdcells.genlib 
ABC: + strash 
ABC: + &get -n 
ABC: + &fraig -x 
ABC: + &put 
ABC: + scorr 
ABC: Warning: The network is combinational (run "fraig" or "fraig_sweep").
ABC: + dc2 
ABC: + dretime 
ABC: + strash 
ABC: + &get -n 
ABC: + &dch -f 
ABC: + &nf 
ABC: + &put 
ABC: + write_blif <abc-temp-dir>/output.blif 
ABC: 
ABC: YOSYS_ABC_DONE 

2.24.1.2. Re-integrating ABC results.
ABC RESULTS:               AND cells:       16
ABC RESULTS:            ANDNOT cells:        2
ABC RESULTS:               MUX cells:        3
ABC RESULTS:              NAND cells:       36
ABC RESULTS:               NOR cells:        1
ABC RESULTS:               NOT cells:        3
ABC RESULTS:                OR cells:       13
ABC RESULTS:             ORNOT cells:        2
ABC RESULTS:              XNOR cells:       11
ABC RESULTS:               XOR cells:       14
ABC RESULTS:        internal signals:       95
ABC RESULTS:           input signals:       16
ABC RESULTS:          output signals:        7
Removing temp directory.
Removing global temp directory.

2.25. Executing OPT pass (performing simple optimizations).

2.25.1. Executing OPT_EXPR pass (perform const folding).
Optimizing module ex253_semantic_u2_sum8_arith_qcase.

2.25.2. Executing OPT_MERGE pass (detect identical cells).
Finding identical cells in module `\ex253_semantic_u2_sum8_arith_qcase'.
Computing hashes of 101 cells of `\ex253_semantic_u2_sum8_arith_qcase'.
Finding duplicate cells in `\ex253_semantic_u2_sum8_arith_qcase'.
Removed a total of 0 cells.

2.25.3. Executing OPT_DFF pass (perform DFF optimizations).

2.25.4. Executing OPT_CLEAN pass (remove unused cells and wires).
Finding unused cells or wires in module \ex253_semantic_u2_sum8_arith_qcase..
Removed 0 unused cells and 66 unused wires.

2.25.5. Finished fast OPT passes.

2.26. Executing HIERARCHY pass (managing design hierarchy).
Attribute `top' found on module `ex253_semantic_u2_sum8_arith_qcase'. Setting top module to ex253_semantic_u2_sum8_arith_qcase.

2.26.1. Analyzing design hierarchy..
Top module:  \ex253_semantic_u2_sum8_arith_qcase

2.26.2. Analyzing design hierarchy..
Top module:  \ex253_semantic_u2_sum8_arith_qcase
Removed 0 unused modules.

2.27. Printing statistics.

=== ex253_semantic_u2_sum8_arith_qcase ===

        +----------Local Count, excluding submodules.
        | 
       99 wires
      141 wire bits
        5 public wires
       47 public wire bits
        2 ports
       24 port bits
      101 cells
        2   $_ANDNOT_
       16   $_AND_
        3   $_MUX_
       36   $_NAND_
        1   $_NOR_
        3   $_NOT_
        2   $_ORNOT_
       13   $_OR_
       11   $_XNOR_
       14   $_XOR_

2.28. Executing CHECK pass (checking for obvious problems).
Checking module ex253_semantic_u2_sum8_arith_qcase...
Found and reported 0 problems.

3. Executing ABC pass (technology mapping using ABC).

3.1. Extracting gate netlist of module `\ex253_semantic_u2_sum8_arith_qcase' to `<abc-temp-dir>/input.blif'..

3.1.1. Executed ABC.
Extracted 101 gates and 117 wires to a netlist network with 16 inputs and 7 outputs.
Running ABC script: <abc-temp-dir>/abc.script
ABC: UC Berkeley, ABC 1.01 (compiled May 12 2026 13:26:50)
ABC: abc 01> empty
ABC: abc 01> source <abc-temp-dir>/abc.script
ABC: + read_blif <abc-temp-dir>/input.blif 
ABC: + read_library <abc-temp-dir>/stdcells.genlib 
ABC: + strash 
ABC: + &get -n 
ABC: + &fraig -x 
ABC: + &put 
ABC: + scorr 
ABC: Warning: The network is combinational (run "fraig" or "fraig_sweep").
ABC: + dc2 
ABC: + dretime 
ABC: + strash 
ABC: + &get -n 
ABC: + &dch -f 
ABC: + &nf 
ABC: + &put 
ABC: + write_blif <abc-temp-dir>/output.blif 
ABC: 
ABC: YOSYS_ABC_DONE 

3.1.2. Re-integrating ABC results.
ABC RESULTS:               AND cells:      124
ABC RESULTS:               NOT cells:      131
ABC RESULTS:        internal signals:       94
ABC RESULTS:           input signals:       16
ABC RESULTS:          output signals:        7
Removing temp directory.
Removing global temp directory.

4. Executing AIGMAP pass (map logic to AIG).
Module ex253_semantic_u2_sum8_arith_qcase: replaced 0 cells with 0 new cells, skipped 255 cells.
  not replaced 2 cell types:
     124 $_AND_
     131 $_NOT_

5. Executing OPT pass (performing simple optimizations).

5.1. Executing OPT_EXPR pass (perform const folding).
Optimizing module ex253_semantic_u2_sum8_arith_qcase.

5.2. Executing OPT_MERGE pass (detect identical cells).
Finding identical cells in module `\ex253_semantic_u2_sum8_arith_qcase'.
Computing hashes of 255 cells of `\ex253_semantic_u2_sum8_arith_qcase'.
Finding duplicate cells in `\ex253_semantic_u2_sum8_arith_qcase'.
Removed a total of 0 cells.

5.3. Executing OPT_MUXTREE pass (detect dead branches in mux trees).
Running muxtree optimizer on module \ex253_semantic_u2_sum8_arith_qcase..
  Creating internal representation of mux trees.
  No muxes found in this module.
Removed 0 multiplexer ports.

5.4. Executing OPT_REDUCE pass (consolidate $*mux and $reduce_* inputs).
  Optimizing cells in module \ex253_semantic_u2_sum8_arith_qcase.
Performed a total of 0 changes.

5.5. Executing OPT_MERGE pass (detect identical cells).
Finding identical cells in module `\ex253_semantic_u2_sum8_arith_qcase'.
Computing hashes of 255 cells of `\ex253_semantic_u2_sum8_arith_qcase'.
Finding duplicate cells in `\ex253_semantic_u2_sum8_arith_qcase'.
Removed a total of 0 cells.

5.6. Executing OPT_DFF pass (perform DFF optimizations).

5.7. Executing OPT_CLEAN pass (remove unused cells and wires).
Finding unused cells or wires in module \ex253_semantic_u2_sum8_arith_qcase..
Removed 0 unused cells and 117 unused wires.

5.8. Executing OPT_EXPR pass (perform const folding).
Optimizing module ex253_semantic_u2_sum8_arith_qcase.

5.9. Rerunning OPT passes. (Maybe there is more to do..)

5.10. Executing OPT_MUXTREE pass (detect dead branches in mux trees).
Running muxtree optimizer on module \ex253_semantic_u2_sum8_arith_qcase..
  Creating internal representation of mux trees.
  No muxes found in this module.
Removed 0 multiplexer ports.

5.11. Executing OPT_REDUCE pass (consolidate $*mux and $reduce_* inputs).
  Optimizing cells in module \ex253_semantic_u2_sum8_arith_qcase.
Performed a total of 0 changes.

5.12. Executing OPT_MERGE pass (detect identical cells).
Finding identical cells in module `\ex253_semantic_u2_sum8_arith_qcase'.
Computing hashes of 255 cells of `\ex253_semantic_u2_sum8_arith_qcase'.
Finding duplicate cells in `\ex253_semantic_u2_sum8_arith_qcase'.
Removed a total of 0 cells.

5.13. Executing OPT_DFF pass (perform DFF optimizations).

5.14. Executing OPT_CLEAN pass (remove unused cells and wires).
Finding unused cells or wires in module \ex253_semantic_u2_sum8_arith_qcase..

5.15. Executing OPT_EXPR pass (perform const folding).
Optimizing module ex253_semantic_u2_sum8_arith_qcase.

5.16. Finished fast OPT passes. (There is nothing left to do.)

6. Executing AIGER backend.
ERROR: Can't open output file `/home/b10507053/ALS_Final_Project/student/work/ex250_ex254_frontend_fp4_dot_fma_semantic_20260608_2105/ex253/aigs/ex253_semantic_u2_sum8_arith_qcase_synth_preset.aig' for writing: No such file or directory
