
 /----------------------------------------------------------------------------\
 |  yosys -- Yosys Open SYnthesis Suite                                       |
 |  Copyright (C) 2012 - 2026  Claire Xenia Wolf <claire@yosyshq.com>         |
 |  Distributed under an ISC-like license, type "license" to see terms        |
 \----------------------------------------------------------------------------/
 Yosys 0.65 (git sha1 aec814bdf3071f7e0fd0fbe43f7f711e99d01e24, g++ 14.3.0-19 -fvisibility-inlines-hidden -fmessage-length=0 -march=nocona -mtune=haswell -ftree-vectorize -fPIC -fstack-protector-strong -fno-plt -O2 -ffunction-sections -fdebug-prefix-map=/home/conda/feedstock_root/build_artifacts/yosys_1778591527500/work=/usr/local/src/conda/yosys-0.65 -fdebug-prefix-map=/home/b10507053/ALS_Final_Project/student/tools/conda-env=/usr/local/src/conda-prefix -fPIC -O3) [conda-forge/yosys-feedstock]

-- Executing script file `/tmp/als_yosys_synth_rtwp4akw.ys' --

1. Executing Verilog-2005 frontend: student/work/ex220_ex224_frontend_fp16_semantic_20260606_2050/ex221/verilog/ex221_fp16_exp2_semantic_sign_exp_field_defaults.v
Parsing Verilog input from `student/work/ex220_ex224_frontend_fp16_semantic_20260606_2050/ex221/verilog/ex221_fp16_exp2_semantic_sign_exp_field_defaults.v' to AST representation.
Generating RTLIL representation for module `\ex221_fp16_exp2_semantic_sign_exp_field_defaults'.
Successfully finished Verilog frontend.

2. Executing HIERARCHY pass (managing design hierarchy).

2.1. Analyzing design hierarchy..
Top module:  \ex221_fp16_exp2_semantic_sign_exp_field_defaults

2.2. Analyzing design hierarchy..
Top module:  \ex221_fp16_exp2_semantic_sign_exp_field_defaults
Removed 0 unused modules.

3. Executing PROC pass (convert processes to netlists).

3.1. Executing PROC_CLEAN pass (remove empty switches from decision trees).
Cleaned up 0 empty switches.

3.2. Executing PROC_RMDEAD pass (remove dead branches from decision trees).
Removed 1 dead cases from process $proc$student/work/ex220_ex224_frontend_fp16_semantic_20260606_2050/ex221/verilog/ex221_fp16_exp2_semantic_sign_exp_field_defaults.v:12$1 in module ex221_fp16_exp2_semantic_sign_exp_field_defaults.
Marked 32 switch rules as full_case in process $proc$student/work/ex220_ex224_frontend_fp16_semantic_20260606_2050/ex221/verilog/ex221_fp16_exp2_semantic_sign_exp_field_defaults.v:12$1 in module ex221_fp16_exp2_semantic_sign_exp_field_defaults.
Removed a total of 1 dead cases.

3.3. Executing PROC_PRUNE pass (remove redundant assignments in processes).
Removed 0 redundant assignments.
Promoted 3 assignments to connections.

3.4. Executing PROC_INIT pass (extract init attributes).

3.5. Executing PROC_ARST pass (detect async resets in processes).

3.6. Executing PROC_ROM pass (convert switches to ROMs).
Converted 29 switches.

3.7. Executing PROC_MUX pass (convert decision trees to multiplexers).
Creating decoders for process `\ex221_fp16_exp2_semantic_sign_exp_field_defaults.$proc$student/work/ex220_ex224_frontend_fp16_semantic_20260606_2050/ex221/verilog/ex221_fp16_exp2_semantic_sign_exp_field_defaults.v:12$1'.
     1/38: $32\out_mant[9:0]
     2/38: $32\out_exp[4:0]
     3/38: $32\out_sign[0:0]
     4/38: { $31\out_mant[9:0] $31\out_exp[4:0] $31\out_sign[0:0] }
     5/38: { $30\out_mant[9:0] $30\out_exp[4:0] $30\out_sign[0:0] }
     6/38: { $29\out_mant[9:0] $29\out_exp[4:0] $29\out_sign[0:0] }
     7/38: { $28\out_mant[9:0] $28\out_exp[4:0] $28\out_sign[0:0] }
     8/38: { $27\out_mant[9:0] $27\out_exp[4:0] $27\out_sign[0:0] }
     9/38: { $26\out_mant[9:0] $26\out_exp[4:0] $26\out_sign[0:0] }
    10/38: { $25\out_mant[9:0] $25\out_exp[4:0] $25\out_sign[0:0] }
    11/38: { $24\out_mant[9:0] $24\out_exp[4:0] $24\out_sign[0:0] }
    12/38: { $23\out_mant[9:0] $23\out_exp[4:0] $23\out_sign[0:0] }
    13/38: { $22\out_mant[9:0] $22\out_exp[4:0] $22\out_sign[0:0] }
    14/38: { $21\out_mant[9:0] $21\out_exp[4:0] $21\out_sign[0:0] }
    15/38: { $20\out_mant[9:0] $20\out_exp[4:0] $20\out_sign[0:0] }
    16/38: { $19\out_mant[9:0] $19\out_exp[4:0] $19\out_sign[0:0] }
    17/38: { $18\out_mant[9:0] $18\out_exp[4:0] $18\out_sign[0:0] }
    18/38: { $17\out_mant[9:0] $17\out_exp[4:0] $17\out_sign[0:0] }
    19/38: $16\out_mant[9:0]
    20/38: $16\out_exp[4:0]
    21/38: $16\out_sign[0:0]
    22/38: { $15\out_mant[9:0] $15\out_exp[4:0] $15\out_sign[0:0] }
    23/38: { $14\out_mant[9:0] $14\out_exp[4:0] $14\out_sign[0:0] }
    24/38: { $13\out_mant[9:0] $13\out_exp[4:0] $13\out_sign[0:0] }
    25/38: { $12\out_mant[9:0] $12\out_exp[4:0] $12\out_sign[0:0] }
    26/38: { $11\out_mant[9:0] $11\out_exp[4:0] $11\out_sign[0:0] }
    27/38: { $10\out_mant[9:0] $10\out_exp[4:0] $10\out_sign[0:0] }
    28/38: { $9\out_mant[9:0] $9\out_exp[4:0] $9\out_sign[0:0] }
    29/38: { $8\out_mant[9:0] $8\out_exp[4:0] $8\out_sign[0:0] }
    30/38: { $7\out_mant[9:0] $7\out_exp[4:0] $7\out_sign[0:0] }
    31/38: { $6\out_mant[9:0] $6\out_exp[4:0] $6\out_sign[0:0] }
    32/38: { $5\out_mant[9:0] $5\out_exp[4:0] $5\out_sign[0:0] }
    33/38: { $4\out_mant[9:0] $4\out_exp[4:0] $4\out_sign[0:0] }
    34/38: { $3\out_mant[9:0] $3\out_exp[4:0] $3\out_sign[0:0] }
    35/38: { $2\out_mant[9:0] $2\out_exp[4:0] $2\out_sign[0:0] }
    36/38: $1\out_mant[9:0]
    37/38: $1\out_exp[4:0]
    38/38: $1\out_sign[0:0]

3.8. Executing PROC_DLATCH pass (convert process syncs to latches).
No latch inferred for signal `\ex221_fp16_exp2_semantic_sign_exp_field_defaults.\out_sign' from process `\ex221_fp16_exp2_semantic_sign_exp_field_defaults.$proc$student/work/ex220_ex224_frontend_fp16_semantic_20260606_2050/ex221/verilog/ex221_fp16_exp2_semantic_sign_exp_field_defaults.v:12$1'.
No latch inferred for signal `\ex221_fp16_exp2_semantic_sign_exp_field_defaults.\out_exp' from process `\ex221_fp16_exp2_semantic_sign_exp_field_defaults.$proc$student/work/ex220_ex224_frontend_fp16_semantic_20260606_2050/ex221/verilog/ex221_fp16_exp2_semantic_sign_exp_field_defaults.v:12$1'.
No latch inferred for signal `\ex221_fp16_exp2_semantic_sign_exp_field_defaults.\out_mant' from process `\ex221_fp16_exp2_semantic_sign_exp_field_defaults.$proc$student/work/ex220_ex224_frontend_fp16_semantic_20260606_2050/ex221/verilog/ex221_fp16_exp2_semantic_sign_exp_field_defaults.v:12$1'.

3.9. Executing PROC_DFF pass (convert process syncs to FFs).

3.10. Executing PROC_MEMWR pass (convert process memory writes to cells).

3.11. Executing PROC_CLEAN pass (remove empty switches from decision trees).
Found and cleaned up 32 empty switches in `\ex221_fp16_exp2_semantic_sign_exp_field_defaults.$proc$student/work/ex220_ex224_frontend_fp16_semantic_20260606_2050/ex221/verilog/ex221_fp16_exp2_semantic_sign_exp_field_defaults.v:12$1'.
Removing empty process `ex221_fp16_exp2_semantic_sign_exp_field_defaults.$proc$student/work/ex220_ex224_frontend_fp16_semantic_20260606_2050/ex221/verilog/ex221_fp16_exp2_semantic_sign_exp_field_defaults.v:12$1'.
Cleaned up 32 empty switches.

3.12. Executing OPT_EXPR pass (perform const folding).
Optimizing module ex221_fp16_exp2_semantic_sign_exp_field_defaults.

4. Executing FLATTEN pass (flatten design).

5. Executing TRIBUF pass.

6. Executing DEMINOUT pass (demote inout ports to input or output).

7. Executing OPT pass (performing simple optimizations).

7.1. Executing OPT_EXPR pass (perform const folding).
Optimizing module ex221_fp16_exp2_semantic_sign_exp_field_defaults.

7.2. Executing OPT_MERGE pass (detect identical cells).
Finding identical cells in module `\ex221_fp16_exp2_semantic_sign_exp_field_defaults'.
Computing hashes of 333 cells of `\ex221_fp16_exp2_semantic_sign_exp_field_defaults'.
Finding duplicate cells in `\ex221_fp16_exp2_semantic_sign_exp_field_defaults'.
Computing hashes of 167 cells of `\ex221_fp16_exp2_semantic_sign_exp_field_defaults'.
Finding duplicate cells in `\ex221_fp16_exp2_semantic_sign_exp_field_defaults'.
Removed a total of 166 cells.

7.3. Executing OPT_MUXTREE pass (detect dead branches in mux trees).
Running muxtree optimizer on module \ex221_fp16_exp2_semantic_sign_exp_field_defaults..
  Creating internal representation of mux trees.
  Evaluating internal representation of mux trees.
  Analyzing evaluation results.
    dead port 2/2 on $mux $procmux$1353.
    dead port 2/2 on $mux $procmux$1289.
    dead port 2/2 on $mux $procmux$1229.
    dead port 2/2 on $mux $procmux$1170.
    dead port 2/2 on $mux $procmux$1112.
    dead port 2/2 on $mux $procmux$1055.
    dead port 2/2 on $mux $procmux$999.
    dead port 2/2 on $mux $procmux$944.
    dead port 2/2 on $mux $procmux$890.
    dead port 2/2 on $mux $procmux$837.
    dead port 2/2 on $mux $procmux$785.
    dead port 2/2 on $mux $procmux$734.
    dead port 2/2 on $mux $procmux$684.
    dead port 2/2 on $mux $procmux$635.
    dead port 2/2 on $mux $procmux$587.
    dead port 2/2 on $mux $procmux$551.
    dead port 2/2 on $mux $procmux$515.
    dead port 2/2 on $mux $procmux$478.
    dead port 2/2 on $mux $procmux$445.
    dead port 2/2 on $mux $procmux$416.
    dead port 2/2 on $mux $procmux$388.
    dead port 2/2 on $mux $procmux$361.
    dead port 2/2 on $mux $procmux$335.
    dead port 2/2 on $mux $procmux$310.
    dead port 2/2 on $mux $procmux$286.
    dead port 2/2 on $mux $procmux$263.
    dead port 2/2 on $mux $procmux$241.
    dead port 2/2 on $mux $procmux$220.
    dead port 2/2 on $mux $procmux$200.
    dead port 2/2 on $mux $procmux$181.
    dead port 2/2 on $mux $procmux$163.
    dead port 2/2 on $mux $procmux$146.
    dead port 2/2 on $mux $procmux$130.
    dead port 2/2 on $mux $procmux$126.
    dead port 2/2 on $mux $procmux$121.
Removed 35 multiplexer ports.

7.4. Executing OPT_REDUCE pass (consolidate $*mux and $reduce_* inputs).
  Optimizing cells in module \ex221_fp16_exp2_semantic_sign_exp_field_defaults.
    New ctrl vector for $pmux cell $procmux$1355: { $procmux$1486_CMP $auto$opt_reduce.cc:135:opt_pmux$1551 $procmux$1499_CMP $procmux$1500_CMP $procmux$1501_CMP $procmux$1502_CMP $procmux$1503_CMP $procmux$1504_CMP $procmux$1505_CMP $procmux$1506_CMP $procmux$1507_CMP $procmux$1508_CMP $procmux$1509_CMP $procmux$1510_CMP $procmux$1511_CMP $procmux$1512_CMP $procmux$1513_CMP $procmux$1514_CMP $procmux$1518_CMP $procmux$1531_CMP $procmux$1532_CMP $procmux$1533_CMP $procmux$1534_CMP $procmux$1535_CMP $procmux$1536_CMP $procmux$1537_CMP $procmux$1538_CMP $procmux$1539_CMP $procmux$1540_CMP $procmux$1541_CMP $procmux$1542_CMP $procmux$1543_CMP $procmux$1544_CMP $procmux$1545_CMP }
    New ctrl vector for $pmux cell $procmux$1420: { $procmux$1486_CMP $auto$opt_reduce.cc:135:opt_pmux$1557 $procmux$1499_CMP $procmux$1500_CMP $procmux$1501_CMP $procmux$1502_CMP $procmux$1503_CMP $procmux$1504_CMP $procmux$1505_CMP $procmux$1506_CMP $procmux$1507_CMP $procmux$1508_CMP $procmux$1509_CMP $procmux$1510_CMP $procmux$1511_CMP $procmux$1512_CMP $procmux$1513_CMP $procmux$1514_CMP $auto$opt_reduce.cc:135:opt_pmux$1555 $auto$opt_reduce.cc:135:opt_pmux$1553 $procmux$1531_CMP $procmux$1532_CMP $procmux$1533_CMP $procmux$1534_CMP $procmux$1535_CMP $procmux$1536_CMP $procmux$1537_CMP $procmux$1538_CMP $procmux$1539_CMP $procmux$1540_CMP $procmux$1541_CMP $procmux$1542_CMP $procmux$1543_CMP $procmux$1545_CMP }
    New ctrl vector for $pmux cell $procmux$1485: { $auto$opt_reduce.cc:135:opt_pmux$1559 $procmux$1499_CMP $procmux$1500_CMP $procmux$1501_CMP $procmux$1502_CMP $procmux$1503_CMP $procmux$1504_CMP $procmux$1505_CMP $procmux$1506_CMP $procmux$1507_CMP $procmux$1508_CMP $procmux$1509_CMP $procmux$1510_CMP $procmux$1511_CMP $procmux$1512_CMP $procmux$1514_CMP $procmux$1531_CMP $procmux$1532_CMP $procmux$1533_CMP $procmux$1534_CMP $procmux$1535_CMP $procmux$1536_CMP $procmux$1537_CMP $procmux$1538_CMP $procmux$1539_CMP $procmux$1540_CMP $procmux$1541_CMP $procmux$1542_CMP $procmux$1543_CMP $procmux$1545_CMP }
  Optimizing cells in module \ex221_fp16_exp2_semantic_sign_exp_field_defaults.
Performed a total of 3 changes.

7.5. Executing OPT_MERGE pass (detect identical cells).
Finding identical cells in module `\ex221_fp16_exp2_semantic_sign_exp_field_defaults'.
Computing hashes of 137 cells of `\ex221_fp16_exp2_semantic_sign_exp_field_defaults'.
Finding duplicate cells in `\ex221_fp16_exp2_semantic_sign_exp_field_defaults'.
Computing hashes of 136 cells of `\ex221_fp16_exp2_semantic_sign_exp_field_defaults'.
Finding duplicate cells in `\ex221_fp16_exp2_semantic_sign_exp_field_defaults'.
Removed a total of 1 cells.

7.6. Executing OPT_DFF pass (perform DFF optimizations).

7.7. Executing OPT_CLEAN pass (remove unused cells and wires).
Finding unused cells or wires in module \ex221_fp16_exp2_semantic_sign_exp_field_defaults..
Removed 1 unused cells and 247 unused wires.

7.8. Executing OPT_EXPR pass (perform const folding).
Optimizing module ex221_fp16_exp2_semantic_sign_exp_field_defaults.

7.9. Rerunning OPT passes. (Maybe there is more to do..)

7.10. Executing OPT_MUXTREE pass (detect dead branches in mux trees).
Running muxtree optimizer on module \ex221_fp16_exp2_semantic_sign_exp_field_defaults..
  Creating internal representation of mux trees.
  Evaluating internal representation of mux trees.
  Analyzing evaluation results.
Removed 0 multiplexer ports.

7.11. Executing OPT_REDUCE pass (consolidate $*mux and $reduce_* inputs).
  Optimizing cells in module \ex221_fp16_exp2_semantic_sign_exp_field_defaults.
    New ctrl vector for $pmux cell $procmux$1355: { $procmux$1354_CMP $procmux$1414_CMP $procmux$1290_CMP $procmux$1230_CMP $procmux$1171_CMP $procmux$1113_CMP $procmux$1056_CMP $procmux$1000_CMP $procmux$1407_CMP $procmux$1406_CMP $procmux$1405_CMP $procmux$1404_CMP $procmux$1403_CMP $procmux$1402_CMP $procmux$1401_CMP $auto$opt_reduce.cc:135:opt_pmux$1561 $procmux$1384_CMP $procmux$1383_CMP $procmux$1382_CMP $procmux$1381_CMP $procmux$1380_CMP $procmux$1379_CMP $procmux$1378_CMP $procmux$1377_CMP $procmux$1376_CMP $procmux$1375_CMP $procmux$1374_CMP $procmux$1373_CMP $procmux$1372_CMP $procmux$1371_CMP $procmux$1370_CMP $procmux$1369_CMP $auto$opt_reduce.cc:135:opt_pmux$1551 }
  Optimizing cells in module \ex221_fp16_exp2_semantic_sign_exp_field_defaults.
Performed a total of 1 changes.

7.12. Executing OPT_MERGE pass (detect identical cells).
Finding identical cells in module `\ex221_fp16_exp2_semantic_sign_exp_field_defaults'.
Computing hashes of 136 cells of `\ex221_fp16_exp2_semantic_sign_exp_field_defaults'.
Finding duplicate cells in `\ex221_fp16_exp2_semantic_sign_exp_field_defaults'.
Removed a total of 0 cells.

7.13. Executing OPT_DFF pass (perform DFF optimizations).

7.14. Executing OPT_CLEAN pass (remove unused cells and wires).
Finding unused cells or wires in module \ex221_fp16_exp2_semantic_sign_exp_field_defaults..

7.15. Executing OPT_EXPR pass (perform const folding).
Optimizing module ex221_fp16_exp2_semantic_sign_exp_field_defaults.

7.16. Rerunning OPT passes. (Maybe there is more to do..)

7.17. Executing OPT_MUXTREE pass (detect dead branches in mux trees).
Running muxtree optimizer on module \ex221_fp16_exp2_semantic_sign_exp_field_defaults..
  Creating internal representation of mux trees.
  Evaluating internal representation of mux trees.
  Analyzing evaluation results.
Removed 0 multiplexer ports.

7.18. Executing OPT_REDUCE pass (consolidate $*mux and $reduce_* inputs).
  Optimizing cells in module \ex221_fp16_exp2_semantic_sign_exp_field_defaults.
Performed a total of 0 changes.

7.19. Executing OPT_MERGE pass (detect identical cells).
Finding identical cells in module `\ex221_fp16_exp2_semantic_sign_exp_field_defaults'.
Computing hashes of 136 cells of `\ex221_fp16_exp2_semantic_sign_exp_field_defaults'.
Finding duplicate cells in `\ex221_fp16_exp2_semantic_sign_exp_field_defaults'.
Removed a total of 0 cells.

7.20. Executing OPT_DFF pass (perform DFF optimizations).

7.21. Executing OPT_CLEAN pass (remove unused cells and wires).
Finding unused cells or wires in module \ex221_fp16_exp2_semantic_sign_exp_field_defaults..

7.22. Executing OPT_EXPR pass (perform const folding).
Optimizing module ex221_fp16_exp2_semantic_sign_exp_field_defaults.

7.23. Finished fast OPT passes. (There is nothing left to do.)

8. Executing MEMORY pass.

8.1. Executing OPT_MEM pass (optimize memories).
ex221_fp16_exp2_semantic_sign_exp_field_defaults.$auto$proc_rom.cc:155:do_switch$115: removing const-0 lane 0
ex221_fp16_exp2_semantic_sign_exp_field_defaults.$auto$proc_rom.cc:155:do_switch$115: removing const-0 lane 4
ex221_fp16_exp2_semantic_sign_exp_field_defaults.$auto$proc_rom.cc:155:do_switch$115: removing const-0 lane 5
ex221_fp16_exp2_semantic_sign_exp_field_defaults.$auto$proc_rom.cc:155:do_switch$111: removing const-0 lane 0
ex221_fp16_exp2_semantic_sign_exp_field_defaults.$auto$proc_rom.cc:155:do_switch$111: removing const-0 lane 5
ex221_fp16_exp2_semantic_sign_exp_field_defaults.$auto$proc_rom.cc:155:do_switch$107: removing const-0 lane 0
ex221_fp16_exp2_semantic_sign_exp_field_defaults.$auto$proc_rom.cc:155:do_switch$107: removing const-1 lane 4
ex221_fp16_exp2_semantic_sign_exp_field_defaults.$auto$proc_rom.cc:155:do_switch$107: removing const-0 lane 5
ex221_fp16_exp2_semantic_sign_exp_field_defaults.$auto$proc_rom.cc:155:do_switch$103: removing const-0 lane 0
ex221_fp16_exp2_semantic_sign_exp_field_defaults.$auto$proc_rom.cc:155:do_switch$103: removing const-1 lane 3
ex221_fp16_exp2_semantic_sign_exp_field_defaults.$auto$proc_rom.cc:155:do_switch$103: removing const-1 lane 4
ex221_fp16_exp2_semantic_sign_exp_field_defaults.$auto$proc_rom.cc:155:do_switch$103: removing const-0 lane 5
ex221_fp16_exp2_semantic_sign_exp_field_defaults.$auto$proc_rom.cc:155:do_switch$99: removing const-0 lane 0
ex221_fp16_exp2_semantic_sign_exp_field_defaults.$auto$proc_rom.cc:155:do_switch$99: removing const-0 lane 1
ex221_fp16_exp2_semantic_sign_exp_field_defaults.$auto$proc_rom.cc:155:do_switch$99: removing const-1 lane 2
ex221_fp16_exp2_semantic_sign_exp_field_defaults.$auto$proc_rom.cc:155:do_switch$99: removing const-1 lane 3
ex221_fp16_exp2_semantic_sign_exp_field_defaults.$auto$proc_rom.cc:155:do_switch$99: removing const-1 lane 4
ex221_fp16_exp2_semantic_sign_exp_field_defaults.$auto$proc_rom.cc:155:do_switch$99: removing const-0 lane 5
ex221_fp16_exp2_semantic_sign_exp_field_defaults.$auto$proc_rom.cc:155:do_switch$99: removing const-0 lane 15
ex221_fp16_exp2_semantic_sign_exp_field_defaults.$auto$proc_rom.cc:155:do_switch$95: removing const-0 lane 0
ex221_fp16_exp2_semantic_sign_exp_field_defaults.$auto$proc_rom.cc:155:do_switch$95: removing const-0 lane 1
ex221_fp16_exp2_semantic_sign_exp_field_defaults.$auto$proc_rom.cc:155:do_switch$95: removing const-1 lane 2
ex221_fp16_exp2_semantic_sign_exp_field_defaults.$auto$proc_rom.cc:155:do_switch$95: removing const-1 lane 3
ex221_fp16_exp2_semantic_sign_exp_field_defaults.$auto$proc_rom.cc:155:do_switch$95: removing const-1 lane 4
ex221_fp16_exp2_semantic_sign_exp_field_defaults.$auto$proc_rom.cc:155:do_switch$95: removing const-0 lane 5
ex221_fp16_exp2_semantic_sign_exp_field_defaults.$auto$proc_rom.cc:155:do_switch$91: removing const-0 lane 0
ex221_fp16_exp2_semantic_sign_exp_field_defaults.$auto$proc_rom.cc:155:do_switch$91: removing const-0 lane 1
ex221_fp16_exp2_semantic_sign_exp_field_defaults.$auto$proc_rom.cc:155:do_switch$91: removing const-1 lane 2
ex221_fp16_exp2_semantic_sign_exp_field_defaults.$auto$proc_rom.cc:155:do_switch$91: removing const-1 lane 3
ex221_fp16_exp2_semantic_sign_exp_field_defaults.$auto$proc_rom.cc:155:do_switch$91: removing const-1 lane 4
ex221_fp16_exp2_semantic_sign_exp_field_defaults.$auto$proc_rom.cc:155:do_switch$91: removing const-0 lane 5
ex221_fp16_exp2_semantic_sign_exp_field_defaults.$auto$proc_rom.cc:155:do_switch$91: removing const-1 lane 15
ex221_fp16_exp2_semantic_sign_exp_field_defaults.$auto$proc_rom.cc:155:do_switch$87: removing const-0 lane 0
ex221_fp16_exp2_semantic_sign_exp_field_defaults.$auto$proc_rom.cc:155:do_switch$87: removing const-0 lane 1
ex221_fp16_exp2_semantic_sign_exp_field_defaults.$auto$proc_rom.cc:155:do_switch$87: removing const-1 lane 2
ex221_fp16_exp2_semantic_sign_exp_field_defaults.$auto$proc_rom.cc:155:do_switch$87: removing const-1 lane 3
ex221_fp16_exp2_semantic_sign_exp_field_defaults.$auto$proc_rom.cc:155:do_switch$87: removing const-1 lane 4
ex221_fp16_exp2_semantic_sign_exp_field_defaults.$auto$proc_rom.cc:155:do_switch$87: removing const-0 lane 5
ex221_fp16_exp2_semantic_sign_exp_field_defaults.$auto$proc_rom.cc:155:do_switch$87: removing const-1 lane 14
ex221_fp16_exp2_semantic_sign_exp_field_defaults.$auto$proc_rom.cc:155:do_switch$87: removing const-1 lane 15
ex221_fp16_exp2_semantic_sign_exp_field_defaults.$auto$proc_rom.cc:155:do_switch$83: removing const-0 lane 0
ex221_fp16_exp2_semantic_sign_exp_field_defaults.$auto$proc_rom.cc:155:do_switch$83: removing const-0 lane 1
ex221_fp16_exp2_semantic_sign_exp_field_defaults.$auto$proc_rom.cc:155:do_switch$83: removing const-1 lane 2
ex221_fp16_exp2_semantic_sign_exp_field_defaults.$auto$proc_rom.cc:155:do_switch$83: removing const-1 lane 3
ex221_fp16_exp2_semantic_sign_exp_field_defaults.$auto$proc_rom.cc:155:do_switch$83: removing const-1 lane 4
ex221_fp16_exp2_semantic_sign_exp_field_defaults.$auto$proc_rom.cc:155:do_switch$83: removing const-0 lane 5
ex221_fp16_exp2_semantic_sign_exp_field_defaults.$auto$proc_rom.cc:155:do_switch$83: removing const-1 lane 13
ex221_fp16_exp2_semantic_sign_exp_field_defaults.$auto$proc_rom.cc:155:do_switch$83: removing const-1 lane 14
ex221_fp16_exp2_semantic_sign_exp_field_defaults.$auto$proc_rom.cc:155:do_switch$83: removing const-1 lane 15
ex221_fp16_exp2_semantic_sign_exp_field_defaults.$auto$proc_rom.cc:155:do_switch$79: removing const-0 lane 0
ex221_fp16_exp2_semantic_sign_exp_field_defaults.$auto$proc_rom.cc:155:do_switch$79: removing const-0 lane 1
ex221_fp16_exp2_semantic_sign_exp_field_defaults.$auto$proc_rom.cc:155:do_switch$79: removing const-1 lane 2
ex221_fp16_exp2_semantic_sign_exp_field_defaults.$auto$proc_rom.cc:155:do_switch$79: removing const-1 lane 3
ex221_fp16_exp2_semantic_sign_exp_field_defaults.$auto$proc_rom.cc:155:do_switch$79: removing const-1 lane 4
ex221_fp16_exp2_semantic_sign_exp_field_defaults.$auto$proc_rom.cc:155:do_switch$79: removing const-0 lane 5
ex221_fp16_exp2_semantic_sign_exp_field_defaults.$auto$proc_rom.cc:155:do_switch$79: removing const-1 lane 12
ex221_fp16_exp2_semantic_sign_exp_field_defaults.$auto$proc_rom.cc:155:do_switch$79: removing const-1 lane 13
ex221_fp16_exp2_semantic_sign_exp_field_defaults.$auto$proc_rom.cc:155:do_switch$79: removing const-1 lane 14
ex221_fp16_exp2_semantic_sign_exp_field_defaults.$auto$proc_rom.cc:155:do_switch$79: removing const-1 lane 15
ex221_fp16_exp2_semantic_sign_exp_field_defaults.$auto$proc_rom.cc:155:do_switch$75: removing const-0 lane 0
ex221_fp16_exp2_semantic_sign_exp_field_defaults.$auto$proc_rom.cc:155:do_switch$75: removing const-0 lane 1
ex221_fp16_exp2_semantic_sign_exp_field_defaults.$auto$proc_rom.cc:155:do_switch$75: removing const-1 lane 2
ex221_fp16_exp2_semantic_sign_exp_field_defaults.$auto$proc_rom.cc:155:do_switch$75: removing const-1 lane 3
ex221_fp16_exp2_semantic_sign_exp_field_defaults.$auto$proc_rom.cc:155:do_switch$75: removing const-1 lane 4
ex221_fp16_exp2_semantic_sign_exp_field_defaults.$auto$proc_rom.cc:155:do_switch$75: removing const-0 lane 5
ex221_fp16_exp2_semantic_sign_exp_field_defaults.$auto$proc_rom.cc:155:do_switch$75: removing const-1 lane 11
ex221_fp16_exp2_semantic_sign_exp_field_defaults.$auto$proc_rom.cc:155:do_switch$75: removing const-1 lane 12
ex221_fp16_exp2_semantic_sign_exp_field_defaults.$auto$proc_rom.cc:155:do_switch$75: removing const-1 lane 13
ex221_fp16_exp2_semantic_sign_exp_field_defaults.$auto$proc_rom.cc:155:do_switch$75: removing const-1 lane 14
ex221_fp16_exp2_semantic_sign_exp_field_defaults.$auto$proc_rom.cc:155:do_switch$75: removing const-1 lane 15
ex221_fp16_exp2_semantic_sign_exp_field_defaults.$auto$proc_rom.cc:155:do_switch$71: removing const-0 lane 0
ex221_fp16_exp2_semantic_sign_exp_field_defaults.$auto$proc_rom.cc:155:do_switch$71: removing const-0 lane 1
ex221_fp16_exp2_semantic_sign_exp_field_defaults.$auto$proc_rom.cc:155:do_switch$71: removing const-1 lane 2
ex221_fp16_exp2_semantic_sign_exp_field_defaults.$auto$proc_rom.cc:155:do_switch$71: removing const-1 lane 3
ex221_fp16_exp2_semantic_sign_exp_field_defaults.$auto$proc_rom.cc:155:do_switch$71: removing const-1 lane 4
ex221_fp16_exp2_semantic_sign_exp_field_defaults.$auto$proc_rom.cc:155:do_switch$71: removing const-0 lane 5
ex221_fp16_exp2_semantic_sign_exp_field_defaults.$auto$proc_rom.cc:155:do_switch$71: removing const-1 lane 10
ex221_fp16_exp2_semantic_sign_exp_field_defaults.$auto$proc_rom.cc:155:do_switch$71: removing const-1 lane 11
ex221_fp16_exp2_semantic_sign_exp_field_defaults.$auto$proc_rom.cc:155:do_switch$71: removing const-1 lane 12
ex221_fp16_exp2_semantic_sign_exp_field_defaults.$auto$proc_rom.cc:155:do_switch$71: removing const-1 lane 13
ex221_fp16_exp2_semantic_sign_exp_field_defaults.$auto$proc_rom.cc:155:do_switch$71: removing const-1 lane 14
ex221_fp16_exp2_semantic_sign_exp_field_defaults.$auto$proc_rom.cc:155:do_switch$71: removing const-1 lane 15
ex221_fp16_exp2_semantic_sign_exp_field_defaults.$auto$proc_rom.cc:155:do_switch$67: removing const-0 lane 0
ex221_fp16_exp2_semantic_sign_exp_field_defaults.$auto$proc_rom.cc:155:do_switch$67: removing const-0 lane 1
ex221_fp16_exp2_semantic_sign_exp_field_defaults.$auto$proc_rom.cc:155:do_switch$67: removing const-1 lane 2
ex221_fp16_exp2_semantic_sign_exp_field_defaults.$auto$proc_rom.cc:155:do_switch$67: removing const-1 lane 3
ex221_fp16_exp2_semantic_sign_exp_field_defaults.$auto$proc_rom.cc:155:do_switch$67: removing const-1 lane 4
ex221_fp16_exp2_semantic_sign_exp_field_defaults.$auto$proc_rom.cc:155:do_switch$67: removing const-0 lane 5
ex221_fp16_exp2_semantic_sign_exp_field_defaults.$auto$proc_rom.cc:155:do_switch$67: removing const-1 lane 9
ex221_fp16_exp2_semantic_sign_exp_field_defaults.$auto$proc_rom.cc:155:do_switch$67: removing const-1 lane 10
ex221_fp16_exp2_semantic_sign_exp_field_defaults.$auto$proc_rom.cc:155:do_switch$67: removing const-1 lane 11
ex221_fp16_exp2_semantic_sign_exp_field_defaults.$auto$proc_rom.cc:155:do_switch$67: removing const-1 lane 12
ex221_fp16_exp2_semantic_sign_exp_field_defaults.$auto$proc_rom.cc:155:do_switch$67: removing const-1 lane 13
ex221_fp16_exp2_semantic_sign_exp_field_defaults.$auto$proc_rom.cc:155:do_switch$67: removing const-1 lane 14
ex221_fp16_exp2_semantic_sign_exp_field_defaults.$auto$proc_rom.cc:155:do_switch$67: removing const-1 lane 15
ex221_fp16_exp2_semantic_sign_exp_field_defaults.$auto$proc_rom.cc:155:do_switch$63: removing const-0 lane 0
ex221_fp16_exp2_semantic_sign_exp_field_defaults.$auto$proc_rom.cc:155:do_switch$63: removing const-0 lane 1
ex221_fp16_exp2_semantic_sign_exp_field_defaults.$auto$proc_rom.cc:155:do_switch$63: removing const-1 lane 2
ex221_fp16_exp2_semantic_sign_exp_field_defaults.$auto$proc_rom.cc:155:do_switch$63: removing const-1 lane 3
ex221_fp16_exp2_semantic_sign_exp_field_defaults.$auto$proc_rom.cc:155:do_switch$63: removing const-1 lane 4
ex221_fp16_exp2_semantic_sign_exp_field_defaults.$auto$proc_rom.cc:155:do_switch$63: removing const-0 lane 5
ex221_fp16_exp2_semantic_sign_exp_field_defaults.$auto$proc_rom.cc:155:do_switch$63: removing const-1 lane 8
ex221_fp16_exp2_semantic_sign_exp_field_defaults.$auto$proc_rom.cc:155:do_switch$63: removing const-1 lane 9
ex221_fp16_exp2_semantic_sign_exp_field_defaults.$auto$proc_rom.cc:155:do_switch$63: removing const-1 lane 10
ex221_fp16_exp2_semantic_sign_exp_field_defaults.$auto$proc_rom.cc:155:do_switch$63: removing const-1 lane 11
ex221_fp16_exp2_semantic_sign_exp_field_defaults.$auto$proc_rom.cc:155:do_switch$63: removing const-1 lane 12
ex221_fp16_exp2_semantic_sign_exp_field_defaults.$auto$proc_rom.cc:155:do_switch$63: removing const-1 lane 13
ex221_fp16_exp2_semantic_sign_exp_field_defaults.$auto$proc_rom.cc:155:do_switch$63: removing const-1 lane 14
ex221_fp16_exp2_semantic_sign_exp_field_defaults.$auto$proc_rom.cc:155:do_switch$63: removing const-1 lane 15
ex221_fp16_exp2_semantic_sign_exp_field_defaults.$auto$proc_rom.cc:155:do_switch$59: removing const-0 lane 0
ex221_fp16_exp2_semantic_sign_exp_field_defaults.$auto$proc_rom.cc:155:do_switch$59: removing const-1 lane 2
ex221_fp16_exp2_semantic_sign_exp_field_defaults.$auto$proc_rom.cc:155:do_switch$59: removing const-1 lane 3
ex221_fp16_exp2_semantic_sign_exp_field_defaults.$auto$proc_rom.cc:155:do_switch$59: removing const-1 lane 4
ex221_fp16_exp2_semantic_sign_exp_field_defaults.$auto$proc_rom.cc:155:do_switch$59: removing const-0 lane 5
ex221_fp16_exp2_semantic_sign_exp_field_defaults.$auto$proc_rom.cc:155:do_switch$55: removing const-0 lane 0
ex221_fp16_exp2_semantic_sign_exp_field_defaults.$auto$proc_rom.cc:155:do_switch$55: removing const-1 lane 5
ex221_fp16_exp2_semantic_sign_exp_field_defaults.$auto$proc_rom.cc:155:do_switch$51: removing const-0 lane 0
ex221_fp16_exp2_semantic_sign_exp_field_defaults.$auto$proc_rom.cc:155:do_switch$51: removing const-0 lane 4
ex221_fp16_exp2_semantic_sign_exp_field_defaults.$auto$proc_rom.cc:155:do_switch$51: removing const-1 lane 5
ex221_fp16_exp2_semantic_sign_exp_field_defaults.$auto$proc_rom.cc:155:do_switch$47: removing const-0 lane 0
ex221_fp16_exp2_semantic_sign_exp_field_defaults.$auto$proc_rom.cc:155:do_switch$47: removing const-0 lane 3
ex221_fp16_exp2_semantic_sign_exp_field_defaults.$auto$proc_rom.cc:155:do_switch$47: removing const-0 lane 4
ex221_fp16_exp2_semantic_sign_exp_field_defaults.$auto$proc_rom.cc:155:do_switch$47: removing const-1 lane 5
ex221_fp16_exp2_semantic_sign_exp_field_defaults.$auto$proc_rom.cc:155:do_switch$43: removing const-0 lane 0
ex221_fp16_exp2_semantic_sign_exp_field_defaults.$auto$proc_rom.cc:155:do_switch$43: removing const-0 lane 1
ex221_fp16_exp2_semantic_sign_exp_field_defaults.$auto$proc_rom.cc:155:do_switch$43: removing const-0 lane 2
ex221_fp16_exp2_semantic_sign_exp_field_defaults.$auto$proc_rom.cc:155:do_switch$43: removing const-0 lane 3
ex221_fp16_exp2_semantic_sign_exp_field_defaults.$auto$proc_rom.cc:155:do_switch$43: removing const-0 lane 4
ex221_fp16_exp2_semantic_sign_exp_field_defaults.$auto$proc_rom.cc:155:do_switch$43: removing const-1 lane 5
ex221_fp16_exp2_semantic_sign_exp_field_defaults.$auto$proc_rom.cc:155:do_switch$39: removing const-0 lane 0
ex221_fp16_exp2_semantic_sign_exp_field_defaults.$auto$proc_rom.cc:155:do_switch$39: removing const-1 lane 1
ex221_fp16_exp2_semantic_sign_exp_field_defaults.$auto$proc_rom.cc:155:do_switch$39: removing const-1 lane 2
ex221_fp16_exp2_semantic_sign_exp_field_defaults.$auto$proc_rom.cc:155:do_switch$39: removing const-1 lane 3
ex221_fp16_exp2_semantic_sign_exp_field_defaults.$auto$proc_rom.cc:155:do_switch$39: removing const-1 lane 4
ex221_fp16_exp2_semantic_sign_exp_field_defaults.$auto$proc_rom.cc:155:do_switch$39: removing const-0 lane 5
ex221_fp16_exp2_semantic_sign_exp_field_defaults.$auto$proc_rom.cc:155:do_switch$35: removing const-0 lane 0
ex221_fp16_exp2_semantic_sign_exp_field_defaults.$auto$proc_rom.cc:155:do_switch$35: removing const-1 lane 1
ex221_fp16_exp2_semantic_sign_exp_field_defaults.$auto$proc_rom.cc:155:do_switch$35: removing const-1 lane 2
ex221_fp16_exp2_semantic_sign_exp_field_defaults.$auto$proc_rom.cc:155:do_switch$35: removing const-1 lane 3
ex221_fp16_exp2_semantic_sign_exp_field_defaults.$auto$proc_rom.cc:155:do_switch$35: removing const-1 lane 4
ex221_fp16_exp2_semantic_sign_exp_field_defaults.$auto$proc_rom.cc:155:do_switch$35: removing const-0 lane 5
ex221_fp16_exp2_semantic_sign_exp_field_defaults.$auto$proc_rom.cc:155:do_switch$35: removing const-0 lane 15
ex221_fp16_exp2_semantic_sign_exp_field_defaults.$auto$proc_rom.cc:155:do_switch$31: removing const-0 lane 0
ex221_fp16_exp2_semantic_sign_exp_field_defaults.$auto$proc_rom.cc:155:do_switch$31: removing const-1 lane 1
ex221_fp16_exp2_semantic_sign_exp_field_defaults.$auto$proc_rom.cc:155:do_switch$31: removing const-1 lane 2
ex221_fp16_exp2_semantic_sign_exp_field_defaults.$auto$proc_rom.cc:155:do_switch$31: removing const-1 lane 3
ex221_fp16_exp2_semantic_sign_exp_field_defaults.$auto$proc_rom.cc:155:do_switch$31: removing const-1 lane 4
ex221_fp16_exp2_semantic_sign_exp_field_defaults.$auto$proc_rom.cc:155:do_switch$31: removing const-0 lane 5
ex221_fp16_exp2_semantic_sign_exp_field_defaults.$auto$proc_rom.cc:155:do_switch$31: removing const-0 lane 14
ex221_fp16_exp2_semantic_sign_exp_field_defaults.$auto$proc_rom.cc:155:do_switch$31: removing const-0 lane 15
ex221_fp16_exp2_semantic_sign_exp_field_defaults.$auto$proc_rom.cc:155:do_switch$27: removing const-0 lane 0
ex221_fp16_exp2_semantic_sign_exp_field_defaults.$auto$proc_rom.cc:155:do_switch$27: removing const-1 lane 1
ex221_fp16_exp2_semantic_sign_exp_field_defaults.$auto$proc_rom.cc:155:do_switch$27: removing const-1 lane 2
ex221_fp16_exp2_semantic_sign_exp_field_defaults.$auto$proc_rom.cc:155:do_switch$27: removing const-1 lane 3
ex221_fp16_exp2_semantic_sign_exp_field_defaults.$auto$proc_rom.cc:155:do_switch$27: removing const-1 lane 4
ex221_fp16_exp2_semantic_sign_exp_field_defaults.$auto$proc_rom.cc:155:do_switch$27: removing const-0 lane 5
ex221_fp16_exp2_semantic_sign_exp_field_defaults.$auto$proc_rom.cc:155:do_switch$27: removing const-0 lane 13
ex221_fp16_exp2_semantic_sign_exp_field_defaults.$auto$proc_rom.cc:155:do_switch$27: removing const-0 lane 14
ex221_fp16_exp2_semantic_sign_exp_field_defaults.$auto$proc_rom.cc:155:do_switch$27: removing const-0 lane 15
ex221_fp16_exp2_semantic_sign_exp_field_defaults.$auto$proc_rom.cc:155:do_switch$23: removing const-0 lane 0
ex221_fp16_exp2_semantic_sign_exp_field_defaults.$auto$proc_rom.cc:155:do_switch$23: removing const-1 lane 1
ex221_fp16_exp2_semantic_sign_exp_field_defaults.$auto$proc_rom.cc:155:do_switch$23: removing const-1 lane 2
ex221_fp16_exp2_semantic_sign_exp_field_defaults.$auto$proc_rom.cc:155:do_switch$23: removing const-1 lane 3
ex221_fp16_exp2_semantic_sign_exp_field_defaults.$auto$proc_rom.cc:155:do_switch$23: removing const-1 lane 4
ex221_fp16_exp2_semantic_sign_exp_field_defaults.$auto$proc_rom.cc:155:do_switch$23: removing const-0 lane 5
ex221_fp16_exp2_semantic_sign_exp_field_defaults.$auto$proc_rom.cc:155:do_switch$23: removing const-0 lane 12
ex221_fp16_exp2_semantic_sign_exp_field_defaults.$auto$proc_rom.cc:155:do_switch$23: removing const-0 lane 13
ex221_fp16_exp2_semantic_sign_exp_field_defaults.$auto$proc_rom.cc:155:do_switch$23: removing const-0 lane 14
ex221_fp16_exp2_semantic_sign_exp_field_defaults.$auto$proc_rom.cc:155:do_switch$23: removing const-0 lane 15
ex221_fp16_exp2_semantic_sign_exp_field_defaults.$auto$proc_rom.cc:155:do_switch$19: removing const-0 lane 0
ex221_fp16_exp2_semantic_sign_exp_field_defaults.$auto$proc_rom.cc:155:do_switch$19: removing const-1 lane 1
ex221_fp16_exp2_semantic_sign_exp_field_defaults.$auto$proc_rom.cc:155:do_switch$19: removing const-1 lane 2
ex221_fp16_exp2_semantic_sign_exp_field_defaults.$auto$proc_rom.cc:155:do_switch$19: removing const-1 lane 3
ex221_fp16_exp2_semantic_sign_exp_field_defaults.$auto$proc_rom.cc:155:do_switch$19: removing const-1 lane 4
ex221_fp16_exp2_semantic_sign_exp_field_defaults.$auto$proc_rom.cc:155:do_switch$19: removing const-0 lane 5
ex221_fp16_exp2_semantic_sign_exp_field_defaults.$auto$proc_rom.cc:155:do_switch$19: removing const-0 lane 11
ex221_fp16_exp2_semantic_sign_exp_field_defaults.$auto$proc_rom.cc:155:do_switch$19: removing const-0 lane 12
ex221_fp16_exp2_semantic_sign_exp_field_defaults.$auto$proc_rom.cc:155:do_switch$19: removing const-0 lane 13
ex221_fp16_exp2_semantic_sign_exp_field_defaults.$auto$proc_rom.cc:155:do_switch$19: removing const-0 lane 14
ex221_fp16_exp2_semantic_sign_exp_field_defaults.$auto$proc_rom.cc:155:do_switch$19: removing const-0 lane 15
ex221_fp16_exp2_semantic_sign_exp_field_defaults.$auto$proc_rom.cc:155:do_switch$15: removing const-0 lane 0
ex221_fp16_exp2_semantic_sign_exp_field_defaults.$auto$proc_rom.cc:155:do_switch$15: removing const-1 lane 1
ex221_fp16_exp2_semantic_sign_exp_field_defaults.$auto$proc_rom.cc:155:do_switch$15: removing const-1 lane 2
ex221_fp16_exp2_semantic_sign_exp_field_defaults.$auto$proc_rom.cc:155:do_switch$15: removing const-1 lane 3
ex221_fp16_exp2_semantic_sign_exp_field_defaults.$auto$proc_rom.cc:155:do_switch$15: removing const-1 lane 4
ex221_fp16_exp2_semantic_sign_exp_field_defaults.$auto$proc_rom.cc:155:do_switch$15: removing const-0 lane 5
ex221_fp16_exp2_semantic_sign_exp_field_defaults.$auto$proc_rom.cc:155:do_switch$15: removing const-0 lane 10
ex221_fp16_exp2_semantic_sign_exp_field_defaults.$auto$proc_rom.cc:155:do_switch$15: removing const-0 lane 11
ex221_fp16_exp2_semantic_sign_exp_field_defaults.$auto$proc_rom.cc:155:do_switch$15: removing const-0 lane 12
ex221_fp16_exp2_semantic_sign_exp_field_defaults.$auto$proc_rom.cc:155:do_switch$15: removing const-0 lane 13
ex221_fp16_exp2_semantic_sign_exp_field_defaults.$auto$proc_rom.cc:155:do_switch$15: removing const-0 lane 14
ex221_fp16_exp2_semantic_sign_exp_field_defaults.$auto$proc_rom.cc:155:do_switch$15: removing const-0 lane 15
ex221_fp16_exp2_semantic_sign_exp_field_defaults.$auto$proc_rom.cc:155:do_switch$11: removing const-0 lane 0
ex221_fp16_exp2_semantic_sign_exp_field_defaults.$auto$proc_rom.cc:155:do_switch$11: removing const-1 lane 1
ex221_fp16_exp2_semantic_sign_exp_field_defaults.$auto$proc_rom.cc:155:do_switch$11: removing const-1 lane 2
ex221_fp16_exp2_semantic_sign_exp_field_defaults.$auto$proc_rom.cc:155:do_switch$11: removing const-1 lane 3
ex221_fp16_exp2_semantic_sign_exp_field_defaults.$auto$proc_rom.cc:155:do_switch$11: removing const-1 lane 4
ex221_fp16_exp2_semantic_sign_exp_field_defaults.$auto$proc_rom.cc:155:do_switch$11: removing const-0 lane 5
ex221_fp16_exp2_semantic_sign_exp_field_defaults.$auto$proc_rom.cc:155:do_switch$11: removing const-0 lane 9
ex221_fp16_exp2_semantic_sign_exp_field_defaults.$auto$proc_rom.cc:155:do_switch$11: removing const-0 lane 10
ex221_fp16_exp2_semantic_sign_exp_field_defaults.$auto$proc_rom.cc:155:do_switch$11: removing const-0 lane 11
ex221_fp16_exp2_semantic_sign_exp_field_defaults.$auto$proc_rom.cc:155:do_switch$11: removing const-0 lane 12
ex221_fp16_exp2_semantic_sign_exp_field_defaults.$auto$proc_rom.cc:155:do_switch$11: removing const-0 lane 13
ex221_fp16_exp2_semantic_sign_exp_field_defaults.$auto$proc_rom.cc:155:do_switch$11: removing const-0 lane 14
ex221_fp16_exp2_semantic_sign_exp_field_defaults.$auto$proc_rom.cc:155:do_switch$11: removing const-0 lane 15
ex221_fp16_exp2_semantic_sign_exp_field_defaults.$auto$proc_rom.cc:155:do_switch$7: removing const-0 lane 0
ex221_fp16_exp2_semantic_sign_exp_field_defaults.$auto$proc_rom.cc:155:do_switch$7: removing const-1 lane 1
ex221_fp16_exp2_semantic_sign_exp_field_defaults.$auto$proc_rom.cc:155:do_switch$7: removing const-1 lane 2
ex221_fp16_exp2_semantic_sign_exp_field_defaults.$auto$proc_rom.cc:155:do_switch$7: removing const-1 lane 3
ex221_fp16_exp2_semantic_sign_exp_field_defaults.$auto$proc_rom.cc:155:do_switch$7: removing const-1 lane 4
ex221_fp16_exp2_semantic_sign_exp_field_defaults.$auto$proc_rom.cc:155:do_switch$7: removing const-0 lane 5
ex221_fp16_exp2_semantic_sign_exp_field_defaults.$auto$proc_rom.cc:155:do_switch$7: removing const-0 lane 8
ex221_fp16_exp2_semantic_sign_exp_field_defaults.$auto$proc_rom.cc:155:do_switch$7: removing const-0 lane 9
ex221_fp16_exp2_semantic_sign_exp_field_defaults.$auto$proc_rom.cc:155:do_switch$7: removing const-0 lane 10
ex221_fp16_exp2_semantic_sign_exp_field_defaults.$auto$proc_rom.cc:155:do_switch$7: removing const-0 lane 11
ex221_fp16_exp2_semantic_sign_exp_field_defaults.$auto$proc_rom.cc:155:do_switch$7: removing const-0 lane 12
ex221_fp16_exp2_semantic_sign_exp_field_defaults.$auto$proc_rom.cc:155:do_switch$7: removing const-0 lane 13
ex221_fp16_exp2_semantic_sign_exp_field_defaults.$auto$proc_rom.cc:155:do_switch$7: removing const-0 lane 14
ex221_fp16_exp2_semantic_sign_exp_field_defaults.$auto$proc_rom.cc:155:do_switch$7: removing const-0 lane 15
ex221_fp16_exp2_semantic_sign_exp_field_defaults.$auto$proc_rom.cc:155:do_switch$3: removing const-0 lane 0
ex221_fp16_exp2_semantic_sign_exp_field_defaults.$auto$proc_rom.cc:155:do_switch$3: removing const-1 lane 1
ex221_fp16_exp2_semantic_sign_exp_field_defaults.$auto$proc_rom.cc:155:do_switch$3: removing const-1 lane 2
ex221_fp16_exp2_semantic_sign_exp_field_defaults.$auto$proc_rom.cc:155:do_switch$3: removing const-1 lane 3
ex221_fp16_exp2_semantic_sign_exp_field_defaults.$auto$proc_rom.cc:155:do_switch$3: removing const-1 lane 4
ex221_fp16_exp2_semantic_sign_exp_field_defaults.$auto$proc_rom.cc:155:do_switch$3: removing const-0 lane 5
ex221_fp16_exp2_semantic_sign_exp_field_defaults.$auto$proc_rom.cc:155:do_switch$3: removing const-0 lane 7
ex221_fp16_exp2_semantic_sign_exp_field_defaults.$auto$proc_rom.cc:155:do_switch$3: removing const-0 lane 8
ex221_fp16_exp2_semantic_sign_exp_field_defaults.$auto$proc_rom.cc:155:do_switch$3: removing const-0 lane 9
ex221_fp16_exp2_semantic_sign_exp_field_defaults.$auto$proc_rom.cc:155:do_switch$3: removing const-0 lane 10
ex221_fp16_exp2_semantic_sign_exp_field_defaults.$auto$proc_rom.cc:155:do_switch$3: removing const-0 lane 11
ex221_fp16_exp2_semantic_sign_exp_field_defaults.$auto$proc_rom.cc:155:do_switch$3: removing const-0 lane 12
ex221_fp16_exp2_semantic_sign_exp_field_defaults.$auto$proc_rom.cc:155:do_switch$3: removing const-0 lane 13
ex221_fp16_exp2_semantic_sign_exp_field_defaults.$auto$proc_rom.cc:155:do_switch$3: removing const-0 lane 14
ex221_fp16_exp2_semantic_sign_exp_field_defaults.$auto$proc_rom.cc:155:do_switch$3: removing const-0 lane 15
Performed a total of 29 transformations.

8.2. Executing OPT_MEM_PRIORITY pass (removing unnecessary memory write priority relations).
Performed a total of 0 transformations.

8.3. Executing OPT_MEM_FEEDBACK pass (finding memory read-to-write feedback paths).

8.4. Executing MEMORY_BMUX2ROM pass (converting muxes to ROMs).

8.5. Executing MEMORY_DFF pass (merging $dff cells to $memrd).
Checking read port `$auto$proc_rom.cc:155:do_switch$115'[0] in module `\ex221_fp16_exp2_semantic_sign_exp_field_defaults': no output FF found.
Checking read port `$auto$proc_rom.cc:155:do_switch$111'[0] in module `\ex221_fp16_exp2_semantic_sign_exp_field_defaults': no output FF found.
Checking read port `$auto$proc_rom.cc:155:do_switch$107'[0] in module `\ex221_fp16_exp2_semantic_sign_exp_field_defaults': no output FF found.
Checking read port `$auto$proc_rom.cc:155:do_switch$103'[0] in module `\ex221_fp16_exp2_semantic_sign_exp_field_defaults': no output FF found.
Checking read port `$auto$proc_rom.cc:155:do_switch$99'[0] in module `\ex221_fp16_exp2_semantic_sign_exp_field_defaults': no output FF found.
Checking read port `$auto$proc_rom.cc:155:do_switch$95'[0] in module `\ex221_fp16_exp2_semantic_sign_exp_field_defaults': no output FF found.
Checking read port `$auto$proc_rom.cc:155:do_switch$91'[0] in module `\ex221_fp16_exp2_semantic_sign_exp_field_defaults': no output FF found.
Checking read port `$auto$proc_rom.cc:155:do_switch$87'[0] in module `\ex221_fp16_exp2_semantic_sign_exp_field_defaults': no output FF found.
Checking read port `$auto$proc_rom.cc:155:do_switch$83'[0] in module `\ex221_fp16_exp2_semantic_sign_exp_field_defaults': no output FF found.
Checking read port `$auto$proc_rom.cc:155:do_switch$79'[0] in module `\ex221_fp16_exp2_semantic_sign_exp_field_defaults': no output FF found.
Checking read port `$auto$proc_rom.cc:155:do_switch$75'[0] in module `\ex221_fp16_exp2_semantic_sign_exp_field_defaults': no output FF found.
Checking read port `$auto$proc_rom.cc:155:do_switch$71'[0] in module `\ex221_fp16_exp2_semantic_sign_exp_field_defaults': no output FF found.
Checking read port `$auto$proc_rom.cc:155:do_switch$67'[0] in module `\ex221_fp16_exp2_semantic_sign_exp_field_defaults': no output FF found.
Checking read port `$auto$proc_rom.cc:155:do_switch$63'[0] in module `\ex221_fp16_exp2_semantic_sign_exp_field_defaults': no output FF found.
Checking read port `$auto$proc_rom.cc:155:do_switch$59'[0] in module `\ex221_fp16_exp2_semantic_sign_exp_field_defaults': no output FF found.
Checking read port `$auto$proc_rom.cc:155:do_switch$55'[0] in module `\ex221_fp16_exp2_semantic_sign_exp_field_defaults': no output FF found.
Checking read port `$auto$proc_rom.cc:155:do_switch$51'[0] in module `\ex221_fp16_exp2_semantic_sign_exp_field_defaults': no output FF found.
Checking read port `$auto$proc_rom.cc:155:do_switch$47'[0] in module `\ex221_fp16_exp2_semantic_sign_exp_field_defaults': no output FF found.
Checking read port `$auto$proc_rom.cc:155:do_switch$43'[0] in module `\ex221_fp16_exp2_semantic_sign_exp_field_defaults': no output FF found.
Checking read port `$auto$proc_rom.cc:155:do_switch$39'[0] in module `\ex221_fp16_exp2_semantic_sign_exp_field_defaults': no output FF found.
Checking read port `$auto$proc_rom.cc:155:do_switch$35'[0] in module `\ex221_fp16_exp2_semantic_sign_exp_field_defaults': no output FF found.
Checking read port `$auto$proc_rom.cc:155:do_switch$31'[0] in module `\ex221_fp16_exp2_semantic_sign_exp_field_defaults': no output FF found.
Checking read port `$auto$proc_rom.cc:155:do_switch$27'[0] in module `\ex221_fp16_exp2_semantic_sign_exp_field_defaults': no output FF found.
Checking read port `$auto$proc_rom.cc:155:do_switch$23'[0] in module `\ex221_fp16_exp2_semantic_sign_exp_field_defaults': no output FF found.
Checking read port `$auto$proc_rom.cc:155:do_switch$19'[0] in module `\ex221_fp16_exp2_semantic_sign_exp_field_defaults': no output FF found.
Checking read port `$auto$proc_rom.cc:155:do_switch$15'[0] in module `\ex221_fp16_exp2_semantic_sign_exp_field_defaults': no output FF found.
Checking read port `$auto$proc_rom.cc:155:do_switch$11'[0] in module `\ex221_fp16_exp2_semantic_sign_exp_field_defaults': no output FF found.
Checking read port `$auto$proc_rom.cc:155:do_switch$7'[0] in module `\ex221_fp16_exp2_semantic_sign_exp_field_defaults': no output FF found.
Checking read port `$auto$proc_rom.cc:155:do_switch$3'[0] in module `\ex221_fp16_exp2_semantic_sign_exp_field_defaults': no output FF found.
Checking read port address `$auto$proc_rom.cc:155:do_switch$115'[0] in module `\ex221_fp16_exp2_semantic_sign_exp_field_defaults': no address FF found.
Checking read port address `$auto$proc_rom.cc:155:do_switch$111'[0] in module `\ex221_fp16_exp2_semantic_sign_exp_field_defaults': no address FF found.
Checking read port address `$auto$proc_rom.cc:155:do_switch$107'[0] in module `\ex221_fp16_exp2_semantic_sign_exp_field_defaults': no address FF found.
Checking read port address `$auto$proc_rom.cc:155:do_switch$103'[0] in module `\ex221_fp16_exp2_semantic_sign_exp_field_defaults': no address FF found.
Checking read port address `$auto$proc_rom.cc:155:do_switch$99'[0] in module `\ex221_fp16_exp2_semantic_sign_exp_field_defaults': no address FF found.
Checking read port address `$auto$proc_rom.cc:155:do_switch$95'[0] in module `\ex221_fp16_exp2_semantic_sign_exp_field_defaults': no address FF found.
Checking read port address `$auto$proc_rom.cc:155:do_switch$91'[0] in module `\ex221_fp16_exp2_semantic_sign_exp_field_defaults': no address FF found.
Checking read port address `$auto$proc_rom.cc:155:do_switch$87'[0] in module `\ex221_fp16_exp2_semantic_sign_exp_field_defaults': no address FF found.
Checking read port address `$auto$proc_rom.cc:155:do_switch$83'[0] in module `\ex221_fp16_exp2_semantic_sign_exp_field_defaults': no address FF found.
Checking read port address `$auto$proc_rom.cc:155:do_switch$79'[0] in module `\ex221_fp16_exp2_semantic_sign_exp_field_defaults': no address FF found.
Checking read port address `$auto$proc_rom.cc:155:do_switch$75'[0] in module `\ex221_fp16_exp2_semantic_sign_exp_field_defaults': no address FF found.
Checking read port address `$auto$proc_rom.cc:155:do_switch$71'[0] in module `\ex221_fp16_exp2_semantic_sign_exp_field_defaults': no address FF found.
Checking read port address `$auto$proc_rom.cc:155:do_switch$67'[0] in module `\ex221_fp16_exp2_semantic_sign_exp_field_defaults': no address FF found.
Checking read port address `$auto$proc_rom.cc:155:do_switch$63'[0] in module `\ex221_fp16_exp2_semantic_sign_exp_field_defaults': no address FF found.
Checking read port address `$auto$proc_rom.cc:155:do_switch$59'[0] in module `\ex221_fp16_exp2_semantic_sign_exp_field_defaults': no address FF found.
Checking read port address `$auto$proc_rom.cc:155:do_switch$55'[0] in module `\ex221_fp16_exp2_semantic_sign_exp_field_defaults': no address FF found.
Checking read port address `$auto$proc_rom.cc:155:do_switch$51'[0] in module `\ex221_fp16_exp2_semantic_sign_exp_field_defaults': no address FF found.
Checking read port address `$auto$proc_rom.cc:155:do_switch$47'[0] in module `\ex221_fp16_exp2_semantic_sign_exp_field_defaults': no address FF found.
Checking read port address `$auto$proc_rom.cc:155:do_switch$43'[0] in module `\ex221_fp16_exp2_semantic_sign_exp_field_defaults': no address FF found.
Checking read port address `$auto$proc_rom.cc:155:do_switch$39'[0] in module `\ex221_fp16_exp2_semantic_sign_exp_field_defaults': no address FF found.
Checking read port address `$auto$proc_rom.cc:155:do_switch$35'[0] in module `\ex221_fp16_exp2_semantic_sign_exp_field_defaults': no address FF found.
Checking read port address `$auto$proc_rom.cc:155:do_switch$31'[0] in module `\ex221_fp16_exp2_semantic_sign_exp_field_defaults': no address FF found.
Checking read port address `$auto$proc_rom.cc:155:do_switch$27'[0] in module `\ex221_fp16_exp2_semantic_sign_exp_field_defaults': no address FF found.
Checking read port address `$auto$proc_rom.cc:155:do_switch$23'[0] in module `\ex221_fp16_exp2_semantic_sign_exp_field_defaults': no address FF found.
Checking read port address `$auto$proc_rom.cc:155:do_switch$19'[0] in module `\ex221_fp16_exp2_semantic_sign_exp_field_defaults': no address FF found.
Checking read port address `$auto$proc_rom.cc:155:do_switch$15'[0] in module `\ex221_fp16_exp2_semantic_sign_exp_field_defaults': no address FF found.
Checking read port address `$auto$proc_rom.cc:155:do_switch$11'[0] in module `\ex221_fp16_exp2_semantic_sign_exp_field_defaults': no address FF found.
Checking read port address `$auto$proc_rom.cc:155:do_switch$7'[0] in module `\ex221_fp16_exp2_semantic_sign_exp_field_defaults': no address FF found.
Checking read port address `$auto$proc_rom.cc:155:do_switch$3'[0] in module `\ex221_fp16_exp2_semantic_sign_exp_field_defaults': no address FF found.

8.6. Executing OPT_CLEAN pass (remove unused cells and wires).
Finding unused cells or wires in module \ex221_fp16_exp2_semantic_sign_exp_field_defaults..
Removed 0 unused cells and 47 unused wires.

8.7. Executing MEMORY_SHARE pass (consolidating $memrd/$memwr cells).

8.8. Executing OPT_MEM_WIDEN pass (optimize memories where all ports are wide).
Performed a total of 0 transformations.

8.9. Executing OPT_CLEAN pass (remove unused cells and wires).
Finding unused cells or wires in module \ex221_fp16_exp2_semantic_sign_exp_field_defaults..

8.10. Executing MEMORY_COLLECT pass (generating $mem cells).

8.11. Executing MEMORY_MAP pass (converting memories to logic and flip-flops).
Mapping memory $auto$proc_rom.cc:155:do_switch$115 in module \ex221_fp16_exp2_semantic_sign_exp_field_defaults:
  created 1024 $dff cells and 0 static cells of width 13.
  read interface: 0 $dff and 1023 $mux cells.
  write interface: 0 write mux blocks.
Mapping memory $auto$proc_rom.cc:155:do_switch$111 in module \ex221_fp16_exp2_semantic_sign_exp_field_defaults:
  created 1024 $dff cells and 0 static cells of width 14.
  read interface: 0 $dff and 1023 $mux cells.
  write interface: 0 write mux blocks.
Mapping memory $auto$proc_rom.cc:155:do_switch$107 in module \ex221_fp16_exp2_semantic_sign_exp_field_defaults:
  created 1024 $dff cells and 0 static cells of width 13.
  read interface: 0 $dff and 1023 $mux cells.
  write interface: 0 write mux blocks.
Mapping memory $auto$proc_rom.cc:155:do_switch$103 in module \ex221_fp16_exp2_semantic_sign_exp_field_defaults:
  created 1024 $dff cells and 0 static cells of width 12.
  read interface: 0 $dff and 1023 $mux cells.
  write interface: 0 write mux blocks.
Mapping memory $auto$proc_rom.cc:155:do_switch$99 in module \ex221_fp16_exp2_semantic_sign_exp_field_defaults:
  created 1024 $dff cells and 0 static cells of width 9.
  read interface: 0 $dff and 1023 $mux cells.
  write interface: 0 write mux blocks.
Mapping memory $auto$proc_rom.cc:155:do_switch$95 in module \ex221_fp16_exp2_semantic_sign_exp_field_defaults:
  created 1024 $dff cells and 0 static cells of width 10.
  read interface: 0 $dff and 1023 $mux cells.
  write interface: 0 write mux blocks.
Mapping memory $auto$proc_rom.cc:155:do_switch$91 in module \ex221_fp16_exp2_semantic_sign_exp_field_defaults:
  created 1024 $dff cells and 0 static cells of width 9.
  read interface: 0 $dff and 1023 $mux cells.
  write interface: 0 write mux blocks.
Mapping memory $auto$proc_rom.cc:155:do_switch$87 in module \ex221_fp16_exp2_semantic_sign_exp_field_defaults:
  created 1024 $dff cells and 0 static cells of width 8.
  read interface: 0 $dff and 1023 $mux cells.
  write interface: 0 write mux blocks.
Mapping memory $auto$proc_rom.cc:155:do_switch$83 in module \ex221_fp16_exp2_semantic_sign_exp_field_defaults:
  created 1024 $dff cells and 0 static cells of width 7.
  read interface: 0 $dff and 1023 $mux cells.
  write interface: 0 write mux blocks.
Mapping memory $auto$proc_rom.cc:155:do_switch$79 in module \ex221_fp16_exp2_semantic_sign_exp_field_defaults:
  created 1024 $dff cells and 0 static cells of width 6.
  read interface: 0 $dff and 1023 $mux cells.
  write interface: 0 write mux blocks.
Mapping memory $auto$proc_rom.cc:155:do_switch$75 in module \ex221_fp16_exp2_semantic_sign_exp_field_defaults:
  created 1024 $dff cells and 0 static cells of width 5.
  read interface: 0 $dff and 1023 $mux cells.
  write interface: 0 write mux blocks.
Mapping memory $auto$proc_rom.cc:155:do_switch$71 in module \ex221_fp16_exp2_semantic_sign_exp_field_defaults:
  created 1024 $dff cells and 0 static cells of width 4.
  read interface: 0 $dff and 1023 $mux cells.
  write interface: 0 write mux blocks.
Mapping memory $auto$proc_rom.cc:155:do_switch$67 in module \ex221_fp16_exp2_semantic_sign_exp_field_defaults:
  created 1024 $dff cells and 0 static cells of width 3.
  read interface: 0 $dff and 1023 $mux cells.
  write interface: 0 write mux blocks.
Mapping memory $auto$proc_rom.cc:155:do_switch$63 in module \ex221_fp16_exp2_semantic_sign_exp_field_defaults:
  created 1024 $dff cells and 0 static cells of width 2.
  read interface: 0 $dff and 1023 $mux cells.
  write interface: 0 write mux blocks.
Mapping memory $auto$proc_rom.cc:155:do_switch$59 in module \ex221_fp16_exp2_semantic_sign_exp_field_defaults:
  created 512 $dff cells and 0 static cells of width 11.
  read interface: 0 $dff and 511 $mux cells.
  write interface: 0 write mux blocks.
Mapping memory $auto$proc_rom.cc:155:do_switch$55 in module \ex221_fp16_exp2_semantic_sign_exp_field_defaults:
  created 1024 $dff cells and 0 static cells of width 14.
  read interface: 0 $dff and 1023 $mux cells.
  write interface: 0 write mux blocks.
Mapping memory $auto$proc_rom.cc:155:do_switch$51 in module \ex221_fp16_exp2_semantic_sign_exp_field_defaults:
  created 1024 $dff cells and 0 static cells of width 13.
  read interface: 0 $dff and 1023 $mux cells.
  write interface: 0 write mux blocks.
Mapping memory $auto$proc_rom.cc:155:do_switch$47 in module \ex221_fp16_exp2_semantic_sign_exp_field_defaults:
  created 1024 $dff cells and 0 static cells of width 12.
  read interface: 0 $dff and 1023 $mux cells.
  write interface: 0 write mux blocks.
Mapping memory $auto$proc_rom.cc:155:do_switch$43 in module \ex221_fp16_exp2_semantic_sign_exp_field_defaults:
  created 1024 $dff cells and 0 static cells of width 10.
  read interface: 0 $dff and 1023 $mux cells.
  write interface: 0 write mux blocks.
Mapping memory $auto$proc_rom.cc:155:do_switch$39 in module \ex221_fp16_exp2_semantic_sign_exp_field_defaults:
  created 1024 $dff cells and 0 static cells of width 10.
  read interface: 0 $dff and 1023 $mux cells.
  write interface: 0 write mux blocks.
Mapping memory $auto$proc_rom.cc:155:do_switch$35 in module \ex221_fp16_exp2_semantic_sign_exp_field_defaults:
  created 1024 $dff cells and 0 static cells of width 9.
  read interface: 0 $dff and 1023 $mux cells.
  write interface: 0 write mux blocks.
Mapping memory $auto$proc_rom.cc:155:do_switch$31 in module \ex221_fp16_exp2_semantic_sign_exp_field_defaults:
  created 1024 $dff cells and 0 static cells of width 8.
  read interface: 0 $dff and 1023 $mux cells.
  write interface: 0 write mux blocks.
Mapping memory $auto$proc_rom.cc:155:do_switch$27 in module \ex221_fp16_exp2_semantic_sign_exp_field_defaults:
  created 1024 $dff cells and 0 static cells of width 7.
  read interface: 0 $dff and 1023 $mux cells.
  write interface: 0 write mux blocks.
Mapping memory $auto$proc_rom.cc:155:do_switch$23 in module \ex221_fp16_exp2_semantic_sign_exp_field_defaults:
  created 1024 $dff cells and 0 static cells of width 6.
  read interface: 0 $dff and 1023 $mux cells.
  write interface: 0 write mux blocks.
Mapping memory $auto$proc_rom.cc:155:do_switch$19 in module \ex221_fp16_exp2_semantic_sign_exp_field_defaults:
  created 1024 $dff cells and 0 static cells of width 5.
  read interface: 0 $dff and 1023 $mux cells.
  write interface: 0 write mux blocks.
Mapping memory $auto$proc_rom.cc:155:do_switch$15 in module \ex221_fp16_exp2_semantic_sign_exp_field_defaults:
  created 1024 $dff cells and 0 static cells of width 4.
  read interface: 0 $dff and 1023 $mux cells.
  write interface: 0 write mux blocks.
Mapping memory $auto$proc_rom.cc:155:do_switch$11 in module \ex221_fp16_exp2_semantic_sign_exp_field_defaults:
  created 1024 $dff cells and 0 static cells of width 3.
  read interface: 0 $dff and 1023 $mux cells.
  write interface: 0 write mux blocks.
Mapping memory $auto$proc_rom.cc:155:do_switch$7 in module \ex221_fp16_exp2_semantic_sign_exp_field_defaults:
  created 1024 $dff cells and 0 static cells of width 2.
  read interface: 0 $dff and 1023 $mux cells.
  write interface: 0 write mux blocks.
Mapping memory $auto$proc_rom.cc:155:do_switch$3 in module \ex221_fp16_exp2_semantic_sign_exp_field_defaults:
  created 512 $dff cells and 0 static cells of width 1.
  read interface: 0 $dff and 511 $mux cells.
  write interface: 0 write mux blocks.

9. Executing OPT pass (performing simple optimizations).

9.1. Executing OPT_EXPR pass (perform const folding).
Optimizing module ex221_fp16_exp2_semantic_sign_exp_field_defaults.

9.2. Executing OPT_MERGE pass (detect identical cells).
Finding identical cells in module `\ex221_fp16_exp2_semantic_sign_exp_field_defaults'.
Computing hashes of 12602 cells of `\ex221_fp16_exp2_semantic_sign_exp_field_defaults'.
Finding duplicate cells in `\ex221_fp16_exp2_semantic_sign_exp_field_defaults'.
Removed a total of 0 cells.

9.3. Executing OPT_MUXTREE pass (detect dead branches in mux trees).
Running muxtree optimizer on module \ex221_fp16_exp2_semantic_sign_exp_field_defaults..
  Creating internal representation of mux trees.
  Evaluating internal representation of mux trees.
  Analyzing evaluation results.
Removed 0 multiplexer ports.

9.4. Executing OPT_REDUCE pass (consolidate $*mux and $reduce_* inputs).
  Optimizing cells in module \ex221_fp16_exp2_semantic_sign_exp_field_defaults.
    New ctrl vector for $pmux cell $procmux$1420: { $procmux$1354_CMP $auto$opt_reduce.cc:135:opt_pmux$87552 $procmux$1404_CMP $procmux$1403_CMP $procmux$1402_CMP $procmux$1401_CMP $auto$opt_reduce.cc:135:opt_pmux$1553 $procmux$1384_CMP $auto$opt_reduce.cc:135:opt_pmux$87550 $procmux$1372_CMP $procmux$1371_CMP $procmux$1370_CMP $procmux$1369_CMP $auto$opt_reduce.cc:135:opt_pmux$1557 $procmux$122_CMP }
    New ctrl vector for $pmux cell $procmux$1485: { $procmux$1354_CMP $auto$opt_reduce.cc:135:opt_pmux$87554 $procmux$1384_CMP }
    New input vector for $reduce_or cell $auto$opt_reduce.cc:129:opt_pmux$87551: { $procmux$1419_CMP $procmux$1418_CMP $procmux$1417_CMP $procmux$1416_CMP $procmux$1414_CMP $procmux$1407_CMP $procmux$1406_CMP $procmux$1405_CMP $procmux$1387_CMP $procmux$1386_CMP $procmux$1385_CMP $procmux$1290_CMP $procmux$1230_CMP $procmux$1171_CMP $procmux$1113_CMP $procmux$1056_CMP $procmux$1000_CMP }
    New input vector for $reduce_or cell $auto$opt_reduce.cc:129:opt_pmux$87553: { $procmux$1419_CMP $procmux$1418_CMP $procmux$1417_CMP $procmux$1416_CMP $procmux$1414_CMP $procmux$1407_CMP $procmux$1406_CMP $procmux$1405_CMP $procmux$1404_CMP $procmux$1403_CMP $procmux$1402_CMP $procmux$1401_CMP $procmux$1400_CMP $procmux$1399_CMP $procmux$1398_CMP $procmux$1397_CMP $procmux$1396_CMP $procmux$1395_CMP $procmux$1394_CMP $procmux$1393_CMP $procmux$1392_CMP $procmux$1391_CMP $procmux$1390_CMP $procmux$1389_CMP $procmux$1388_CMP $procmux$1387_CMP $procmux$1386_CMP $procmux$1385_CMP $procmux$1383_CMP $procmux$1382_CMP $procmux$1381_CMP $procmux$1380_CMP $procmux$1379_CMP $procmux$1378_CMP $procmux$1377_CMP $procmux$1376_CMP $procmux$1375_CMP $procmux$1374_CMP $procmux$1373_CMP $procmux$1372_CMP $procmux$1371_CMP $procmux$1370_CMP $procmux$1369_CMP $procmux$1368_CMP $procmux$1367_CMP $procmux$1366_CMP $procmux$1365_CMP $procmux$1364_CMP $procmux$1363_CMP $procmux$1362_CMP $procmux$1361_CMP $procmux$1360_CMP $procmux$1359_CMP $procmux$1358_CMP $procmux$1357_CMP $procmux$1290_CMP $procmux$1230_CMP $procmux$1171_CMP $procmux$1113_CMP $procmux$1056_CMP $procmux$1000_CMP $procmux$122_CMP }
  Optimizing cells in module \ex221_fp16_exp2_semantic_sign_exp_field_defaults.
Performed a total of 4 changes.

9.5. Executing OPT_MERGE pass (detect identical cells).
Finding identical cells in module `\ex221_fp16_exp2_semantic_sign_exp_field_defaults'.
Computing hashes of 12605 cells of `\ex221_fp16_exp2_semantic_sign_exp_field_defaults'.
Finding duplicate cells in `\ex221_fp16_exp2_semantic_sign_exp_field_defaults'.
Computing hashes of 12457 cells of `\ex221_fp16_exp2_semantic_sign_exp_field_defaults'.
Finding duplicate cells in `\ex221_fp16_exp2_semantic_sign_exp_field_defaults'.
Computing hashes of 12451 cells of `\ex221_fp16_exp2_semantic_sign_exp_field_defaults'.
Finding duplicate cells in `\ex221_fp16_exp2_semantic_sign_exp_field_defaults'.
Removed a total of 154 cells.

9.6. Executing OPT_DFF pass (perform DFF optimizations).

9.7. Executing OPT_CLEAN pass (remove unused cells and wires).
Finding unused cells or wires in module \ex221_fp16_exp2_semantic_sign_exp_field_defaults..
Removed 2 unused cells and 44947 unused wires.

9.8. Executing OPT_EXPR pass (perform const folding).
Optimizing module ex221_fp16_exp2_semantic_sign_exp_field_defaults.

9.9. Rerunning OPT passes. (Maybe there is more to do..)

9.10. Executing OPT_MUXTREE pass (detect dead branches in mux trees).
Running muxtree optimizer on module \ex221_fp16_exp2_semantic_sign_exp_field_defaults..
  Creating internal representation of mux trees.
  Evaluating internal representation of mux trees.
  Analyzing evaluation results.
Removed 0 multiplexer ports.

9.11. Executing OPT_REDUCE pass (consolidate $*mux and $reduce_* inputs).
  Optimizing cells in module \ex221_fp16_exp2_semantic_sign_exp_field_defaults.
Performed a total of 0 changes.

9.12. Executing OPT_MERGE pass (detect identical cells).
Finding identical cells in module `\ex221_fp16_exp2_semantic_sign_exp_field_defaults'.
Computing hashes of 12449 cells of `\ex221_fp16_exp2_semantic_sign_exp_field_defaults'.
Finding duplicate cells in `\ex221_fp16_exp2_semantic_sign_exp_field_defaults'.
Removed a total of 0 cells.

9.13. Executing OPT_DFF pass (perform DFF optimizations).

9.14. Executing OPT_CLEAN pass (remove unused cells and wires).
Finding unused cells or wires in module \ex221_fp16_exp2_semantic_sign_exp_field_defaults..

9.15. Executing OPT_EXPR pass (perform const folding).
Optimizing module ex221_fp16_exp2_semantic_sign_exp_field_defaults.

9.16. Finished fast OPT passes. (There is nothing left to do.)

10. Executing TECHMAP pass (map to technology primitives).

10.1. Executing Verilog-2005 frontend: /home/b10507053/ALS_Final_Project/student/tools/conda-env/bin/../share/yosys/techmap.v
Parsing Verilog input from `/home/b10507053/ALS_Final_Project/student/tools/conda-env/bin/../share/yosys/techmap.v' to AST representation.
Generating RTLIL representation for module `\_90_simplemap_bool_ops'.
Generating RTLIL representation for module `\_90_simplemap_reduce_ops'.
Generating RTLIL representation for module `\_90_simplemap_logic_ops'.
Generating RTLIL representation for module `\_90_simplemap_compare_ops'.
Generating RTLIL representation for module `\_90_simplemap_various'.
Generating RTLIL representation for module `\_90_simplemap_registers'.
Generating RTLIL representation for module `\_90_shift_ops_shr_shl_sshl_sshr'.
Generating RTLIL representation for module `\_90_shift_shiftx'.
Generating RTLIL representation for module `\_90_fa'.
Generating RTLIL representation for module `\_90_lcu_brent_kung'.
Generating RTLIL representation for module `\_90_alu'.
Generating RTLIL representation for module `\_90_macc'.
Generating RTLIL representation for module `\_90_alumacc'.
Generating RTLIL representation for module `$__div_mod_u'.
Generating RTLIL representation for module `$__div_mod_trunc'.
Generating RTLIL representation for module `\_90_div'.
Generating RTLIL representation for module `\_90_mod'.
Generating RTLIL representation for module `$__div_mod_floor'.
Generating RTLIL representation for module `\_90_divfloor'.
Generating RTLIL representation for module `\_90_modfloor'.
Generating RTLIL representation for module `\_90_pow'.
Generating RTLIL representation for module `\_90_demux'.
Generating RTLIL representation for module `\_90_lut'.
Generating RTLIL representation for module `$connect'.
Generating RTLIL representation for module `$input_port'.
Successfully finished Verilog frontend.

10.2. Continuing TECHMAP pass.
Using extmapper simplemap for cells of type $reduce_or.
Using extmapper simplemap for cells of type $mux.
Using extmapper simplemap for cells of type $logic_not.
Using extmapper simplemap for cells of type $pmux.
Using extmapper simplemap for cells of type $eq.
No more expansions possible.

11. Executing OPT pass (performing simple optimizations).

11.1. Executing OPT_EXPR pass (perform const folding).
Optimizing module ex221_fp16_exp2_semantic_sign_exp_field_defaults.

11.2. Executing OPT_MERGE pass (detect identical cells).
Finding identical cells in module `\ex221_fp16_exp2_semantic_sign_exp_field_defaults'.
Computing hashes of 37405 cells of `\ex221_fp16_exp2_semantic_sign_exp_field_defaults'.
Finding duplicate cells in `\ex221_fp16_exp2_semantic_sign_exp_field_defaults'.
Computing hashes of 25727 cells of `\ex221_fp16_exp2_semantic_sign_exp_field_defaults'.
Finding duplicate cells in `\ex221_fp16_exp2_semantic_sign_exp_field_defaults'.
Computing hashes of 17230 cells of `\ex221_fp16_exp2_semantic_sign_exp_field_defaults'.
Finding duplicate cells in `\ex221_fp16_exp2_semantic_sign_exp_field_defaults'.
Computing hashes of 11398 cells of `\ex221_fp16_exp2_semantic_sign_exp_field_defaults'.
Finding duplicate cells in `\ex221_fp16_exp2_semantic_sign_exp_field_defaults'.
Computing hashes of 8136 cells of `\ex221_fp16_exp2_semantic_sign_exp_field_defaults'.
Finding duplicate cells in `\ex221_fp16_exp2_semantic_sign_exp_field_defaults'.
Computing hashes of 6624 cells of `\ex221_fp16_exp2_semantic_sign_exp_field_defaults'.
Finding duplicate cells in `\ex221_fp16_exp2_semantic_sign_exp_field_defaults'.
Computing hashes of 5883 cells of `\ex221_fp16_exp2_semantic_sign_exp_field_defaults'.
Finding duplicate cells in `\ex221_fp16_exp2_semantic_sign_exp_field_defaults'.
Computing hashes of 5522 cells of `\ex221_fp16_exp2_semantic_sign_exp_field_defaults'.
Finding duplicate cells in `\ex221_fp16_exp2_semantic_sign_exp_field_defaults'.
Computing hashes of 5350 cells of `\ex221_fp16_exp2_semantic_sign_exp_field_defaults'.
Finding duplicate cells in `\ex221_fp16_exp2_semantic_sign_exp_field_defaults'.
Computing hashes of 5290 cells of `\ex221_fp16_exp2_semantic_sign_exp_field_defaults'.
Finding duplicate cells in `\ex221_fp16_exp2_semantic_sign_exp_field_defaults'.
Computing hashes of 5289 cells of `\ex221_fp16_exp2_semantic_sign_exp_field_defaults'.
Finding duplicate cells in `\ex221_fp16_exp2_semantic_sign_exp_field_defaults'.
Removed a total of 32116 cells.

11.3. Executing OPT_MUXTREE pass (detect dead branches in mux trees).
Running muxtree optimizer on module \ex221_fp16_exp2_semantic_sign_exp_field_defaults..
  Creating internal representation of mux trees.
  No muxes found in this module.
Removed 0 multiplexer ports.

11.4. Executing OPT_REDUCE pass (consolidate $*mux and $reduce_* inputs).
  Optimizing cells in module \ex221_fp16_exp2_semantic_sign_exp_field_defaults.
Performed a total of 0 changes.

11.5. Executing OPT_MERGE pass (detect identical cells).
Finding identical cells in module `\ex221_fp16_exp2_semantic_sign_exp_field_defaults'.
Computing hashes of 5289 cells of `\ex221_fp16_exp2_semantic_sign_exp_field_defaults'.
Finding duplicate cells in `\ex221_fp16_exp2_semantic_sign_exp_field_defaults'.
Removed a total of 0 cells.

11.6. Executing OPT_DFF pass (perform DFF optimizations).

11.7. Executing OPT_CLEAN pass (remove unused cells and wires).
Finding unused cells or wires in module \ex221_fp16_exp2_semantic_sign_exp_field_defaults..
Removed 1 unused cells and 11785 unused wires.

11.8. Executing OPT_EXPR pass (perform const folding).
Optimizing module ex221_fp16_exp2_semantic_sign_exp_field_defaults.

11.9. Rerunning OPT passes. (Maybe there is more to do..)

11.10. Executing OPT_MUXTREE pass (detect dead branches in mux trees).
Running muxtree optimizer on module \ex221_fp16_exp2_semantic_sign_exp_field_defaults..
  Creating internal representation of mux trees.
  No muxes found in this module.
Removed 0 multiplexer ports.

11.11. Executing OPT_REDUCE pass (consolidate $*mux and $reduce_* inputs).
  Optimizing cells in module \ex221_fp16_exp2_semantic_sign_exp_field_defaults.
Performed a total of 0 changes.

11.12. Executing OPT_MERGE pass (detect identical cells).
Finding identical cells in module `\ex221_fp16_exp2_semantic_sign_exp_field_defaults'.
Computing hashes of 5108 cells of `\ex221_fp16_exp2_semantic_sign_exp_field_defaults'.
Finding duplicate cells in `\ex221_fp16_exp2_semantic_sign_exp_field_defaults'.
Removed a total of 0 cells.

11.13. Executing OPT_DFF pass (perform DFF optimizations).

11.14. Executing OPT_CLEAN pass (remove unused cells and wires).
Finding unused cells or wires in module \ex221_fp16_exp2_semantic_sign_exp_field_defaults..
Removed 0 unused cells and 19 unused wires.

11.15. Executing OPT_EXPR pass (perform const folding).
Optimizing module ex221_fp16_exp2_semantic_sign_exp_field_defaults.

11.16. Rerunning OPT passes. (Maybe there is more to do..)

11.17. Executing OPT_MUXTREE pass (detect dead branches in mux trees).
Running muxtree optimizer on module \ex221_fp16_exp2_semantic_sign_exp_field_defaults..
  Creating internal representation of mux trees.
  No muxes found in this module.
Removed 0 multiplexer ports.

11.18. Executing OPT_REDUCE pass (consolidate $*mux and $reduce_* inputs).
  Optimizing cells in module \ex221_fp16_exp2_semantic_sign_exp_field_defaults.
Performed a total of 0 changes.

11.19. Executing OPT_MERGE pass (detect identical cells).
Finding identical cells in module `\ex221_fp16_exp2_semantic_sign_exp_field_defaults'.
Computing hashes of 5108 cells of `\ex221_fp16_exp2_semantic_sign_exp_field_defaults'.
Finding duplicate cells in `\ex221_fp16_exp2_semantic_sign_exp_field_defaults'.
Removed a total of 0 cells.

11.20. Executing OPT_DFF pass (perform DFF optimizations).

11.21. Executing OPT_CLEAN pass (remove unused cells and wires).
Finding unused cells or wires in module \ex221_fp16_exp2_semantic_sign_exp_field_defaults..

11.22. Executing OPT_EXPR pass (perform const folding).
Optimizing module ex221_fp16_exp2_semantic_sign_exp_field_defaults.

11.23. Finished fast OPT passes. (There is nothing left to do.)

12. Executing ABC pass (technology mapping using ABC).

12.1. Extracting gate netlist of module `\ex221_fp16_exp2_semantic_sign_exp_field_defaults' to `<abc-temp-dir>/input.blif'..
Replacing 16 occurrences of constant undef bits with constant zero bits

12.1.1. Executed ABC.
Extracted 5108 gates and 5127 wires to a netlist network with 16 inputs and 16 outputs.
Running ABC script: <abc-temp-dir>/abc.script
ABC: UC Berkeley, ABC 1.01 (compiled May 12 2026 13:26:50)
ABC: abc 01> empty
ABC: abc 01> source <abc-temp-dir>/abc.script
ABC: + read_blif <abc-temp-dir>/input.blif 
ABC: + read_library <abc-temp-dir>/stdcells.genlib 
ABC: + strash 
ABC: + &get -n 
ABC: + &fraig -x 
ABC: + &put 
ABC: + scorr 
ABC: Warning: The network is combinational (run "fraig" or "fraig_sweep").
ABC: + dc2 
ABC: + dretime 
ABC: + strash 
ABC: + &get -n 
ABC: + &dch -f 
ABC: + &nf 
ABC: + &put 
ABC: + write_blif <abc-temp-dir>/output.blif 
ABC: 
ABC: YOSYS_ABC_DONE 

12.1.2. Re-integrating ABC results.
ABC RESULTS:               AND cells:     6980
ABC RESULTS:               NOT cells:     4892
ABC RESULTS:              ZERO cells:        1
ABC RESULTS:        internal signals:     5095
ABC RESULTS:           input signals:       16
ABC RESULTS:          output signals:       16
Removing temp directory.
Removing global temp directory.

13. Executing OPT pass (performing simple optimizations).

13.1. Executing OPT_EXPR pass (perform const folding).
Optimizing module ex221_fp16_exp2_semantic_sign_exp_field_defaults.

13.2. Executing OPT_MERGE pass (detect identical cells).
Finding identical cells in module `\ex221_fp16_exp2_semantic_sign_exp_field_defaults'.
Computing hashes of 11872 cells of `\ex221_fp16_exp2_semantic_sign_exp_field_defaults'.
Finding duplicate cells in `\ex221_fp16_exp2_semantic_sign_exp_field_defaults'.
Removed a total of 0 cells.

13.3. Executing OPT_MUXTREE pass (detect dead branches in mux trees).
Running muxtree optimizer on module \ex221_fp16_exp2_semantic_sign_exp_field_defaults..
  Creating internal representation of mux trees.
  No muxes found in this module.
Removed 0 multiplexer ports.

13.4. Executing OPT_REDUCE pass (consolidate $*mux and $reduce_* inputs).
  Optimizing cells in module \ex221_fp16_exp2_semantic_sign_exp_field_defaults.
Performed a total of 0 changes.

13.5. Executing OPT_MERGE pass (detect identical cells).
Finding identical cells in module `\ex221_fp16_exp2_semantic_sign_exp_field_defaults'.
Computing hashes of 11872 cells of `\ex221_fp16_exp2_semantic_sign_exp_field_defaults'.
Finding duplicate cells in `\ex221_fp16_exp2_semantic_sign_exp_field_defaults'.
Removed a total of 0 cells.

13.6. Executing OPT_DFF pass (perform DFF optimizations).

13.7. Executing OPT_CLEAN pass (remove unused cells and wires).
Finding unused cells or wires in module \ex221_fp16_exp2_semantic_sign_exp_field_defaults..
Removed 0 unused cells and 1730 unused wires.

13.8. Executing OPT_EXPR pass (perform const folding).
Optimizing module ex221_fp16_exp2_semantic_sign_exp_field_defaults.

13.9. Rerunning OPT passes. (Maybe there is more to do..)

13.10. Executing OPT_MUXTREE pass (detect dead branches in mux trees).
Running muxtree optimizer on module \ex221_fp16_exp2_semantic_sign_exp_field_defaults..
  Creating internal representation of mux trees.
  No muxes found in this module.
Removed 0 multiplexer ports.

13.11. Executing OPT_REDUCE pass (consolidate $*mux and $reduce_* inputs).
  Optimizing cells in module \ex221_fp16_exp2_semantic_sign_exp_field_defaults.
Performed a total of 0 changes.

13.12. Executing OPT_MERGE pass (detect identical cells).
Finding identical cells in module `\ex221_fp16_exp2_semantic_sign_exp_field_defaults'.
Computing hashes of 11872 cells of `\ex221_fp16_exp2_semantic_sign_exp_field_defaults'.
Finding duplicate cells in `\ex221_fp16_exp2_semantic_sign_exp_field_defaults'.
Removed a total of 0 cells.

13.13. Executing OPT_DFF pass (perform DFF optimizations).

13.14. Executing OPT_CLEAN pass (remove unused cells and wires).
Finding unused cells or wires in module \ex221_fp16_exp2_semantic_sign_exp_field_defaults..

13.15. Executing OPT_EXPR pass (perform const folding).
Optimizing module ex221_fp16_exp2_semantic_sign_exp_field_defaults.

13.16. Finished fast OPT passes. (There is nothing left to do.)

14. Executing AIGMAP pass (map logic to AIG).
Module ex221_fp16_exp2_semantic_sign_exp_field_defaults: replaced 0 cells with 0 new cells, skipped 11872 cells.
  not replaced 2 cell types:
    6980 $_AND_
    4892 $_NOT_

15. Executing OPT pass (performing simple optimizations).

15.1. Executing OPT_EXPR pass (perform const folding).
Optimizing module ex221_fp16_exp2_semantic_sign_exp_field_defaults.

15.2. Executing OPT_MERGE pass (detect identical cells).
Finding identical cells in module `\ex221_fp16_exp2_semantic_sign_exp_field_defaults'.
Computing hashes of 11872 cells of `\ex221_fp16_exp2_semantic_sign_exp_field_defaults'.
Finding duplicate cells in `\ex221_fp16_exp2_semantic_sign_exp_field_defaults'.
Removed a total of 0 cells.

15.3. Executing OPT_MUXTREE pass (detect dead branches in mux trees).
Running muxtree optimizer on module \ex221_fp16_exp2_semantic_sign_exp_field_defaults..
  Creating internal representation of mux trees.
  No muxes found in this module.
Removed 0 multiplexer ports.

15.4. Executing OPT_REDUCE pass (consolidate $*mux and $reduce_* inputs).
  Optimizing cells in module \ex221_fp16_exp2_semantic_sign_exp_field_defaults.
Performed a total of 0 changes.

15.5. Executing OPT_MERGE pass (detect identical cells).
Finding identical cells in module `\ex221_fp16_exp2_semantic_sign_exp_field_defaults'.
Computing hashes of 11872 cells of `\ex221_fp16_exp2_semantic_sign_exp_field_defaults'.
Finding duplicate cells in `\ex221_fp16_exp2_semantic_sign_exp_field_defaults'.
Removed a total of 0 cells.

15.6. Executing OPT_DFF pass (perform DFF optimizations).

15.7. Executing OPT_CLEAN pass (remove unused cells and wires).
Finding unused cells or wires in module \ex221_fp16_exp2_semantic_sign_exp_field_defaults..

15.8. Executing OPT_EXPR pass (perform const folding).
Optimizing module ex221_fp16_exp2_semantic_sign_exp_field_defaults.

15.9. Finished fast OPT passes. (There is nothing left to do.)

16. Executing AIGER backend.
Warning: Treating undriven bit ex221_fp16_exp2_semantic_sign_exp_field_defaults.\in [0] like $anyseq.
Warning: Treating undriven bit ex221_fp16_exp2_semantic_sign_exp_field_defaults.\in [1] like $anyseq.
Warning: Treating undriven bit ex221_fp16_exp2_semantic_sign_exp_field_defaults.\in [2] like $anyseq.
Warning: Treating undriven bit ex221_fp16_exp2_semantic_sign_exp_field_defaults.\in [3] like $anyseq.
Warning: Treating undriven bit ex221_fp16_exp2_semantic_sign_exp_field_defaults.\in [4] like $anyseq.
Warning: Treating undriven bit ex221_fp16_exp2_semantic_sign_exp_field_defaults.\in [5] like $anyseq.
Warning: Treating undriven bit ex221_fp16_exp2_semantic_sign_exp_field_defaults.\in [6] like $anyseq.
Warning: Treating undriven bit ex221_fp16_exp2_semantic_sign_exp_field_defaults.\in [7] like $anyseq.
Warning: Treating undriven bit ex221_fp16_exp2_semantic_sign_exp_field_defaults.\in [8] like $anyseq.
Warning: Treating undriven bit ex221_fp16_exp2_semantic_sign_exp_field_defaults.\in [9] like $anyseq.
Warning: Treating undriven bit ex221_fp16_exp2_semantic_sign_exp_field_defaults.\in [10] like $anyseq.
Warning: Treating undriven bit ex221_fp16_exp2_semantic_sign_exp_field_defaults.\in [11] like $anyseq.
Warning: Treating undriven bit ex221_fp16_exp2_semantic_sign_exp_field_defaults.\in [12] like $anyseq.
Warning: Treating undriven bit ex221_fp16_exp2_semantic_sign_exp_field_defaults.\in [13] like $anyseq.
Warning: Treating undriven bit ex221_fp16_exp2_semantic_sign_exp_field_defaults.\in [14] like $anyseq.
Warning: Treating undriven bit ex221_fp16_exp2_semantic_sign_exp_field_defaults.\in [15] like $anyseq.
Warning: Treating a total of 16 undriven bits in ex221_fp16_exp2_semantic_sign_exp_field_defaults like $anyseq.

Warnings: 17 unique messages, 17 total
End of script. Logfile hash: 49094d6238, time: 9.83s, user: 9.01s, system: 0.22s, MEM: 433.49 MB peak
Yosys 0.65 (git sha1 aec814bdf3071f7e0fd0fbe43f7f711e99d01e24, g++ 14.3.0-19 -fvisibility-inlines-hidden -fmessage-length=0 -march=nocona -mtune=haswell -ftree-vectorize -fPIC -fstack-protector-strong -fno-plt -O2 -ffunction-sections -fdebug-prefix-map=/home/conda/feedstock_root/build_artifacts/yosys_1778591527500/work=/usr/local/src/conda/yosys-0.65 -fdebug-prefix-map=/home/b10507053/ALS_Final_Project/student/tools/conda-env=/usr/local/src/conda-prefix -fPIC -O3) [conda-forge/yosys-feedstock]
Time spent: 24% 3x read_verilog (2 sec), 21% 17x opt_expr (2 sec), ...
