
 /----------------------------------------------------------------------------\
 |  yosys -- Yosys Open SYnthesis Suite                                       |
 |  Copyright (C) 2012 - 2026  Claire Xenia Wolf <claire@yosyshq.com>         |
 |  Distributed under an ISC-like license, type "license" to see terms        |
 \----------------------------------------------------------------------------/
 Yosys 0.65 (git sha1 aec814bdf3071f7e0fd0fbe43f7f711e99d01e24, g++ 14.3.0-19 -fvisibility-inlines-hidden -fmessage-length=0 -march=nocona -mtune=haswell -ftree-vectorize -fPIC -fstack-protector-strong -fno-plt -O2 -ffunction-sections -fdebug-prefix-map=/home/conda/feedstock_root/build_artifacts/yosys_1778591527500/work=/usr/local/src/conda/yosys-0.65 -fdebug-prefix-map=/home/b10507053/ALS_Final_Project/student/tools/conda-env=/usr/local/src/conda-prefix -fPIC -O3) [conda-forge/yosys-feedstock]

-- Executing script file `/tmp/als_yosys_synth_306u31t8.ys' --

1. Executing Verilog-2005 frontend: student/work/ex220_ex224_frontend_fp16_semantic_20260606_2050/ex220/verilog/ex220_fp16_exp_semantic_sign_exp_field_defaults.v
Parsing Verilog input from `student/work/ex220_ex224_frontend_fp16_semantic_20260606_2050/ex220/verilog/ex220_fp16_exp_semantic_sign_exp_field_defaults.v' to AST representation.
Generating RTLIL representation for module `\ex220_fp16_exp_semantic_sign_exp_field_defaults'.
Successfully finished Verilog frontend.

2. Executing HIERARCHY pass (managing design hierarchy).

2.1. Analyzing design hierarchy..
Top module:  \ex220_fp16_exp_semantic_sign_exp_field_defaults

2.2. Analyzing design hierarchy..
Top module:  \ex220_fp16_exp_semantic_sign_exp_field_defaults
Removed 0 unused modules.

3. Executing PROC pass (convert processes to netlists).

3.1. Executing PROC_CLEAN pass (remove empty switches from decision trees).
Cleaned up 0 empty switches.

3.2. Executing PROC_RMDEAD pass (remove dead branches from decision trees).
Removed 1 dead cases from process $proc$student/work/ex220_ex224_frontend_fp16_semantic_20260606_2050/ex220/verilog/ex220_fp16_exp_semantic_sign_exp_field_defaults.v:12$1 in module ex220_fp16_exp_semantic_sign_exp_field_defaults.
Marked 33 switch rules as full_case in process $proc$student/work/ex220_ex224_frontend_fp16_semantic_20260606_2050/ex220/verilog/ex220_fp16_exp_semantic_sign_exp_field_defaults.v:12$1 in module ex220_fp16_exp_semantic_sign_exp_field_defaults.
Removed a total of 1 dead cases.

3.3. Executing PROC_PRUNE pass (remove redundant assignments in processes).
Removed 0 redundant assignments.
Promoted 3 assignments to connections.

3.4. Executing PROC_INIT pass (extract init attributes).

3.5. Executing PROC_ARST pass (detect async resets in processes).

3.6. Executing PROC_ROM pass (convert switches to ROMs).
Converted 29 switches.

3.7. Executing PROC_MUX pass (convert decision trees to multiplexers).
Creating decoders for process `\ex220_fp16_exp_semantic_sign_exp_field_defaults.$proc$student/work/ex220_ex224_frontend_fp16_semantic_20260606_2050/ex220/verilog/ex220_fp16_exp_semantic_sign_exp_field_defaults.v:12$1'.
     1/41: $33\out_mant[9:0]
     2/41: $33\out_exp[4:0]
     3/41: $33\out_sign[0:0]
     4/41: { $32\out_mant[9:0] $32\out_exp[4:0] $32\out_sign[0:0] }
     5/41: { $31\out_mant[9:0] $31\out_exp[4:0] $31\out_sign[0:0] }
     6/41: { $30\out_mant[9:0] $30\out_exp[4:0] $30\out_sign[0:0] }
     7/41: { $29\out_mant[9:0] $29\out_exp[4:0] $29\out_sign[0:0] }
     8/41: { $28\out_mant[9:0] $28\out_exp[4:0] $28\out_sign[0:0] }
     9/41: { $27\out_mant[9:0] $27\out_exp[4:0] $27\out_sign[0:0] }
    10/41: { $26\out_mant[9:0] $26\out_exp[4:0] $26\out_sign[0:0] }
    11/41: { $25\out_mant[9:0] $25\out_exp[4:0] $25\out_sign[0:0] }
    12/41: { $24\out_mant[9:0] $24\out_exp[4:0] $24\out_sign[0:0] }
    13/41: { $23\out_mant[9:0] $23\out_exp[4:0] $23\out_sign[0:0] }
    14/41: { $22\out_mant[9:0] $22\out_exp[4:0] $22\out_sign[0:0] }
    15/41: { $21\out_mant[9:0] $21\out_exp[4:0] $21\out_sign[0:0] }
    16/41: { $20\out_mant[9:0] $20\out_exp[4:0] $20\out_sign[0:0] }
    17/41: { $19\out_mant[9:0] $19\out_exp[4:0] $19\out_sign[0:0] }
    18/41: { $18\out_mant[9:0] $18\out_exp[4:0] $18\out_sign[0:0] }
    19/41: $17\out_mant[9:0]
    20/41: $17\out_exp[4:0]
    21/41: $17\out_sign[0:0]
    22/41: $16\out_mant[9:0]
    23/41: $16\out_exp[4:0]
    24/41: $16\out_sign[0:0]
    25/41: { $15\out_mant[9:0] $15\out_exp[4:0] $15\out_sign[0:0] }
    26/41: { $14\out_mant[9:0] $14\out_exp[4:0] $14\out_sign[0:0] }
    27/41: { $13\out_mant[9:0] $13\out_exp[4:0] $13\out_sign[0:0] }
    28/41: { $12\out_mant[9:0] $12\out_exp[4:0] $12\out_sign[0:0] }
    29/41: { $11\out_mant[9:0] $11\out_exp[4:0] $11\out_sign[0:0] }
    30/41: { $10\out_mant[9:0] $10\out_exp[4:0] $10\out_sign[0:0] }
    31/41: { $9\out_mant[9:0] $9\out_exp[4:0] $9\out_sign[0:0] }
    32/41: { $8\out_mant[9:0] $8\out_exp[4:0] $8\out_sign[0:0] }
    33/41: { $7\out_mant[9:0] $7\out_exp[4:0] $7\out_sign[0:0] }
    34/41: { $6\out_mant[9:0] $6\out_exp[4:0] $6\out_sign[0:0] }
    35/41: { $5\out_mant[9:0] $5\out_exp[4:0] $5\out_sign[0:0] }
    36/41: { $4\out_mant[9:0] $4\out_exp[4:0] $4\out_sign[0:0] }
    37/41: { $3\out_mant[9:0] $3\out_exp[4:0] $3\out_sign[0:0] }
    38/41: { $2\out_mant[9:0] $2\out_exp[4:0] $2\out_sign[0:0] }
    39/41: $1\out_mant[9:0]
    40/41: $1\out_exp[4:0]
    41/41: $1\out_sign[0:0]

3.8. Executing PROC_DLATCH pass (convert process syncs to latches).
No latch inferred for signal `\ex220_fp16_exp_semantic_sign_exp_field_defaults.\out_sign' from process `\ex220_fp16_exp_semantic_sign_exp_field_defaults.$proc$student/work/ex220_ex224_frontend_fp16_semantic_20260606_2050/ex220/verilog/ex220_fp16_exp_semantic_sign_exp_field_defaults.v:12$1'.
No latch inferred for signal `\ex220_fp16_exp_semantic_sign_exp_field_defaults.\out_exp' from process `\ex220_fp16_exp_semantic_sign_exp_field_defaults.$proc$student/work/ex220_ex224_frontend_fp16_semantic_20260606_2050/ex220/verilog/ex220_fp16_exp_semantic_sign_exp_field_defaults.v:12$1'.
No latch inferred for signal `\ex220_fp16_exp_semantic_sign_exp_field_defaults.\out_mant' from process `\ex220_fp16_exp_semantic_sign_exp_field_defaults.$proc$student/work/ex220_ex224_frontend_fp16_semantic_20260606_2050/ex220/verilog/ex220_fp16_exp_semantic_sign_exp_field_defaults.v:12$1'.

3.9. Executing PROC_DFF pass (convert process syncs to FFs).

3.10. Executing PROC_MEMWR pass (convert process memory writes to cells).

3.11. Executing PROC_CLEAN pass (remove empty switches from decision trees).
Found and cleaned up 33 empty switches in `\ex220_fp16_exp_semantic_sign_exp_field_defaults.$proc$student/work/ex220_ex224_frontend_fp16_semantic_20260606_2050/ex220/verilog/ex220_fp16_exp_semantic_sign_exp_field_defaults.v:12$1'.
Removing empty process `ex220_fp16_exp_semantic_sign_exp_field_defaults.$proc$student/work/ex220_ex224_frontend_fp16_semantic_20260606_2050/ex220/verilog/ex220_fp16_exp_semantic_sign_exp_field_defaults.v:12$1'.
Cleaned up 33 empty switches.

3.12. Executing OPT_EXPR pass (perform const folding).
Optimizing module ex220_fp16_exp_semantic_sign_exp_field_defaults.

4. Executing FLATTEN pass (flatten design).

5. Executing TRIBUF pass.

6. Executing DEMINOUT pass (demote inout ports to input or output).

7. Executing OPT pass (performing simple optimizations).

7.1. Executing OPT_EXPR pass (perform const folding).
Optimizing module ex220_fp16_exp_semantic_sign_exp_field_defaults.

7.2. Executing OPT_MERGE pass (detect identical cells).
Finding identical cells in module `\ex220_fp16_exp_semantic_sign_exp_field_defaults'.
Computing hashes of 345 cells of `\ex220_fp16_exp_semantic_sign_exp_field_defaults'.
Finding duplicate cells in `\ex220_fp16_exp_semantic_sign_exp_field_defaults'.
Computing hashes of 174 cells of `\ex220_fp16_exp_semantic_sign_exp_field_defaults'.
Finding duplicate cells in `\ex220_fp16_exp_semantic_sign_exp_field_defaults'.
Removed a total of 171 cells.

7.3. Executing OPT_MUXTREE pass (detect dead branches in mux trees).
Running muxtree optimizer on module \ex220_fp16_exp_semantic_sign_exp_field_defaults..
  Creating internal representation of mux trees.
  Evaluating internal representation of mux trees.
  Analyzing evaluation results.
    dead port 2/2 on $mux $procmux$1451.
    dead port 2/2 on $mux $procmux$1388.
    dead port 2/2 on $mux $procmux$1328.
    dead port 2/2 on $mux $procmux$1269.
    dead port 2/2 on $mux $procmux$1211.
    dead port 2/2 on $mux $procmux$1154.
    dead port 2/2 on $mux $procmux$1098.
    dead port 2/2 on $mux $procmux$1043.
    dead port 2/2 on $mux $procmux$989.
    dead port 2/2 on $mux $procmux$936.
    dead port 2/2 on $mux $procmux$884.
    dead port 2/2 on $mux $procmux$833.
    dead port 2/2 on $mux $procmux$783.
    dead port 2/2 on $mux $procmux$734.
    dead port 2/2 on $mux $procmux$684.
    dead port 2/2 on $mux $procmux$648.
    dead port 2/2 on $mux $procmux$612.
    dead port 2/2 on $mux $procmux$575.
    dead port 2/2 on $mux $procmux$543.
    dead port 2/2 on $mux $procmux$510.
    dead port 2/2 on $mux $procmux$477.
    dead port 2/2 on $mux $procmux$447.
    dead port 2/2 on $mux $procmux$418.
    dead port 2/2 on $mux $procmux$390.
    dead port 2/2 on $mux $procmux$363.
    dead port 2/2 on $mux $procmux$337.
    dead port 2/2 on $mux $procmux$312.
    dead port 2/2 on $mux $procmux$288.
    dead port 2/2 on $mux $procmux$265.
    dead port 2/2 on $mux $procmux$243.
    dead port 2/2 on $mux $procmux$222.
    dead port 2/2 on $mux $procmux$202.
    dead port 2/2 on $mux $procmux$183.
    dead port 2/2 on $mux $procmux$165.
    dead port 2/2 on $mux $procmux$148.
    dead port 2/2 on $mux $procmux$130.
    dead port 2/2 on $mux $procmux$126.
    dead port 2/2 on $mux $procmux$121.
Removed 38 multiplexer ports.

7.4. Executing OPT_REDUCE pass (consolidate $*mux and $reduce_* inputs).
  Optimizing cells in module \ex220_fp16_exp_semantic_sign_exp_field_defaults.
    New ctrl vector for $pmux cell $procmux$1453: { $procmux$1584_CMP $auto$opt_reduce.cc:135:opt_pmux$1649 $procmux$1597_CMP $procmux$1598_CMP $procmux$1599_CMP $procmux$1600_CMP $procmux$1601_CMP $procmux$1602_CMP $procmux$1603_CMP $procmux$1604_CMP $procmux$1605_CMP $procmux$1606_CMP $procmux$1607_CMP $procmux$1608_CMP $procmux$1609_CMP $procmux$1610_CMP $procmux$1611_CMP $procmux$1612_CMP $procmux$1616_CMP $procmux$1629_CMP $procmux$1630_CMP $procmux$1631_CMP $procmux$1632_CMP $procmux$1633_CMP $procmux$1634_CMP $procmux$1635_CMP $procmux$1636_CMP $procmux$1637_CMP $procmux$1638_CMP $procmux$1639_CMP $procmux$1640_CMP $procmux$1641_CMP $procmux$1642_CMP $procmux$1643_CMP }
    New ctrl vector for $pmux cell $procmux$1518: { $procmux$1584_CMP $auto$opt_reduce.cc:135:opt_pmux$1655 $procmux$1597_CMP $procmux$1598_CMP $procmux$1599_CMP $procmux$1600_CMP $procmux$1601_CMP $procmux$1602_CMP $procmux$1603_CMP $procmux$1604_CMP $procmux$1605_CMP $procmux$1606_CMP $procmux$1607_CMP $procmux$1608_CMP $procmux$1609_CMP $procmux$1610_CMP $procmux$1611_CMP $procmux$1612_CMP $auto$opt_reduce.cc:135:opt_pmux$1653 $auto$opt_reduce.cc:135:opt_pmux$1651 $procmux$1629_CMP $procmux$1630_CMP $procmux$1631_CMP $procmux$1632_CMP $procmux$1633_CMP $procmux$1634_CMP $procmux$1635_CMP $procmux$1636_CMP $procmux$1637_CMP $procmux$1638_CMP $procmux$1639_CMP $procmux$1640_CMP $procmux$1641_CMP $procmux$1642_CMP }
    New ctrl vector for $pmux cell $procmux$1583: { $auto$opt_reduce.cc:135:opt_pmux$1657 $procmux$1597_CMP $procmux$1598_CMP $procmux$1599_CMP $procmux$1600_CMP $procmux$1601_CMP $procmux$1602_CMP $procmux$1603_CMP $procmux$1604_CMP $procmux$1605_CMP $procmux$1606_CMP $procmux$1607_CMP $procmux$1608_CMP $procmux$1609_CMP $procmux$1610_CMP $procmux$1611_CMP $procmux$1629_CMP $procmux$1630_CMP $procmux$1631_CMP $procmux$1632_CMP $procmux$1633_CMP $procmux$1634_CMP $procmux$1635_CMP $procmux$1636_CMP $procmux$1637_CMP $procmux$1638_CMP $procmux$1639_CMP $procmux$1640_CMP $procmux$1641_CMP $procmux$1642_CMP }
  Optimizing cells in module \ex220_fp16_exp_semantic_sign_exp_field_defaults.
Performed a total of 3 changes.

7.5. Executing OPT_MERGE pass (detect identical cells).
Finding identical cells in module `\ex220_fp16_exp_semantic_sign_exp_field_defaults'.
Computing hashes of 141 cells of `\ex220_fp16_exp_semantic_sign_exp_field_defaults'.
Finding duplicate cells in `\ex220_fp16_exp_semantic_sign_exp_field_defaults'.
Computing hashes of 140 cells of `\ex220_fp16_exp_semantic_sign_exp_field_defaults'.
Finding duplicate cells in `\ex220_fp16_exp_semantic_sign_exp_field_defaults'.
Removed a total of 1 cells.

7.6. Executing OPT_DFF pass (perform DFF optimizations).

7.7. Executing OPT_CLEAN pass (remove unused cells and wires).
Finding unused cells or wires in module \ex220_fp16_exp_semantic_sign_exp_field_defaults..
Removed 1 unused cells and 258 unused wires.

7.8. Executing OPT_EXPR pass (perform const folding).
Optimizing module ex220_fp16_exp_semantic_sign_exp_field_defaults.

7.9. Rerunning OPT passes. (Maybe there is more to do..)

7.10. Executing OPT_MUXTREE pass (detect dead branches in mux trees).
Running muxtree optimizer on module \ex220_fp16_exp_semantic_sign_exp_field_defaults..
  Creating internal representation of mux trees.
  Evaluating internal representation of mux trees.
  Analyzing evaluation results.
Removed 0 multiplexer ports.

7.11. Executing OPT_REDUCE pass (consolidate $*mux and $reduce_* inputs).
  Optimizing cells in module \ex220_fp16_exp_semantic_sign_exp_field_defaults.
    New ctrl vector for $pmux cell $procmux$1453: { $procmux$1513_CMP $procmux$1452_CMP $procmux$1389_CMP $procmux$1329_CMP $procmux$1270_CMP $procmux$1212_CMP $procmux$1155_CMP $procmux$1099_CMP $procmux$1044_CMP $procmux$1504_CMP $procmux$1503_CMP $procmux$1502_CMP $procmux$1501_CMP $procmux$1500_CMP $procmux$1499_CMP $auto$opt_reduce.cc:135:opt_pmux$1659 $procmux$1482_CMP $procmux$1481_CMP $procmux$1480_CMP $procmux$1479_CMP $procmux$1478_CMP $procmux$1477_CMP $procmux$1476_CMP $procmux$1475_CMP $procmux$1474_CMP $procmux$1473_CMP $procmux$1472_CMP $procmux$1471_CMP $procmux$1470_CMP $procmux$1469_CMP $procmux$1468_CMP $procmux$1467_CMP $auto$opt_reduce.cc:135:opt_pmux$1649 }
  Optimizing cells in module \ex220_fp16_exp_semantic_sign_exp_field_defaults.
Performed a total of 1 changes.

7.12. Executing OPT_MERGE pass (detect identical cells).
Finding identical cells in module `\ex220_fp16_exp_semantic_sign_exp_field_defaults'.
Computing hashes of 140 cells of `\ex220_fp16_exp_semantic_sign_exp_field_defaults'.
Finding duplicate cells in `\ex220_fp16_exp_semantic_sign_exp_field_defaults'.
Removed a total of 0 cells.

7.13. Executing OPT_DFF pass (perform DFF optimizations).

7.14. Executing OPT_CLEAN pass (remove unused cells and wires).
Finding unused cells or wires in module \ex220_fp16_exp_semantic_sign_exp_field_defaults..

7.15. Executing OPT_EXPR pass (perform const folding).
Optimizing module ex220_fp16_exp_semantic_sign_exp_field_defaults.

7.16. Rerunning OPT passes. (Maybe there is more to do..)

7.17. Executing OPT_MUXTREE pass (detect dead branches in mux trees).
Running muxtree optimizer on module \ex220_fp16_exp_semantic_sign_exp_field_defaults..
  Creating internal representation of mux trees.
  Evaluating internal representation of mux trees.
  Analyzing evaluation results.
Removed 0 multiplexer ports.

7.18. Executing OPT_REDUCE pass (consolidate $*mux and $reduce_* inputs).
  Optimizing cells in module \ex220_fp16_exp_semantic_sign_exp_field_defaults.
Performed a total of 0 changes.

7.19. Executing OPT_MERGE pass (detect identical cells).
Finding identical cells in module `\ex220_fp16_exp_semantic_sign_exp_field_defaults'.
Computing hashes of 140 cells of `\ex220_fp16_exp_semantic_sign_exp_field_defaults'.
Finding duplicate cells in `\ex220_fp16_exp_semantic_sign_exp_field_defaults'.
Removed a total of 0 cells.

7.20. Executing OPT_DFF pass (perform DFF optimizations).

7.21. Executing OPT_CLEAN pass (remove unused cells and wires).
Finding unused cells or wires in module \ex220_fp16_exp_semantic_sign_exp_field_defaults..

7.22. Executing OPT_EXPR pass (perform const folding).
Optimizing module ex220_fp16_exp_semantic_sign_exp_field_defaults.

7.23. Finished fast OPT passes. (There is nothing left to do.)

8. Executing MEMORY pass.

8.1. Executing OPT_MEM pass (optimize memories).
ex220_fp16_exp_semantic_sign_exp_field_defaults.$auto$proc_rom.cc:155:do_switch$115: removing const-0 lane 0
ex220_fp16_exp_semantic_sign_exp_field_defaults.$auto$proc_rom.cc:155:do_switch$115: removing const-0 lane 3
ex220_fp16_exp_semantic_sign_exp_field_defaults.$auto$proc_rom.cc:155:do_switch$115: removing const-0 lane 4
ex220_fp16_exp_semantic_sign_exp_field_defaults.$auto$proc_rom.cc:155:do_switch$115: removing const-0 lane 5
ex220_fp16_exp_semantic_sign_exp_field_defaults.$auto$proc_rom.cc:155:do_switch$111: removing const-0 lane 0
ex220_fp16_exp_semantic_sign_exp_field_defaults.$auto$proc_rom.cc:155:do_switch$111: removing const-0 lane 5
ex220_fp16_exp_semantic_sign_exp_field_defaults.$auto$proc_rom.cc:155:do_switch$107: removing const-0 lane 0
ex220_fp16_exp_semantic_sign_exp_field_defaults.$auto$proc_rom.cc:155:do_switch$107: removing const-1 lane 4
ex220_fp16_exp_semantic_sign_exp_field_defaults.$auto$proc_rom.cc:155:do_switch$107: removing const-0 lane 5
ex220_fp16_exp_semantic_sign_exp_field_defaults.$auto$proc_rom.cc:155:do_switch$103: removing const-0 lane 0
ex220_fp16_exp_semantic_sign_exp_field_defaults.$auto$proc_rom.cc:155:do_switch$103: removing const-0 lane 2
ex220_fp16_exp_semantic_sign_exp_field_defaults.$auto$proc_rom.cc:155:do_switch$103: removing const-1 lane 3
ex220_fp16_exp_semantic_sign_exp_field_defaults.$auto$proc_rom.cc:155:do_switch$103: removing const-1 lane 4
ex220_fp16_exp_semantic_sign_exp_field_defaults.$auto$proc_rom.cc:155:do_switch$103: removing const-0 lane 5
ex220_fp16_exp_semantic_sign_exp_field_defaults.$auto$proc_rom.cc:155:do_switch$99: removing const-0 lane 0
ex220_fp16_exp_semantic_sign_exp_field_defaults.$auto$proc_rom.cc:155:do_switch$99: removing const-1 lane 3
ex220_fp16_exp_semantic_sign_exp_field_defaults.$auto$proc_rom.cc:155:do_switch$99: removing const-1 lane 4
ex220_fp16_exp_semantic_sign_exp_field_defaults.$auto$proc_rom.cc:155:do_switch$99: removing const-0 lane 5
ex220_fp16_exp_semantic_sign_exp_field_defaults.$auto$proc_rom.cc:155:do_switch$95: removing const-0 lane 0
ex220_fp16_exp_semantic_sign_exp_field_defaults.$auto$proc_rom.cc:155:do_switch$95: removing const-0 lane 1
ex220_fp16_exp_semantic_sign_exp_field_defaults.$auto$proc_rom.cc:155:do_switch$95: removing const-1 lane 2
ex220_fp16_exp_semantic_sign_exp_field_defaults.$auto$proc_rom.cc:155:do_switch$95: removing const-1 lane 3
ex220_fp16_exp_semantic_sign_exp_field_defaults.$auto$proc_rom.cc:155:do_switch$95: removing const-1 lane 4
ex220_fp16_exp_semantic_sign_exp_field_defaults.$auto$proc_rom.cc:155:do_switch$95: removing const-0 lane 5
ex220_fp16_exp_semantic_sign_exp_field_defaults.$auto$proc_rom.cc:155:do_switch$91: removing const-0 lane 0
ex220_fp16_exp_semantic_sign_exp_field_defaults.$auto$proc_rom.cc:155:do_switch$91: removing const-0 lane 1
ex220_fp16_exp_semantic_sign_exp_field_defaults.$auto$proc_rom.cc:155:do_switch$91: removing const-1 lane 2
ex220_fp16_exp_semantic_sign_exp_field_defaults.$auto$proc_rom.cc:155:do_switch$91: removing const-1 lane 3
ex220_fp16_exp_semantic_sign_exp_field_defaults.$auto$proc_rom.cc:155:do_switch$91: removing const-1 lane 4
ex220_fp16_exp_semantic_sign_exp_field_defaults.$auto$proc_rom.cc:155:do_switch$91: removing const-0 lane 5
ex220_fp16_exp_semantic_sign_exp_field_defaults.$auto$proc_rom.cc:155:do_switch$91: removing const-1 lane 15
ex220_fp16_exp_semantic_sign_exp_field_defaults.$auto$proc_rom.cc:155:do_switch$87: removing const-0 lane 0
ex220_fp16_exp_semantic_sign_exp_field_defaults.$auto$proc_rom.cc:155:do_switch$87: removing const-0 lane 1
ex220_fp16_exp_semantic_sign_exp_field_defaults.$auto$proc_rom.cc:155:do_switch$87: removing const-1 lane 2
ex220_fp16_exp_semantic_sign_exp_field_defaults.$auto$proc_rom.cc:155:do_switch$87: removing const-1 lane 3
ex220_fp16_exp_semantic_sign_exp_field_defaults.$auto$proc_rom.cc:155:do_switch$87: removing const-1 lane 4
ex220_fp16_exp_semantic_sign_exp_field_defaults.$auto$proc_rom.cc:155:do_switch$87: removing const-0 lane 5
ex220_fp16_exp_semantic_sign_exp_field_defaults.$auto$proc_rom.cc:155:do_switch$87: removing const-1 lane 14
ex220_fp16_exp_semantic_sign_exp_field_defaults.$auto$proc_rom.cc:155:do_switch$87: removing const-1 lane 15
ex220_fp16_exp_semantic_sign_exp_field_defaults.$auto$proc_rom.cc:155:do_switch$83: removing const-0 lane 0
ex220_fp16_exp_semantic_sign_exp_field_defaults.$auto$proc_rom.cc:155:do_switch$83: removing const-0 lane 1
ex220_fp16_exp_semantic_sign_exp_field_defaults.$auto$proc_rom.cc:155:do_switch$83: removing const-1 lane 2
ex220_fp16_exp_semantic_sign_exp_field_defaults.$auto$proc_rom.cc:155:do_switch$83: removing const-1 lane 3
ex220_fp16_exp_semantic_sign_exp_field_defaults.$auto$proc_rom.cc:155:do_switch$83: removing const-1 lane 4
ex220_fp16_exp_semantic_sign_exp_field_defaults.$auto$proc_rom.cc:155:do_switch$83: removing const-0 lane 5
ex220_fp16_exp_semantic_sign_exp_field_defaults.$auto$proc_rom.cc:155:do_switch$83: removing const-1 lane 13
ex220_fp16_exp_semantic_sign_exp_field_defaults.$auto$proc_rom.cc:155:do_switch$83: removing const-1 lane 14
ex220_fp16_exp_semantic_sign_exp_field_defaults.$auto$proc_rom.cc:155:do_switch$83: removing const-1 lane 15
ex220_fp16_exp_semantic_sign_exp_field_defaults.$auto$proc_rom.cc:155:do_switch$79: removing const-0 lane 0
ex220_fp16_exp_semantic_sign_exp_field_defaults.$auto$proc_rom.cc:155:do_switch$79: removing const-0 lane 1
ex220_fp16_exp_semantic_sign_exp_field_defaults.$auto$proc_rom.cc:155:do_switch$79: removing const-1 lane 2
ex220_fp16_exp_semantic_sign_exp_field_defaults.$auto$proc_rom.cc:155:do_switch$79: removing const-1 lane 3
ex220_fp16_exp_semantic_sign_exp_field_defaults.$auto$proc_rom.cc:155:do_switch$79: removing const-1 lane 4
ex220_fp16_exp_semantic_sign_exp_field_defaults.$auto$proc_rom.cc:155:do_switch$79: removing const-0 lane 5
ex220_fp16_exp_semantic_sign_exp_field_defaults.$auto$proc_rom.cc:155:do_switch$79: removing const-1 lane 12
ex220_fp16_exp_semantic_sign_exp_field_defaults.$auto$proc_rom.cc:155:do_switch$79: removing const-1 lane 13
ex220_fp16_exp_semantic_sign_exp_field_defaults.$auto$proc_rom.cc:155:do_switch$79: removing const-1 lane 14
ex220_fp16_exp_semantic_sign_exp_field_defaults.$auto$proc_rom.cc:155:do_switch$79: removing const-1 lane 15
ex220_fp16_exp_semantic_sign_exp_field_defaults.$auto$proc_rom.cc:155:do_switch$75: removing const-0 lane 0
ex220_fp16_exp_semantic_sign_exp_field_defaults.$auto$proc_rom.cc:155:do_switch$75: removing const-0 lane 1
ex220_fp16_exp_semantic_sign_exp_field_defaults.$auto$proc_rom.cc:155:do_switch$75: removing const-1 lane 2
ex220_fp16_exp_semantic_sign_exp_field_defaults.$auto$proc_rom.cc:155:do_switch$75: removing const-1 lane 3
ex220_fp16_exp_semantic_sign_exp_field_defaults.$auto$proc_rom.cc:155:do_switch$75: removing const-1 lane 4
ex220_fp16_exp_semantic_sign_exp_field_defaults.$auto$proc_rom.cc:155:do_switch$75: removing const-0 lane 5
ex220_fp16_exp_semantic_sign_exp_field_defaults.$auto$proc_rom.cc:155:do_switch$75: removing const-1 lane 11
ex220_fp16_exp_semantic_sign_exp_field_defaults.$auto$proc_rom.cc:155:do_switch$75: removing const-1 lane 12
ex220_fp16_exp_semantic_sign_exp_field_defaults.$auto$proc_rom.cc:155:do_switch$75: removing const-1 lane 13
ex220_fp16_exp_semantic_sign_exp_field_defaults.$auto$proc_rom.cc:155:do_switch$75: removing const-1 lane 14
ex220_fp16_exp_semantic_sign_exp_field_defaults.$auto$proc_rom.cc:155:do_switch$75: removing const-1 lane 15
ex220_fp16_exp_semantic_sign_exp_field_defaults.$auto$proc_rom.cc:155:do_switch$71: removing const-0 lane 0
ex220_fp16_exp_semantic_sign_exp_field_defaults.$auto$proc_rom.cc:155:do_switch$71: removing const-0 lane 1
ex220_fp16_exp_semantic_sign_exp_field_defaults.$auto$proc_rom.cc:155:do_switch$71: removing const-1 lane 2
ex220_fp16_exp_semantic_sign_exp_field_defaults.$auto$proc_rom.cc:155:do_switch$71: removing const-1 lane 3
ex220_fp16_exp_semantic_sign_exp_field_defaults.$auto$proc_rom.cc:155:do_switch$71: removing const-1 lane 4
ex220_fp16_exp_semantic_sign_exp_field_defaults.$auto$proc_rom.cc:155:do_switch$71: removing const-0 lane 5
ex220_fp16_exp_semantic_sign_exp_field_defaults.$auto$proc_rom.cc:155:do_switch$71: removing const-1 lane 10
ex220_fp16_exp_semantic_sign_exp_field_defaults.$auto$proc_rom.cc:155:do_switch$71: removing const-1 lane 11
ex220_fp16_exp_semantic_sign_exp_field_defaults.$auto$proc_rom.cc:155:do_switch$71: removing const-1 lane 12
ex220_fp16_exp_semantic_sign_exp_field_defaults.$auto$proc_rom.cc:155:do_switch$71: removing const-1 lane 13
ex220_fp16_exp_semantic_sign_exp_field_defaults.$auto$proc_rom.cc:155:do_switch$71: removing const-1 lane 14
ex220_fp16_exp_semantic_sign_exp_field_defaults.$auto$proc_rom.cc:155:do_switch$71: removing const-1 lane 15
ex220_fp16_exp_semantic_sign_exp_field_defaults.$auto$proc_rom.cc:155:do_switch$67: removing const-0 lane 0
ex220_fp16_exp_semantic_sign_exp_field_defaults.$auto$proc_rom.cc:155:do_switch$67: removing const-0 lane 1
ex220_fp16_exp_semantic_sign_exp_field_defaults.$auto$proc_rom.cc:155:do_switch$67: removing const-1 lane 2
ex220_fp16_exp_semantic_sign_exp_field_defaults.$auto$proc_rom.cc:155:do_switch$67: removing const-1 lane 3
ex220_fp16_exp_semantic_sign_exp_field_defaults.$auto$proc_rom.cc:155:do_switch$67: removing const-1 lane 4
ex220_fp16_exp_semantic_sign_exp_field_defaults.$auto$proc_rom.cc:155:do_switch$67: removing const-0 lane 5
ex220_fp16_exp_semantic_sign_exp_field_defaults.$auto$proc_rom.cc:155:do_switch$67: removing const-1 lane 9
ex220_fp16_exp_semantic_sign_exp_field_defaults.$auto$proc_rom.cc:155:do_switch$67: removing const-1 lane 10
ex220_fp16_exp_semantic_sign_exp_field_defaults.$auto$proc_rom.cc:155:do_switch$67: removing const-1 lane 11
ex220_fp16_exp_semantic_sign_exp_field_defaults.$auto$proc_rom.cc:155:do_switch$67: removing const-1 lane 12
ex220_fp16_exp_semantic_sign_exp_field_defaults.$auto$proc_rom.cc:155:do_switch$67: removing const-1 lane 13
ex220_fp16_exp_semantic_sign_exp_field_defaults.$auto$proc_rom.cc:155:do_switch$67: removing const-1 lane 14
ex220_fp16_exp_semantic_sign_exp_field_defaults.$auto$proc_rom.cc:155:do_switch$67: removing const-1 lane 15
ex220_fp16_exp_semantic_sign_exp_field_defaults.$auto$proc_rom.cc:155:do_switch$63: removing const-0 lane 0
ex220_fp16_exp_semantic_sign_exp_field_defaults.$auto$proc_rom.cc:155:do_switch$63: removing const-0 lane 1
ex220_fp16_exp_semantic_sign_exp_field_defaults.$auto$proc_rom.cc:155:do_switch$63: removing const-1 lane 2
ex220_fp16_exp_semantic_sign_exp_field_defaults.$auto$proc_rom.cc:155:do_switch$63: removing const-1 lane 3
ex220_fp16_exp_semantic_sign_exp_field_defaults.$auto$proc_rom.cc:155:do_switch$63: removing const-1 lane 4
ex220_fp16_exp_semantic_sign_exp_field_defaults.$auto$proc_rom.cc:155:do_switch$63: removing const-0 lane 5
ex220_fp16_exp_semantic_sign_exp_field_defaults.$auto$proc_rom.cc:155:do_switch$63: removing const-1 lane 8
ex220_fp16_exp_semantic_sign_exp_field_defaults.$auto$proc_rom.cc:155:do_switch$63: removing const-1 lane 9
ex220_fp16_exp_semantic_sign_exp_field_defaults.$auto$proc_rom.cc:155:do_switch$63: removing const-1 lane 10
ex220_fp16_exp_semantic_sign_exp_field_defaults.$auto$proc_rom.cc:155:do_switch$63: removing const-1 lane 11
ex220_fp16_exp_semantic_sign_exp_field_defaults.$auto$proc_rom.cc:155:do_switch$63: removing const-1 lane 12
ex220_fp16_exp_semantic_sign_exp_field_defaults.$auto$proc_rom.cc:155:do_switch$63: removing const-1 lane 13
ex220_fp16_exp_semantic_sign_exp_field_defaults.$auto$proc_rom.cc:155:do_switch$63: removing const-1 lane 14
ex220_fp16_exp_semantic_sign_exp_field_defaults.$auto$proc_rom.cc:155:do_switch$63: removing const-1 lane 15
ex220_fp16_exp_semantic_sign_exp_field_defaults.$auto$proc_rom.cc:155:do_switch$59: removing const-0 lane 0
ex220_fp16_exp_semantic_sign_exp_field_defaults.$auto$proc_rom.cc:155:do_switch$59: removing const-0 lane 1
ex220_fp16_exp_semantic_sign_exp_field_defaults.$auto$proc_rom.cc:155:do_switch$59: removing const-1 lane 2
ex220_fp16_exp_semantic_sign_exp_field_defaults.$auto$proc_rom.cc:155:do_switch$59: removing const-1 lane 3
ex220_fp16_exp_semantic_sign_exp_field_defaults.$auto$proc_rom.cc:155:do_switch$59: removing const-1 lane 4
ex220_fp16_exp_semantic_sign_exp_field_defaults.$auto$proc_rom.cc:155:do_switch$59: removing const-0 lane 5
ex220_fp16_exp_semantic_sign_exp_field_defaults.$auto$proc_rom.cc:155:do_switch$59: removing const-1 lane 7
ex220_fp16_exp_semantic_sign_exp_field_defaults.$auto$proc_rom.cc:155:do_switch$59: removing const-1 lane 8
ex220_fp16_exp_semantic_sign_exp_field_defaults.$auto$proc_rom.cc:155:do_switch$59: removing const-1 lane 9
ex220_fp16_exp_semantic_sign_exp_field_defaults.$auto$proc_rom.cc:155:do_switch$59: removing const-1 lane 10
ex220_fp16_exp_semantic_sign_exp_field_defaults.$auto$proc_rom.cc:155:do_switch$59: removing const-1 lane 11
ex220_fp16_exp_semantic_sign_exp_field_defaults.$auto$proc_rom.cc:155:do_switch$59: removing const-1 lane 12
ex220_fp16_exp_semantic_sign_exp_field_defaults.$auto$proc_rom.cc:155:do_switch$59: removing const-1 lane 13
ex220_fp16_exp_semantic_sign_exp_field_defaults.$auto$proc_rom.cc:155:do_switch$59: removing const-1 lane 14
ex220_fp16_exp_semantic_sign_exp_field_defaults.$auto$proc_rom.cc:155:do_switch$59: removing const-1 lane 15
ex220_fp16_exp_semantic_sign_exp_field_defaults.$auto$proc_rom.cc:155:do_switch$55: removing const-0 lane 0
ex220_fp16_exp_semantic_sign_exp_field_defaults.$auto$proc_rom.cc:155:do_switch$55: removing const-1 lane 4
ex220_fp16_exp_semantic_sign_exp_field_defaults.$auto$proc_rom.cc:155:do_switch$55: removing const-1 lane 5
ex220_fp16_exp_semantic_sign_exp_field_defaults.$auto$proc_rom.cc:155:do_switch$51: removing const-0 lane 0
ex220_fp16_exp_semantic_sign_exp_field_defaults.$auto$proc_rom.cc:155:do_switch$51: removing const-1 lane 5
ex220_fp16_exp_semantic_sign_exp_field_defaults.$auto$proc_rom.cc:155:do_switch$47: removing const-0 lane 0
ex220_fp16_exp_semantic_sign_exp_field_defaults.$auto$proc_rom.cc:155:do_switch$47: removing const-0 lane 4
ex220_fp16_exp_semantic_sign_exp_field_defaults.$auto$proc_rom.cc:155:do_switch$47: removing const-1 lane 5
ex220_fp16_exp_semantic_sign_exp_field_defaults.$auto$proc_rom.cc:155:do_switch$43: removing const-0 lane 0
ex220_fp16_exp_semantic_sign_exp_field_defaults.$auto$proc_rom.cc:155:do_switch$43: removing const-0 lane 2
ex220_fp16_exp_semantic_sign_exp_field_defaults.$auto$proc_rom.cc:155:do_switch$43: removing const-0 lane 3
ex220_fp16_exp_semantic_sign_exp_field_defaults.$auto$proc_rom.cc:155:do_switch$43: removing const-0 lane 4
ex220_fp16_exp_semantic_sign_exp_field_defaults.$auto$proc_rom.cc:155:do_switch$43: removing const-1 lane 5
ex220_fp16_exp_semantic_sign_exp_field_defaults.$auto$proc_rom.cc:155:do_switch$39: removing const-0 lane 0
ex220_fp16_exp_semantic_sign_exp_field_defaults.$auto$proc_rom.cc:155:do_switch$35: removing const-0 lane 0
ex220_fp16_exp_semantic_sign_exp_field_defaults.$auto$proc_rom.cc:155:do_switch$35: removing const-1 lane 1
ex220_fp16_exp_semantic_sign_exp_field_defaults.$auto$proc_rom.cc:155:do_switch$35: removing const-1 lane 2
ex220_fp16_exp_semantic_sign_exp_field_defaults.$auto$proc_rom.cc:155:do_switch$35: removing const-1 lane 3
ex220_fp16_exp_semantic_sign_exp_field_defaults.$auto$proc_rom.cc:155:do_switch$35: removing const-1 lane 4
ex220_fp16_exp_semantic_sign_exp_field_defaults.$auto$proc_rom.cc:155:do_switch$35: removing const-0 lane 5
ex220_fp16_exp_semantic_sign_exp_field_defaults.$auto$proc_rom.cc:155:do_switch$31: removing const-0 lane 0
ex220_fp16_exp_semantic_sign_exp_field_defaults.$auto$proc_rom.cc:155:do_switch$31: removing const-1 lane 1
ex220_fp16_exp_semantic_sign_exp_field_defaults.$auto$proc_rom.cc:155:do_switch$31: removing const-1 lane 2
ex220_fp16_exp_semantic_sign_exp_field_defaults.$auto$proc_rom.cc:155:do_switch$31: removing const-1 lane 3
ex220_fp16_exp_semantic_sign_exp_field_defaults.$auto$proc_rom.cc:155:do_switch$31: removing const-1 lane 4
ex220_fp16_exp_semantic_sign_exp_field_defaults.$auto$proc_rom.cc:155:do_switch$31: removing const-0 lane 5
ex220_fp16_exp_semantic_sign_exp_field_defaults.$auto$proc_rom.cc:155:do_switch$31: removing const-0 lane 15
ex220_fp16_exp_semantic_sign_exp_field_defaults.$auto$proc_rom.cc:155:do_switch$27: removing const-0 lane 0
ex220_fp16_exp_semantic_sign_exp_field_defaults.$auto$proc_rom.cc:155:do_switch$27: removing const-1 lane 1
ex220_fp16_exp_semantic_sign_exp_field_defaults.$auto$proc_rom.cc:155:do_switch$27: removing const-1 lane 2
ex220_fp16_exp_semantic_sign_exp_field_defaults.$auto$proc_rom.cc:155:do_switch$27: removing const-1 lane 3
ex220_fp16_exp_semantic_sign_exp_field_defaults.$auto$proc_rom.cc:155:do_switch$27: removing const-1 lane 4
ex220_fp16_exp_semantic_sign_exp_field_defaults.$auto$proc_rom.cc:155:do_switch$27: removing const-0 lane 5
ex220_fp16_exp_semantic_sign_exp_field_defaults.$auto$proc_rom.cc:155:do_switch$27: removing const-0 lane 14
ex220_fp16_exp_semantic_sign_exp_field_defaults.$auto$proc_rom.cc:155:do_switch$27: removing const-0 lane 15
ex220_fp16_exp_semantic_sign_exp_field_defaults.$auto$proc_rom.cc:155:do_switch$23: removing const-0 lane 0
ex220_fp16_exp_semantic_sign_exp_field_defaults.$auto$proc_rom.cc:155:do_switch$23: removing const-1 lane 1
ex220_fp16_exp_semantic_sign_exp_field_defaults.$auto$proc_rom.cc:155:do_switch$23: removing const-1 lane 2
ex220_fp16_exp_semantic_sign_exp_field_defaults.$auto$proc_rom.cc:155:do_switch$23: removing const-1 lane 3
ex220_fp16_exp_semantic_sign_exp_field_defaults.$auto$proc_rom.cc:155:do_switch$23: removing const-1 lane 4
ex220_fp16_exp_semantic_sign_exp_field_defaults.$auto$proc_rom.cc:155:do_switch$23: removing const-0 lane 5
ex220_fp16_exp_semantic_sign_exp_field_defaults.$auto$proc_rom.cc:155:do_switch$23: removing const-0 lane 13
ex220_fp16_exp_semantic_sign_exp_field_defaults.$auto$proc_rom.cc:155:do_switch$23: removing const-0 lane 14
ex220_fp16_exp_semantic_sign_exp_field_defaults.$auto$proc_rom.cc:155:do_switch$23: removing const-0 lane 15
ex220_fp16_exp_semantic_sign_exp_field_defaults.$auto$proc_rom.cc:155:do_switch$19: removing const-0 lane 0
ex220_fp16_exp_semantic_sign_exp_field_defaults.$auto$proc_rom.cc:155:do_switch$19: removing const-1 lane 1
ex220_fp16_exp_semantic_sign_exp_field_defaults.$auto$proc_rom.cc:155:do_switch$19: removing const-1 lane 2
ex220_fp16_exp_semantic_sign_exp_field_defaults.$auto$proc_rom.cc:155:do_switch$19: removing const-1 lane 3
ex220_fp16_exp_semantic_sign_exp_field_defaults.$auto$proc_rom.cc:155:do_switch$19: removing const-1 lane 4
ex220_fp16_exp_semantic_sign_exp_field_defaults.$auto$proc_rom.cc:155:do_switch$19: removing const-0 lane 5
ex220_fp16_exp_semantic_sign_exp_field_defaults.$auto$proc_rom.cc:155:do_switch$19: removing const-0 lane 12
ex220_fp16_exp_semantic_sign_exp_field_defaults.$auto$proc_rom.cc:155:do_switch$19: removing const-0 lane 13
ex220_fp16_exp_semantic_sign_exp_field_defaults.$auto$proc_rom.cc:155:do_switch$19: removing const-0 lane 14
ex220_fp16_exp_semantic_sign_exp_field_defaults.$auto$proc_rom.cc:155:do_switch$19: removing const-0 lane 15
ex220_fp16_exp_semantic_sign_exp_field_defaults.$auto$proc_rom.cc:155:do_switch$15: removing const-0 lane 0
ex220_fp16_exp_semantic_sign_exp_field_defaults.$auto$proc_rom.cc:155:do_switch$15: removing const-1 lane 1
ex220_fp16_exp_semantic_sign_exp_field_defaults.$auto$proc_rom.cc:155:do_switch$15: removing const-1 lane 2
ex220_fp16_exp_semantic_sign_exp_field_defaults.$auto$proc_rom.cc:155:do_switch$15: removing const-1 lane 3
ex220_fp16_exp_semantic_sign_exp_field_defaults.$auto$proc_rom.cc:155:do_switch$15: removing const-1 lane 4
ex220_fp16_exp_semantic_sign_exp_field_defaults.$auto$proc_rom.cc:155:do_switch$15: removing const-0 lane 5
ex220_fp16_exp_semantic_sign_exp_field_defaults.$auto$proc_rom.cc:155:do_switch$15: removing const-0 lane 11
ex220_fp16_exp_semantic_sign_exp_field_defaults.$auto$proc_rom.cc:155:do_switch$15: removing const-0 lane 12
ex220_fp16_exp_semantic_sign_exp_field_defaults.$auto$proc_rom.cc:155:do_switch$15: removing const-0 lane 13
ex220_fp16_exp_semantic_sign_exp_field_defaults.$auto$proc_rom.cc:155:do_switch$15: removing const-0 lane 14
ex220_fp16_exp_semantic_sign_exp_field_defaults.$auto$proc_rom.cc:155:do_switch$15: removing const-0 lane 15
ex220_fp16_exp_semantic_sign_exp_field_defaults.$auto$proc_rom.cc:155:do_switch$11: removing const-0 lane 0
ex220_fp16_exp_semantic_sign_exp_field_defaults.$auto$proc_rom.cc:155:do_switch$11: removing const-1 lane 1
ex220_fp16_exp_semantic_sign_exp_field_defaults.$auto$proc_rom.cc:155:do_switch$11: removing const-1 lane 2
ex220_fp16_exp_semantic_sign_exp_field_defaults.$auto$proc_rom.cc:155:do_switch$11: removing const-1 lane 3
ex220_fp16_exp_semantic_sign_exp_field_defaults.$auto$proc_rom.cc:155:do_switch$11: removing const-1 lane 4
ex220_fp16_exp_semantic_sign_exp_field_defaults.$auto$proc_rom.cc:155:do_switch$11: removing const-0 lane 5
ex220_fp16_exp_semantic_sign_exp_field_defaults.$auto$proc_rom.cc:155:do_switch$11: removing const-0 lane 10
ex220_fp16_exp_semantic_sign_exp_field_defaults.$auto$proc_rom.cc:155:do_switch$11: removing const-0 lane 11
ex220_fp16_exp_semantic_sign_exp_field_defaults.$auto$proc_rom.cc:155:do_switch$11: removing const-0 lane 12
ex220_fp16_exp_semantic_sign_exp_field_defaults.$auto$proc_rom.cc:155:do_switch$11: removing const-0 lane 13
ex220_fp16_exp_semantic_sign_exp_field_defaults.$auto$proc_rom.cc:155:do_switch$11: removing const-0 lane 14
ex220_fp16_exp_semantic_sign_exp_field_defaults.$auto$proc_rom.cc:155:do_switch$11: removing const-0 lane 15
ex220_fp16_exp_semantic_sign_exp_field_defaults.$auto$proc_rom.cc:155:do_switch$7: removing const-0 lane 0
ex220_fp16_exp_semantic_sign_exp_field_defaults.$auto$proc_rom.cc:155:do_switch$7: removing const-1 lane 1
ex220_fp16_exp_semantic_sign_exp_field_defaults.$auto$proc_rom.cc:155:do_switch$7: removing const-1 lane 2
ex220_fp16_exp_semantic_sign_exp_field_defaults.$auto$proc_rom.cc:155:do_switch$7: removing const-1 lane 3
ex220_fp16_exp_semantic_sign_exp_field_defaults.$auto$proc_rom.cc:155:do_switch$7: removing const-1 lane 4
ex220_fp16_exp_semantic_sign_exp_field_defaults.$auto$proc_rom.cc:155:do_switch$7: removing const-0 lane 5
ex220_fp16_exp_semantic_sign_exp_field_defaults.$auto$proc_rom.cc:155:do_switch$7: removing const-0 lane 9
ex220_fp16_exp_semantic_sign_exp_field_defaults.$auto$proc_rom.cc:155:do_switch$7: removing const-0 lane 10
ex220_fp16_exp_semantic_sign_exp_field_defaults.$auto$proc_rom.cc:155:do_switch$7: removing const-0 lane 11
ex220_fp16_exp_semantic_sign_exp_field_defaults.$auto$proc_rom.cc:155:do_switch$7: removing const-0 lane 12
ex220_fp16_exp_semantic_sign_exp_field_defaults.$auto$proc_rom.cc:155:do_switch$7: removing const-0 lane 13
ex220_fp16_exp_semantic_sign_exp_field_defaults.$auto$proc_rom.cc:155:do_switch$7: removing const-0 lane 14
ex220_fp16_exp_semantic_sign_exp_field_defaults.$auto$proc_rom.cc:155:do_switch$7: removing const-0 lane 15
ex220_fp16_exp_semantic_sign_exp_field_defaults.$auto$proc_rom.cc:155:do_switch$3: removing const-0 lane 0
ex220_fp16_exp_semantic_sign_exp_field_defaults.$auto$proc_rom.cc:155:do_switch$3: removing const-1 lane 1
ex220_fp16_exp_semantic_sign_exp_field_defaults.$auto$proc_rom.cc:155:do_switch$3: removing const-1 lane 2
ex220_fp16_exp_semantic_sign_exp_field_defaults.$auto$proc_rom.cc:155:do_switch$3: removing const-1 lane 3
ex220_fp16_exp_semantic_sign_exp_field_defaults.$auto$proc_rom.cc:155:do_switch$3: removing const-1 lane 4
ex220_fp16_exp_semantic_sign_exp_field_defaults.$auto$proc_rom.cc:155:do_switch$3: removing const-0 lane 5
ex220_fp16_exp_semantic_sign_exp_field_defaults.$auto$proc_rom.cc:155:do_switch$3: removing const-0 lane 8
ex220_fp16_exp_semantic_sign_exp_field_defaults.$auto$proc_rom.cc:155:do_switch$3: removing const-0 lane 9
ex220_fp16_exp_semantic_sign_exp_field_defaults.$auto$proc_rom.cc:155:do_switch$3: removing const-0 lane 10
ex220_fp16_exp_semantic_sign_exp_field_defaults.$auto$proc_rom.cc:155:do_switch$3: removing const-0 lane 11
ex220_fp16_exp_semantic_sign_exp_field_defaults.$auto$proc_rom.cc:155:do_switch$3: removing const-0 lane 12
ex220_fp16_exp_semantic_sign_exp_field_defaults.$auto$proc_rom.cc:155:do_switch$3: removing const-0 lane 13
ex220_fp16_exp_semantic_sign_exp_field_defaults.$auto$proc_rom.cc:155:do_switch$3: removing const-0 lane 14
ex220_fp16_exp_semantic_sign_exp_field_defaults.$auto$proc_rom.cc:155:do_switch$3: removing const-0 lane 15
Performed a total of 29 transformations.

8.2. Executing OPT_MEM_PRIORITY pass (removing unnecessary memory write priority relations).
Performed a total of 0 transformations.

8.3. Executing OPT_MEM_FEEDBACK pass (finding memory read-to-write feedback paths).

8.4. Executing MEMORY_BMUX2ROM pass (converting muxes to ROMs).

8.5. Executing MEMORY_DFF pass (merging $dff cells to $memrd).
Checking read port `$auto$proc_rom.cc:155:do_switch$115'[0] in module `\ex220_fp16_exp_semantic_sign_exp_field_defaults': no output FF found.
Checking read port `$auto$proc_rom.cc:155:do_switch$111'[0] in module `\ex220_fp16_exp_semantic_sign_exp_field_defaults': no output FF found.
Checking read port `$auto$proc_rom.cc:155:do_switch$107'[0] in module `\ex220_fp16_exp_semantic_sign_exp_field_defaults': no output FF found.
Checking read port `$auto$proc_rom.cc:155:do_switch$103'[0] in module `\ex220_fp16_exp_semantic_sign_exp_field_defaults': no output FF found.
Checking read port `$auto$proc_rom.cc:155:do_switch$99'[0] in module `\ex220_fp16_exp_semantic_sign_exp_field_defaults': no output FF found.
Checking read port `$auto$proc_rom.cc:155:do_switch$95'[0] in module `\ex220_fp16_exp_semantic_sign_exp_field_defaults': no output FF found.
Checking read port `$auto$proc_rom.cc:155:do_switch$91'[0] in module `\ex220_fp16_exp_semantic_sign_exp_field_defaults': no output FF found.
Checking read port `$auto$proc_rom.cc:155:do_switch$87'[0] in module `\ex220_fp16_exp_semantic_sign_exp_field_defaults': no output FF found.
Checking read port `$auto$proc_rom.cc:155:do_switch$83'[0] in module `\ex220_fp16_exp_semantic_sign_exp_field_defaults': no output FF found.
Checking read port `$auto$proc_rom.cc:155:do_switch$79'[0] in module `\ex220_fp16_exp_semantic_sign_exp_field_defaults': no output FF found.
Checking read port `$auto$proc_rom.cc:155:do_switch$75'[0] in module `\ex220_fp16_exp_semantic_sign_exp_field_defaults': no output FF found.
Checking read port `$auto$proc_rom.cc:155:do_switch$71'[0] in module `\ex220_fp16_exp_semantic_sign_exp_field_defaults': no output FF found.
Checking read port `$auto$proc_rom.cc:155:do_switch$67'[0] in module `\ex220_fp16_exp_semantic_sign_exp_field_defaults': no output FF found.
Checking read port `$auto$proc_rom.cc:155:do_switch$63'[0] in module `\ex220_fp16_exp_semantic_sign_exp_field_defaults': no output FF found.
Checking read port `$auto$proc_rom.cc:155:do_switch$59'[0] in module `\ex220_fp16_exp_semantic_sign_exp_field_defaults': no output FF found.
Checking read port `$auto$proc_rom.cc:155:do_switch$55'[0] in module `\ex220_fp16_exp_semantic_sign_exp_field_defaults': no output FF found.
Checking read port `$auto$proc_rom.cc:155:do_switch$51'[0] in module `\ex220_fp16_exp_semantic_sign_exp_field_defaults': no output FF found.
Checking read port `$auto$proc_rom.cc:155:do_switch$47'[0] in module `\ex220_fp16_exp_semantic_sign_exp_field_defaults': no output FF found.
Checking read port `$auto$proc_rom.cc:155:do_switch$43'[0] in module `\ex220_fp16_exp_semantic_sign_exp_field_defaults': no output FF found.
Checking read port `$auto$proc_rom.cc:155:do_switch$39'[0] in module `\ex220_fp16_exp_semantic_sign_exp_field_defaults': no output FF found.
Checking read port `$auto$proc_rom.cc:155:do_switch$35'[0] in module `\ex220_fp16_exp_semantic_sign_exp_field_defaults': no output FF found.
Checking read port `$auto$proc_rom.cc:155:do_switch$31'[0] in module `\ex220_fp16_exp_semantic_sign_exp_field_defaults': no output FF found.
Checking read port `$auto$proc_rom.cc:155:do_switch$27'[0] in module `\ex220_fp16_exp_semantic_sign_exp_field_defaults': no output FF found.
Checking read port `$auto$proc_rom.cc:155:do_switch$23'[0] in module `\ex220_fp16_exp_semantic_sign_exp_field_defaults': no output FF found.
Checking read port `$auto$proc_rom.cc:155:do_switch$19'[0] in module `\ex220_fp16_exp_semantic_sign_exp_field_defaults': no output FF found.
Checking read port `$auto$proc_rom.cc:155:do_switch$15'[0] in module `\ex220_fp16_exp_semantic_sign_exp_field_defaults': no output FF found.
Checking read port `$auto$proc_rom.cc:155:do_switch$11'[0] in module `\ex220_fp16_exp_semantic_sign_exp_field_defaults': no output FF found.
Checking read port `$auto$proc_rom.cc:155:do_switch$7'[0] in module `\ex220_fp16_exp_semantic_sign_exp_field_defaults': no output FF found.
Checking read port `$auto$proc_rom.cc:155:do_switch$3'[0] in module `\ex220_fp16_exp_semantic_sign_exp_field_defaults': no output FF found.
Checking read port address `$auto$proc_rom.cc:155:do_switch$115'[0] in module `\ex220_fp16_exp_semantic_sign_exp_field_defaults': no address FF found.
Checking read port address `$auto$proc_rom.cc:155:do_switch$111'[0] in module `\ex220_fp16_exp_semantic_sign_exp_field_defaults': no address FF found.
Checking read port address `$auto$proc_rom.cc:155:do_switch$107'[0] in module `\ex220_fp16_exp_semantic_sign_exp_field_defaults': no address FF found.
Checking read port address `$auto$proc_rom.cc:155:do_switch$103'[0] in module `\ex220_fp16_exp_semantic_sign_exp_field_defaults': no address FF found.
Checking read port address `$auto$proc_rom.cc:155:do_switch$99'[0] in module `\ex220_fp16_exp_semantic_sign_exp_field_defaults': no address FF found.
Checking read port address `$auto$proc_rom.cc:155:do_switch$95'[0] in module `\ex220_fp16_exp_semantic_sign_exp_field_defaults': no address FF found.
Checking read port address `$auto$proc_rom.cc:155:do_switch$91'[0] in module `\ex220_fp16_exp_semantic_sign_exp_field_defaults': no address FF found.
Checking read port address `$auto$proc_rom.cc:155:do_switch$87'[0] in module `\ex220_fp16_exp_semantic_sign_exp_field_defaults': no address FF found.
Checking read port address `$auto$proc_rom.cc:155:do_switch$83'[0] in module `\ex220_fp16_exp_semantic_sign_exp_field_defaults': no address FF found.
Checking read port address `$auto$proc_rom.cc:155:do_switch$79'[0] in module `\ex220_fp16_exp_semantic_sign_exp_field_defaults': no address FF found.
Checking read port address `$auto$proc_rom.cc:155:do_switch$75'[0] in module `\ex220_fp16_exp_semantic_sign_exp_field_defaults': no address FF found.
Checking read port address `$auto$proc_rom.cc:155:do_switch$71'[0] in module `\ex220_fp16_exp_semantic_sign_exp_field_defaults': no address FF found.
Checking read port address `$auto$proc_rom.cc:155:do_switch$67'[0] in module `\ex220_fp16_exp_semantic_sign_exp_field_defaults': no address FF found.
Checking read port address `$auto$proc_rom.cc:155:do_switch$63'[0] in module `\ex220_fp16_exp_semantic_sign_exp_field_defaults': no address FF found.
Checking read port address `$auto$proc_rom.cc:155:do_switch$59'[0] in module `\ex220_fp16_exp_semantic_sign_exp_field_defaults': no address FF found.
Checking read port address `$auto$proc_rom.cc:155:do_switch$55'[0] in module `\ex220_fp16_exp_semantic_sign_exp_field_defaults': no address FF found.
Checking read port address `$auto$proc_rom.cc:155:do_switch$51'[0] in module `\ex220_fp16_exp_semantic_sign_exp_field_defaults': no address FF found.
Checking read port address `$auto$proc_rom.cc:155:do_switch$47'[0] in module `\ex220_fp16_exp_semantic_sign_exp_field_defaults': no address FF found.
Checking read port address `$auto$proc_rom.cc:155:do_switch$43'[0] in module `\ex220_fp16_exp_semantic_sign_exp_field_defaults': no address FF found.
Checking read port address `$auto$proc_rom.cc:155:do_switch$39'[0] in module `\ex220_fp16_exp_semantic_sign_exp_field_defaults': no address FF found.
Checking read port address `$auto$proc_rom.cc:155:do_switch$35'[0] in module `\ex220_fp16_exp_semantic_sign_exp_field_defaults': no address FF found.
Checking read port address `$auto$proc_rom.cc:155:do_switch$31'[0] in module `\ex220_fp16_exp_semantic_sign_exp_field_defaults': no address FF found.
Checking read port address `$auto$proc_rom.cc:155:do_switch$27'[0] in module `\ex220_fp16_exp_semantic_sign_exp_field_defaults': no address FF found.
Checking read port address `$auto$proc_rom.cc:155:do_switch$23'[0] in module `\ex220_fp16_exp_semantic_sign_exp_field_defaults': no address FF found.
Checking read port address `$auto$proc_rom.cc:155:do_switch$19'[0] in module `\ex220_fp16_exp_semantic_sign_exp_field_defaults': no address FF found.
Checking read port address `$auto$proc_rom.cc:155:do_switch$15'[0] in module `\ex220_fp16_exp_semantic_sign_exp_field_defaults': no address FF found.
Checking read port address `$auto$proc_rom.cc:155:do_switch$11'[0] in module `\ex220_fp16_exp_semantic_sign_exp_field_defaults': no address FF found.
Checking read port address `$auto$proc_rom.cc:155:do_switch$7'[0] in module `\ex220_fp16_exp_semantic_sign_exp_field_defaults': no address FF found.
Checking read port address `$auto$proc_rom.cc:155:do_switch$3'[0] in module `\ex220_fp16_exp_semantic_sign_exp_field_defaults': no address FF found.

8.6. Executing OPT_CLEAN pass (remove unused cells and wires).
Finding unused cells or wires in module \ex220_fp16_exp_semantic_sign_exp_field_defaults..
Removed 0 unused cells and 44 unused wires.

8.7. Executing MEMORY_SHARE pass (consolidating $memrd/$memwr cells).

8.8. Executing OPT_MEM_WIDEN pass (optimize memories where all ports are wide).
Performed a total of 0 transformations.

8.9. Executing OPT_CLEAN pass (remove unused cells and wires).
Finding unused cells or wires in module \ex220_fp16_exp_semantic_sign_exp_field_defaults..

8.10. Executing MEMORY_COLLECT pass (generating $mem cells).

8.11. Executing MEMORY_MAP pass (converting memories to logic and flip-flops).
Mapping memory $auto$proc_rom.cc:155:do_switch$115 in module \ex220_fp16_exp_semantic_sign_exp_field_defaults:
  created 256 $dff cells and 0 static cells of width 12.
  read interface: 0 $dff and 255 $mux cells.
  write interface: 0 write mux blocks.
Mapping memory $auto$proc_rom.cc:155:do_switch$111 in module \ex220_fp16_exp_semantic_sign_exp_field_defaults:
  created 1024 $dff cells and 0 static cells of width 14.
  read interface: 0 $dff and 1023 $mux cells.
  write interface: 0 write mux blocks.
Mapping memory $auto$proc_rom.cc:155:do_switch$107 in module \ex220_fp16_exp_semantic_sign_exp_field_defaults:
  created 1024 $dff cells and 0 static cells of width 13.
  read interface: 0 $dff and 1023 $mux cells.
  write interface: 0 write mux blocks.
Mapping memory $auto$proc_rom.cc:155:do_switch$103 in module \ex220_fp16_exp_semantic_sign_exp_field_defaults:
  created 1024 $dff cells and 0 static cells of width 11.
  read interface: 0 $dff and 1023 $mux cells.
  write interface: 0 write mux blocks.
Mapping memory $auto$proc_rom.cc:155:do_switch$99 in module \ex220_fp16_exp_semantic_sign_exp_field_defaults:
  created 1024 $dff cells and 0 static cells of width 12.
  read interface: 0 $dff and 1023 $mux cells.
  write interface: 0 write mux blocks.
Mapping memory $auto$proc_rom.cc:155:do_switch$95 in module \ex220_fp16_exp_semantic_sign_exp_field_defaults:
  created 1024 $dff cells and 0 static cells of width 10.
  read interface: 0 $dff and 1023 $mux cells.
  write interface: 0 write mux blocks.
Mapping memory $auto$proc_rom.cc:155:do_switch$91 in module \ex220_fp16_exp_semantic_sign_exp_field_defaults:
  created 1024 $dff cells and 0 static cells of width 9.
  read interface: 0 $dff and 1023 $mux cells.
  write interface: 0 write mux blocks.
Mapping memory $auto$proc_rom.cc:155:do_switch$87 in module \ex220_fp16_exp_semantic_sign_exp_field_defaults:
  created 1024 $dff cells and 0 static cells of width 8.
  read interface: 0 $dff and 1023 $mux cells.
  write interface: 0 write mux blocks.
Mapping memory $auto$proc_rom.cc:155:do_switch$83 in module \ex220_fp16_exp_semantic_sign_exp_field_defaults:
  created 1024 $dff cells and 0 static cells of width 7.
  read interface: 0 $dff and 1023 $mux cells.
  write interface: 0 write mux blocks.
Mapping memory $auto$proc_rom.cc:155:do_switch$79 in module \ex220_fp16_exp_semantic_sign_exp_field_defaults:
  created 1024 $dff cells and 0 static cells of width 6.
  read interface: 0 $dff and 1023 $mux cells.
  write interface: 0 write mux blocks.
Mapping memory $auto$proc_rom.cc:155:do_switch$75 in module \ex220_fp16_exp_semantic_sign_exp_field_defaults:
  created 1024 $dff cells and 0 static cells of width 5.
  read interface: 0 $dff and 1023 $mux cells.
  write interface: 0 write mux blocks.
Mapping memory $auto$proc_rom.cc:155:do_switch$71 in module \ex220_fp16_exp_semantic_sign_exp_field_defaults:
  created 1024 $dff cells and 0 static cells of width 4.
  read interface: 0 $dff and 1023 $mux cells.
  write interface: 0 write mux blocks.
Mapping memory $auto$proc_rom.cc:155:do_switch$67 in module \ex220_fp16_exp_semantic_sign_exp_field_defaults:
  created 1024 $dff cells and 0 static cells of width 3.
  read interface: 0 $dff and 1023 $mux cells.
  write interface: 0 write mux blocks.
Mapping memory $auto$proc_rom.cc:155:do_switch$63 in module \ex220_fp16_exp_semantic_sign_exp_field_defaults:
  created 1024 $dff cells and 0 static cells of width 2.
  read interface: 0 $dff and 1023 $mux cells.
  write interface: 0 write mux blocks.
Mapping memory $auto$proc_rom.cc:155:do_switch$59 in module \ex220_fp16_exp_semantic_sign_exp_field_defaults:
  created 1024 $dff cells and 0 static cells of width 1.
  read interface: 0 $dff and 1023 $mux cells.
  write interface: 0 write mux blocks.
Mapping memory $auto$proc_rom.cc:155:do_switch$55 in module \ex220_fp16_exp_semantic_sign_exp_field_defaults:
  created 512 $dff cells and 0 static cells of width 13.
  read interface: 0 $dff and 511 $mux cells.
  write interface: 0 write mux blocks.
Mapping memory $auto$proc_rom.cc:155:do_switch$51 in module \ex220_fp16_exp_semantic_sign_exp_field_defaults:
  created 1024 $dff cells and 0 static cells of width 14.
  read interface: 0 $dff and 1023 $mux cells.
  write interface: 0 write mux blocks.
Mapping memory $auto$proc_rom.cc:155:do_switch$47 in module \ex220_fp16_exp_semantic_sign_exp_field_defaults:
  created 1024 $dff cells and 0 static cells of width 13.
  read interface: 0 $dff and 1023 $mux cells.
  write interface: 0 write mux blocks.
Mapping memory $auto$proc_rom.cc:155:do_switch$43 in module \ex220_fp16_exp_semantic_sign_exp_field_defaults:
  created 1024 $dff cells and 0 static cells of width 11.
  read interface: 0 $dff and 1023 $mux cells.
  write interface: 0 write mux blocks.
Mapping memory $auto$proc_rom.cc:155:do_switch$39 in module \ex220_fp16_exp_semantic_sign_exp_field_defaults:
  created 1024 $dff cells and 0 static cells of width 15.
  read interface: 0 $dff and 1023 $mux cells.
  write interface: 0 write mux blocks.
Mapping memory $auto$proc_rom.cc:155:do_switch$35 in module \ex220_fp16_exp_semantic_sign_exp_field_defaults:
  created 1024 $dff cells and 0 static cells of width 10.
  read interface: 0 $dff and 1023 $mux cells.
  write interface: 0 write mux blocks.
Mapping memory $auto$proc_rom.cc:155:do_switch$31 in module \ex220_fp16_exp_semantic_sign_exp_field_defaults:
  created 1024 $dff cells and 0 static cells of width 9.
  read interface: 0 $dff and 1023 $mux cells.
  write interface: 0 write mux blocks.
Mapping memory $auto$proc_rom.cc:155:do_switch$27 in module \ex220_fp16_exp_semantic_sign_exp_field_defaults:
  created 1024 $dff cells and 0 static cells of width 8.
  read interface: 0 $dff and 1023 $mux cells.
  write interface: 0 write mux blocks.
Mapping memory $auto$proc_rom.cc:155:do_switch$23 in module \ex220_fp16_exp_semantic_sign_exp_field_defaults:
  created 1024 $dff cells and 0 static cells of width 7.
  read interface: 0 $dff and 1023 $mux cells.
  write interface: 0 write mux blocks.
Mapping memory $auto$proc_rom.cc:155:do_switch$19 in module \ex220_fp16_exp_semantic_sign_exp_field_defaults:
  created 1024 $dff cells and 0 static cells of width 6.
  read interface: 0 $dff and 1023 $mux cells.
  write interface: 0 write mux blocks.
Mapping memory $auto$proc_rom.cc:155:do_switch$15 in module \ex220_fp16_exp_semantic_sign_exp_field_defaults:
  created 1024 $dff cells and 0 static cells of width 5.
  read interface: 0 $dff and 1023 $mux cells.
  write interface: 0 write mux blocks.
Mapping memory $auto$proc_rom.cc:155:do_switch$11 in module \ex220_fp16_exp_semantic_sign_exp_field_defaults:
  created 1024 $dff cells and 0 static cells of width 4.
  read interface: 0 $dff and 1023 $mux cells.
  write interface: 0 write mux blocks.
Mapping memory $auto$proc_rom.cc:155:do_switch$7 in module \ex220_fp16_exp_semantic_sign_exp_field_defaults:
  created 1024 $dff cells and 0 static cells of width 3.
  read interface: 0 $dff and 1023 $mux cells.
  write interface: 0 write mux blocks.
Mapping memory $auto$proc_rom.cc:155:do_switch$3 in module \ex220_fp16_exp_semantic_sign_exp_field_defaults:
  created 512 $dff cells and 0 static cells of width 2.
  read interface: 0 $dff and 511 $mux cells.
  write interface: 0 write mux blocks.

9. Executing OPT pass (performing simple optimizations).

9.1. Executing OPT_EXPR pass (perform const folding).
Optimizing module ex220_fp16_exp_semantic_sign_exp_field_defaults.

9.2. Executing OPT_MERGE pass (detect identical cells).
Finding identical cells in module `\ex220_fp16_exp_semantic_sign_exp_field_defaults'.
Computing hashes of 12596 cells of `\ex220_fp16_exp_semantic_sign_exp_field_defaults'.
Finding duplicate cells in `\ex220_fp16_exp_semantic_sign_exp_field_defaults'.
Removed a total of 0 cells.

9.3. Executing OPT_MUXTREE pass (detect dead branches in mux trees).
Running muxtree optimizer on module \ex220_fp16_exp_semantic_sign_exp_field_defaults..
  Creating internal representation of mux trees.
  Evaluating internal representation of mux trees.
  Analyzing evaluation results.
Removed 0 multiplexer ports.

9.4. Executing OPT_REDUCE pass (consolidate $*mux and $reduce_* inputs).
  Optimizing cells in module \ex220_fp16_exp_semantic_sign_exp_field_defaults.
    New ctrl vector for $pmux cell $procmux$1518: { $procmux$1452_CMP $auto$opt_reduce.cc:135:opt_pmux$85346 $procmux$1503_CMP $procmux$1502_CMP $procmux$1501_CMP $procmux$1500_CMP $procmux$1499_CMP $auto$opt_reduce.cc:135:opt_pmux$1651 $procmux$1482_CMP $auto$opt_reduce.cc:135:opt_pmux$85344 $procmux$1471_CMP $procmux$1470_CMP $procmux$1469_CMP $procmux$1468_CMP $procmux$1467_CMP $auto$opt_reduce.cc:135:opt_pmux$1655 $procmux$122_CMP }
    New ctrl vector for $pmux cell $procmux$1583: { $procmux$1452_CMP $auto$opt_reduce.cc:135:opt_pmux$85348 $procmux$1499_CMP $procmux$1467_CMP }
    New input vector for $reduce_or cell $auto$opt_reduce.cc:129:opt_pmux$85345: { $procmux$1517_CMP $procmux$1516_CMP $procmux$1515_CMP $procmux$1514_CMP $procmux$1513_CMP $procmux$1504_CMP $procmux$1485_CMP $procmux$1484_CMP $procmux$1483_CMP $procmux$1389_CMP $procmux$1329_CMP $procmux$1270_CMP $procmux$1212_CMP $procmux$1155_CMP $procmux$1099_CMP $procmux$1044_CMP }
    New input vector for $reduce_or cell $auto$opt_reduce.cc:129:opt_pmux$85347: { $procmux$1517_CMP $procmux$1516_CMP $procmux$1515_CMP $procmux$1514_CMP $procmux$1513_CMP $procmux$1504_CMP $procmux$1503_CMP $procmux$1502_CMP $procmux$1501_CMP $procmux$1500_CMP $procmux$1498_CMP $procmux$1497_CMP $procmux$1496_CMP $procmux$1495_CMP $procmux$1494_CMP $procmux$1493_CMP $procmux$1492_CMP $procmux$1491_CMP $procmux$1490_CMP $procmux$1489_CMP $procmux$1488_CMP $procmux$1487_CMP $procmux$1486_CMP $procmux$1485_CMP $procmux$1484_CMP $procmux$1483_CMP $procmux$1482_CMP $procmux$1481_CMP $procmux$1480_CMP $procmux$1479_CMP $procmux$1478_CMP $procmux$1477_CMP $procmux$1476_CMP $procmux$1475_CMP $procmux$1474_CMP $procmux$1473_CMP $procmux$1472_CMP $procmux$1471_CMP $procmux$1470_CMP $procmux$1469_CMP $procmux$1468_CMP $procmux$1466_CMP $procmux$1465_CMP $procmux$1464_CMP $procmux$1463_CMP $procmux$1462_CMP $procmux$1461_CMP $procmux$1460_CMP $procmux$1459_CMP $procmux$1458_CMP $procmux$1457_CMP $procmux$1456_CMP $procmux$1455_CMP $procmux$1389_CMP $procmux$1329_CMP $procmux$1270_CMP $procmux$1212_CMP $procmux$1155_CMP $procmux$1099_CMP $procmux$1044_CMP $procmux$122_CMP }
  Optimizing cells in module \ex220_fp16_exp_semantic_sign_exp_field_defaults.
Performed a total of 4 changes.

9.5. Executing OPT_MERGE pass (detect identical cells).
Finding identical cells in module `\ex220_fp16_exp_semantic_sign_exp_field_defaults'.
Computing hashes of 12599 cells of `\ex220_fp16_exp_semantic_sign_exp_field_defaults'.
Finding duplicate cells in `\ex220_fp16_exp_semantic_sign_exp_field_defaults'.
Removed a total of 0 cells.

9.6. Executing OPT_DFF pass (perform DFF optimizations).

9.7. Executing OPT_CLEAN pass (remove unused cells and wires).
Finding unused cells or wires in module \ex220_fp16_exp_semantic_sign_exp_field_defaults..
Removed 2 unused cells and 43267 unused wires.

9.8. Executing OPT_EXPR pass (perform const folding).
Optimizing module ex220_fp16_exp_semantic_sign_exp_field_defaults.

9.9. Rerunning OPT passes. (Maybe there is more to do..)

9.10. Executing OPT_MUXTREE pass (detect dead branches in mux trees).
Running muxtree optimizer on module \ex220_fp16_exp_semantic_sign_exp_field_defaults..
  Creating internal representation of mux trees.
  Evaluating internal representation of mux trees.
  Analyzing evaluation results.
Removed 0 multiplexer ports.

9.11. Executing OPT_REDUCE pass (consolidate $*mux and $reduce_* inputs).
  Optimizing cells in module \ex220_fp16_exp_semantic_sign_exp_field_defaults.
Performed a total of 0 changes.

9.12. Executing OPT_MERGE pass (detect identical cells).
Finding identical cells in module `\ex220_fp16_exp_semantic_sign_exp_field_defaults'.
Computing hashes of 12597 cells of `\ex220_fp16_exp_semantic_sign_exp_field_defaults'.
Finding duplicate cells in `\ex220_fp16_exp_semantic_sign_exp_field_defaults'.
Removed a total of 0 cells.

9.13. Executing OPT_DFF pass (perform DFF optimizations).

9.14. Executing OPT_CLEAN pass (remove unused cells and wires).
Finding unused cells or wires in module \ex220_fp16_exp_semantic_sign_exp_field_defaults..

9.15. Executing OPT_EXPR pass (perform const folding).
Optimizing module ex220_fp16_exp_semantic_sign_exp_field_defaults.

9.16. Finished fast OPT passes. (There is nothing left to do.)

10. Executing TECHMAP pass (map to technology primitives).

10.1. Executing Verilog-2005 frontend: /home/b10507053/ALS_Final_Project/student/tools/conda-env/bin/../share/yosys/techmap.v
Parsing Verilog input from `/home/b10507053/ALS_Final_Project/student/tools/conda-env/bin/../share/yosys/techmap.v' to AST representation.
Generating RTLIL representation for module `\_90_simplemap_bool_ops'.
Generating RTLIL representation for module `\_90_simplemap_reduce_ops'.
Generating RTLIL representation for module `\_90_simplemap_logic_ops'.
Generating RTLIL representation for module `\_90_simplemap_compare_ops'.
Generating RTLIL representation for module `\_90_simplemap_various'.
Generating RTLIL representation for module `\_90_simplemap_registers'.
Generating RTLIL representation for module `\_90_shift_ops_shr_shl_sshl_sshr'.
Generating RTLIL representation for module `\_90_shift_shiftx'.
Generating RTLIL representation for module `\_90_fa'.
Generating RTLIL representation for module `\_90_lcu_brent_kung'.
Generating RTLIL representation for module `\_90_alu'.
Generating RTLIL representation for module `\_90_macc'.
Generating RTLIL representation for module `\_90_alumacc'.
Generating RTLIL representation for module `$__div_mod_u'.
Generating RTLIL representation for module `$__div_mod_trunc'.
Generating RTLIL representation for module `\_90_div'.
Generating RTLIL representation for module `\_90_mod'.
Generating RTLIL representation for module `$__div_mod_floor'.
Generating RTLIL representation for module `\_90_divfloor'.
Generating RTLIL representation for module `\_90_modfloor'.
Generating RTLIL representation for module `\_90_pow'.
Generating RTLIL representation for module `\_90_demux'.
Generating RTLIL representation for module `\_90_lut'.
Generating RTLIL representation for module `$connect'.
Generating RTLIL representation for module `$input_port'.
Successfully finished Verilog frontend.

10.2. Continuing TECHMAP pass.
Using extmapper simplemap for cells of type $reduce_or.
Using extmapper simplemap for cells of type $mux.
Using extmapper simplemap for cells of type $logic_not.
Using extmapper simplemap for cells of type $pmux.
Using extmapper simplemap for cells of type $eq.
No more expansions possible.

11. Executing OPT pass (performing simple optimizations).

11.1. Executing OPT_EXPR pass (perform const folding).
Optimizing module ex220_fp16_exp_semantic_sign_exp_field_defaults.

11.2. Executing OPT_MERGE pass (detect identical cells).
Finding identical cells in module `\ex220_fp16_exp_semantic_sign_exp_field_defaults'.
Computing hashes of 38153 cells of `\ex220_fp16_exp_semantic_sign_exp_field_defaults'.
Finding duplicate cells in `\ex220_fp16_exp_semantic_sign_exp_field_defaults'.
Computing hashes of 26231 cells of `\ex220_fp16_exp_semantic_sign_exp_field_defaults'.
Finding duplicate cells in `\ex220_fp16_exp_semantic_sign_exp_field_defaults'.
Computing hashes of 17622 cells of `\ex220_fp16_exp_semantic_sign_exp_field_defaults'.
Finding duplicate cells in `\ex220_fp16_exp_semantic_sign_exp_field_defaults'.
Computing hashes of 11681 cells of `\ex220_fp16_exp_semantic_sign_exp_field_defaults'.
Finding duplicate cells in `\ex220_fp16_exp_semantic_sign_exp_field_defaults'.
Computing hashes of 8796 cells of `\ex220_fp16_exp_semantic_sign_exp_field_defaults'.
Finding duplicate cells in `\ex220_fp16_exp_semantic_sign_exp_field_defaults'.
Computing hashes of 7933 cells of `\ex220_fp16_exp_semantic_sign_exp_field_defaults'.
Finding duplicate cells in `\ex220_fp16_exp_semantic_sign_exp_field_defaults'.
Computing hashes of 7670 cells of `\ex220_fp16_exp_semantic_sign_exp_field_defaults'.
Finding duplicate cells in `\ex220_fp16_exp_semantic_sign_exp_field_defaults'.
Computing hashes of 7584 cells of `\ex220_fp16_exp_semantic_sign_exp_field_defaults'.
Finding duplicate cells in `\ex220_fp16_exp_semantic_sign_exp_field_defaults'.
Computing hashes of 7554 cells of `\ex220_fp16_exp_semantic_sign_exp_field_defaults'.
Finding duplicate cells in `\ex220_fp16_exp_semantic_sign_exp_field_defaults'.
Computing hashes of 7543 cells of `\ex220_fp16_exp_semantic_sign_exp_field_defaults'.
Finding duplicate cells in `\ex220_fp16_exp_semantic_sign_exp_field_defaults'.
Computing hashes of 7538 cells of `\ex220_fp16_exp_semantic_sign_exp_field_defaults'.
Finding duplicate cells in `\ex220_fp16_exp_semantic_sign_exp_field_defaults'.
Removed a total of 30615 cells.

11.3. Executing OPT_MUXTREE pass (detect dead branches in mux trees).
Running muxtree optimizer on module \ex220_fp16_exp_semantic_sign_exp_field_defaults..
  Creating internal representation of mux trees.
  No muxes found in this module.
Removed 0 multiplexer ports.

11.4. Executing OPT_REDUCE pass (consolidate $*mux and $reduce_* inputs).
  Optimizing cells in module \ex220_fp16_exp_semantic_sign_exp_field_defaults.
Performed a total of 0 changes.

11.5. Executing OPT_MERGE pass (detect identical cells).
Finding identical cells in module `\ex220_fp16_exp_semantic_sign_exp_field_defaults'.
Computing hashes of 7538 cells of `\ex220_fp16_exp_semantic_sign_exp_field_defaults'.
Finding duplicate cells in `\ex220_fp16_exp_semantic_sign_exp_field_defaults'.
Removed a total of 0 cells.

11.6. Executing OPT_DFF pass (perform DFF optimizations).

11.7. Executing OPT_CLEAN pass (remove unused cells and wires).
Finding unused cells or wires in module \ex220_fp16_exp_semantic_sign_exp_field_defaults..
Removed 1 unused cells and 11523 unused wires.

11.8. Executing OPT_EXPR pass (perform const folding).
Optimizing module ex220_fp16_exp_semantic_sign_exp_field_defaults.

11.9. Rerunning OPT passes. (Maybe there is more to do..)

11.10. Executing OPT_MUXTREE pass (detect dead branches in mux trees).
Running muxtree optimizer on module \ex220_fp16_exp_semantic_sign_exp_field_defaults..
  Creating internal representation of mux trees.
  No muxes found in this module.
Removed 0 multiplexer ports.

11.11. Executing OPT_REDUCE pass (consolidate $*mux and $reduce_* inputs).
  Optimizing cells in module \ex220_fp16_exp_semantic_sign_exp_field_defaults.
Performed a total of 0 changes.

11.12. Executing OPT_MERGE pass (detect identical cells).
Finding identical cells in module `\ex220_fp16_exp_semantic_sign_exp_field_defaults'.
Computing hashes of 7493 cells of `\ex220_fp16_exp_semantic_sign_exp_field_defaults'.
Finding duplicate cells in `\ex220_fp16_exp_semantic_sign_exp_field_defaults'.
Removed a total of 0 cells.

11.13. Executing OPT_DFF pass (perform DFF optimizations).

11.14. Executing OPT_CLEAN pass (remove unused cells and wires).
Finding unused cells or wires in module \ex220_fp16_exp_semantic_sign_exp_field_defaults..
Removed 0 unused cells and 9 unused wires.

11.15. Executing OPT_EXPR pass (perform const folding).
Optimizing module ex220_fp16_exp_semantic_sign_exp_field_defaults.

11.16. Rerunning OPT passes. (Maybe there is more to do..)

11.17. Executing OPT_MUXTREE pass (detect dead branches in mux trees).
Running muxtree optimizer on module \ex220_fp16_exp_semantic_sign_exp_field_defaults..
  Creating internal representation of mux trees.
  No muxes found in this module.
Removed 0 multiplexer ports.

11.18. Executing OPT_REDUCE pass (consolidate $*mux and $reduce_* inputs).
  Optimizing cells in module \ex220_fp16_exp_semantic_sign_exp_field_defaults.
Performed a total of 0 changes.

11.19. Executing OPT_MERGE pass (detect identical cells).
Finding identical cells in module `\ex220_fp16_exp_semantic_sign_exp_field_defaults'.
Computing hashes of 7493 cells of `\ex220_fp16_exp_semantic_sign_exp_field_defaults'.
Finding duplicate cells in `\ex220_fp16_exp_semantic_sign_exp_field_defaults'.
Removed a total of 0 cells.

11.20. Executing OPT_DFF pass (perform DFF optimizations).

11.21. Executing OPT_CLEAN pass (remove unused cells and wires).
Finding unused cells or wires in module \ex220_fp16_exp_semantic_sign_exp_field_defaults..

11.22. Executing OPT_EXPR pass (perform const folding).
Optimizing module ex220_fp16_exp_semantic_sign_exp_field_defaults.

11.23. Finished fast OPT passes. (There is nothing left to do.)

12. Executing ABC pass (technology mapping using ABC).

12.1. Extracting gate netlist of module `\ex220_fp16_exp_semantic_sign_exp_field_defaults' to `<abc-temp-dir>/input.blif'..
Replacing 16 occurrences of constant undef bits with constant zero bits

12.1.1. Executed ABC.
Extracted 7493 gates and 7512 wires to a netlist network with 16 inputs and 16 outputs.
Running ABC script: <abc-temp-dir>/abc.script
ABC: UC Berkeley, ABC 1.01 (compiled May 12 2026 13:26:50)
ABC: abc 01> empty
ABC: abc 01> source <abc-temp-dir>/abc.script
ABC: + read_blif <abc-temp-dir>/input.blif 
ABC: + read_library <abc-temp-dir>/stdcells.genlib 
ABC: + strash 
ABC: + &get -n 
ABC: + &fraig -x 
ABC: + &put 
ABC: + scorr 
ABC: Warning: The network is combinational (run "fraig" or "fraig_sweep").
ABC: + dc2 
ABC: + dretime 
ABC: + strash 
ABC: + &get -n 
ABC: + &dch -f 
ABC: + &nf 
ABC: + &put 
ABC: + write_blif <abc-temp-dir>/output.blif 
ABC: 
ABC: YOSYS_ABC_DONE 

12.1.2. Re-integrating ABC results.
ABC RESULTS:               AND cells:    10836
ABC RESULTS:               NOT cells:     7564
ABC RESULTS:              ZERO cells:        1
ABC RESULTS:        internal signals:     7480
ABC RESULTS:           input signals:       16
ABC RESULTS:          output signals:       16
Removing temp directory.
Removing global temp directory.

13. Executing OPT pass (performing simple optimizations).

13.1. Executing OPT_EXPR pass (perform const folding).
Optimizing module ex220_fp16_exp_semantic_sign_exp_field_defaults.

13.2. Executing OPT_MERGE pass (detect identical cells).
Finding identical cells in module `\ex220_fp16_exp_semantic_sign_exp_field_defaults'.
Computing hashes of 18400 cells of `\ex220_fp16_exp_semantic_sign_exp_field_defaults'.
Finding duplicate cells in `\ex220_fp16_exp_semantic_sign_exp_field_defaults'.
Removed a total of 0 cells.

13.3. Executing OPT_MUXTREE pass (detect dead branches in mux trees).
Running muxtree optimizer on module \ex220_fp16_exp_semantic_sign_exp_field_defaults..
  Creating internal representation of mux trees.
  No muxes found in this module.
Removed 0 multiplexer ports.

13.4. Executing OPT_REDUCE pass (consolidate $*mux and $reduce_* inputs).
  Optimizing cells in module \ex220_fp16_exp_semantic_sign_exp_field_defaults.
Performed a total of 0 changes.

13.5. Executing OPT_MERGE pass (detect identical cells).
Finding identical cells in module `\ex220_fp16_exp_semantic_sign_exp_field_defaults'.
Computing hashes of 18400 cells of `\ex220_fp16_exp_semantic_sign_exp_field_defaults'.
Finding duplicate cells in `\ex220_fp16_exp_semantic_sign_exp_field_defaults'.
Removed a total of 0 cells.

13.6. Executing OPT_DFF pass (perform DFF optimizations).

13.7. Executing OPT_CLEAN pass (remove unused cells and wires).
Finding unused cells or wires in module \ex220_fp16_exp_semantic_sign_exp_field_defaults..
Removed 0 unused cells and 2170 unused wires.

13.8. Executing OPT_EXPR pass (perform const folding).
Optimizing module ex220_fp16_exp_semantic_sign_exp_field_defaults.

13.9. Rerunning OPT passes. (Maybe there is more to do..)

13.10. Executing OPT_MUXTREE pass (detect dead branches in mux trees).
Running muxtree optimizer on module \ex220_fp16_exp_semantic_sign_exp_field_defaults..
  Creating internal representation of mux trees.
  No muxes found in this module.
Removed 0 multiplexer ports.

13.11. Executing OPT_REDUCE pass (consolidate $*mux and $reduce_* inputs).
  Optimizing cells in module \ex220_fp16_exp_semantic_sign_exp_field_defaults.
Performed a total of 0 changes.

13.12. Executing OPT_MERGE pass (detect identical cells).
Finding identical cells in module `\ex220_fp16_exp_semantic_sign_exp_field_defaults'.
Computing hashes of 18400 cells of `\ex220_fp16_exp_semantic_sign_exp_field_defaults'.
Finding duplicate cells in `\ex220_fp16_exp_semantic_sign_exp_field_defaults'.
Removed a total of 0 cells.

13.13. Executing OPT_DFF pass (perform DFF optimizations).

13.14. Executing OPT_CLEAN pass (remove unused cells and wires).
Finding unused cells or wires in module \ex220_fp16_exp_semantic_sign_exp_field_defaults..

13.15. Executing OPT_EXPR pass (perform const folding).
Optimizing module ex220_fp16_exp_semantic_sign_exp_field_defaults.

13.16. Finished fast OPT passes. (There is nothing left to do.)

14. Executing AIGMAP pass (map logic to AIG).
Module ex220_fp16_exp_semantic_sign_exp_field_defaults: replaced 0 cells with 0 new cells, skipped 18400 cells.
  not replaced 2 cell types:
   10836 $_AND_
    7564 $_NOT_

15. Executing OPT pass (performing simple optimizations).

15.1. Executing OPT_EXPR pass (perform const folding).
Optimizing module ex220_fp16_exp_semantic_sign_exp_field_defaults.

15.2. Executing OPT_MERGE pass (detect identical cells).
Finding identical cells in module `\ex220_fp16_exp_semantic_sign_exp_field_defaults'.
Computing hashes of 18400 cells of `\ex220_fp16_exp_semantic_sign_exp_field_defaults'.
Finding duplicate cells in `\ex220_fp16_exp_semantic_sign_exp_field_defaults'.
Removed a total of 0 cells.

15.3. Executing OPT_MUXTREE pass (detect dead branches in mux trees).
Running muxtree optimizer on module \ex220_fp16_exp_semantic_sign_exp_field_defaults..
  Creating internal representation of mux trees.
  No muxes found in this module.
Removed 0 multiplexer ports.

15.4. Executing OPT_REDUCE pass (consolidate $*mux and $reduce_* inputs).
  Optimizing cells in module \ex220_fp16_exp_semantic_sign_exp_field_defaults.
Performed a total of 0 changes.

15.5. Executing OPT_MERGE pass (detect identical cells).
Finding identical cells in module `\ex220_fp16_exp_semantic_sign_exp_field_defaults'.
Computing hashes of 18400 cells of `\ex220_fp16_exp_semantic_sign_exp_field_defaults'.
Finding duplicate cells in `\ex220_fp16_exp_semantic_sign_exp_field_defaults'.
Removed a total of 0 cells.

15.6. Executing OPT_DFF pass (perform DFF optimizations).

15.7. Executing OPT_CLEAN pass (remove unused cells and wires).
Finding unused cells or wires in module \ex220_fp16_exp_semantic_sign_exp_field_defaults..

15.8. Executing OPT_EXPR pass (perform const folding).
Optimizing module ex220_fp16_exp_semantic_sign_exp_field_defaults.

15.9. Finished fast OPT passes. (There is nothing left to do.)

16. Executing AIGER backend.
Warning: Treating undriven bit ex220_fp16_exp_semantic_sign_exp_field_defaults.\in [0] like $anyseq.
Warning: Treating undriven bit ex220_fp16_exp_semantic_sign_exp_field_defaults.\in [1] like $anyseq.
Warning: Treating undriven bit ex220_fp16_exp_semantic_sign_exp_field_defaults.\in [2] like $anyseq.
Warning: Treating undriven bit ex220_fp16_exp_semantic_sign_exp_field_defaults.\in [3] like $anyseq.
Warning: Treating undriven bit ex220_fp16_exp_semantic_sign_exp_field_defaults.\in [4] like $anyseq.
Warning: Treating undriven bit ex220_fp16_exp_semantic_sign_exp_field_defaults.\in [5] like $anyseq.
Warning: Treating undriven bit ex220_fp16_exp_semantic_sign_exp_field_defaults.\in [6] like $anyseq.
Warning: Treating undriven bit ex220_fp16_exp_semantic_sign_exp_field_defaults.\in [7] like $anyseq.
Warning: Treating undriven bit ex220_fp16_exp_semantic_sign_exp_field_defaults.\in [8] like $anyseq.
Warning: Treating undriven bit ex220_fp16_exp_semantic_sign_exp_field_defaults.\in [9] like $anyseq.
Warning: Treating undriven bit ex220_fp16_exp_semantic_sign_exp_field_defaults.\in [10] like $anyseq.
Warning: Treating undriven bit ex220_fp16_exp_semantic_sign_exp_field_defaults.\in [11] like $anyseq.
Warning: Treating undriven bit ex220_fp16_exp_semantic_sign_exp_field_defaults.\in [12] like $anyseq.
Warning: Treating undriven bit ex220_fp16_exp_semantic_sign_exp_field_defaults.\in [13] like $anyseq.
Warning: Treating undriven bit ex220_fp16_exp_semantic_sign_exp_field_defaults.\in [14] like $anyseq.
Warning: Treating undriven bit ex220_fp16_exp_semantic_sign_exp_field_defaults.\in [15] like $anyseq.
Warning: Treating a total of 16 undriven bits in ex220_fp16_exp_semantic_sign_exp_field_defaults like $anyseq.

Warnings: 17 unique messages, 17 total
End of script. Logfile hash: a1a8920eca, time: 11.22s, user: 9.88s, system: 0.28s, MEM: 400.68 MB peak
Yosys 0.65 (git sha1 aec814bdf3071f7e0fd0fbe43f7f711e99d01e24, g++ 14.3.0-19 -fvisibility-inlines-hidden -fmessage-length=0 -march=nocona -mtune=haswell -ftree-vectorize -fPIC -fstack-protector-strong -fno-plt -O2 -ffunction-sections -fdebug-prefix-map=/home/conda/feedstock_root/build_artifacts/yosys_1778591527500/work=/usr/local/src/conda/yosys-0.65 -fdebug-prefix-map=/home/b10507053/ALS_Final_Project/student/tools/conda-env=/usr/local/src/conda-prefix -fPIC -O3) [conda-forge/yosys-feedstock]
Time spent: 21% 3x read_verilog (2 sec), 21% 17x opt_expr (2 sec), ...
