
 /----------------------------------------------------------------------------\
 |  yosys -- Yosys Open SYnthesis Suite                                       |
 |  Copyright (C) 2012 - 2026  Claire Xenia Wolf <claire@yosyshq.com>         |
 |  Distributed under an ISC-like license, type "license" to see terms        |
 \----------------------------------------------------------------------------/
 Yosys 0.65 (git sha1 aec814bdf3071f7e0fd0fbe43f7f711e99d01e24, g++ 14.3.0-19 -fvisibility-inlines-hidden -fmessage-length=0 -march=nocona -mtune=haswell -ftree-vectorize -fPIC -fstack-protector-strong -fno-plt -O2 -ffunction-sections -fdebug-prefix-map=/home/conda/feedstock_root/build_artifacts/yosys_1778591527500/work=/usr/local/src/conda/yosys-0.65 -fdebug-prefix-map=/home/b10507053/ALS_Final_Project/student/tools/conda-env=/usr/local/src/conda-prefix -fPIC -O3) [conda-forge/yosys-feedstock]

-- Executing script file `/tmp/als_yosys_synth_fedpowks.ys' --

1. Executing Verilog-2005 frontend: student/work/ex220_ex224_frontend_fp16_semantic_20260606_2050/ex223/verilog/ex223_fp16_log_semantic_positive_field_defaults.v
Parsing Verilog input from `student/work/ex220_ex224_frontend_fp16_semantic_20260606_2050/ex223/verilog/ex223_fp16_log_semantic_positive_field_defaults.v' to AST representation.
Generating RTLIL representation for module `\ex223_fp16_log_semantic_positive_field_defaults'.
Successfully finished Verilog frontend.

2. Executing HIERARCHY pass (managing design hierarchy).

2.1. Analyzing design hierarchy..
Top module:  \ex223_fp16_log_semantic_positive_field_defaults

2.2. Analyzing design hierarchy..
Top module:  \ex223_fp16_log_semantic_positive_field_defaults
Removed 0 unused modules.

3. Executing PROC pass (convert processes to netlists).

3.1. Executing PROC_CLEAN pass (remove empty switches from decision trees).
Cleaned up 0 empty switches.

3.2. Executing PROC_RMDEAD pass (remove dead branches from decision trees).
Marked 1 switch rules as full_case in process $proc$student/work/ex220_ex224_frontend_fp16_semantic_20260606_2050/ex223/verilog/ex223_fp16_log_semantic_positive_field_defaults.v:30687$2 in module ex223_fp16_log_semantic_positive_field_defaults.
Removed 1 dead cases from process $proc$student/work/ex220_ex224_frontend_fp16_semantic_20260606_2050/ex223/verilog/ex223_fp16_log_semantic_positive_field_defaults.v:13$1 in module ex223_fp16_log_semantic_positive_field_defaults.
Marked 32 switch rules as full_case in process $proc$student/work/ex220_ex224_frontend_fp16_semantic_20260606_2050/ex223/verilog/ex223_fp16_log_semantic_positive_field_defaults.v:13$1 in module ex223_fp16_log_semantic_positive_field_defaults.
Removed a total of 1 dead cases.

3.3. Executing PROC_PRUNE pass (remove redundant assignments in processes).
Removed 0 redundant assignments.
Promoted 4 assignments to connections.

3.4. Executing PROC_INIT pass (extract init attributes).

3.5. Executing PROC_ARST pass (detect async resets in processes).

3.6. Executing PROC_ROM pass (convert switches to ROMs).
Converted 30 switches.

3.7. Executing PROC_MUX pass (convert decision trees to multiplexers).
Creating decoders for process `\ex223_fp16_log_semantic_positive_field_defaults.$proc$student/work/ex220_ex224_frontend_fp16_semantic_20260606_2050/ex223/verilog/ex223_fp16_log_semantic_positive_field_defaults.v:30687$2'.
     1/1: $1\neg_out[15:0]
Creating decoders for process `\ex223_fp16_log_semantic_positive_field_defaults.$proc$student/work/ex220_ex224_frontend_fp16_semantic_20260606_2050/ex223/verilog/ex223_fp16_log_semantic_positive_field_defaults.v:13$1'.
     1/36: $32\pos_mant[9:0]
     2/36: $32\pos_exp[4:0]
     3/36: $32\pos_sign[0:0]
     4/36: { $31\pos_mant[9:0] $31\pos_exp[4:0] $31\pos_sign[0:0] }
     5/36: { $30\pos_mant[9:0] $30\pos_exp[4:0] $30\pos_sign[0:0] }
     6/36: { $29\pos_mant[9:0] $29\pos_exp[4:0] $29\pos_sign[0:0] }
     7/36: { $28\pos_mant[9:0] $28\pos_exp[4:0] $28\pos_sign[0:0] }
     8/36: { $27\pos_mant[9:0] $27\pos_exp[4:0] $27\pos_sign[0:0] }
     9/36: { $26\pos_mant[9:0] $26\pos_exp[4:0] $26\pos_sign[0:0] }
    10/36: { $25\pos_mant[9:0] $25\pos_exp[4:0] $25\pos_sign[0:0] }
    11/36: { $24\pos_mant[9:0] $24\pos_exp[4:0] $24\pos_sign[0:0] }
    12/36: { $23\pos_mant[9:0] $23\pos_exp[4:0] $23\pos_sign[0:0] }
    13/36: { $22\pos_mant[9:0] $22\pos_exp[4:0] $22\pos_sign[0:0] }
    14/36: { $21\pos_mant[9:0] $21\pos_exp[4:0] $21\pos_sign[0:0] }
    15/36: { $20\pos_mant[9:0] $20\pos_exp[4:0] $20\pos_sign[0:0] }
    16/36: { $19\pos_mant[9:0] $19\pos_exp[4:0] $19\pos_sign[0:0] }
    17/36: { $18\pos_mant[9:0] $18\pos_exp[4:0] $18\pos_sign[0:0] }
    18/36: { $17\pos_mant[9:0] $17\pos_exp[4:0] $17\pos_sign[0:0] }
    19/36: { $16\pos_mant[9:0] $16\pos_exp[4:0] $16\pos_sign[0:0] }
    20/36: { $15\pos_mant[9:0] $15\pos_exp[4:0] $15\pos_sign[0:0] }
    21/36: { $14\pos_mant[9:0] $14\pos_exp[4:0] $14\pos_sign[0:0] }
    22/36: { $13\pos_mant[9:0] $13\pos_exp[4:0] $13\pos_sign[0:0] }
    23/36: { $12\pos_mant[9:0] $12\pos_exp[4:0] $12\pos_sign[0:0] }
    24/36: { $11\pos_mant[9:0] $11\pos_exp[4:0] $11\pos_sign[0:0] }
    25/36: { $10\pos_mant[9:0] $10\pos_exp[4:0] $10\pos_sign[0:0] }
    26/36: { $9\pos_mant[9:0] $9\pos_exp[4:0] $9\pos_sign[0:0] }
    27/36: { $8\pos_mant[9:0] $8\pos_exp[4:0] $8\pos_sign[0:0] }
    28/36: { $7\pos_mant[9:0] $7\pos_exp[4:0] $7\pos_sign[0:0] }
    29/36: { $6\pos_mant[9:0] $6\pos_exp[4:0] $6\pos_sign[0:0] }
    30/36: { $5\pos_mant[9:0] $5\pos_exp[4:0] $5\pos_sign[0:0] }
    31/36: { $4\pos_mant[9:0] $4\pos_exp[4:0] $4\pos_sign[0:0] }
    32/36: { $3\pos_mant[9:0] $3\pos_exp[4:0] $3\pos_sign[0:0] }
    33/36: { $2\pos_mant[9:0] $2\pos_exp[4:0] $2\pos_sign[0:0] }
    34/36: $1\pos_mant[9:0]
    35/36: $1\pos_exp[4:0]
    36/36: $1\pos_sign[0:0]

3.8. Executing PROC_DLATCH pass (convert process syncs to latches).
No latch inferred for signal `\ex223_fp16_log_semantic_positive_field_defaults.\neg_out' from process `\ex223_fp16_log_semantic_positive_field_defaults.$proc$student/work/ex220_ex224_frontend_fp16_semantic_20260606_2050/ex223/verilog/ex223_fp16_log_semantic_positive_field_defaults.v:30687$2'.
No latch inferred for signal `\ex223_fp16_log_semantic_positive_field_defaults.\pos_sign' from process `\ex223_fp16_log_semantic_positive_field_defaults.$proc$student/work/ex220_ex224_frontend_fp16_semantic_20260606_2050/ex223/verilog/ex223_fp16_log_semantic_positive_field_defaults.v:13$1'.
No latch inferred for signal `\ex223_fp16_log_semantic_positive_field_defaults.\pos_exp' from process `\ex223_fp16_log_semantic_positive_field_defaults.$proc$student/work/ex220_ex224_frontend_fp16_semantic_20260606_2050/ex223/verilog/ex223_fp16_log_semantic_positive_field_defaults.v:13$1'.
No latch inferred for signal `\ex223_fp16_log_semantic_positive_field_defaults.\pos_mant' from process `\ex223_fp16_log_semantic_positive_field_defaults.$proc$student/work/ex220_ex224_frontend_fp16_semantic_20260606_2050/ex223/verilog/ex223_fp16_log_semantic_positive_field_defaults.v:13$1'.

3.9. Executing PROC_DFF pass (convert process syncs to FFs).

3.10. Executing PROC_MEMWR pass (convert process memory writes to cells).

3.11. Executing PROC_CLEAN pass (remove empty switches from decision trees).
Found and cleaned up 1 empty switch in `\ex223_fp16_log_semantic_positive_field_defaults.$proc$student/work/ex220_ex224_frontend_fp16_semantic_20260606_2050/ex223/verilog/ex223_fp16_log_semantic_positive_field_defaults.v:30687$2'.
Removing empty process `ex223_fp16_log_semantic_positive_field_defaults.$proc$student/work/ex220_ex224_frontend_fp16_semantic_20260606_2050/ex223/verilog/ex223_fp16_log_semantic_positive_field_defaults.v:30687$2'.
Found and cleaned up 32 empty switches in `\ex223_fp16_log_semantic_positive_field_defaults.$proc$student/work/ex220_ex224_frontend_fp16_semantic_20260606_2050/ex223/verilog/ex223_fp16_log_semantic_positive_field_defaults.v:13$1'.
Removing empty process `ex223_fp16_log_semantic_positive_field_defaults.$proc$student/work/ex220_ex224_frontend_fp16_semantic_20260606_2050/ex223/verilog/ex223_fp16_log_semantic_positive_field_defaults.v:13$1'.
Cleaned up 33 empty switches.

3.12. Executing OPT_EXPR pass (perform const folding).
Optimizing module ex223_fp16_log_semantic_positive_field_defaults.

4. Executing FLATTEN pass (flatten design).

5. Executing TRIBUF pass.

6. Executing DEMINOUT pass (demote inout ports to input or output).

7. Executing OPT pass (performing simple optimizations).

7.1. Executing OPT_EXPR pass (perform const folding).
Optimizing module ex223_fp16_log_semantic_positive_field_defaults.

7.2. Executing OPT_MERGE pass (detect identical cells).
Finding identical cells in module `\ex223_fp16_log_semantic_positive_field_defaults'.
Computing hashes of 230 cells of `\ex223_fp16_log_semantic_positive_field_defaults'.
Finding duplicate cells in `\ex223_fp16_log_semantic_positive_field_defaults'.
Computing hashes of 132 cells of `\ex223_fp16_log_semantic_positive_field_defaults'.
Finding duplicate cells in `\ex223_fp16_log_semantic_positive_field_defaults'.
Removed a total of 98 cells.

7.3. Executing OPT_MUXTREE pass (detect dead branches in mux trees).
Running muxtree optimizer on module \ex223_fp16_log_semantic_positive_field_defaults..
  Creating internal representation of mux trees.
  Evaluating internal representation of mux trees.
  Analyzing evaluation results.
    dead port 2/2 on $mux $procmux$693.
    dead port 2/2 on $mux $procmux$660.
    dead port 2/2 on $mux $procmux$628.
    dead port 2/2 on $mux $procmux$597.
    dead port 2/2 on $mux $procmux$567.
    dead port 2/2 on $mux $procmux$538.
    dead port 2/2 on $mux $procmux$510.
    dead port 2/2 on $mux $procmux$483.
    dead port 2/2 on $mux $procmux$457.
    dead port 2/2 on $mux $procmux$432.
    dead port 2/2 on $mux $procmux$408.
    dead port 2/2 on $mux $procmux$385.
    dead port 2/2 on $mux $procmux$363.
    dead port 2/2 on $mux $procmux$342.
    dead port 2/2 on $mux $procmux$322.
    dead port 2/2 on $mux $procmux$303.
    dead port 2/2 on $mux $procmux$285.
    dead port 2/2 on $mux $procmux$268.
    dead port 2/2 on $mux $procmux$252.
    dead port 2/2 on $mux $procmux$237.
    dead port 2/2 on $mux $procmux$223.
    dead port 2/2 on $mux $procmux$210.
    dead port 2/2 on $mux $procmux$198.
    dead port 2/2 on $mux $procmux$187.
    dead port 2/2 on $mux $procmux$177.
    dead port 2/2 on $mux $procmux$168.
    dead port 2/2 on $mux $procmux$160.
    dead port 2/2 on $mux $procmux$153.
    dead port 2/2 on $mux $procmux$147.
    dead port 2/2 on $mux $procmux$142.
    dead port 2/2 on $mux $procmux$138.
    dead port 2/2 on $mux $procmux$134.
    dead port 2/2 on $mux $procmux$130.
Removed 33 multiplexer ports.

7.4. Executing OPT_REDUCE pass (consolidate $*mux and $reduce_* inputs).
  Optimizing cells in module \ex223_fp16_log_semantic_positive_field_defaults.
    New ctrl vector for $pmux cell $procmux$728: { $auto$opt_reduce.cc:135:opt_pmux$795 $procmux$763_CMP $procmux$764_CMP $procmux$765_CMP $procmux$766_CMP $procmux$767_CMP $procmux$768_CMP $procmux$769_CMP $procmux$770_CMP $procmux$771_CMP $procmux$772_CMP $procmux$773_CMP $procmux$774_CMP $procmux$775_CMP $procmux$776_CMP $procmux$777_CMP $procmux$778_CMP $procmux$779_CMP $procmux$780_CMP $procmux$781_CMP $procmux$782_CMP $procmux$783_CMP $procmux$784_CMP $procmux$785_CMP $procmux$786_CMP $procmux$787_CMP $procmux$788_CMP $procmux$789_CMP $procmux$790_CMP $procmux$791_CMP $procmux$792_CMP }
  Optimizing cells in module \ex223_fp16_log_semantic_positive_field_defaults.
Performed a total of 1 changes.

7.5. Executing OPT_MERGE pass (detect identical cells).
Finding identical cells in module `\ex223_fp16_log_semantic_positive_field_defaults'.
Computing hashes of 100 cells of `\ex223_fp16_log_semantic_positive_field_defaults'.
Finding duplicate cells in `\ex223_fp16_log_semantic_positive_field_defaults'.
Removed a total of 0 cells.

7.6. Executing OPT_DFF pass (perform DFF optimizations).

7.7. Executing OPT_CLEAN pass (remove unused cells and wires).
Finding unused cells or wires in module \ex223_fp16_log_semantic_positive_field_defaults..
Removed 0 unused cells and 177 unused wires.

7.8. Executing OPT_EXPR pass (perform const folding).
Optimizing module ex223_fp16_log_semantic_positive_field_defaults.

7.9. Rerunning OPT passes. (Maybe there is more to do..)

7.10. Executing OPT_MUXTREE pass (detect dead branches in mux trees).
Running muxtree optimizer on module \ex223_fp16_log_semantic_positive_field_defaults..
  Creating internal representation of mux trees.
  Evaluating internal representation of mux trees.
  Analyzing evaluation results.
Removed 0 multiplexer ports.

7.11. Executing OPT_REDUCE pass (consolidate $*mux and $reduce_* inputs).
  Optimizing cells in module \ex223_fp16_log_semantic_positive_field_defaults.
Performed a total of 0 changes.

7.12. Executing OPT_MERGE pass (detect identical cells).
Finding identical cells in module `\ex223_fp16_log_semantic_positive_field_defaults'.
Computing hashes of 100 cells of `\ex223_fp16_log_semantic_positive_field_defaults'.
Finding duplicate cells in `\ex223_fp16_log_semantic_positive_field_defaults'.
Removed a total of 0 cells.

7.13. Executing OPT_DFF pass (perform DFF optimizations).

7.14. Executing OPT_CLEAN pass (remove unused cells and wires).
Finding unused cells or wires in module \ex223_fp16_log_semantic_positive_field_defaults..

7.15. Executing OPT_EXPR pass (perform const folding).
Optimizing module ex223_fp16_log_semantic_positive_field_defaults.

7.16. Finished fast OPT passes. (There is nothing left to do.)

8. Executing MEMORY pass.

8.1. Executing OPT_MEM pass (optimize memories).
ex223_fp16_log_semantic_positive_field_defaults.$auto$proc_rom.cc:155:do_switch$121: removing const-0 lane 0
ex223_fp16_log_semantic_positive_field_defaults.$auto$proc_rom.cc:155:do_switch$121: removing const-0 lane 1
ex223_fp16_log_semantic_positive_field_defaults.$auto$proc_rom.cc:155:do_switch$121: removing const-1 lane 2
ex223_fp16_log_semantic_positive_field_defaults.$auto$proc_rom.cc:155:do_switch$121: removing const-0 lane 3
ex223_fp16_log_semantic_positive_field_defaults.$auto$proc_rom.cc:155:do_switch$121: removing const-0 lane 4
ex223_fp16_log_semantic_positive_field_defaults.$auto$proc_rom.cc:155:do_switch$121: removing const-1 lane 5
ex223_fp16_log_semantic_positive_field_defaults.$auto$proc_rom.cc:155:do_switch$121: removing const-1 lane 14
ex223_fp16_log_semantic_positive_field_defaults.$auto$proc_rom.cc:155:do_switch$121: removing const-0 lane 15
ex223_fp16_log_semantic_positive_field_defaults.$auto$proc_rom.cc:155:do_switch$117: removing const-0 lane 0
ex223_fp16_log_semantic_positive_field_defaults.$auto$proc_rom.cc:155:do_switch$117: removing const-0 lane 1
ex223_fp16_log_semantic_positive_field_defaults.$auto$proc_rom.cc:155:do_switch$117: removing const-1 lane 2
ex223_fp16_log_semantic_positive_field_defaults.$auto$proc_rom.cc:155:do_switch$117: removing const-0 lane 3
ex223_fp16_log_semantic_positive_field_defaults.$auto$proc_rom.cc:155:do_switch$117: removing const-0 lane 4
ex223_fp16_log_semantic_positive_field_defaults.$auto$proc_rom.cc:155:do_switch$117: removing const-1 lane 5
ex223_fp16_log_semantic_positive_field_defaults.$auto$proc_rom.cc:155:do_switch$117: removing const-0 lane 15
ex223_fp16_log_semantic_positive_field_defaults.$auto$proc_rom.cc:155:do_switch$113: removing const-0 lane 0
ex223_fp16_log_semantic_positive_field_defaults.$auto$proc_rom.cc:155:do_switch$113: removing const-0 lane 1
ex223_fp16_log_semantic_positive_field_defaults.$auto$proc_rom.cc:155:do_switch$113: removing const-1 lane 2
ex223_fp16_log_semantic_positive_field_defaults.$auto$proc_rom.cc:155:do_switch$113: removing const-0 lane 3
ex223_fp16_log_semantic_positive_field_defaults.$auto$proc_rom.cc:155:do_switch$113: removing const-0 lane 4
ex223_fp16_log_semantic_positive_field_defaults.$auto$proc_rom.cc:155:do_switch$113: removing const-1 lane 5
ex223_fp16_log_semantic_positive_field_defaults.$auto$proc_rom.cc:155:do_switch$113: removing const-1 lane 13
ex223_fp16_log_semantic_positive_field_defaults.$auto$proc_rom.cc:155:do_switch$113: removing const-0 lane 14
ex223_fp16_log_semantic_positive_field_defaults.$auto$proc_rom.cc:155:do_switch$113: removing const-0 lane 15
ex223_fp16_log_semantic_positive_field_defaults.$auto$proc_rom.cc:155:do_switch$109: removing const-0 lane 0
ex223_fp16_log_semantic_positive_field_defaults.$auto$proc_rom.cc:155:do_switch$109: removing const-0 lane 1
ex223_fp16_log_semantic_positive_field_defaults.$auto$proc_rom.cc:155:do_switch$109: removing const-1 lane 2
ex223_fp16_log_semantic_positive_field_defaults.$auto$proc_rom.cc:155:do_switch$109: removing const-0 lane 3
ex223_fp16_log_semantic_positive_field_defaults.$auto$proc_rom.cc:155:do_switch$109: removing const-0 lane 4
ex223_fp16_log_semantic_positive_field_defaults.$auto$proc_rom.cc:155:do_switch$109: removing const-1 lane 5
ex223_fp16_log_semantic_positive_field_defaults.$auto$proc_rom.cc:155:do_switch$109: removing const-0 lane 14
ex223_fp16_log_semantic_positive_field_defaults.$auto$proc_rom.cc:155:do_switch$109: removing const-0 lane 15
ex223_fp16_log_semantic_positive_field_defaults.$auto$proc_rom.cc:155:do_switch$105: removing const-0 lane 0
ex223_fp16_log_semantic_positive_field_defaults.$auto$proc_rom.cc:155:do_switch$105: removing const-0 lane 3
ex223_fp16_log_semantic_positive_field_defaults.$auto$proc_rom.cc:155:do_switch$105: removing const-0 lane 4
ex223_fp16_log_semantic_positive_field_defaults.$auto$proc_rom.cc:155:do_switch$105: removing const-1 lane 5
ex223_fp16_log_semantic_positive_field_defaults.$auto$proc_rom.cc:155:do_switch$101: removing const-0 lane 0
ex223_fp16_log_semantic_positive_field_defaults.$auto$proc_rom.cc:155:do_switch$101: removing const-1 lane 1
ex223_fp16_log_semantic_positive_field_defaults.$auto$proc_rom.cc:155:do_switch$101: removing const-0 lane 2
ex223_fp16_log_semantic_positive_field_defaults.$auto$proc_rom.cc:155:do_switch$101: removing const-0 lane 3
ex223_fp16_log_semantic_positive_field_defaults.$auto$proc_rom.cc:155:do_switch$101: removing const-0 lane 4
ex223_fp16_log_semantic_positive_field_defaults.$auto$proc_rom.cc:155:do_switch$101: removing const-1 lane 5
ex223_fp16_log_semantic_positive_field_defaults.$auto$proc_rom.cc:155:do_switch$101: removing const-1 lane 15
ex223_fp16_log_semantic_positive_field_defaults.$auto$proc_rom.cc:155:do_switch$97: removing const-0 lane 0
ex223_fp16_log_semantic_positive_field_defaults.$auto$proc_rom.cc:155:do_switch$97: removing const-1 lane 1
ex223_fp16_log_semantic_positive_field_defaults.$auto$proc_rom.cc:155:do_switch$97: removing const-0 lane 2
ex223_fp16_log_semantic_positive_field_defaults.$auto$proc_rom.cc:155:do_switch$97: removing const-0 lane 3
ex223_fp16_log_semantic_positive_field_defaults.$auto$proc_rom.cc:155:do_switch$97: removing const-0 lane 4
ex223_fp16_log_semantic_positive_field_defaults.$auto$proc_rom.cc:155:do_switch$97: removing const-1 lane 5
ex223_fp16_log_semantic_positive_field_defaults.$auto$proc_rom.cc:155:do_switch$97: removing const-0 lane 14
ex223_fp16_log_semantic_positive_field_defaults.$auto$proc_rom.cc:155:do_switch$97: removing const-1 lane 15
ex223_fp16_log_semantic_positive_field_defaults.$auto$proc_rom.cc:155:do_switch$93: removing const-0 lane 0
ex223_fp16_log_semantic_positive_field_defaults.$auto$proc_rom.cc:155:do_switch$93: removing const-1 lane 1
ex223_fp16_log_semantic_positive_field_defaults.$auto$proc_rom.cc:155:do_switch$93: removing const-0 lane 2
ex223_fp16_log_semantic_positive_field_defaults.$auto$proc_rom.cc:155:do_switch$93: removing const-0 lane 3
ex223_fp16_log_semantic_positive_field_defaults.$auto$proc_rom.cc:155:do_switch$93: removing const-0 lane 4
ex223_fp16_log_semantic_positive_field_defaults.$auto$proc_rom.cc:155:do_switch$93: removing const-1 lane 5
ex223_fp16_log_semantic_positive_field_defaults.$auto$proc_rom.cc:155:do_switch$89: removing const-0 lane 0
ex223_fp16_log_semantic_positive_field_defaults.$auto$proc_rom.cc:155:do_switch$89: removing const-1 lane 1
ex223_fp16_log_semantic_positive_field_defaults.$auto$proc_rom.cc:155:do_switch$89: removing const-0 lane 2
ex223_fp16_log_semantic_positive_field_defaults.$auto$proc_rom.cc:155:do_switch$89: removing const-0 lane 3
ex223_fp16_log_semantic_positive_field_defaults.$auto$proc_rom.cc:155:do_switch$89: removing const-0 lane 4
ex223_fp16_log_semantic_positive_field_defaults.$auto$proc_rom.cc:155:do_switch$89: removing const-1 lane 5
ex223_fp16_log_semantic_positive_field_defaults.$auto$proc_rom.cc:155:do_switch$89: removing const-0 lane 15
ex223_fp16_log_semantic_positive_field_defaults.$auto$proc_rom.cc:155:do_switch$85: removing const-0 lane 0
ex223_fp16_log_semantic_positive_field_defaults.$auto$proc_rom.cc:155:do_switch$85: removing const-1 lane 1
ex223_fp16_log_semantic_positive_field_defaults.$auto$proc_rom.cc:155:do_switch$85: removing const-0 lane 2
ex223_fp16_log_semantic_positive_field_defaults.$auto$proc_rom.cc:155:do_switch$85: removing const-0 lane 3
ex223_fp16_log_semantic_positive_field_defaults.$auto$proc_rom.cc:155:do_switch$85: removing const-0 lane 4
ex223_fp16_log_semantic_positive_field_defaults.$auto$proc_rom.cc:155:do_switch$85: removing const-1 lane 5
ex223_fp16_log_semantic_positive_field_defaults.$auto$proc_rom.cc:155:do_switch$85: removing const-0 lane 14
ex223_fp16_log_semantic_positive_field_defaults.$auto$proc_rom.cc:155:do_switch$85: removing const-0 lane 15
ex223_fp16_log_semantic_positive_field_defaults.$auto$proc_rom.cc:155:do_switch$81: removing const-0 lane 0
ex223_fp16_log_semantic_positive_field_defaults.$auto$proc_rom.cc:155:do_switch$81: removing const-0 lane 2
ex223_fp16_log_semantic_positive_field_defaults.$auto$proc_rom.cc:155:do_switch$81: removing const-0 lane 3
ex223_fp16_log_semantic_positive_field_defaults.$auto$proc_rom.cc:155:do_switch$81: removing const-0 lane 4
ex223_fp16_log_semantic_positive_field_defaults.$auto$proc_rom.cc:155:do_switch$81: removing const-1 lane 5
ex223_fp16_log_semantic_positive_field_defaults.$auto$proc_rom.cc:155:do_switch$77: removing const-0 lane 0
ex223_fp16_log_semantic_positive_field_defaults.$auto$proc_rom.cc:155:do_switch$77: removing const-0 lane 1
ex223_fp16_log_semantic_positive_field_defaults.$auto$proc_rom.cc:155:do_switch$77: removing const-0 lane 2
ex223_fp16_log_semantic_positive_field_defaults.$auto$proc_rom.cc:155:do_switch$77: removing const-0 lane 3
ex223_fp16_log_semantic_positive_field_defaults.$auto$proc_rom.cc:155:do_switch$77: removing const-0 lane 4
ex223_fp16_log_semantic_positive_field_defaults.$auto$proc_rom.cc:155:do_switch$77: removing const-1 lane 5
ex223_fp16_log_semantic_positive_field_defaults.$auto$proc_rom.cc:155:do_switch$73: removing const-0 lane 0
ex223_fp16_log_semantic_positive_field_defaults.$auto$proc_rom.cc:155:do_switch$73: removing const-0 lane 1
ex223_fp16_log_semantic_positive_field_defaults.$auto$proc_rom.cc:155:do_switch$73: removing const-0 lane 2
ex223_fp16_log_semantic_positive_field_defaults.$auto$proc_rom.cc:155:do_switch$73: removing const-0 lane 3
ex223_fp16_log_semantic_positive_field_defaults.$auto$proc_rom.cc:155:do_switch$73: removing const-0 lane 4
ex223_fp16_log_semantic_positive_field_defaults.$auto$proc_rom.cc:155:do_switch$73: removing const-1 lane 5
ex223_fp16_log_semantic_positive_field_defaults.$auto$proc_rom.cc:155:do_switch$73: removing const-0 lane 15
ex223_fp16_log_semantic_positive_field_defaults.$auto$proc_rom.cc:155:do_switch$69: removing const-0 lane 0
ex223_fp16_log_semantic_positive_field_defaults.$auto$proc_rom.cc:155:do_switch$65: removing const-0 lane 0
ex223_fp16_log_semantic_positive_field_defaults.$auto$proc_rom.cc:155:do_switch$65: removing const-1 lane 2
ex223_fp16_log_semantic_positive_field_defaults.$auto$proc_rom.cc:155:do_switch$65: removing const-1 lane 3
ex223_fp16_log_semantic_positive_field_defaults.$auto$proc_rom.cc:155:do_switch$65: removing const-1 lane 4
ex223_fp16_log_semantic_positive_field_defaults.$auto$proc_rom.cc:155:do_switch$65: removing const-0 lane 5
ex223_fp16_log_semantic_positive_field_defaults.$auto$proc_rom.cc:155:do_switch$61: removing const-0 lane 0
ex223_fp16_log_semantic_positive_field_defaults.$auto$proc_rom.cc:155:do_switch$61: removing const-0 lane 5
ex223_fp16_log_semantic_positive_field_defaults.$auto$proc_rom.cc:155:do_switch$57: removing const-1 lane 0
ex223_fp16_log_semantic_positive_field_defaults.$auto$proc_rom.cc:155:do_switch$57: removing const-0 lane 5
ex223_fp16_log_semantic_positive_field_defaults.$auto$proc_rom.cc:155:do_switch$53: removing const-1 lane 0
ex223_fp16_log_semantic_positive_field_defaults.$auto$proc_rom.cc:155:do_switch$53: removing const-1 lane 2
ex223_fp16_log_semantic_positive_field_defaults.$auto$proc_rom.cc:155:do_switch$53: removing const-1 lane 3
ex223_fp16_log_semantic_positive_field_defaults.$auto$proc_rom.cc:155:do_switch$53: removing const-1 lane 4
ex223_fp16_log_semantic_positive_field_defaults.$auto$proc_rom.cc:155:do_switch$53: removing const-0 lane 5
ex223_fp16_log_semantic_positive_field_defaults.$auto$proc_rom.cc:155:do_switch$49: removing const-1 lane 0
ex223_fp16_log_semantic_positive_field_defaults.$auto$proc_rom.cc:155:do_switch$45: removing const-1 lane 0
ex223_fp16_log_semantic_positive_field_defaults.$auto$proc_rom.cc:155:do_switch$45: removing const-0 lane 1
ex223_fp16_log_semantic_positive_field_defaults.$auto$proc_rom.cc:155:do_switch$45: removing const-0 lane 2
ex223_fp16_log_semantic_positive_field_defaults.$auto$proc_rom.cc:155:do_switch$45: removing const-0 lane 3
ex223_fp16_log_semantic_positive_field_defaults.$auto$proc_rom.cc:155:do_switch$45: removing const-0 lane 4
ex223_fp16_log_semantic_positive_field_defaults.$auto$proc_rom.cc:155:do_switch$45: removing const-1 lane 5
ex223_fp16_log_semantic_positive_field_defaults.$auto$proc_rom.cc:155:do_switch$45: removing const-0 lane 15
ex223_fp16_log_semantic_positive_field_defaults.$auto$proc_rom.cc:155:do_switch$41: removing const-1 lane 0
ex223_fp16_log_semantic_positive_field_defaults.$auto$proc_rom.cc:155:do_switch$41: removing const-0 lane 1
ex223_fp16_log_semantic_positive_field_defaults.$auto$proc_rom.cc:155:do_switch$41: removing const-0 lane 2
ex223_fp16_log_semantic_positive_field_defaults.$auto$proc_rom.cc:155:do_switch$41: removing const-0 lane 3
ex223_fp16_log_semantic_positive_field_defaults.$auto$proc_rom.cc:155:do_switch$41: removing const-0 lane 4
ex223_fp16_log_semantic_positive_field_defaults.$auto$proc_rom.cc:155:do_switch$41: removing const-1 lane 5
ex223_fp16_log_semantic_positive_field_defaults.$auto$proc_rom.cc:155:do_switch$37: removing const-1 lane 0
ex223_fp16_log_semantic_positive_field_defaults.$auto$proc_rom.cc:155:do_switch$37: removing const-0 lane 2
ex223_fp16_log_semantic_positive_field_defaults.$auto$proc_rom.cc:155:do_switch$37: removing const-0 lane 3
ex223_fp16_log_semantic_positive_field_defaults.$auto$proc_rom.cc:155:do_switch$37: removing const-0 lane 4
ex223_fp16_log_semantic_positive_field_defaults.$auto$proc_rom.cc:155:do_switch$37: removing const-1 lane 5
ex223_fp16_log_semantic_positive_field_defaults.$auto$proc_rom.cc:155:do_switch$33: removing const-1 lane 0
ex223_fp16_log_semantic_positive_field_defaults.$auto$proc_rom.cc:155:do_switch$33: removing const-1 lane 1
ex223_fp16_log_semantic_positive_field_defaults.$auto$proc_rom.cc:155:do_switch$33: removing const-0 lane 2
ex223_fp16_log_semantic_positive_field_defaults.$auto$proc_rom.cc:155:do_switch$33: removing const-0 lane 3
ex223_fp16_log_semantic_positive_field_defaults.$auto$proc_rom.cc:155:do_switch$33: removing const-0 lane 4
ex223_fp16_log_semantic_positive_field_defaults.$auto$proc_rom.cc:155:do_switch$33: removing const-1 lane 5
ex223_fp16_log_semantic_positive_field_defaults.$auto$proc_rom.cc:155:do_switch$33: removing const-0 lane 14
ex223_fp16_log_semantic_positive_field_defaults.$auto$proc_rom.cc:155:do_switch$33: removing const-0 lane 15
ex223_fp16_log_semantic_positive_field_defaults.$auto$proc_rom.cc:155:do_switch$29: removing const-1 lane 0
ex223_fp16_log_semantic_positive_field_defaults.$auto$proc_rom.cc:155:do_switch$29: removing const-1 lane 1
ex223_fp16_log_semantic_positive_field_defaults.$auto$proc_rom.cc:155:do_switch$29: removing const-0 lane 2
ex223_fp16_log_semantic_positive_field_defaults.$auto$proc_rom.cc:155:do_switch$29: removing const-0 lane 3
ex223_fp16_log_semantic_positive_field_defaults.$auto$proc_rom.cc:155:do_switch$29: removing const-0 lane 4
ex223_fp16_log_semantic_positive_field_defaults.$auto$proc_rom.cc:155:do_switch$29: removing const-1 lane 5
ex223_fp16_log_semantic_positive_field_defaults.$auto$proc_rom.cc:155:do_switch$29: removing const-0 lane 15
ex223_fp16_log_semantic_positive_field_defaults.$auto$proc_rom.cc:155:do_switch$25: removing const-1 lane 0
ex223_fp16_log_semantic_positive_field_defaults.$auto$proc_rom.cc:155:do_switch$25: removing const-1 lane 1
ex223_fp16_log_semantic_positive_field_defaults.$auto$proc_rom.cc:155:do_switch$25: removing const-0 lane 2
ex223_fp16_log_semantic_positive_field_defaults.$auto$proc_rom.cc:155:do_switch$25: removing const-0 lane 3
ex223_fp16_log_semantic_positive_field_defaults.$auto$proc_rom.cc:155:do_switch$25: removing const-0 lane 4
ex223_fp16_log_semantic_positive_field_defaults.$auto$proc_rom.cc:155:do_switch$25: removing const-1 lane 5
ex223_fp16_log_semantic_positive_field_defaults.$auto$proc_rom.cc:155:do_switch$21: removing const-1 lane 0
ex223_fp16_log_semantic_positive_field_defaults.$auto$proc_rom.cc:155:do_switch$21: removing const-1 lane 1
ex223_fp16_log_semantic_positive_field_defaults.$auto$proc_rom.cc:155:do_switch$21: removing const-0 lane 2
ex223_fp16_log_semantic_positive_field_defaults.$auto$proc_rom.cc:155:do_switch$21: removing const-0 lane 3
ex223_fp16_log_semantic_positive_field_defaults.$auto$proc_rom.cc:155:do_switch$21: removing const-0 lane 4
ex223_fp16_log_semantic_positive_field_defaults.$auto$proc_rom.cc:155:do_switch$21: removing const-1 lane 5
ex223_fp16_log_semantic_positive_field_defaults.$auto$proc_rom.cc:155:do_switch$21: removing const-0 lane 14
ex223_fp16_log_semantic_positive_field_defaults.$auto$proc_rom.cc:155:do_switch$21: removing const-1 lane 15
ex223_fp16_log_semantic_positive_field_defaults.$auto$proc_rom.cc:155:do_switch$17: removing const-1 lane 0
ex223_fp16_log_semantic_positive_field_defaults.$auto$proc_rom.cc:155:do_switch$17: removing const-1 lane 1
ex223_fp16_log_semantic_positive_field_defaults.$auto$proc_rom.cc:155:do_switch$17: removing const-0 lane 2
ex223_fp16_log_semantic_positive_field_defaults.$auto$proc_rom.cc:155:do_switch$17: removing const-0 lane 3
ex223_fp16_log_semantic_positive_field_defaults.$auto$proc_rom.cc:155:do_switch$17: removing const-0 lane 4
ex223_fp16_log_semantic_positive_field_defaults.$auto$proc_rom.cc:155:do_switch$17: removing const-1 lane 5
ex223_fp16_log_semantic_positive_field_defaults.$auto$proc_rom.cc:155:do_switch$17: removing const-1 lane 15
ex223_fp16_log_semantic_positive_field_defaults.$auto$proc_rom.cc:155:do_switch$13: removing const-1 lane 0
ex223_fp16_log_semantic_positive_field_defaults.$auto$proc_rom.cc:155:do_switch$13: removing const-0 lane 3
ex223_fp16_log_semantic_positive_field_defaults.$auto$proc_rom.cc:155:do_switch$13: removing const-0 lane 4
ex223_fp16_log_semantic_positive_field_defaults.$auto$proc_rom.cc:155:do_switch$13: removing const-1 lane 5
ex223_fp16_log_semantic_positive_field_defaults.$auto$proc_rom.cc:155:do_switch$9: removing const-1 lane 0
ex223_fp16_log_semantic_positive_field_defaults.$auto$proc_rom.cc:155:do_switch$9: removing const-0 lane 1
ex223_fp16_log_semantic_positive_field_defaults.$auto$proc_rom.cc:155:do_switch$9: removing const-1 lane 2
ex223_fp16_log_semantic_positive_field_defaults.$auto$proc_rom.cc:155:do_switch$9: removing const-0 lane 3
ex223_fp16_log_semantic_positive_field_defaults.$auto$proc_rom.cc:155:do_switch$9: removing const-0 lane 4
ex223_fp16_log_semantic_positive_field_defaults.$auto$proc_rom.cc:155:do_switch$9: removing const-1 lane 5
ex223_fp16_log_semantic_positive_field_defaults.$auto$proc_rom.cc:155:do_switch$9: removing const-0 lane 14
ex223_fp16_log_semantic_positive_field_defaults.$auto$proc_rom.cc:155:do_switch$9: removing const-0 lane 15
ex223_fp16_log_semantic_positive_field_defaults.$auto$proc_rom.cc:155:do_switch$5: removing const-1 lane 0
ex223_fp16_log_semantic_positive_field_defaults.$auto$proc_rom.cc:155:do_switch$5: removing const-0 lane 1
ex223_fp16_log_semantic_positive_field_defaults.$auto$proc_rom.cc:155:do_switch$5: removing const-1 lane 2
ex223_fp16_log_semantic_positive_field_defaults.$auto$proc_rom.cc:155:do_switch$5: removing const-0 lane 3
ex223_fp16_log_semantic_positive_field_defaults.$auto$proc_rom.cc:155:do_switch$5: removing const-0 lane 4
ex223_fp16_log_semantic_positive_field_defaults.$auto$proc_rom.cc:155:do_switch$5: removing const-1 lane 5
ex223_fp16_log_semantic_positive_field_defaults.$auto$proc_rom.cc:155:do_switch$5: removing const-1 lane 13
ex223_fp16_log_semantic_positive_field_defaults.$auto$proc_rom.cc:155:do_switch$5: removing const-0 lane 14
ex223_fp16_log_semantic_positive_field_defaults.$auto$proc_rom.cc:155:do_switch$5: removing const-0 lane 15
Performed a total of 30 transformations.

8.2. Executing OPT_MEM_PRIORITY pass (removing unnecessary memory write priority relations).
Performed a total of 0 transformations.

8.3. Executing OPT_MEM_FEEDBACK pass (finding memory read-to-write feedback paths).

8.4. Executing MEMORY_BMUX2ROM pass (converting muxes to ROMs).

8.5. Executing MEMORY_DFF pass (merging $dff cells to $memrd).
Checking read port `$auto$proc_rom.cc:155:do_switch$121'[0] in module `\ex223_fp16_log_semantic_positive_field_defaults': no output FF found.
Checking read port `$auto$proc_rom.cc:155:do_switch$117'[0] in module `\ex223_fp16_log_semantic_positive_field_defaults': no output FF found.
Checking read port `$auto$proc_rom.cc:155:do_switch$113'[0] in module `\ex223_fp16_log_semantic_positive_field_defaults': no output FF found.
Checking read port `$auto$proc_rom.cc:155:do_switch$109'[0] in module `\ex223_fp16_log_semantic_positive_field_defaults': no output FF found.
Checking read port `$auto$proc_rom.cc:155:do_switch$105'[0] in module `\ex223_fp16_log_semantic_positive_field_defaults': no output FF found.
Checking read port `$auto$proc_rom.cc:155:do_switch$101'[0] in module `\ex223_fp16_log_semantic_positive_field_defaults': no output FF found.
Checking read port `$auto$proc_rom.cc:155:do_switch$97'[0] in module `\ex223_fp16_log_semantic_positive_field_defaults': no output FF found.
Checking read port `$auto$proc_rom.cc:155:do_switch$93'[0] in module `\ex223_fp16_log_semantic_positive_field_defaults': no output FF found.
Checking read port `$auto$proc_rom.cc:155:do_switch$89'[0] in module `\ex223_fp16_log_semantic_positive_field_defaults': no output FF found.
Checking read port `$auto$proc_rom.cc:155:do_switch$85'[0] in module `\ex223_fp16_log_semantic_positive_field_defaults': no output FF found.
Checking read port `$auto$proc_rom.cc:155:do_switch$81'[0] in module `\ex223_fp16_log_semantic_positive_field_defaults': no output FF found.
Checking read port `$auto$proc_rom.cc:155:do_switch$77'[0] in module `\ex223_fp16_log_semantic_positive_field_defaults': no output FF found.
Checking read port `$auto$proc_rom.cc:155:do_switch$73'[0] in module `\ex223_fp16_log_semantic_positive_field_defaults': no output FF found.
Checking read port `$auto$proc_rom.cc:155:do_switch$69'[0] in module `\ex223_fp16_log_semantic_positive_field_defaults': no output FF found.
Checking read port `$auto$proc_rom.cc:155:do_switch$65'[0] in module `\ex223_fp16_log_semantic_positive_field_defaults': no output FF found.
Checking read port `$auto$proc_rom.cc:155:do_switch$61'[0] in module `\ex223_fp16_log_semantic_positive_field_defaults': no output FF found.
Checking read port `$auto$proc_rom.cc:155:do_switch$57'[0] in module `\ex223_fp16_log_semantic_positive_field_defaults': no output FF found.
Checking read port `$auto$proc_rom.cc:155:do_switch$53'[0] in module `\ex223_fp16_log_semantic_positive_field_defaults': no output FF found.
Checking read port `$auto$proc_rom.cc:155:do_switch$49'[0] in module `\ex223_fp16_log_semantic_positive_field_defaults': no output FF found.
Checking read port `$auto$proc_rom.cc:155:do_switch$45'[0] in module `\ex223_fp16_log_semantic_positive_field_defaults': no output FF found.
Checking read port `$auto$proc_rom.cc:155:do_switch$41'[0] in module `\ex223_fp16_log_semantic_positive_field_defaults': no output FF found.
Checking read port `$auto$proc_rom.cc:155:do_switch$37'[0] in module `\ex223_fp16_log_semantic_positive_field_defaults': no output FF found.
Checking read port `$auto$proc_rom.cc:155:do_switch$33'[0] in module `\ex223_fp16_log_semantic_positive_field_defaults': no output FF found.
Checking read port `$auto$proc_rom.cc:155:do_switch$29'[0] in module `\ex223_fp16_log_semantic_positive_field_defaults': no output FF found.
Checking read port `$auto$proc_rom.cc:155:do_switch$25'[0] in module `\ex223_fp16_log_semantic_positive_field_defaults': no output FF found.
Checking read port `$auto$proc_rom.cc:155:do_switch$21'[0] in module `\ex223_fp16_log_semantic_positive_field_defaults': no output FF found.
Checking read port `$auto$proc_rom.cc:155:do_switch$17'[0] in module `\ex223_fp16_log_semantic_positive_field_defaults': no output FF found.
Checking read port `$auto$proc_rom.cc:155:do_switch$13'[0] in module `\ex223_fp16_log_semantic_positive_field_defaults': no output FF found.
Checking read port `$auto$proc_rom.cc:155:do_switch$9'[0] in module `\ex223_fp16_log_semantic_positive_field_defaults': no output FF found.
Checking read port `$auto$proc_rom.cc:155:do_switch$5'[0] in module `\ex223_fp16_log_semantic_positive_field_defaults': no output FF found.
Checking read port address `$auto$proc_rom.cc:155:do_switch$121'[0] in module `\ex223_fp16_log_semantic_positive_field_defaults': no address FF found.
Checking read port address `$auto$proc_rom.cc:155:do_switch$117'[0] in module `\ex223_fp16_log_semantic_positive_field_defaults': no address FF found.
Checking read port address `$auto$proc_rom.cc:155:do_switch$113'[0] in module `\ex223_fp16_log_semantic_positive_field_defaults': no address FF found.
Checking read port address `$auto$proc_rom.cc:155:do_switch$109'[0] in module `\ex223_fp16_log_semantic_positive_field_defaults': no address FF found.
Checking read port address `$auto$proc_rom.cc:155:do_switch$105'[0] in module `\ex223_fp16_log_semantic_positive_field_defaults': no address FF found.
Checking read port address `$auto$proc_rom.cc:155:do_switch$101'[0] in module `\ex223_fp16_log_semantic_positive_field_defaults': no address FF found.
Checking read port address `$auto$proc_rom.cc:155:do_switch$97'[0] in module `\ex223_fp16_log_semantic_positive_field_defaults': no address FF found.
Checking read port address `$auto$proc_rom.cc:155:do_switch$93'[0] in module `\ex223_fp16_log_semantic_positive_field_defaults': no address FF found.
Checking read port address `$auto$proc_rom.cc:155:do_switch$89'[0] in module `\ex223_fp16_log_semantic_positive_field_defaults': no address FF found.
Checking read port address `$auto$proc_rom.cc:155:do_switch$85'[0] in module `\ex223_fp16_log_semantic_positive_field_defaults': no address FF found.
Checking read port address `$auto$proc_rom.cc:155:do_switch$81'[0] in module `\ex223_fp16_log_semantic_positive_field_defaults': no address FF found.
Checking read port address `$auto$proc_rom.cc:155:do_switch$77'[0] in module `\ex223_fp16_log_semantic_positive_field_defaults': no address FF found.
Checking read port address `$auto$proc_rom.cc:155:do_switch$73'[0] in module `\ex223_fp16_log_semantic_positive_field_defaults': no address FF found.
Checking read port address `$auto$proc_rom.cc:155:do_switch$69'[0] in module `\ex223_fp16_log_semantic_positive_field_defaults': no address FF found.
Checking read port address `$auto$proc_rom.cc:155:do_switch$65'[0] in module `\ex223_fp16_log_semantic_positive_field_defaults': no address FF found.
Checking read port address `$auto$proc_rom.cc:155:do_switch$61'[0] in module `\ex223_fp16_log_semantic_positive_field_defaults': no address FF found.
Checking read port address `$auto$proc_rom.cc:155:do_switch$57'[0] in module `\ex223_fp16_log_semantic_positive_field_defaults': no address FF found.
Checking read port address `$auto$proc_rom.cc:155:do_switch$53'[0] in module `\ex223_fp16_log_semantic_positive_field_defaults': no address FF found.
Checking read port address `$auto$proc_rom.cc:155:do_switch$49'[0] in module `\ex223_fp16_log_semantic_positive_field_defaults': no address FF found.
Checking read port address `$auto$proc_rom.cc:155:do_switch$45'[0] in module `\ex223_fp16_log_semantic_positive_field_defaults': no address FF found.
Checking read port address `$auto$proc_rom.cc:155:do_switch$41'[0] in module `\ex223_fp16_log_semantic_positive_field_defaults': no address FF found.
Checking read port address `$auto$proc_rom.cc:155:do_switch$37'[0] in module `\ex223_fp16_log_semantic_positive_field_defaults': no address FF found.
Checking read port address `$auto$proc_rom.cc:155:do_switch$33'[0] in module `\ex223_fp16_log_semantic_positive_field_defaults': no address FF found.
Checking read port address `$auto$proc_rom.cc:155:do_switch$29'[0] in module `\ex223_fp16_log_semantic_positive_field_defaults': no address FF found.
Checking read port address `$auto$proc_rom.cc:155:do_switch$25'[0] in module `\ex223_fp16_log_semantic_positive_field_defaults': no address FF found.
Checking read port address `$auto$proc_rom.cc:155:do_switch$21'[0] in module `\ex223_fp16_log_semantic_positive_field_defaults': no address FF found.
Checking read port address `$auto$proc_rom.cc:155:do_switch$17'[0] in module `\ex223_fp16_log_semantic_positive_field_defaults': no address FF found.
Checking read port address `$auto$proc_rom.cc:155:do_switch$13'[0] in module `\ex223_fp16_log_semantic_positive_field_defaults': no address FF found.
Checking read port address `$auto$proc_rom.cc:155:do_switch$9'[0] in module `\ex223_fp16_log_semantic_positive_field_defaults': no address FF found.
Checking read port address `$auto$proc_rom.cc:155:do_switch$5'[0] in module `\ex223_fp16_log_semantic_positive_field_defaults': no address FF found.

8.6. Executing OPT_CLEAN pass (remove unused cells and wires).
Finding unused cells or wires in module \ex223_fp16_log_semantic_positive_field_defaults..
Removed 0 unused cells and 50 unused wires.

8.7. Executing MEMORY_SHARE pass (consolidating $memrd/$memwr cells).

8.8. Executing OPT_MEM_WIDEN pass (optimize memories where all ports are wide).
Performed a total of 0 transformations.

8.9. Executing OPT_CLEAN pass (remove unused cells and wires).
Finding unused cells or wires in module \ex223_fp16_log_semantic_positive_field_defaults..

8.10. Executing MEMORY_COLLECT pass (generating $mem cells).

8.11. Executing MEMORY_MAP pass (converting memories to logic and flip-flops).
Mapping memory $auto$proc_rom.cc:155:do_switch$121 in module \ex223_fp16_log_semantic_positive_field_defaults:
  created 1024 $dff cells and 0 static cells of width 8.
  read interface: 0 $dff and 1023 $mux cells.
  write interface: 0 write mux blocks.
Mapping memory $auto$proc_rom.cc:155:do_switch$117 in module \ex223_fp16_log_semantic_positive_field_defaults:
  created 1024 $dff cells and 0 static cells of width 9.
  read interface: 0 $dff and 1023 $mux cells.
  write interface: 0 write mux blocks.
Mapping memory $auto$proc_rom.cc:155:do_switch$113 in module \ex223_fp16_log_semantic_positive_field_defaults:
  created 1024 $dff cells and 0 static cells of width 7.
  read interface: 0 $dff and 1023 $mux cells.
  write interface: 0 write mux blocks.
Mapping memory $auto$proc_rom.cc:155:do_switch$109 in module \ex223_fp16_log_semantic_positive_field_defaults:
  created 1024 $dff cells and 0 static cells of width 8.
  read interface: 0 $dff and 1023 $mux cells.
  write interface: 0 write mux blocks.
Mapping memory $auto$proc_rom.cc:155:do_switch$105 in module \ex223_fp16_log_semantic_positive_field_defaults:
  created 1024 $dff cells and 0 static cells of width 12.
  read interface: 0 $dff and 1023 $mux cells.
  write interface: 0 write mux blocks.
Mapping memory $auto$proc_rom.cc:155:do_switch$101 in module \ex223_fp16_log_semantic_positive_field_defaults:
  created 1024 $dff cells and 0 static cells of width 9.
  read interface: 0 $dff and 1023 $mux cells.
  write interface: 0 write mux blocks.
Mapping memory $auto$proc_rom.cc:155:do_switch$97 in module \ex223_fp16_log_semantic_positive_field_defaults:
  created 1024 $dff cells and 0 static cells of width 8.
  read interface: 0 $dff and 1023 $mux cells.
  write interface: 0 write mux blocks.
Mapping memory $auto$proc_rom.cc:155:do_switch$93 in module \ex223_fp16_log_semantic_positive_field_defaults:
  created 1024 $dff cells and 0 static cells of width 10.
  read interface: 0 $dff and 1023 $mux cells.
  write interface: 0 write mux blocks.
Mapping memory $auto$proc_rom.cc:155:do_switch$89 in module \ex223_fp16_log_semantic_positive_field_defaults:
  created 1024 $dff cells and 0 static cells of width 9.
  read interface: 0 $dff and 1023 $mux cells.
  write interface: 0 write mux blocks.
Mapping memory $auto$proc_rom.cc:155:do_switch$85 in module \ex223_fp16_log_semantic_positive_field_defaults:
  created 1024 $dff cells and 0 static cells of width 8.
  read interface: 0 $dff and 1023 $mux cells.
  write interface: 0 write mux blocks.
Mapping memory $auto$proc_rom.cc:155:do_switch$81 in module \ex223_fp16_log_semantic_positive_field_defaults:
  created 1024 $dff cells and 0 static cells of width 11.
  read interface: 0 $dff and 1023 $mux cells.
  write interface: 0 write mux blocks.
Mapping memory $auto$proc_rom.cc:155:do_switch$77 in module \ex223_fp16_log_semantic_positive_field_defaults:
  created 1024 $dff cells and 0 static cells of width 10.
  read interface: 0 $dff and 1023 $mux cells.
  write interface: 0 write mux blocks.
Mapping memory $auto$proc_rom.cc:155:do_switch$73 in module \ex223_fp16_log_semantic_positive_field_defaults:
  created 1024 $dff cells and 0 static cells of width 9.
  read interface: 0 $dff and 1023 $mux cells.
  write interface: 0 write mux blocks.
Mapping memory $auto$proc_rom.cc:155:do_switch$69 in module \ex223_fp16_log_semantic_positive_field_defaults:
  created 1024 $dff cells and 0 static cells of width 15.
  read interface: 0 $dff and 1023 $mux cells.
  write interface: 0 write mux blocks.
Mapping memory $auto$proc_rom.cc:155:do_switch$65 in module \ex223_fp16_log_semantic_positive_field_defaults:
  created 1024 $dff cells and 0 static cells of width 11.
  read interface: 0 $dff and 1023 $mux cells.
  write interface: 0 write mux blocks.
Mapping memory $auto$proc_rom.cc:155:do_switch$61 in module \ex223_fp16_log_semantic_positive_field_defaults:
  created 1024 $dff cells and 0 static cells of width 14.
  read interface: 0 $dff and 1023 $mux cells.
  write interface: 0 write mux blocks.
Mapping memory $auto$proc_rom.cc:155:do_switch$57 in module \ex223_fp16_log_semantic_positive_field_defaults:
  created 1024 $dff cells and 0 static cells of width 14.
  read interface: 0 $dff and 1023 $mux cells.
  write interface: 0 write mux blocks.
Mapping memory $auto$proc_rom.cc:155:do_switch$53 in module \ex223_fp16_log_semantic_positive_field_defaults:
  created 1024 $dff cells and 0 static cells of width 11.
  read interface: 0 $dff and 1023 $mux cells.
  write interface: 0 write mux blocks.
Mapping memory $auto$proc_rom.cc:155:do_switch$49 in module \ex223_fp16_log_semantic_positive_field_defaults:
  created 1024 $dff cells and 0 static cells of width 15.
  read interface: 0 $dff and 1023 $mux cells.
  write interface: 0 write mux blocks.
Mapping memory $auto$proc_rom.cc:155:do_switch$45 in module \ex223_fp16_log_semantic_positive_field_defaults:
  created 1024 $dff cells and 0 static cells of width 9.
  read interface: 0 $dff and 1023 $mux cells.
  write interface: 0 write mux blocks.
Mapping memory $auto$proc_rom.cc:155:do_switch$41 in module \ex223_fp16_log_semantic_positive_field_defaults:
  created 1024 $dff cells and 0 static cells of width 10.
  read interface: 0 $dff and 1023 $mux cells.
  write interface: 0 write mux blocks.
Mapping memory $auto$proc_rom.cc:155:do_switch$37 in module \ex223_fp16_log_semantic_positive_field_defaults:
  created 1024 $dff cells and 0 static cells of width 11.
  read interface: 0 $dff and 1023 $mux cells.
  write interface: 0 write mux blocks.
Mapping memory $auto$proc_rom.cc:155:do_switch$33 in module \ex223_fp16_log_semantic_positive_field_defaults:
  created 1024 $dff cells and 0 static cells of width 8.
  read interface: 0 $dff and 1023 $mux cells.
  write interface: 0 write mux blocks.
Mapping memory $auto$proc_rom.cc:155:do_switch$29 in module \ex223_fp16_log_semantic_positive_field_defaults:
  created 1024 $dff cells and 0 static cells of width 9.
  read interface: 0 $dff and 1023 $mux cells.
  write interface: 0 write mux blocks.
Mapping memory $auto$proc_rom.cc:155:do_switch$25 in module \ex223_fp16_log_semantic_positive_field_defaults:
  created 1024 $dff cells and 0 static cells of width 10.
  read interface: 0 $dff and 1023 $mux cells.
  write interface: 0 write mux blocks.
Mapping memory $auto$proc_rom.cc:155:do_switch$21 in module \ex223_fp16_log_semantic_positive_field_defaults:
  created 1024 $dff cells and 0 static cells of width 8.
  read interface: 0 $dff and 1023 $mux cells.
  write interface: 0 write mux blocks.
Mapping memory $auto$proc_rom.cc:155:do_switch$17 in module \ex223_fp16_log_semantic_positive_field_defaults:
  created 1024 $dff cells and 0 static cells of width 9.
  read interface: 0 $dff and 1023 $mux cells.
  write interface: 0 write mux blocks.
Mapping memory $auto$proc_rom.cc:155:do_switch$13 in module \ex223_fp16_log_semantic_positive_field_defaults:
  created 1024 $dff cells and 0 static cells of width 12.
  read interface: 0 $dff and 1023 $mux cells.
  write interface: 0 write mux blocks.
Mapping memory $auto$proc_rom.cc:155:do_switch$9 in module \ex223_fp16_log_semantic_positive_field_defaults:
  created 1024 $dff cells and 0 static cells of width 8.
  read interface: 0 $dff and 1023 $mux cells.
  write interface: 0 write mux blocks.
Mapping memory $auto$proc_rom.cc:155:do_switch$5 in module \ex223_fp16_log_semantic_positive_field_defaults:
  created 1024 $dff cells and 0 static cells of width 7.
  read interface: 0 $dff and 1023 $mux cells.
  write interface: 0 write mux blocks.

9. Executing OPT pass (performing simple optimizations).

9.1. Executing OPT_EXPR pass (perform const folding).
Optimizing module ex223_fp16_log_semantic_positive_field_defaults.

9.2. Executing OPT_MERGE pass (detect identical cells).
Finding identical cells in module `\ex223_fp16_log_semantic_positive_field_defaults'.
Computing hashes of 17075 cells of `\ex223_fp16_log_semantic_positive_field_defaults'.
Finding duplicate cells in `\ex223_fp16_log_semantic_positive_field_defaults'.
Removed a total of 0 cells.

9.3. Executing OPT_MUXTREE pass (detect dead branches in mux trees).
Running muxtree optimizer on module \ex223_fp16_log_semantic_positive_field_defaults..
  Creating internal representation of mux trees.
  Evaluating internal representation of mux trees.
  Analyzing evaluation results.
Removed 0 multiplexer ports.

9.4. Executing OPT_REDUCE pass (consolidate $*mux and $reduce_* inputs).
  Optimizing cells in module \ex223_fp16_log_semantic_positive_field_defaults.
    New ctrl vector for $pmux cell $procmux$761: { $auto$opt_reduce.cc:135:opt_pmux$92929 $auto$opt_reduce.cc:135:opt_pmux$92927 }
    New ctrl vector for $pmux cell $procmux$728: { $auto$opt_reduce.cc:135:opt_pmux$92935 $procmux$629_CMP $auto$opt_reduce.cc:135:opt_pmux$92933 $procmux$458_CMP $auto$opt_reduce.cc:135:opt_pmux$92931 $procmux$386_CMP $procmux$364_CMP $procmux$343_CMP $procmux$323_CMP $procmux$304_CMP $procmux$286_CMP $procmux$238_CMP $procmux$169_CMP $auto$opt_reduce.cc:135:opt_pmux$795 }
  Optimizing cells in module \ex223_fp16_log_semantic_positive_field_defaults.
Performed a total of 2 changes.

9.5. Executing OPT_MERGE pass (detect identical cells).
Finding identical cells in module `\ex223_fp16_log_semantic_positive_field_defaults'.
Computing hashes of 17080 cells of `\ex223_fp16_log_semantic_positive_field_defaults'.
Finding duplicate cells in `\ex223_fp16_log_semantic_positive_field_defaults'.
Computing hashes of 16323 cells of `\ex223_fp16_log_semantic_positive_field_defaults'.
Finding duplicate cells in `\ex223_fp16_log_semantic_positive_field_defaults'.
Computing hashes of 16049 cells of `\ex223_fp16_log_semantic_positive_field_defaults'.
Finding duplicate cells in `\ex223_fp16_log_semantic_positive_field_defaults'.
Computing hashes of 16001 cells of `\ex223_fp16_log_semantic_positive_field_defaults'.
Finding duplicate cells in `\ex223_fp16_log_semantic_positive_field_defaults'.
Computing hashes of 15998 cells of `\ex223_fp16_log_semantic_positive_field_defaults'.
Finding duplicate cells in `\ex223_fp16_log_semantic_positive_field_defaults'.
Removed a total of 1082 cells.

9.6. Executing OPT_DFF pass (perform DFF optimizations).

9.7. Executing OPT_CLEAN pass (remove unused cells and wires).
Finding unused cells or wires in module \ex223_fp16_log_semantic_positive_field_defaults..
Removed 0 unused cells and 45457 unused wires.

9.8. Executing OPT_EXPR pass (perform const folding).
Optimizing module ex223_fp16_log_semantic_positive_field_defaults.

9.9. Rerunning OPT passes. (Maybe there is more to do..)

9.10. Executing OPT_MUXTREE pass (detect dead branches in mux trees).
Running muxtree optimizer on module \ex223_fp16_log_semantic_positive_field_defaults..
  Creating internal representation of mux trees.
  Evaluating internal representation of mux trees.
  Analyzing evaluation results.
Removed 0 multiplexer ports.

9.11. Executing OPT_REDUCE pass (consolidate $*mux and $reduce_* inputs).
  Optimizing cells in module \ex223_fp16_log_semantic_positive_field_defaults.
Performed a total of 0 changes.

9.12. Executing OPT_MERGE pass (detect identical cells).
Finding identical cells in module `\ex223_fp16_log_semantic_positive_field_defaults'.
Computing hashes of 15998 cells of `\ex223_fp16_log_semantic_positive_field_defaults'.
Finding duplicate cells in `\ex223_fp16_log_semantic_positive_field_defaults'.
Removed a total of 0 cells.

9.13. Executing OPT_DFF pass (perform DFF optimizations).

9.14. Executing OPT_CLEAN pass (remove unused cells and wires).
Finding unused cells or wires in module \ex223_fp16_log_semantic_positive_field_defaults..

9.15. Executing OPT_EXPR pass (perform const folding).
Optimizing module ex223_fp16_log_semantic_positive_field_defaults.

9.16. Finished fast OPT passes. (There is nothing left to do.)

10. Executing TECHMAP pass (map to technology primitives).

10.1. Executing Verilog-2005 frontend: /home/b10507053/ALS_Final_Project/student/tools/conda-env/bin/../share/yosys/techmap.v
Parsing Verilog input from `/home/b10507053/ALS_Final_Project/student/tools/conda-env/bin/../share/yosys/techmap.v' to AST representation.
Generating RTLIL representation for module `\_90_simplemap_bool_ops'.
Generating RTLIL representation for module `\_90_simplemap_reduce_ops'.
Generating RTLIL representation for module `\_90_simplemap_logic_ops'.
Generating RTLIL representation for module `\_90_simplemap_compare_ops'.
Generating RTLIL representation for module `\_90_simplemap_various'.
Generating RTLIL representation for module `\_90_simplemap_registers'.
Generating RTLIL representation for module `\_90_shift_ops_shr_shl_sshl_sshr'.
Generating RTLIL representation for module `\_90_shift_shiftx'.
Generating RTLIL representation for module `\_90_fa'.
Generating RTLIL representation for module `\_90_lcu_brent_kung'.
Generating RTLIL representation for module `\_90_alu'.
Generating RTLIL representation for module `\_90_macc'.
Generating RTLIL representation for module `\_90_alumacc'.
Generating RTLIL representation for module `$__div_mod_u'.
Generating RTLIL representation for module `$__div_mod_trunc'.
Generating RTLIL representation for module `\_90_div'.
Generating RTLIL representation for module `\_90_mod'.
Generating RTLIL representation for module `$__div_mod_floor'.
Generating RTLIL representation for module `\_90_divfloor'.
Generating RTLIL representation for module `\_90_modfloor'.
Generating RTLIL representation for module `\_90_pow'.
Generating RTLIL representation for module `\_90_demux'.
Generating RTLIL representation for module `\_90_lut'.
Generating RTLIL representation for module `$connect'.
Generating RTLIL representation for module `$input_port'.
Successfully finished Verilog frontend.

10.2. Continuing TECHMAP pass.
Using extmapper simplemap for cells of type $reduce_or.
Using extmapper simplemap for cells of type $mux.
Using extmapper simplemap for cells of type $logic_not.
Using extmapper simplemap for cells of type $pmux.
Using extmapper simplemap for cells of type $eq.
No more expansions possible.

11. Executing OPT pass (performing simple optimizations).

11.1. Executing OPT_EXPR pass (perform const folding).
Optimizing module ex223_fp16_log_semantic_positive_field_defaults.

11.2. Executing OPT_MERGE pass (detect identical cells).
Finding identical cells in module `\ex223_fp16_log_semantic_positive_field_defaults'.
Computing hashes of 43139 cells of `\ex223_fp16_log_semantic_positive_field_defaults'.
Finding duplicate cells in `\ex223_fp16_log_semantic_positive_field_defaults'.
Computing hashes of 31089 cells of `\ex223_fp16_log_semantic_positive_field_defaults'.
Finding duplicate cells in `\ex223_fp16_log_semantic_positive_field_defaults'.
Computing hashes of 21549 cells of `\ex223_fp16_log_semantic_positive_field_defaults'.
Finding duplicate cells in `\ex223_fp16_log_semantic_positive_field_defaults'.
Computing hashes of 14568 cells of `\ex223_fp16_log_semantic_positive_field_defaults'.
Finding duplicate cells in `\ex223_fp16_log_semantic_positive_field_defaults'.
Computing hashes of 10429 cells of `\ex223_fp16_log_semantic_positive_field_defaults'.
Finding duplicate cells in `\ex223_fp16_log_semantic_positive_field_defaults'.
Computing hashes of 8672 cells of `\ex223_fp16_log_semantic_positive_field_defaults'.
Finding duplicate cells in `\ex223_fp16_log_semantic_positive_field_defaults'.
Computing hashes of 8128 cells of `\ex223_fp16_log_semantic_positive_field_defaults'.
Finding duplicate cells in `\ex223_fp16_log_semantic_positive_field_defaults'.
Computing hashes of 7975 cells of `\ex223_fp16_log_semantic_positive_field_defaults'.
Finding duplicate cells in `\ex223_fp16_log_semantic_positive_field_defaults'.
Computing hashes of 7937 cells of `\ex223_fp16_log_semantic_positive_field_defaults'.
Finding duplicate cells in `\ex223_fp16_log_semantic_positive_field_defaults'.
Computing hashes of 7920 cells of `\ex223_fp16_log_semantic_positive_field_defaults'.
Finding duplicate cells in `\ex223_fp16_log_semantic_positive_field_defaults'.
Computing hashes of 7915 cells of `\ex223_fp16_log_semantic_positive_field_defaults'.
Finding duplicate cells in `\ex223_fp16_log_semantic_positive_field_defaults'.
Computing hashes of 7911 cells of `\ex223_fp16_log_semantic_positive_field_defaults'.
Finding duplicate cells in `\ex223_fp16_log_semantic_positive_field_defaults'.
Computing hashes of 7910 cells of `\ex223_fp16_log_semantic_positive_field_defaults'.
Finding duplicate cells in `\ex223_fp16_log_semantic_positive_field_defaults'.
Removed a total of 35229 cells.

11.3. Executing OPT_MUXTREE pass (detect dead branches in mux trees).
Running muxtree optimizer on module \ex223_fp16_log_semantic_positive_field_defaults..
  Creating internal representation of mux trees.
  No muxes found in this module.
Removed 0 multiplexer ports.

11.4. Executing OPT_REDUCE pass (consolidate $*mux and $reduce_* inputs).
  Optimizing cells in module \ex223_fp16_log_semantic_positive_field_defaults.
Performed a total of 0 changes.

11.5. Executing OPT_MERGE pass (detect identical cells).
Finding identical cells in module `\ex223_fp16_log_semantic_positive_field_defaults'.
Computing hashes of 7910 cells of `\ex223_fp16_log_semantic_positive_field_defaults'.
Finding duplicate cells in `\ex223_fp16_log_semantic_positive_field_defaults'.
Removed a total of 0 cells.

11.6. Executing OPT_DFF pass (perform DFF optimizations).

11.7. Executing OPT_CLEAN pass (remove unused cells and wires).
Finding unused cells or wires in module \ex223_fp16_log_semantic_positive_field_defaults..
Removed 1 unused cells and 14019 unused wires.

11.8. Executing OPT_EXPR pass (perform const folding).
Optimizing module ex223_fp16_log_semantic_positive_field_defaults.

11.9. Rerunning OPT passes. (Maybe there is more to do..)

11.10. Executing OPT_MUXTREE pass (detect dead branches in mux trees).
Running muxtree optimizer on module \ex223_fp16_log_semantic_positive_field_defaults..
  Creating internal representation of mux trees.
  No muxes found in this module.
Removed 0 multiplexer ports.

11.11. Executing OPT_REDUCE pass (consolidate $*mux and $reduce_* inputs).
  Optimizing cells in module \ex223_fp16_log_semantic_positive_field_defaults.
Performed a total of 0 changes.

11.12. Executing OPT_MERGE pass (detect identical cells).
Finding identical cells in module `\ex223_fp16_log_semantic_positive_field_defaults'.
Computing hashes of 7843 cells of `\ex223_fp16_log_semantic_positive_field_defaults'.
Finding duplicate cells in `\ex223_fp16_log_semantic_positive_field_defaults'.
Removed a total of 0 cells.

11.13. Executing OPT_DFF pass (perform DFF optimizations).

11.14. Executing OPT_CLEAN pass (remove unused cells and wires).
Finding unused cells or wires in module \ex223_fp16_log_semantic_positive_field_defaults..
Removed 0 unused cells and 36 unused wires.

11.15. Executing OPT_EXPR pass (perform const folding).
Optimizing module ex223_fp16_log_semantic_positive_field_defaults.

11.16. Rerunning OPT passes. (Maybe there is more to do..)

11.17. Executing OPT_MUXTREE pass (detect dead branches in mux trees).
Running muxtree optimizer on module \ex223_fp16_log_semantic_positive_field_defaults..
  Creating internal representation of mux trees.
  No muxes found in this module.
Removed 0 multiplexer ports.

11.18. Executing OPT_REDUCE pass (consolidate $*mux and $reduce_* inputs).
  Optimizing cells in module \ex223_fp16_log_semantic_positive_field_defaults.
Performed a total of 0 changes.

11.19. Executing OPT_MERGE pass (detect identical cells).
Finding identical cells in module `\ex223_fp16_log_semantic_positive_field_defaults'.
Computing hashes of 7843 cells of `\ex223_fp16_log_semantic_positive_field_defaults'.
Finding duplicate cells in `\ex223_fp16_log_semantic_positive_field_defaults'.
Removed a total of 0 cells.

11.20. Executing OPT_DFF pass (perform DFF optimizations).

11.21. Executing OPT_CLEAN pass (remove unused cells and wires).
Finding unused cells or wires in module \ex223_fp16_log_semantic_positive_field_defaults..

11.22. Executing OPT_EXPR pass (perform const folding).
Optimizing module ex223_fp16_log_semantic_positive_field_defaults.

11.23. Finished fast OPT passes. (There is nothing left to do.)

12. Executing ABC pass (technology mapping using ABC).

12.1. Extracting gate netlist of module `\ex223_fp16_log_semantic_positive_field_defaults' to `<abc-temp-dir>/input.blif'..
Replacing 16 occurrences of constant undef bits with constant zero bits

12.1.1. Executed ABC.
Extracted 7843 gates and 7862 wires to a netlist network with 16 inputs and 16 outputs.
Running ABC script: <abc-temp-dir>/abc.script
ABC: UC Berkeley, ABC 1.01 (compiled May 12 2026 13:26:50)
ABC: abc 01> empty
ABC: abc 01> source <abc-temp-dir>/abc.script
ABC: + read_blif <abc-temp-dir>/input.blif 
ABC: + read_library <abc-temp-dir>/stdcells.genlib 
ABC: + strash 
ABC: + &get -n 
ABC: + &fraig -x 
ABC: + &put 
ABC: + scorr 
ABC: Warning: The network is combinational (run "fraig" or "fraig_sweep").
ABC: + dc2 
ABC: + dretime 
ABC: + strash 
ABC: + &get -n 
ABC: + &dch -f 
ABC: + &nf 
ABC: + &put 
ABC: + write_blif <abc-temp-dir>/output.blif 
ABC: 
ABC: YOSYS_ABC_DONE 

12.1.2. Re-integrating ABC results.
ABC RESULTS:               AND cells:    11179
ABC RESULTS:               NOT cells:     7781
ABC RESULTS:        internal signals:     7830
ABC RESULTS:           input signals:       16
ABC RESULTS:          output signals:       16
Removing temp directory.
Removing global temp directory.

13. Executing OPT pass (performing simple optimizations).

13.1. Executing OPT_EXPR pass (perform const folding).
Optimizing module ex223_fp16_log_semantic_positive_field_defaults.

13.2. Executing OPT_MERGE pass (detect identical cells).
Finding identical cells in module `\ex223_fp16_log_semantic_positive_field_defaults'.
Computing hashes of 18960 cells of `\ex223_fp16_log_semantic_positive_field_defaults'.
Finding duplicate cells in `\ex223_fp16_log_semantic_positive_field_defaults'.
Removed a total of 0 cells.

13.3. Executing OPT_MUXTREE pass (detect dead branches in mux trees).
Running muxtree optimizer on module \ex223_fp16_log_semantic_positive_field_defaults..
  Creating internal representation of mux trees.
  No muxes found in this module.
Removed 0 multiplexer ports.

13.4. Executing OPT_REDUCE pass (consolidate $*mux and $reduce_* inputs).
  Optimizing cells in module \ex223_fp16_log_semantic_positive_field_defaults.
Performed a total of 0 changes.

13.5. Executing OPT_MERGE pass (detect identical cells).
Finding identical cells in module `\ex223_fp16_log_semantic_positive_field_defaults'.
Computing hashes of 18960 cells of `\ex223_fp16_log_semantic_positive_field_defaults'.
Finding duplicate cells in `\ex223_fp16_log_semantic_positive_field_defaults'.
Removed a total of 0 cells.

13.6. Executing OPT_DFF pass (perform DFF optimizations).

13.7. Executing OPT_CLEAN pass (remove unused cells and wires).
Finding unused cells or wires in module \ex223_fp16_log_semantic_positive_field_defaults..
Removed 0 unused cells and 2718 unused wires.

13.8. Executing OPT_EXPR pass (perform const folding).
Optimizing module ex223_fp16_log_semantic_positive_field_defaults.

13.9. Rerunning OPT passes. (Maybe there is more to do..)

13.10. Executing OPT_MUXTREE pass (detect dead branches in mux trees).
Running muxtree optimizer on module \ex223_fp16_log_semantic_positive_field_defaults..
  Creating internal representation of mux trees.
  No muxes found in this module.
Removed 0 multiplexer ports.

13.11. Executing OPT_REDUCE pass (consolidate $*mux and $reduce_* inputs).
  Optimizing cells in module \ex223_fp16_log_semantic_positive_field_defaults.
Performed a total of 0 changes.

13.12. Executing OPT_MERGE pass (detect identical cells).
Finding identical cells in module `\ex223_fp16_log_semantic_positive_field_defaults'.
Computing hashes of 18960 cells of `\ex223_fp16_log_semantic_positive_field_defaults'.
Finding duplicate cells in `\ex223_fp16_log_semantic_positive_field_defaults'.
Removed a total of 0 cells.

13.13. Executing OPT_DFF pass (perform DFF optimizations).

13.14. Executing OPT_CLEAN pass (remove unused cells and wires).
Finding unused cells or wires in module \ex223_fp16_log_semantic_positive_field_defaults..

13.15. Executing OPT_EXPR pass (perform const folding).
Optimizing module ex223_fp16_log_semantic_positive_field_defaults.

13.16. Finished fast OPT passes. (There is nothing left to do.)

14. Executing AIGMAP pass (map logic to AIG).
Module ex223_fp16_log_semantic_positive_field_defaults: replaced 0 cells with 0 new cells, skipped 18960 cells.
  not replaced 2 cell types:
   11179 $_AND_
    7781 $_NOT_

15. Executing OPT pass (performing simple optimizations).

15.1. Executing OPT_EXPR pass (perform const folding).
Optimizing module ex223_fp16_log_semantic_positive_field_defaults.

15.2. Executing OPT_MERGE pass (detect identical cells).
Finding identical cells in module `\ex223_fp16_log_semantic_positive_field_defaults'.
Computing hashes of 18960 cells of `\ex223_fp16_log_semantic_positive_field_defaults'.
Finding duplicate cells in `\ex223_fp16_log_semantic_positive_field_defaults'.
Removed a total of 0 cells.

15.3. Executing OPT_MUXTREE pass (detect dead branches in mux trees).
Running muxtree optimizer on module \ex223_fp16_log_semantic_positive_field_defaults..
  Creating internal representation of mux trees.
  No muxes found in this module.
Removed 0 multiplexer ports.

15.4. Executing OPT_REDUCE pass (consolidate $*mux and $reduce_* inputs).
  Optimizing cells in module \ex223_fp16_log_semantic_positive_field_defaults.
Performed a total of 0 changes.

15.5. Executing OPT_MERGE pass (detect identical cells).
Finding identical cells in module `\ex223_fp16_log_semantic_positive_field_defaults'.
Computing hashes of 18960 cells of `\ex223_fp16_log_semantic_positive_field_defaults'.
Finding duplicate cells in `\ex223_fp16_log_semantic_positive_field_defaults'.
Removed a total of 0 cells.

15.6. Executing OPT_DFF pass (perform DFF optimizations).

15.7. Executing OPT_CLEAN pass (remove unused cells and wires).
Finding unused cells or wires in module \ex223_fp16_log_semantic_positive_field_defaults..

15.8. Executing OPT_EXPR pass (perform const folding).
Optimizing module ex223_fp16_log_semantic_positive_field_defaults.

15.9. Finished fast OPT passes. (There is nothing left to do.)

16. Executing AIGER backend.
Warning: Treating undriven bit ex223_fp16_log_semantic_positive_field_defaults.\in [0] like $anyseq.
Warning: Treating undriven bit ex223_fp16_log_semantic_positive_field_defaults.\in [1] like $anyseq.
Warning: Treating undriven bit ex223_fp16_log_semantic_positive_field_defaults.\in [2] like $anyseq.
Warning: Treating undriven bit ex223_fp16_log_semantic_positive_field_defaults.\in [3] like $anyseq.
Warning: Treating undriven bit ex223_fp16_log_semantic_positive_field_defaults.\in [4] like $anyseq.
Warning: Treating undriven bit ex223_fp16_log_semantic_positive_field_defaults.\in [5] like $anyseq.
Warning: Treating undriven bit ex223_fp16_log_semantic_positive_field_defaults.\in [6] like $anyseq.
Warning: Treating undriven bit ex223_fp16_log_semantic_positive_field_defaults.\in [7] like $anyseq.
Warning: Treating undriven bit ex223_fp16_log_semantic_positive_field_defaults.\in [8] like $anyseq.
Warning: Treating undriven bit ex223_fp16_log_semantic_positive_field_defaults.\in [9] like $anyseq.
Warning: Treating undriven bit ex223_fp16_log_semantic_positive_field_defaults.\in [10] like $anyseq.
Warning: Treating undriven bit ex223_fp16_log_semantic_positive_field_defaults.\in [11] like $anyseq.
Warning: Treating undriven bit ex223_fp16_log_semantic_positive_field_defaults.\in [12] like $anyseq.
Warning: Treating undriven bit ex223_fp16_log_semantic_positive_field_defaults.\in [13] like $anyseq.
Warning: Treating undriven bit ex223_fp16_log_semantic_positive_field_defaults.\in [14] like $anyseq.
Warning: Treating undriven bit ex223_fp16_log_semantic_positive_field_defaults.\in [15] like $anyseq.
Warning: Treating a total of 16 undriven bits in ex223_fp16_log_semantic_positive_field_defaults like $anyseq.

Warnings: 17 unique messages, 17 total
End of script. Logfile hash: 6c0aca5a5f, time: 13.53s, user: 12.28s, system: 0.28s, MEM: 484.12 MB peak
Yosys 0.65 (git sha1 aec814bdf3071f7e0fd0fbe43f7f711e99d01e24, g++ 14.3.0-19 -fvisibility-inlines-hidden -fmessage-length=0 -march=nocona -mtune=haswell -ftree-vectorize -fPIC -fstack-protector-strong -fno-plt -O2 -ffunction-sections -fdebug-prefix-map=/home/conda/feedstock_root/build_artifacts/yosys_1778591527500/work=/usr/local/src/conda/yosys-0.65 -fdebug-prefix-map=/home/b10507053/ALS_Final_Project/student/tools/conda-env=/usr/local/src/conda-prefix -fPIC -O3) [conda-forge/yosys-feedstock]
Time spent: 22% 3x read_verilog (3 sec), 21% 16x opt_expr (3 sec), ...
