
 /----------------------------------------------------------------------------\
 |  yosys -- Yosys Open SYnthesis Suite                                       |
 |  Copyright (C) 2012 - 2026  Claire Xenia Wolf <claire@yosyshq.com>         |
 |  Distributed under an ISC-like license, type "license" to see terms        |
 \----------------------------------------------------------------------------/
 Yosys 0.65 (git sha1 aec814bdf3071f7e0fd0fbe43f7f711e99d01e24, g++ 14.3.0-19 -fvisibility-inlines-hidden -fmessage-length=0 -march=nocona -mtune=haswell -ftree-vectorize -fPIC -fstack-protector-strong -fno-plt -O2 -ffunction-sections -fdebug-prefix-map=/home/conda/feedstock_root/build_artifacts/yosys_1778591527500/work=/usr/local/src/conda/yosys-0.65 -fdebug-prefix-map=/home/b10507053/ALS_Final_Project/student/tools/conda-env=/usr/local/src/conda-prefix -fPIC -O3) [conda-forge/yosys-feedstock]

-- Executing script file `/home/b10507053/ALS_Final_Project/student/work/ex250_ex254_frontend_fp4_dot_fma_semantic_20260608_2105/ex251/logs/ex251_semantic_int3_dot2_prodtable_qrange_default.yosys.ys' --

1. Executing Verilog-2005 frontend: /home/b10507053/ALS_Final_Project/student/work/ex250_ex254_frontend_fp4_dot_fma_semantic_20260608_2105/ex251/verilog/ex251_semantic_int3_dot2_prodtable_qrange.v
Parsing Verilog input from `/home/b10507053/ALS_Final_Project/student/work/ex250_ex254_frontend_fp4_dot_fma_semantic_20260608_2105/ex251/verilog/ex251_semantic_int3_dot2_prodtable_qrange.v' to AST representation.
Generating RTLIL representation for module `\ex251_semantic_int3_dot2_prodtable_qrange'.
Successfully finished Verilog frontend.

2. Executing HIERARCHY pass (managing design hierarchy).

2.1. Analyzing design hierarchy..
Top module:  \ex251_semantic_int3_dot2_prodtable_qrange

2.2. Analyzing design hierarchy..
Top module:  \ex251_semantic_int3_dot2_prodtable_qrange
Removed 0 unused modules.

3. Executing PROC pass (convert processes to netlists).

3.1. Executing PROC_CLEAN pass (remove empty switches from decision trees).
Cleaned up 0 empty switches.

3.2. Executing PROC_RMDEAD pass (remove dead branches from decision trees).
Marked 37 switch rules as full_case in process $proc$/home/b10507053/ALS_Final_Project/student/work/ex250_ex254_frontend_fp4_dot_fma_semantic_20260608_2105/ex251/verilog/ex251_semantic_int3_dot2_prodtable_qrange.v:342$51 in module ex251_semantic_int3_dot2_prodtable_qrange.
Removed 1 dead cases from process $proc$/home/b10507053/ALS_Final_Project/student/work/ex250_ex254_frontend_fp4_dot_fma_semantic_20260608_2105/ex251/verilog/ex251_semantic_int3_dot2_prodtable_qrange.v:336$25 in module ex251_semantic_int3_dot2_prodtable_qrange.
Marked 1 switch rules as full_case in process $proc$/home/b10507053/ALS_Final_Project/student/work/ex250_ex254_frontend_fp4_dot_fma_semantic_20260608_2105/ex251/verilog/ex251_semantic_int3_dot2_prodtable_qrange.v:336$25 in module ex251_semantic_int3_dot2_prodtable_qrange.
Removed 1 dead cases from process $proc$/home/b10507053/ALS_Final_Project/student/work/ex250_ex254_frontend_fp4_dot_fma_semantic_20260608_2105/ex251/verilog/ex251_semantic_int3_dot2_prodtable_qrange.v:335$19 in module ex251_semantic_int3_dot2_prodtable_qrange.
Marked 1 switch rules as full_case in process $proc$/home/b10507053/ALS_Final_Project/student/work/ex250_ex254_frontend_fp4_dot_fma_semantic_20260608_2105/ex251/verilog/ex251_semantic_int3_dot2_prodtable_qrange.v:335$19 in module ex251_semantic_int3_dot2_prodtable_qrange.
Removed a total of 2 dead cases.

3.3. Executing PROC_PRUNE pass (remove redundant assignments in processes).
Removed 0 redundant assignments.
Promoted 19 assignments to connections.

3.4. Executing PROC_INIT pass (extract init attributes).

3.5. Executing PROC_ARST pass (detect async resets in processes).

3.6. Executing PROC_ROM pass (convert switches to ROMs).
Converted 2 switches.

3.7. Executing PROC_MUX pass (convert decision trees to multiplexers).
Creating decoders for process `\ex251_semantic_int3_dot2_prodtable_qrange.$proc$/home/b10507053/ALS_Final_Project/student/work/ex250_ex254_frontend_fp4_dot_fma_semantic_20260608_2105/ex251/verilog/ex251_semantic_int3_dot2_prodtable_qrange.v:342$51'.
     1/37: $37\quant_scaled$func$/home/b10507053/ALS_Final_Project/student/work/ex250_ex254_frontend_fp4_dot_fma_semantic_20260608_2105/ex251/verilog/ex251_semantic_int3_dot2_prodtable_qrange.v:342$10.$result[6:0]$128
     2/37: $36\quant_scaled$func$/home/b10507053/ALS_Final_Project/student/work/ex250_ex254_frontend_fp4_dot_fma_semantic_20260608_2105/ex251/verilog/ex251_semantic_int3_dot2_prodtable_qrange.v:342$10.$result[6:0]$126
     3/37: $35\quant_scaled$func$/home/b10507053/ALS_Final_Project/student/work/ex250_ex254_frontend_fp4_dot_fma_semantic_20260608_2105/ex251/verilog/ex251_semantic_int3_dot2_prodtable_qrange.v:342$10.$result[6:0]$124
     4/37: $34\quant_scaled$func$/home/b10507053/ALS_Final_Project/student/work/ex250_ex254_frontend_fp4_dot_fma_semantic_20260608_2105/ex251/verilog/ex251_semantic_int3_dot2_prodtable_qrange.v:342$10.$result[6:0]$122
     5/37: $33\quant_scaled$func$/home/b10507053/ALS_Final_Project/student/work/ex250_ex254_frontend_fp4_dot_fma_semantic_20260608_2105/ex251/verilog/ex251_semantic_int3_dot2_prodtable_qrange.v:342$10.$result[6:0]$120
     6/37: $32\quant_scaled$func$/home/b10507053/ALS_Final_Project/student/work/ex250_ex254_frontend_fp4_dot_fma_semantic_20260608_2105/ex251/verilog/ex251_semantic_int3_dot2_prodtable_qrange.v:342$10.$result[6:0]$118
     7/37: $31\quant_scaled$func$/home/b10507053/ALS_Final_Project/student/work/ex250_ex254_frontend_fp4_dot_fma_semantic_20260608_2105/ex251/verilog/ex251_semantic_int3_dot2_prodtable_qrange.v:342$10.$result[6:0]$116
     8/37: $30\quant_scaled$func$/home/b10507053/ALS_Final_Project/student/work/ex250_ex254_frontend_fp4_dot_fma_semantic_20260608_2105/ex251/verilog/ex251_semantic_int3_dot2_prodtable_qrange.v:342$10.$result[6:0]$114
     9/37: $29\quant_scaled$func$/home/b10507053/ALS_Final_Project/student/work/ex250_ex254_frontend_fp4_dot_fma_semantic_20260608_2105/ex251/verilog/ex251_semantic_int3_dot2_prodtable_qrange.v:342$10.$result[6:0]$112
    10/37: $28\quant_scaled$func$/home/b10507053/ALS_Final_Project/student/work/ex250_ex254_frontend_fp4_dot_fma_semantic_20260608_2105/ex251/verilog/ex251_semantic_int3_dot2_prodtable_qrange.v:342$10.$result[6:0]$110
    11/37: $27\quant_scaled$func$/home/b10507053/ALS_Final_Project/student/work/ex250_ex254_frontend_fp4_dot_fma_semantic_20260608_2105/ex251/verilog/ex251_semantic_int3_dot2_prodtable_qrange.v:342$10.$result[6:0]$108
    12/37: $26\quant_scaled$func$/home/b10507053/ALS_Final_Project/student/work/ex250_ex254_frontend_fp4_dot_fma_semantic_20260608_2105/ex251/verilog/ex251_semantic_int3_dot2_prodtable_qrange.v:342$10.$result[6:0]$106
    13/37: $25\quant_scaled$func$/home/b10507053/ALS_Final_Project/student/work/ex250_ex254_frontend_fp4_dot_fma_semantic_20260608_2105/ex251/verilog/ex251_semantic_int3_dot2_prodtable_qrange.v:342$10.$result[6:0]$104
    14/37: $24\quant_scaled$func$/home/b10507053/ALS_Final_Project/student/work/ex250_ex254_frontend_fp4_dot_fma_semantic_20260608_2105/ex251/verilog/ex251_semantic_int3_dot2_prodtable_qrange.v:342$10.$result[6:0]$102
    15/37: $23\quant_scaled$func$/home/b10507053/ALS_Final_Project/student/work/ex250_ex254_frontend_fp4_dot_fma_semantic_20260608_2105/ex251/verilog/ex251_semantic_int3_dot2_prodtable_qrange.v:342$10.$result[6:0]$100
    16/37: $22\quant_scaled$func$/home/b10507053/ALS_Final_Project/student/work/ex250_ex254_frontend_fp4_dot_fma_semantic_20260608_2105/ex251/verilog/ex251_semantic_int3_dot2_prodtable_qrange.v:342$10.$result[6:0]$98
    17/37: $21\quant_scaled$func$/home/b10507053/ALS_Final_Project/student/work/ex250_ex254_frontend_fp4_dot_fma_semantic_20260608_2105/ex251/verilog/ex251_semantic_int3_dot2_prodtable_qrange.v:342$10.$result[6:0]$96
    18/37: $20\quant_scaled$func$/home/b10507053/ALS_Final_Project/student/work/ex250_ex254_frontend_fp4_dot_fma_semantic_20260608_2105/ex251/verilog/ex251_semantic_int3_dot2_prodtable_qrange.v:342$10.$result[6:0]$94
    19/37: $19\quant_scaled$func$/home/b10507053/ALS_Final_Project/student/work/ex250_ex254_frontend_fp4_dot_fma_semantic_20260608_2105/ex251/verilog/ex251_semantic_int3_dot2_prodtable_qrange.v:342$10.$result[6:0]$92
    20/37: $18\quant_scaled$func$/home/b10507053/ALS_Final_Project/student/work/ex250_ex254_frontend_fp4_dot_fma_semantic_20260608_2105/ex251/verilog/ex251_semantic_int3_dot2_prodtable_qrange.v:342$10.$result[6:0]$90
    21/37: $17\quant_scaled$func$/home/b10507053/ALS_Final_Project/student/work/ex250_ex254_frontend_fp4_dot_fma_semantic_20260608_2105/ex251/verilog/ex251_semantic_int3_dot2_prodtable_qrange.v:342$10.$result[6:0]$88
    22/37: $16\quant_scaled$func$/home/b10507053/ALS_Final_Project/student/work/ex250_ex254_frontend_fp4_dot_fma_semantic_20260608_2105/ex251/verilog/ex251_semantic_int3_dot2_prodtable_qrange.v:342$10.$result[6:0]$86
    23/37: $15\quant_scaled$func$/home/b10507053/ALS_Final_Project/student/work/ex250_ex254_frontend_fp4_dot_fma_semantic_20260608_2105/ex251/verilog/ex251_semantic_int3_dot2_prodtable_qrange.v:342$10.$result[6:0]$84
    24/37: $14\quant_scaled$func$/home/b10507053/ALS_Final_Project/student/work/ex250_ex254_frontend_fp4_dot_fma_semantic_20260608_2105/ex251/verilog/ex251_semantic_int3_dot2_prodtable_qrange.v:342$10.$result[6:0]$82
    25/37: $13\quant_scaled$func$/home/b10507053/ALS_Final_Project/student/work/ex250_ex254_frontend_fp4_dot_fma_semantic_20260608_2105/ex251/verilog/ex251_semantic_int3_dot2_prodtable_qrange.v:342$10.$result[6:0]$80
    26/37: $12\quant_scaled$func$/home/b10507053/ALS_Final_Project/student/work/ex250_ex254_frontend_fp4_dot_fma_semantic_20260608_2105/ex251/verilog/ex251_semantic_int3_dot2_prodtable_qrange.v:342$10.$result[6:0]$78
    27/37: $11\quant_scaled$func$/home/b10507053/ALS_Final_Project/student/work/ex250_ex254_frontend_fp4_dot_fma_semantic_20260608_2105/ex251/verilog/ex251_semantic_int3_dot2_prodtable_qrange.v:342$10.$result[6:0]$76
    28/37: $10\quant_scaled$func$/home/b10507053/ALS_Final_Project/student/work/ex250_ex254_frontend_fp4_dot_fma_semantic_20260608_2105/ex251/verilog/ex251_semantic_int3_dot2_prodtable_qrange.v:342$10.$result[6:0]$74
    29/37: $9\quant_scaled$func$/home/b10507053/ALS_Final_Project/student/work/ex250_ex254_frontend_fp4_dot_fma_semantic_20260608_2105/ex251/verilog/ex251_semantic_int3_dot2_prodtable_qrange.v:342$10.$result[6:0]$72
    30/37: $8\quant_scaled$func$/home/b10507053/ALS_Final_Project/student/work/ex250_ex254_frontend_fp4_dot_fma_semantic_20260608_2105/ex251/verilog/ex251_semantic_int3_dot2_prodtable_qrange.v:342$10.$result[6:0]$70
    31/37: $7\quant_scaled$func$/home/b10507053/ALS_Final_Project/student/work/ex250_ex254_frontend_fp4_dot_fma_semantic_20260608_2105/ex251/verilog/ex251_semantic_int3_dot2_prodtable_qrange.v:342$10.$result[6:0]$68
    32/37: $6\quant_scaled$func$/home/b10507053/ALS_Final_Project/student/work/ex250_ex254_frontend_fp4_dot_fma_semantic_20260608_2105/ex251/verilog/ex251_semantic_int3_dot2_prodtable_qrange.v:342$10.$result[6:0]$66
    33/37: $5\quant_scaled$func$/home/b10507053/ALS_Final_Project/student/work/ex250_ex254_frontend_fp4_dot_fma_semantic_20260608_2105/ex251/verilog/ex251_semantic_int3_dot2_prodtable_qrange.v:342$10.$result[6:0]$64
    34/37: $4\quant_scaled$func$/home/b10507053/ALS_Final_Project/student/work/ex250_ex254_frontend_fp4_dot_fma_semantic_20260608_2105/ex251/verilog/ex251_semantic_int3_dot2_prodtable_qrange.v:342$10.$result[6:0]$62
    35/37: $3\quant_scaled$func$/home/b10507053/ALS_Final_Project/student/work/ex250_ex254_frontend_fp4_dot_fma_semantic_20260608_2105/ex251/verilog/ex251_semantic_int3_dot2_prodtable_qrange.v:342$10.$result[6:0]$60
    36/37: $2\quant_scaled$func$/home/b10507053/ALS_Final_Project/student/work/ex250_ex254_frontend_fp4_dot_fma_semantic_20260608_2105/ex251/verilog/ex251_semantic_int3_dot2_prodtable_qrange.v:342$10.$result[6:0]$58
    37/37: $1\quant_scaled$func$/home/b10507053/ALS_Final_Project/student/work/ex250_ex254_frontend_fp4_dot_fma_semantic_20260608_2105/ex251/verilog/ex251_semantic_int3_dot2_prodtable_qrange.v:342$10.$result[6:0]$56
Creating decoders for process `\ex251_semantic_int3_dot2_prodtable_qrange.$proc$/home/b10507053/ALS_Final_Project/student/work/ex250_ex254_frontend_fp4_dot_fma_semantic_20260608_2105/ex251/verilog/ex251_semantic_int3_dot2_prodtable_qrange.v:341$41'.
Creating decoders for process `\ex251_semantic_int3_dot2_prodtable_qrange.$proc$/home/b10507053/ALS_Final_Project/student/work/ex250_ex254_frontend_fp4_dot_fma_semantic_20260608_2105/ex251/verilog/ex251_semantic_int3_dot2_prodtable_qrange.v:341$31'.
Creating decoders for process `\ex251_semantic_int3_dot2_prodtable_qrange.$proc$/home/b10507053/ALS_Final_Project/student/work/ex250_ex254_frontend_fp4_dot_fma_semantic_20260608_2105/ex251/verilog/ex251_semantic_int3_dot2_prodtable_qrange.v:336$25'.
     1/1: $1\lane_product$func$/home/b10507053/ALS_Final_Project/student/work/ex250_ex254_frontend_fp4_dot_fma_semantic_20260608_2105/ex251/verilog/ex251_semantic_int3_dot2_prodtable_qrange.v:336$7.$result[8:0]$30
Creating decoders for process `\ex251_semantic_int3_dot2_prodtable_qrange.$proc$/home/b10507053/ALS_Final_Project/student/work/ex250_ex254_frontend_fp4_dot_fma_semantic_20260608_2105/ex251/verilog/ex251_semantic_int3_dot2_prodtable_qrange.v:335$19'.
     1/1: $1\lane_product$func$/home/b10507053/ALS_Final_Project/student/work/ex250_ex254_frontend_fp4_dot_fma_semantic_20260608_2105/ex251/verilog/ex251_semantic_int3_dot2_prodtable_qrange.v:335$6.$result[8:0]$24

3.8. Executing PROC_DLATCH pass (convert process syncs to latches).
No latch inferred for signal `\ex251_semantic_int3_dot2_prodtable_qrange.\quant_scaled$func$/home/b10507053/ALS_Final_Project/student/work/ex250_ex254_frontend_fp4_dot_fma_semantic_20260608_2105/ex251/verilog/ex251_semantic_int3_dot2_prodtable_qrange.v:342$5.$result' from process `\ex251_semantic_int3_dot2_prodtable_qrange.$proc$/home/b10507053/ALS_Final_Project/student/work/ex250_ex254_frontend_fp4_dot_fma_semantic_20260608_2105/ex251/verilog/ex251_semantic_int3_dot2_prodtable_qrange.v:342$51'.
No latch inferred for signal `\ex251_semantic_int3_dot2_prodtable_qrange.\quant_scaled$func$/home/b10507053/ALS_Final_Project/student/work/ex250_ex254_frontend_fp4_dot_fma_semantic_20260608_2105/ex251/verilog/ex251_semantic_int3_dot2_prodtable_qrange.v:342$10.$result' from process `\ex251_semantic_int3_dot2_prodtable_qrange.$proc$/home/b10507053/ALS_Final_Project/student/work/ex250_ex254_frontend_fp4_dot_fma_semantic_20260608_2105/ex251/verilog/ex251_semantic_int3_dot2_prodtable_qrange.v:342$51'.
No latch inferred for signal `\ex251_semantic_int3_dot2_prodtable_qrange.\quant_scaled$func$/home/b10507053/ALS_Final_Project/student/work/ex250_ex254_frontend_fp4_dot_fma_semantic_20260608_2105/ex251/verilog/ex251_semantic_int3_dot2_prodtable_qrange.v:342$10.value' from process `\ex251_semantic_int3_dot2_prodtable_qrange.$proc$/home/b10507053/ALS_Final_Project/student/work/ex250_ex254_frontend_fp4_dot_fma_semantic_20260608_2105/ex251/verilog/ex251_semantic_int3_dot2_prodtable_qrange.v:342$51'.
No latch inferred for signal `\ex251_semantic_int3_dot2_prodtable_qrange.\int3_neg_zero_product$func$/home/b10507053/ALS_Final_Project/student/work/ex250_ex254_frontend_fp4_dot_fma_semantic_20260608_2105/ex251/verilog/ex251_semantic_int3_dot2_prodtable_qrange.v:341$4.$result' from process `\ex251_semantic_int3_dot2_prodtable_qrange.$proc$/home/b10507053/ALS_Final_Project/student/work/ex250_ex254_frontend_fp4_dot_fma_semantic_20260608_2105/ex251/verilog/ex251_semantic_int3_dot2_prodtable_qrange.v:341$41'.
No latch inferred for signal `\ex251_semantic_int3_dot2_prodtable_qrange.\int3_neg_zero_product$func$/home/b10507053/ALS_Final_Project/student/work/ex250_ex254_frontend_fp4_dot_fma_semantic_20260608_2105/ex251/verilog/ex251_semantic_int3_dot2_prodtable_qrange.v:341$9.$result' from process `\ex251_semantic_int3_dot2_prodtable_qrange.$proc$/home/b10507053/ALS_Final_Project/student/work/ex250_ex254_frontend_fp4_dot_fma_semantic_20260608_2105/ex251/verilog/ex251_semantic_int3_dot2_prodtable_qrange.v:341$41'.
No latch inferred for signal `\ex251_semantic_int3_dot2_prodtable_qrange.\int3_neg_zero_product$func$/home/b10507053/ALS_Final_Project/student/work/ex250_ex254_frontend_fp4_dot_fma_semantic_20260608_2105/ex251/verilog/ex251_semantic_int3_dot2_prodtable_qrange.v:341$9.a' from process `\ex251_semantic_int3_dot2_prodtable_qrange.$proc$/home/b10507053/ALS_Final_Project/student/work/ex250_ex254_frontend_fp4_dot_fma_semantic_20260608_2105/ex251/verilog/ex251_semantic_int3_dot2_prodtable_qrange.v:341$41'.
No latch inferred for signal `\ex251_semantic_int3_dot2_prodtable_qrange.\int3_neg_zero_product$func$/home/b10507053/ALS_Final_Project/student/work/ex250_ex254_frontend_fp4_dot_fma_semantic_20260608_2105/ex251/verilog/ex251_semantic_int3_dot2_prodtable_qrange.v:341$9.b' from process `\ex251_semantic_int3_dot2_prodtable_qrange.$proc$/home/b10507053/ALS_Final_Project/student/work/ex250_ex254_frontend_fp4_dot_fma_semantic_20260608_2105/ex251/verilog/ex251_semantic_int3_dot2_prodtable_qrange.v:341$41'.
No latch inferred for signal `\ex251_semantic_int3_dot2_prodtable_qrange.\int3_neg_zero_product$func$/home/b10507053/ALS_Final_Project/student/work/ex250_ex254_frontend_fp4_dot_fma_semantic_20260608_2105/ex251/verilog/ex251_semantic_int3_dot2_prodtable_qrange.v:341$3.$result' from process `\ex251_semantic_int3_dot2_prodtable_qrange.$proc$/home/b10507053/ALS_Final_Project/student/work/ex250_ex254_frontend_fp4_dot_fma_semantic_20260608_2105/ex251/verilog/ex251_semantic_int3_dot2_prodtable_qrange.v:341$31'.
No latch inferred for signal `\ex251_semantic_int3_dot2_prodtable_qrange.\int3_neg_zero_product$func$/home/b10507053/ALS_Final_Project/student/work/ex250_ex254_frontend_fp4_dot_fma_semantic_20260608_2105/ex251/verilog/ex251_semantic_int3_dot2_prodtable_qrange.v:341$8.$result' from process `\ex251_semantic_int3_dot2_prodtable_qrange.$proc$/home/b10507053/ALS_Final_Project/student/work/ex250_ex254_frontend_fp4_dot_fma_semantic_20260608_2105/ex251/verilog/ex251_semantic_int3_dot2_prodtable_qrange.v:341$31'.
No latch inferred for signal `\ex251_semantic_int3_dot2_prodtable_qrange.\int3_neg_zero_product$func$/home/b10507053/ALS_Final_Project/student/work/ex250_ex254_frontend_fp4_dot_fma_semantic_20260608_2105/ex251/verilog/ex251_semantic_int3_dot2_prodtable_qrange.v:341$8.a' from process `\ex251_semantic_int3_dot2_prodtable_qrange.$proc$/home/b10507053/ALS_Final_Project/student/work/ex250_ex254_frontend_fp4_dot_fma_semantic_20260608_2105/ex251/verilog/ex251_semantic_int3_dot2_prodtable_qrange.v:341$31'.
No latch inferred for signal `\ex251_semantic_int3_dot2_prodtable_qrange.\int3_neg_zero_product$func$/home/b10507053/ALS_Final_Project/student/work/ex250_ex254_frontend_fp4_dot_fma_semantic_20260608_2105/ex251/verilog/ex251_semantic_int3_dot2_prodtable_qrange.v:341$8.b' from process `\ex251_semantic_int3_dot2_prodtable_qrange.$proc$/home/b10507053/ALS_Final_Project/student/work/ex250_ex254_frontend_fp4_dot_fma_semantic_20260608_2105/ex251/verilog/ex251_semantic_int3_dot2_prodtable_qrange.v:341$31'.
No latch inferred for signal `\ex251_semantic_int3_dot2_prodtable_qrange.\lane_product$func$/home/b10507053/ALS_Final_Project/student/work/ex250_ex254_frontend_fp4_dot_fma_semantic_20260608_2105/ex251/verilog/ex251_semantic_int3_dot2_prodtable_qrange.v:336$2.$result' from process `\ex251_semantic_int3_dot2_prodtable_qrange.$proc$/home/b10507053/ALS_Final_Project/student/work/ex250_ex254_frontend_fp4_dot_fma_semantic_20260608_2105/ex251/verilog/ex251_semantic_int3_dot2_prodtable_qrange.v:336$25'.
No latch inferred for signal `\ex251_semantic_int3_dot2_prodtable_qrange.\lane_product$func$/home/b10507053/ALS_Final_Project/student/work/ex250_ex254_frontend_fp4_dot_fma_semantic_20260608_2105/ex251/verilog/ex251_semantic_int3_dot2_prodtable_qrange.v:336$7.$result' from process `\ex251_semantic_int3_dot2_prodtable_qrange.$proc$/home/b10507053/ALS_Final_Project/student/work/ex250_ex254_frontend_fp4_dot_fma_semantic_20260608_2105/ex251/verilog/ex251_semantic_int3_dot2_prodtable_qrange.v:336$25'.
No latch inferred for signal `\ex251_semantic_int3_dot2_prodtable_qrange.\lane_product$func$/home/b10507053/ALS_Final_Project/student/work/ex250_ex254_frontend_fp4_dot_fma_semantic_20260608_2105/ex251/verilog/ex251_semantic_int3_dot2_prodtable_qrange.v:336$7.a' from process `\ex251_semantic_int3_dot2_prodtable_qrange.$proc$/home/b10507053/ALS_Final_Project/student/work/ex250_ex254_frontend_fp4_dot_fma_semantic_20260608_2105/ex251/verilog/ex251_semantic_int3_dot2_prodtable_qrange.v:336$25'.
No latch inferred for signal `\ex251_semantic_int3_dot2_prodtable_qrange.\lane_product$func$/home/b10507053/ALS_Final_Project/student/work/ex250_ex254_frontend_fp4_dot_fma_semantic_20260608_2105/ex251/verilog/ex251_semantic_int3_dot2_prodtable_qrange.v:336$7.b' from process `\ex251_semantic_int3_dot2_prodtable_qrange.$proc$/home/b10507053/ALS_Final_Project/student/work/ex250_ex254_frontend_fp4_dot_fma_semantic_20260608_2105/ex251/verilog/ex251_semantic_int3_dot2_prodtable_qrange.v:336$25'.
No latch inferred for signal `\ex251_semantic_int3_dot2_prodtable_qrange.\lane_product$func$/home/b10507053/ALS_Final_Project/student/work/ex250_ex254_frontend_fp4_dot_fma_semantic_20260608_2105/ex251/verilog/ex251_semantic_int3_dot2_prodtable_qrange.v:335$1.$result' from process `\ex251_semantic_int3_dot2_prodtable_qrange.$proc$/home/b10507053/ALS_Final_Project/student/work/ex250_ex254_frontend_fp4_dot_fma_semantic_20260608_2105/ex251/verilog/ex251_semantic_int3_dot2_prodtable_qrange.v:335$19'.
No latch inferred for signal `\ex251_semantic_int3_dot2_prodtable_qrange.\lane_product$func$/home/b10507053/ALS_Final_Project/student/work/ex250_ex254_frontend_fp4_dot_fma_semantic_20260608_2105/ex251/verilog/ex251_semantic_int3_dot2_prodtable_qrange.v:335$6.$result' from process `\ex251_semantic_int3_dot2_prodtable_qrange.$proc$/home/b10507053/ALS_Final_Project/student/work/ex250_ex254_frontend_fp4_dot_fma_semantic_20260608_2105/ex251/verilog/ex251_semantic_int3_dot2_prodtable_qrange.v:335$19'.
No latch inferred for signal `\ex251_semantic_int3_dot2_prodtable_qrange.\lane_product$func$/home/b10507053/ALS_Final_Project/student/work/ex250_ex254_frontend_fp4_dot_fma_semantic_20260608_2105/ex251/verilog/ex251_semantic_int3_dot2_prodtable_qrange.v:335$6.a' from process `\ex251_semantic_int3_dot2_prodtable_qrange.$proc$/home/b10507053/ALS_Final_Project/student/work/ex250_ex254_frontend_fp4_dot_fma_semantic_20260608_2105/ex251/verilog/ex251_semantic_int3_dot2_prodtable_qrange.v:335$19'.
No latch inferred for signal `\ex251_semantic_int3_dot2_prodtable_qrange.\lane_product$func$/home/b10507053/ALS_Final_Project/student/work/ex250_ex254_frontend_fp4_dot_fma_semantic_20260608_2105/ex251/verilog/ex251_semantic_int3_dot2_prodtable_qrange.v:335$6.b' from process `\ex251_semantic_int3_dot2_prodtable_qrange.$proc$/home/b10507053/ALS_Final_Project/student/work/ex250_ex254_frontend_fp4_dot_fma_semantic_20260608_2105/ex251/verilog/ex251_semantic_int3_dot2_prodtable_qrange.v:335$19'.

3.9. Executing PROC_DFF pass (convert process syncs to FFs).

3.10. Executing PROC_MEMWR pass (convert process memory writes to cells).

3.11. Executing PROC_CLEAN pass (remove empty switches from decision trees).
Found and cleaned up 37 empty switches in `\ex251_semantic_int3_dot2_prodtable_qrange.$proc$/home/b10507053/ALS_Final_Project/student/work/ex250_ex254_frontend_fp4_dot_fma_semantic_20260608_2105/ex251/verilog/ex251_semantic_int3_dot2_prodtable_qrange.v:342$51'.
Removing empty process `ex251_semantic_int3_dot2_prodtable_qrange.$proc$/home/b10507053/ALS_Final_Project/student/work/ex250_ex254_frontend_fp4_dot_fma_semantic_20260608_2105/ex251/verilog/ex251_semantic_int3_dot2_prodtable_qrange.v:342$51'.
Removing empty process `ex251_semantic_int3_dot2_prodtable_qrange.$proc$/home/b10507053/ALS_Final_Project/student/work/ex250_ex254_frontend_fp4_dot_fma_semantic_20260608_2105/ex251/verilog/ex251_semantic_int3_dot2_prodtable_qrange.v:341$41'.
Removing empty process `ex251_semantic_int3_dot2_prodtable_qrange.$proc$/home/b10507053/ALS_Final_Project/student/work/ex250_ex254_frontend_fp4_dot_fma_semantic_20260608_2105/ex251/verilog/ex251_semantic_int3_dot2_prodtable_qrange.v:341$31'.
Found and cleaned up 1 empty switch in `\ex251_semantic_int3_dot2_prodtable_qrange.$proc$/home/b10507053/ALS_Final_Project/student/work/ex250_ex254_frontend_fp4_dot_fma_semantic_20260608_2105/ex251/verilog/ex251_semantic_int3_dot2_prodtable_qrange.v:336$25'.
Removing empty process `ex251_semantic_int3_dot2_prodtable_qrange.$proc$/home/b10507053/ALS_Final_Project/student/work/ex250_ex254_frontend_fp4_dot_fma_semantic_20260608_2105/ex251/verilog/ex251_semantic_int3_dot2_prodtable_qrange.v:336$25'.
Found and cleaned up 1 empty switch in `\ex251_semantic_int3_dot2_prodtable_qrange.$proc$/home/b10507053/ALS_Final_Project/student/work/ex250_ex254_frontend_fp4_dot_fma_semantic_20260608_2105/ex251/verilog/ex251_semantic_int3_dot2_prodtable_qrange.v:335$19'.
Removing empty process `ex251_semantic_int3_dot2_prodtable_qrange.$proc$/home/b10507053/ALS_Final_Project/student/work/ex250_ex254_frontend_fp4_dot_fma_semantic_20260608_2105/ex251/verilog/ex251_semantic_int3_dot2_prodtable_qrange.v:335$19'.
Cleaned up 39 empty switches.

3.12. Executing OPT_EXPR pass (perform const folding).
Optimizing module ex251_semantic_int3_dot2_prodtable_qrange.

4. Executing FLATTEN pass (flatten design).

5. Executing TRIBUF pass.

6. Executing DEMINOUT pass (demote inout ports to input or output).

7. Executing OPT pass (performing simple optimizations).

7.1. Executing OPT_EXPR pass (perform const folding).
Optimizing module ex251_semantic_int3_dot2_prodtable_qrange.

7.2. Executing OPT_MERGE pass (detect identical cells).
Finding identical cells in module `\ex251_semantic_int3_dot2_prodtable_qrange'.
Computing hashes of 762 cells of `\ex251_semantic_int3_dot2_prodtable_qrange'.
Finding duplicate cells in `\ex251_semantic_int3_dot2_prodtable_qrange'.
Removed a total of 0 cells.

7.3. Executing OPT_MUXTREE pass (detect dead branches in mux trees).
Running muxtree optimizer on module \ex251_semantic_int3_dot2_prodtable_qrange..
  Creating internal representation of mux trees.
  Evaluating internal representation of mux trees.
  Analyzing evaluation results.
    dead port 1/2 on $mux $procmux$2241.
    dead port 1/2 on $mux $procmux$2235.
    dead port 1/2 on $mux $procmux$2232.
    dead port 1/2 on $mux $procmux$2226.
    dead port 1/2 on $mux $procmux$2223.
    dead port 1/2 on $mux $procmux$2220.
    dead port 1/2 on $mux $procmux$2214.
    dead port 1/2 on $mux $procmux$2211.
    dead port 1/2 on $mux $procmux$2208.
    dead port 1/2 on $mux $procmux$2205.
    dead port 1/2 on $mux $procmux$2199.
    dead port 1/2 on $mux $procmux$2196.
    dead port 1/2 on $mux $procmux$2193.
    dead port 1/2 on $mux $procmux$2190.
    dead port 1/2 on $mux $procmux$2187.
    dead port 1/2 on $mux $procmux$2181.
    dead port 1/2 on $mux $procmux$2178.
    dead port 1/2 on $mux $procmux$2175.
    dead port 1/2 on $mux $procmux$2172.
    dead port 1/2 on $mux $procmux$2169.
    dead port 1/2 on $mux $procmux$2166.
    dead port 1/2 on $mux $procmux$2160.
    dead port 1/2 on $mux $procmux$2157.
    dead port 1/2 on $mux $procmux$2154.
    dead port 1/2 on $mux $procmux$2151.
    dead port 1/2 on $mux $procmux$2148.
    dead port 1/2 on $mux $procmux$2145.
    dead port 1/2 on $mux $procmux$2142.
    dead port 1/2 on $mux $procmux$2136.
    dead port 1/2 on $mux $procmux$2133.
    dead port 1/2 on $mux $procmux$2130.
    dead port 1/2 on $mux $procmux$2127.
    dead port 1/2 on $mux $procmux$2124.
    dead port 1/2 on $mux $procmux$2121.
    dead port 1/2 on $mux $procmux$2118.
    dead port 1/2 on $mux $procmux$2115.
    dead port 1/2 on $mux $procmux$2109.
    dead port 1/2 on $mux $procmux$2106.
    dead port 1/2 on $mux $procmux$2103.
    dead port 1/2 on $mux $procmux$2100.
    dead port 1/2 on $mux $procmux$2097.
    dead port 1/2 on $mux $procmux$2094.
    dead port 1/2 on $mux $procmux$2091.
    dead port 1/2 on $mux $procmux$2088.
    dead port 1/2 on $mux $procmux$2085.
    dead port 1/2 on $mux $procmux$2079.
    dead port 1/2 on $mux $procmux$2076.
    dead port 1/2 on $mux $procmux$2073.
    dead port 1/2 on $mux $procmux$2070.
    dead port 1/2 on $mux $procmux$2067.
    dead port 1/2 on $mux $procmux$2064.
    dead port 1/2 on $mux $procmux$2061.
    dead port 1/2 on $mux $procmux$2058.
    dead port 1/2 on $mux $procmux$2055.
    dead port 1/2 on $mux $procmux$2052.
    dead port 1/2 on $mux $procmux$2046.
    dead port 1/2 on $mux $procmux$2043.
    dead port 1/2 on $mux $procmux$2040.
    dead port 1/2 on $mux $procmux$2037.
    dead port 1/2 on $mux $procmux$2034.
    dead port 1/2 on $mux $procmux$2031.
    dead port 1/2 on $mux $procmux$2028.
    dead port 1/2 on $mux $procmux$2025.
    dead port 1/2 on $mux $procmux$2022.
    dead port 1/2 on $mux $procmux$2019.
    dead port 1/2 on $mux $procmux$2016.
    dead port 1/2 on $mux $procmux$2010.
    dead port 1/2 on $mux $procmux$2007.
    dead port 1/2 on $mux $procmux$2004.
    dead port 1/2 on $mux $procmux$2001.
    dead port 1/2 on $mux $procmux$1998.
    dead port 1/2 on $mux $procmux$1995.
    dead port 1/2 on $mux $procmux$1992.
    dead port 1/2 on $mux $procmux$1989.
    dead port 1/2 on $mux $procmux$1986.
    dead port 1/2 on $mux $procmux$1983.
    dead port 1/2 on $mux $procmux$1980.
    dead port 1/2 on $mux $procmux$1977.
    dead port 1/2 on $mux $procmux$1971.
    dead port 1/2 on $mux $procmux$1968.
    dead port 1/2 on $mux $procmux$1965.
    dead port 1/2 on $mux $procmux$1962.
    dead port 1/2 on $mux $procmux$1959.
    dead port 1/2 on $mux $procmux$1956.
    dead port 1/2 on $mux $procmux$1953.
    dead port 1/2 on $mux $procmux$1950.
    dead port 1/2 on $mux $procmux$1947.
    dead port 1/2 on $mux $procmux$1944.
    dead port 1/2 on $mux $procmux$1941.
    dead port 1/2 on $mux $procmux$1938.
    dead port 1/2 on $mux $procmux$1935.
    dead port 1/2 on $mux $procmux$1929.
    dead port 1/2 on $mux $procmux$1926.
    dead port 1/2 on $mux $procmux$1923.
    dead port 1/2 on $mux $procmux$1920.
    dead port 1/2 on $mux $procmux$1917.
    dead port 1/2 on $mux $procmux$1914.
    dead port 1/2 on $mux $procmux$1911.
    dead port 1/2 on $mux $procmux$1908.
    dead port 1/2 on $mux $procmux$1905.
    dead port 1/2 on $mux $procmux$1902.
    dead port 1/2 on $mux $procmux$1899.
    dead port 1/2 on $mux $procmux$1896.
    dead port 1/2 on $mux $procmux$1893.
    dead port 1/2 on $mux $procmux$1890.
    dead port 1/2 on $mux $procmux$1884.
    dead port 1/2 on $mux $procmux$1881.
    dead port 1/2 on $mux $procmux$1878.
    dead port 1/2 on $mux $procmux$1875.
    dead port 1/2 on $mux $procmux$1872.
    dead port 1/2 on $mux $procmux$1869.
    dead port 1/2 on $mux $procmux$1866.
    dead port 1/2 on $mux $procmux$1863.
    dead port 1/2 on $mux $procmux$1860.
    dead port 1/2 on $mux $procmux$1857.
    dead port 1/2 on $mux $procmux$1854.
    dead port 1/2 on $mux $procmux$1851.
    dead port 1/2 on $mux $procmux$1848.
    dead port 1/2 on $mux $procmux$1845.
    dead port 1/2 on $mux $procmux$1842.
    dead port 1/2 on $mux $procmux$1836.
    dead port 1/2 on $mux $procmux$1833.
    dead port 1/2 on $mux $procmux$1830.
    dead port 1/2 on $mux $procmux$1827.
    dead port 1/2 on $mux $procmux$1824.
    dead port 1/2 on $mux $procmux$1821.
    dead port 1/2 on $mux $procmux$1818.
    dead port 1/2 on $mux $procmux$1815.
    dead port 1/2 on $mux $procmux$1812.
    dead port 1/2 on $mux $procmux$1809.
    dead port 1/2 on $mux $procmux$1806.
    dead port 1/2 on $mux $procmux$1803.
    dead port 1/2 on $mux $procmux$1800.
    dead port 1/2 on $mux $procmux$1797.
    dead port 1/2 on $mux $procmux$1794.
    dead port 1/2 on $mux $procmux$1791.
    dead port 1/2 on $mux $procmux$1785.
    dead port 1/2 on $mux $procmux$1782.
    dead port 1/2 on $mux $procmux$1779.
    dead port 1/2 on $mux $procmux$1776.
    dead port 1/2 on $mux $procmux$1773.
    dead port 1/2 on $mux $procmux$1770.
    dead port 1/2 on $mux $procmux$1767.
    dead port 1/2 on $mux $procmux$1764.
    dead port 1/2 on $mux $procmux$1761.
    dead port 1/2 on $mux $procmux$1758.
    dead port 1/2 on $mux $procmux$1755.
    dead port 1/2 on $mux $procmux$1752.
    dead port 1/2 on $mux $procmux$1749.
    dead port 1/2 on $mux $procmux$1746.
    dead port 1/2 on $mux $procmux$1743.
    dead port 1/2 on $mux $procmux$1740.
    dead port 1/2 on $mux $procmux$1737.
    dead port 1/2 on $mux $procmux$1731.
    dead port 1/2 on $mux $procmux$1728.
    dead port 1/2 on $mux $procmux$1725.
    dead port 1/2 on $mux $procmux$1722.
    dead port 1/2 on $mux $procmux$1719.
    dead port 1/2 on $mux $procmux$1716.
    dead port 1/2 on $mux $procmux$1713.
    dead port 1/2 on $mux $procmux$1710.
    dead port 1/2 on $mux $procmux$1707.
    dead port 1/2 on $mux $procmux$1704.
    dead port 1/2 on $mux $procmux$1701.
    dead port 1/2 on $mux $procmux$1698.
    dead port 1/2 on $mux $procmux$1695.
    dead port 1/2 on $mux $procmux$1692.
    dead port 1/2 on $mux $procmux$1689.
    dead port 1/2 on $mux $procmux$1686.
    dead port 1/2 on $mux $procmux$1683.
    dead port 1/2 on $mux $procmux$1680.
    dead port 1/2 on $mux $procmux$1674.
    dead port 1/2 on $mux $procmux$1671.
    dead port 1/2 on $mux $procmux$1668.
    dead port 1/2 on $mux $procmux$1665.
    dead port 1/2 on $mux $procmux$1662.
    dead port 1/2 on $mux $procmux$1659.
    dead port 1/2 on $mux $procmux$1656.
    dead port 1/2 on $mux $procmux$1653.
    dead port 1/2 on $mux $procmux$1650.
    dead port 1/2 on $mux $procmux$1647.
    dead port 1/2 on $mux $procmux$1644.
    dead port 1/2 on $mux $procmux$1641.
    dead port 1/2 on $mux $procmux$1638.
    dead port 1/2 on $mux $procmux$1635.
    dead port 1/2 on $mux $procmux$1632.
    dead port 1/2 on $mux $procmux$1629.
    dead port 1/2 on $mux $procmux$1626.
    dead port 1/2 on $mux $procmux$1623.
    dead port 1/2 on $mux $procmux$1620.
    dead port 1/2 on $mux $procmux$1614.
    dead port 1/2 on $mux $procmux$1611.
    dead port 1/2 on $mux $procmux$1608.
    dead port 1/2 on $mux $procmux$1605.
    dead port 1/2 on $mux $procmux$1602.
    dead port 1/2 on $mux $procmux$1599.
    dead port 1/2 on $mux $procmux$1596.
    dead port 1/2 on $mux $procmux$1593.
    dead port 1/2 on $mux $procmux$1590.
    dead port 1/2 on $mux $procmux$1587.
    dead port 1/2 on $mux $procmux$1584.
    dead port 1/2 on $mux $procmux$1581.
    dead port 1/2 on $mux $procmux$1578.
    dead port 1/2 on $mux $procmux$1575.
    dead port 1/2 on $mux $procmux$1572.
    dead port 1/2 on $mux $procmux$1569.
    dead port 1/2 on $mux $procmux$1566.
    dead port 1/2 on $mux $procmux$1563.
    dead port 1/2 on $mux $procmux$1560.
    dead port 1/2 on $mux $procmux$1557.
    dead port 1/2 on $mux $procmux$1551.
    dead port 1/2 on $mux $procmux$1548.
    dead port 1/2 on $mux $procmux$1545.
    dead port 1/2 on $mux $procmux$1542.
    dead port 1/2 on $mux $procmux$1539.
    dead port 1/2 on $mux $procmux$1536.
    dead port 1/2 on $mux $procmux$1533.
    dead port 1/2 on $mux $procmux$1530.
    dead port 1/2 on $mux $procmux$1527.
    dead port 1/2 on $mux $procmux$1524.
    dead port 1/2 on $mux $procmux$1521.
    dead port 1/2 on $mux $procmux$1518.
    dead port 1/2 on $mux $procmux$1515.
    dead port 1/2 on $mux $procmux$1512.
    dead port 1/2 on $mux $procmux$1509.
    dead port 1/2 on $mux $procmux$1506.
    dead port 1/2 on $mux $procmux$1503.
    dead port 1/2 on $mux $procmux$1500.
    dead port 1/2 on $mux $procmux$1497.
    dead port 1/2 on $mux $procmux$1494.
    dead port 1/2 on $mux $procmux$1491.
    dead port 1/2 on $mux $procmux$1485.
    dead port 1/2 on $mux $procmux$1482.
    dead port 1/2 on $mux $procmux$1479.
    dead port 1/2 on $mux $procmux$1476.
    dead port 1/2 on $mux $procmux$1473.
    dead port 1/2 on $mux $procmux$1470.
    dead port 1/2 on $mux $procmux$1467.
    dead port 1/2 on $mux $procmux$1464.
    dead port 1/2 on $mux $procmux$1461.
    dead port 1/2 on $mux $procmux$1458.
    dead port 1/2 on $mux $procmux$1455.
    dead port 1/2 on $mux $procmux$1452.
    dead port 1/2 on $mux $procmux$1449.
    dead port 1/2 on $mux $procmux$1446.
    dead port 1/2 on $mux $procmux$1443.
    dead port 1/2 on $mux $procmux$1440.
    dead port 1/2 on $mux $procmux$1437.
    dead port 1/2 on $mux $procmux$1434.
    dead port 1/2 on $mux $procmux$1431.
    dead port 1/2 on $mux $procmux$1428.
    dead port 1/2 on $mux $procmux$1425.
    dead port 1/2 on $mux $procmux$1422.
    dead port 1/2 on $mux $procmux$1416.
    dead port 1/2 on $mux $procmux$1413.
    dead port 1/2 on $mux $procmux$1410.
    dead port 1/2 on $mux $procmux$1407.
    dead port 1/2 on $mux $procmux$1404.
    dead port 1/2 on $mux $procmux$1401.
    dead port 1/2 on $mux $procmux$1398.
    dead port 1/2 on $mux $procmux$1395.
    dead port 1/2 on $mux $procmux$1392.
    dead port 1/2 on $mux $procmux$1389.
    dead port 1/2 on $mux $procmux$1386.
    dead port 1/2 on $mux $procmux$1383.
    dead port 1/2 on $mux $procmux$1380.
    dead port 1/2 on $mux $procmux$1377.
    dead port 1/2 on $mux $procmux$1374.
    dead port 1/2 on $mux $procmux$1371.
    dead port 1/2 on $mux $procmux$1368.
    dead port 1/2 on $mux $procmux$1365.
    dead port 1/2 on $mux $procmux$1362.
    dead port 1/2 on $mux $procmux$1359.
    dead port 1/2 on $mux $procmux$1356.
    dead port 1/2 on $mux $procmux$1353.
    dead port 1/2 on $mux $procmux$1350.
    dead port 1/2 on $mux $procmux$1344.
    dead port 1/2 on $mux $procmux$1341.
    dead port 1/2 on $mux $procmux$1338.
    dead port 1/2 on $mux $procmux$1335.
    dead port 1/2 on $mux $procmux$1332.
    dead port 1/2 on $mux $procmux$1329.
    dead port 1/2 on $mux $procmux$1326.
    dead port 1/2 on $mux $procmux$1323.
    dead port 1/2 on $mux $procmux$1320.
    dead port 1/2 on $mux $procmux$1317.
    dead port 1/2 on $mux $procmux$1314.
    dead port 1/2 on $mux $procmux$1311.
    dead port 1/2 on $mux $procmux$1308.
    dead port 1/2 on $mux $procmux$1305.
    dead port 1/2 on $mux $procmux$1302.
    dead port 1/2 on $mux $procmux$1299.
    dead port 1/2 on $mux $procmux$1296.
    dead port 1/2 on $mux $procmux$1293.
    dead port 1/2 on $mux $procmux$1290.
    dead port 1/2 on $mux $procmux$1287.
    dead port 1/2 on $mux $procmux$1284.
    dead port 1/2 on $mux $procmux$1281.
    dead port 1/2 on $mux $procmux$1278.
    dead port 1/2 on $mux $procmux$1275.
    dead port 1/2 on $mux $procmux$1269.
    dead port 1/2 on $mux $procmux$1266.
    dead port 1/2 on $mux $procmux$1263.
    dead port 1/2 on $mux $procmux$1260.
    dead port 1/2 on $mux $procmux$1257.
    dead port 1/2 on $mux $procmux$1254.
    dead port 1/2 on $mux $procmux$1251.
    dead port 1/2 on $mux $procmux$1248.
    dead port 1/2 on $mux $procmux$1245.
    dead port 1/2 on $mux $procmux$1242.
    dead port 1/2 on $mux $procmux$1239.
    dead port 1/2 on $mux $procmux$1236.
    dead port 1/2 on $mux $procmux$1233.
    dead port 1/2 on $mux $procmux$1230.
    dead port 1/2 on $mux $procmux$1227.
    dead port 1/2 on $mux $procmux$1224.
    dead port 1/2 on $mux $procmux$1221.
    dead port 1/2 on $mux $procmux$1218.
    dead port 1/2 on $mux $procmux$1215.
    dead port 1/2 on $mux $procmux$1212.
    dead port 1/2 on $mux $procmux$1209.
    dead port 1/2 on $mux $procmux$1206.
    dead port 1/2 on $mux $procmux$1203.
    dead port 1/2 on $mux $procmux$1200.
    dead port 1/2 on $mux $procmux$1197.
    dead port 1/2 on $mux $procmux$1191.
    dead port 1/2 on $mux $procmux$1188.
    dead port 1/2 on $mux $procmux$1185.
    dead port 1/2 on $mux $procmux$1182.
    dead port 1/2 on $mux $procmux$1179.
    dead port 1/2 on $mux $procmux$1176.
    dead port 1/2 on $mux $procmux$1173.
    dead port 1/2 on $mux $procmux$1170.
    dead port 1/2 on $mux $procmux$1167.
    dead port 1/2 on $mux $procmux$1164.
    dead port 1/2 on $mux $procmux$1161.
    dead port 1/2 on $mux $procmux$1158.
    dead port 1/2 on $mux $procmux$1155.
    dead port 1/2 on $mux $procmux$1152.
    dead port 1/2 on $mux $procmux$1149.
    dead port 1/2 on $mux $procmux$1146.
    dead port 1/2 on $mux $procmux$1143.
    dead port 1/2 on $mux $procmux$1140.
    dead port 1/2 on $mux $procmux$1137.
    dead port 1/2 on $mux $procmux$1134.
    dead port 1/2 on $mux $procmux$1131.
    dead port 1/2 on $mux $procmux$1128.
    dead port 1/2 on $mux $procmux$1125.
    dead port 1/2 on $mux $procmux$1122.
    dead port 1/2 on $mux $procmux$1119.
    dead port 1/2 on $mux $procmux$1116.
    dead port 1/2 on $mux $procmux$1110.
    dead port 1/2 on $mux $procmux$1107.
    dead port 1/2 on $mux $procmux$1104.
    dead port 1/2 on $mux $procmux$1101.
    dead port 1/2 on $mux $procmux$1098.
    dead port 1/2 on $mux $procmux$1095.
    dead port 1/2 on $mux $procmux$1092.
    dead port 1/2 on $mux $procmux$1089.
    dead port 1/2 on $mux $procmux$1086.
    dead port 1/2 on $mux $procmux$1083.
    dead port 1/2 on $mux $procmux$1080.
    dead port 1/2 on $mux $procmux$1077.
    dead port 1/2 on $mux $procmux$1074.
    dead port 1/2 on $mux $procmux$1071.
    dead port 1/2 on $mux $procmux$1068.
    dead port 1/2 on $mux $procmux$1065.
    dead port 1/2 on $mux $procmux$1062.
    dead port 1/2 on $mux $procmux$1059.
    dead port 1/2 on $mux $procmux$1056.
    dead port 1/2 on $mux $procmux$1053.
    dead port 1/2 on $mux $procmux$1050.
    dead port 1/2 on $mux $procmux$1047.
    dead port 1/2 on $mux $procmux$1044.
    dead port 1/2 on $mux $procmux$1041.
    dead port 1/2 on $mux $procmux$1038.
    dead port 1/2 on $mux $procmux$1035.
    dead port 1/2 on $mux $procmux$1032.
    dead port 1/2 on $mux $procmux$1026.
    dead port 1/2 on $mux $procmux$1023.
    dead port 1/2 on $mux $procmux$1020.
    dead port 1/2 on $mux $procmux$1017.
    dead port 1/2 on $mux $procmux$1014.
    dead port 1/2 on $mux $procmux$1011.
    dead port 1/2 on $mux $procmux$1008.
    dead port 1/2 on $mux $procmux$1005.
    dead port 1/2 on $mux $procmux$1002.
    dead port 1/2 on $mux $procmux$999.
    dead port 1/2 on $mux $procmux$996.
    dead port 1/2 on $mux $procmux$993.
    dead port 1/2 on $mux $procmux$990.
    dead port 1/2 on $mux $procmux$987.
    dead port 1/2 on $mux $procmux$984.
    dead port 1/2 on $mux $procmux$981.
    dead port 1/2 on $mux $procmux$978.
    dead port 1/2 on $mux $procmux$975.
    dead port 1/2 on $mux $procmux$972.
    dead port 1/2 on $mux $procmux$969.
    dead port 1/2 on $mux $procmux$966.
    dead port 1/2 on $mux $procmux$963.
    dead port 1/2 on $mux $procmux$960.
    dead port 1/2 on $mux $procmux$957.
    dead port 1/2 on $mux $procmux$954.
    dead port 1/2 on $mux $procmux$951.
    dead port 1/2 on $mux $procmux$948.
    dead port 1/2 on $mux $procmux$945.
    dead port 1/2 on $mux $procmux$939.
    dead port 1/2 on $mux $procmux$936.
    dead port 1/2 on $mux $procmux$933.
    dead port 1/2 on $mux $procmux$930.
    dead port 1/2 on $mux $procmux$927.
    dead port 1/2 on $mux $procmux$924.
    dead port 1/2 on $mux $procmux$921.
    dead port 1/2 on $mux $procmux$918.
    dead port 1/2 on $mux $procmux$915.
    dead port 1/2 on $mux $procmux$912.
    dead port 1/2 on $mux $procmux$909.
    dead port 1/2 on $mux $procmux$906.
    dead port 1/2 on $mux $procmux$903.
    dead port 1/2 on $mux $procmux$900.
    dead port 1/2 on $mux $procmux$897.
    dead port 1/2 on $mux $procmux$894.
    dead port 1/2 on $mux $procmux$891.
    dead port 1/2 on $mux $procmux$888.
    dead port 1/2 on $mux $procmux$885.
    dead port 1/2 on $mux $procmux$882.
    dead port 1/2 on $mux $procmux$879.
    dead port 1/2 on $mux $procmux$876.
    dead port 1/2 on $mux $procmux$873.
    dead port 1/2 on $mux $procmux$870.
    dead port 1/2 on $mux $procmux$867.
    dead port 1/2 on $mux $procmux$864.
    dead port 1/2 on $mux $procmux$861.
    dead port 1/2 on $mux $procmux$858.
    dead port 1/2 on $mux $procmux$855.
    dead port 1/2 on $mux $procmux$849.
    dead port 1/2 on $mux $procmux$846.
    dead port 1/2 on $mux $procmux$843.
    dead port 1/2 on $mux $procmux$840.
    dead port 1/2 on $mux $procmux$837.
    dead port 1/2 on $mux $procmux$834.
    dead port 1/2 on $mux $procmux$831.
    dead port 1/2 on $mux $procmux$828.
    dead port 1/2 on $mux $procmux$825.
    dead port 1/2 on $mux $procmux$822.
    dead port 1/2 on $mux $procmux$819.
    dead port 1/2 on $mux $procmux$816.
    dead port 1/2 on $mux $procmux$813.
    dead port 1/2 on $mux $procmux$810.
    dead port 1/2 on $mux $procmux$807.
    dead port 1/2 on $mux $procmux$804.
    dead port 1/2 on $mux $procmux$801.
    dead port 1/2 on $mux $procmux$798.
    dead port 1/2 on $mux $procmux$795.
    dead port 1/2 on $mux $procmux$792.
    dead port 1/2 on $mux $procmux$789.
    dead port 1/2 on $mux $procmux$786.
    dead port 1/2 on $mux $procmux$783.
    dead port 1/2 on $mux $procmux$780.
    dead port 1/2 on $mux $procmux$777.
    dead port 1/2 on $mux $procmux$774.
    dead port 1/2 on $mux $procmux$771.
    dead port 1/2 on $mux $procmux$768.
    dead port 1/2 on $mux $procmux$765.
    dead port 1/2 on $mux $procmux$762.
    dead port 1/2 on $mux $procmux$756.
    dead port 1/2 on $mux $procmux$753.
    dead port 1/2 on $mux $procmux$750.
    dead port 1/2 on $mux $procmux$747.
    dead port 1/2 on $mux $procmux$744.
    dead port 1/2 on $mux $procmux$741.
    dead port 1/2 on $mux $procmux$738.
    dead port 1/2 on $mux $procmux$735.
    dead port 1/2 on $mux $procmux$732.
    dead port 1/2 on $mux $procmux$729.
    dead port 1/2 on $mux $procmux$726.
    dead port 1/2 on $mux $procmux$723.
    dead port 1/2 on $mux $procmux$720.
    dead port 1/2 on $mux $procmux$717.
    dead port 1/2 on $mux $procmux$714.
    dead port 1/2 on $mux $procmux$711.
    dead port 1/2 on $mux $procmux$708.
    dead port 1/2 on $mux $procmux$705.
    dead port 1/2 on $mux $procmux$702.
    dead port 1/2 on $mux $procmux$699.
    dead port 1/2 on $mux $procmux$696.
    dead port 1/2 on $mux $procmux$693.
    dead port 1/2 on $mux $procmux$690.
    dead port 1/2 on $mux $procmux$687.
    dead port 1/2 on $mux $procmux$684.
    dead port 1/2 on $mux $procmux$681.
    dead port 1/2 on $mux $procmux$678.
    dead port 1/2 on $mux $procmux$675.
    dead port 1/2 on $mux $procmux$672.
    dead port 1/2 on $mux $procmux$669.
    dead port 1/2 on $mux $procmux$666.
    dead port 1/2 on $mux $procmux$660.
    dead port 1/2 on $mux $procmux$657.
    dead port 1/2 on $mux $procmux$654.
    dead port 1/2 on $mux $procmux$651.
    dead port 1/2 on $mux $procmux$648.
    dead port 1/2 on $mux $procmux$645.
    dead port 1/2 on $mux $procmux$642.
    dead port 1/2 on $mux $procmux$639.
    dead port 1/2 on $mux $procmux$636.
    dead port 1/2 on $mux $procmux$633.
    dead port 1/2 on $mux $procmux$630.
    dead port 1/2 on $mux $procmux$627.
    dead port 1/2 on $mux $procmux$624.
    dead port 1/2 on $mux $procmux$621.
    dead port 1/2 on $mux $procmux$618.
    dead port 1/2 on $mux $procmux$615.
    dead port 1/2 on $mux $procmux$612.
    dead port 1/2 on $mux $procmux$609.
    dead port 1/2 on $mux $procmux$606.
    dead port 1/2 on $mux $procmux$603.
    dead port 1/2 on $mux $procmux$600.
    dead port 1/2 on $mux $procmux$597.
    dead port 1/2 on $mux $procmux$594.
    dead port 1/2 on $mux $procmux$591.
    dead port 1/2 on $mux $procmux$588.
    dead port 1/2 on $mux $procmux$585.
    dead port 1/2 on $mux $procmux$582.
    dead port 1/2 on $mux $procmux$579.
    dead port 1/2 on $mux $procmux$576.
    dead port 1/2 on $mux $procmux$573.
    dead port 1/2 on $mux $procmux$570.
    dead port 1/2 on $mux $procmux$567.
    dead port 1/2 on $mux $procmux$561.
    dead port 1/2 on $mux $procmux$558.
    dead port 1/2 on $mux $procmux$555.
    dead port 1/2 on $mux $procmux$552.
    dead port 1/2 on $mux $procmux$549.
    dead port 1/2 on $mux $procmux$546.
    dead port 1/2 on $mux $procmux$543.
    dead port 1/2 on $mux $procmux$540.
    dead port 1/2 on $mux $procmux$537.
    dead port 1/2 on $mux $procmux$534.
    dead port 1/2 on $mux $procmux$531.
    dead port 1/2 on $mux $procmux$528.
    dead port 1/2 on $mux $procmux$525.
    dead port 1/2 on $mux $procmux$522.
    dead port 1/2 on $mux $procmux$519.
    dead port 1/2 on $mux $procmux$516.
    dead port 1/2 on $mux $procmux$513.
    dead port 1/2 on $mux $procmux$510.
    dead port 1/2 on $mux $procmux$507.
    dead port 1/2 on $mux $procmux$504.
    dead port 1/2 on $mux $procmux$501.
    dead port 1/2 on $mux $procmux$498.
    dead port 1/2 on $mux $procmux$495.
    dead port 1/2 on $mux $procmux$492.
    dead port 1/2 on $mux $procmux$489.
    dead port 1/2 on $mux $procmux$486.
    dead port 1/2 on $mux $procmux$483.
    dead port 1/2 on $mux $procmux$480.
    dead port 1/2 on $mux $procmux$477.
    dead port 1/2 on $mux $procmux$474.
    dead port 1/2 on $mux $procmux$471.
    dead port 1/2 on $mux $procmux$468.
    dead port 1/2 on $mux $procmux$465.
    dead port 1/2 on $mux $procmux$459.
    dead port 1/2 on $mux $procmux$456.
    dead port 1/2 on $mux $procmux$453.
    dead port 1/2 on $mux $procmux$450.
    dead port 1/2 on $mux $procmux$447.
    dead port 1/2 on $mux $procmux$444.
    dead port 1/2 on $mux $procmux$441.
    dead port 1/2 on $mux $procmux$438.
    dead port 1/2 on $mux $procmux$435.
    dead port 1/2 on $mux $procmux$432.
    dead port 1/2 on $mux $procmux$429.
    dead port 1/2 on $mux $procmux$426.
    dead port 1/2 on $mux $procmux$423.
    dead port 1/2 on $mux $procmux$420.
    dead port 1/2 on $mux $procmux$417.
    dead port 1/2 on $mux $procmux$414.
    dead port 1/2 on $mux $procmux$411.
    dead port 1/2 on $mux $procmux$408.
    dead port 1/2 on $mux $procmux$405.
    dead port 1/2 on $mux $procmux$402.
    dead port 1/2 on $mux $procmux$399.
    dead port 1/2 on $mux $procmux$396.
    dead port 1/2 on $mux $procmux$393.
    dead port 1/2 on $mux $procmux$390.
    dead port 1/2 on $mux $procmux$387.
    dead port 1/2 on $mux $procmux$384.
    dead port 1/2 on $mux $procmux$381.
    dead port 1/2 on $mux $procmux$378.
    dead port 1/2 on $mux $procmux$375.
    dead port 1/2 on $mux $procmux$372.
    dead port 1/2 on $mux $procmux$369.
    dead port 1/2 on $mux $procmux$366.
    dead port 1/2 on $mux $procmux$363.
    dead port 1/2 on $mux $procmux$360.
    dead port 1/2 on $mux $procmux$354.
    dead port 1/2 on $mux $procmux$351.
    dead port 1/2 on $mux $procmux$348.
    dead port 1/2 on $mux $procmux$345.
    dead port 1/2 on $mux $procmux$342.
    dead port 1/2 on $mux $procmux$339.
    dead port 1/2 on $mux $procmux$336.
    dead port 1/2 on $mux $procmux$333.
    dead port 1/2 on $mux $procmux$330.
    dead port 1/2 on $mux $procmux$327.
    dead port 1/2 on $mux $procmux$324.
    dead port 1/2 on $mux $procmux$321.
    dead port 1/2 on $mux $procmux$318.
    dead port 1/2 on $mux $procmux$315.
    dead port 1/2 on $mux $procmux$312.
    dead port 1/2 on $mux $procmux$309.
    dead port 1/2 on $mux $procmux$306.
    dead port 1/2 on $mux $procmux$303.
    dead port 1/2 on $mux $procmux$300.
    dead port 1/2 on $mux $procmux$297.
    dead port 1/2 on $mux $procmux$294.
    dead port 1/2 on $mux $procmux$291.
    dead port 1/2 on $mux $procmux$288.
    dead port 1/2 on $mux $procmux$285.
    dead port 1/2 on $mux $procmux$282.
    dead port 1/2 on $mux $procmux$279.
    dead port 1/2 on $mux $procmux$276.
    dead port 1/2 on $mux $procmux$273.
    dead port 1/2 on $mux $procmux$270.
    dead port 1/2 on $mux $procmux$267.
    dead port 1/2 on $mux $procmux$264.
    dead port 1/2 on $mux $procmux$261.
    dead port 1/2 on $mux $procmux$258.
    dead port 1/2 on $mux $procmux$255.
    dead port 1/2 on $mux $procmux$252.
    dead port 1/2 on $mux $procmux$246.
    dead port 1/2 on $mux $procmux$243.
    dead port 1/2 on $mux $procmux$240.
    dead port 1/2 on $mux $procmux$237.
    dead port 1/2 on $mux $procmux$234.
    dead port 1/2 on $mux $procmux$231.
    dead port 1/2 on $mux $procmux$228.
    dead port 1/2 on $mux $procmux$225.
    dead port 1/2 on $mux $procmux$222.
    dead port 1/2 on $mux $procmux$219.
    dead port 1/2 on $mux $procmux$216.
    dead port 1/2 on $mux $procmux$213.
    dead port 1/2 on $mux $procmux$210.
    dead port 1/2 on $mux $procmux$207.
    dead port 1/2 on $mux $procmux$204.
    dead port 1/2 on $mux $procmux$201.
    dead port 1/2 on $mux $procmux$198.
    dead port 1/2 on $mux $procmux$195.
    dead port 1/2 on $mux $procmux$192.
    dead port 1/2 on $mux $procmux$189.
    dead port 1/2 on $mux $procmux$186.
    dead port 1/2 on $mux $procmux$183.
    dead port 1/2 on $mux $procmux$180.
    dead port 1/2 on $mux $procmux$177.
    dead port 1/2 on $mux $procmux$174.
    dead port 1/2 on $mux $procmux$171.
    dead port 1/2 on $mux $procmux$168.
    dead port 1/2 on $mux $procmux$165.
    dead port 1/2 on $mux $procmux$162.
    dead port 1/2 on $mux $procmux$159.
    dead port 1/2 on $mux $procmux$156.
    dead port 1/2 on $mux $procmux$153.
    dead port 1/2 on $mux $procmux$150.
    dead port 1/2 on $mux $procmux$147.
    dead port 1/2 on $mux $procmux$144.
    dead port 1/2 on $mux $procmux$141.
Removed 666 multiplexer ports.

7.4. Executing OPT_REDUCE pass (consolidate $*mux and $reduce_* inputs).
  Optimizing cells in module \ex251_semantic_int3_dot2_prodtable_qrange.
Performed a total of 0 changes.

7.5. Executing OPT_MERGE pass (detect identical cells).
Finding identical cells in module `\ex251_semantic_int3_dot2_prodtable_qrange'.
Computing hashes of 96 cells of `\ex251_semantic_int3_dot2_prodtable_qrange'.
Finding duplicate cells in `\ex251_semantic_int3_dot2_prodtable_qrange'.
Removed a total of 0 cells.

7.6. Executing OPT_DFF pass (perform DFF optimizations).

7.7. Executing OPT_CLEAN pass (remove unused cells and wires).
Finding unused cells or wires in module \ex251_semantic_int3_dot2_prodtable_qrange..
Removed 0 unused cells and 1443 unused wires.

7.8. Executing OPT_EXPR pass (perform const folding).
Optimizing module ex251_semantic_int3_dot2_prodtable_qrange.

7.9. Rerunning OPT passes. (Maybe there is more to do..)

7.10. Executing OPT_MUXTREE pass (detect dead branches in mux trees).
Running muxtree optimizer on module \ex251_semantic_int3_dot2_prodtable_qrange..
  Creating internal representation of mux trees.
  Evaluating internal representation of mux trees.
  Analyzing evaluation results.
Removed 0 multiplexer ports.

7.11. Executing OPT_REDUCE pass (consolidate $*mux and $reduce_* inputs).
  Optimizing cells in module \ex251_semantic_int3_dot2_prodtable_qrange.
Performed a total of 0 changes.

7.12. Executing OPT_MERGE pass (detect identical cells).
Finding identical cells in module `\ex251_semantic_int3_dot2_prodtable_qrange'.
Computing hashes of 96 cells of `\ex251_semantic_int3_dot2_prodtable_qrange'.
Finding duplicate cells in `\ex251_semantic_int3_dot2_prodtable_qrange'.
Removed a total of 0 cells.

7.13. Executing OPT_DFF pass (perform DFF optimizations).

7.14. Executing OPT_CLEAN pass (remove unused cells and wires).
Finding unused cells or wires in module \ex251_semantic_int3_dot2_prodtable_qrange..

7.15. Executing OPT_EXPR pass (perform const folding).
Optimizing module ex251_semantic_int3_dot2_prodtable_qrange.

7.16. Finished fast OPT passes. (There is nothing left to do.)

8. Executing MEMORY pass.

8.1. Executing OPT_MEM pass (optimize memories).
Performed a total of 0 transformations.

8.2. Executing OPT_MEM_PRIORITY pass (removing unnecessary memory write priority relations).
Performed a total of 0 transformations.

8.3. Executing OPT_MEM_FEEDBACK pass (finding memory read-to-write feedback paths).

8.4. Executing MEMORY_BMUX2ROM pass (converting muxes to ROMs).

8.5. Executing MEMORY_DFF pass (merging $dff cells to $memrd).
Checking read port `$auto$proc_rom.cc:155:do_switch$134'[0] in module `\ex251_semantic_int3_dot2_prodtable_qrange': no output FF found.
Checking read port `$auto$proc_rom.cc:155:do_switch$130'[0] in module `\ex251_semantic_int3_dot2_prodtable_qrange': no output FF found.
Checking read port address `$auto$proc_rom.cc:155:do_switch$134'[0] in module `\ex251_semantic_int3_dot2_prodtable_qrange': no address FF found.
Checking read port address `$auto$proc_rom.cc:155:do_switch$130'[0] in module `\ex251_semantic_int3_dot2_prodtable_qrange': no address FF found.

8.6. Executing OPT_CLEAN pass (remove unused cells and wires).
Finding unused cells or wires in module \ex251_semantic_int3_dot2_prodtable_qrange..

8.7. Executing MEMORY_SHARE pass (consolidating $memrd/$memwr cells).

8.8. Executing OPT_MEM_WIDEN pass (optimize memories where all ports are wide).
Performed a total of 0 transformations.

8.9. Executing OPT_CLEAN pass (remove unused cells and wires).
Finding unused cells or wires in module \ex251_semantic_int3_dot2_prodtable_qrange..

8.10. Executing MEMORY_COLLECT pass (generating $mem cells).

8.11. Executing MEMORY_MAP pass (converting memories to logic and flip-flops).
Mapping memory $auto$proc_rom.cc:155:do_switch$134 in module \ex251_semantic_int3_dot2_prodtable_qrange:
  created 256 $dff cells and 0 static cells of width 9.
  read interface: 0 $dff and 255 $mux cells.
  write interface: 0 write mux blocks.
Mapping memory $auto$proc_rom.cc:155:do_switch$130 in module \ex251_semantic_int3_dot2_prodtable_qrange:
  created 256 $dff cells and 0 static cells of width 9.
  read interface: 0 $dff and 255 $mux cells.
  write interface: 0 write mux blocks.

9. Executing OPT pass (performing simple optimizations).

9.1. Executing OPT_EXPR pass (perform const folding).
Optimizing module ex251_semantic_int3_dot2_prodtable_qrange.

9.2. Executing OPT_MERGE pass (detect identical cells).
Finding identical cells in module `\ex251_semantic_int3_dot2_prodtable_qrange'.
Computing hashes of 542 cells of `\ex251_semantic_int3_dot2_prodtable_qrange'.
Finding duplicate cells in `\ex251_semantic_int3_dot2_prodtable_qrange'.
Removed a total of 0 cells.

9.3. Executing OPT_MUXTREE pass (detect dead branches in mux trees).
Running muxtree optimizer on module \ex251_semantic_int3_dot2_prodtable_qrange..
  Creating internal representation of mux trees.
  Evaluating internal representation of mux trees.
  Analyzing evaluation results.
Removed 0 multiplexer ports.

9.4. Executing OPT_REDUCE pass (consolidate $*mux and $reduce_* inputs).
  Optimizing cells in module \ex251_semantic_int3_dot2_prodtable_qrange.
Performed a total of 0 changes.

9.5. Executing OPT_MERGE pass (detect identical cells).
Finding identical cells in module `\ex251_semantic_int3_dot2_prodtable_qrange'.
Computing hashes of 542 cells of `\ex251_semantic_int3_dot2_prodtable_qrange'.
Finding duplicate cells in `\ex251_semantic_int3_dot2_prodtable_qrange'.
Computing hashes of 430 cells of `\ex251_semantic_int3_dot2_prodtable_qrange'.
Finding duplicate cells in `\ex251_semantic_int3_dot2_prodtable_qrange'.
Computing hashes of 374 cells of `\ex251_semantic_int3_dot2_prodtable_qrange'.
Finding duplicate cells in `\ex251_semantic_int3_dot2_prodtable_qrange'.
Computing hashes of 346 cells of `\ex251_semantic_int3_dot2_prodtable_qrange'.
Finding duplicate cells in `\ex251_semantic_int3_dot2_prodtable_qrange'.
Removed a total of 196 cells.

9.6. Executing OPT_DFF pass (perform DFF optimizations).

9.7. Executing OPT_CLEAN pass (remove unused cells and wires).
Finding unused cells or wires in module \ex251_semantic_int3_dot2_prodtable_qrange..
Removed 0 unused cells and 768 unused wires.

9.8. Executing OPT_EXPR pass (perform const folding).
Optimizing module ex251_semantic_int3_dot2_prodtable_qrange.

9.9. Rerunning OPT passes. (Maybe there is more to do..)

9.10. Executing OPT_MUXTREE pass (detect dead branches in mux trees).
Running muxtree optimizer on module \ex251_semantic_int3_dot2_prodtable_qrange..
  Creating internal representation of mux trees.
  Evaluating internal representation of mux trees.
  Analyzing evaluation results.
Removed 0 multiplexer ports.

9.11. Executing OPT_REDUCE pass (consolidate $*mux and $reduce_* inputs).
  Optimizing cells in module \ex251_semantic_int3_dot2_prodtable_qrange.
Performed a total of 0 changes.

9.12. Executing OPT_MERGE pass (detect identical cells).
Finding identical cells in module `\ex251_semantic_int3_dot2_prodtable_qrange'.
Computing hashes of 346 cells of `\ex251_semantic_int3_dot2_prodtable_qrange'.
Finding duplicate cells in `\ex251_semantic_int3_dot2_prodtable_qrange'.
Removed a total of 0 cells.

9.13. Executing OPT_DFF pass (perform DFF optimizations).

9.14. Executing OPT_CLEAN pass (remove unused cells and wires).
Finding unused cells or wires in module \ex251_semantic_int3_dot2_prodtable_qrange..

9.15. Executing OPT_EXPR pass (perform const folding).
Optimizing module ex251_semantic_int3_dot2_prodtable_qrange.

9.16. Finished fast OPT passes. (There is nothing left to do.)

10. Executing TECHMAP pass (map to technology primitives).

10.1. Executing Verilog-2005 frontend: /home/b10507053/ALS_Final_Project/student/tools/conda-env/bin/../share/yosys/techmap.v
Parsing Verilog input from `/home/b10507053/ALS_Final_Project/student/tools/conda-env/bin/../share/yosys/techmap.v' to AST representation.
Generating RTLIL representation for module `\_90_simplemap_bool_ops'.
Generating RTLIL representation for module `\_90_simplemap_reduce_ops'.
Generating RTLIL representation for module `\_90_simplemap_logic_ops'.
Generating RTLIL representation for module `\_90_simplemap_compare_ops'.
Generating RTLIL representation for module `\_90_simplemap_various'.
Generating RTLIL representation for module `\_90_simplemap_registers'.
Generating RTLIL representation for module `\_90_shift_ops_shr_shl_sshl_sshr'.
Generating RTLIL representation for module `\_90_shift_shiftx'.
Generating RTLIL representation for module `\_90_fa'.
Generating RTLIL representation for module `\_90_lcu_brent_kung'.
Generating RTLIL representation for module `\_90_alu'.
Generating RTLIL representation for module `\_90_macc'.
Generating RTLIL representation for module `\_90_alumacc'.
Generating RTLIL representation for module `$__div_mod_u'.
Generating RTLIL representation for module `$__div_mod_trunc'.
Generating RTLIL representation for module `\_90_div'.
Generating RTLIL representation for module `\_90_mod'.
Generating RTLIL representation for module `$__div_mod_floor'.
Generating RTLIL representation for module `\_90_divfloor'.
Generating RTLIL representation for module `\_90_modfloor'.
Generating RTLIL representation for module `\_90_pow'.
Generating RTLIL representation for module `\_90_demux'.
Generating RTLIL representation for module `\_90_lut'.
Generating RTLIL representation for module `$connect'.
Generating RTLIL representation for module `$input_port'.
Successfully finished Verilog frontend.

10.2. Continuing TECHMAP pass.
Running "alumacc" on wrapper $extern:wrap:$add:Y_WIDTH=11:B_WIDTH=11:A_WIDTH=11:B_SIGNED=1:A_SIGNED=1:394426c56d1a028ba8fdd5469b163e04011def47.
Using template $extern:wrap:$add:Y_WIDTH=11:B_WIDTH=11:A_WIDTH=11:B_SIGNED=1:A_SIGNED=1:394426c56d1a028ba8fdd5469b163e04011def47 for cells of type $extern:wrap:$add:Y_WIDTH=11:B_WIDTH=11:A_WIDTH=11:B_SIGNED=1:A_SIGNED=1:394426c56d1a028ba8fdd5469b163e04011def47.
Running "alumacc" on wrapper $extern:wrap:$lt:Y_WIDTH=1:B_WIDTH=32:A_WIDTH=11:B_SIGNED=1:A_SIGNED=1:394426c56d1a028ba8fdd5469b163e04011def47.
Using template $extern:wrap:$lt:Y_WIDTH=1:B_WIDTH=32:A_WIDTH=11:B_SIGNED=1:A_SIGNED=1:394426c56d1a028ba8fdd5469b163e04011def47 for cells of type $extern:wrap:$lt:Y_WIDTH=1:B_WIDTH=32:A_WIDTH=11:B_SIGNED=1:A_SIGNED=1:394426c56d1a028ba8fdd5469b163e04011def47.
Running "alumacc" on wrapper $extern:wrap:$neg:Y_WIDTH=11:A_WIDTH=11:A_SIGNED=1:394426c56d1a028ba8fdd5469b163e04011def47.
Using template $extern:wrap:$neg:Y_WIDTH=11:A_WIDTH=11:A_SIGNED=1:394426c56d1a028ba8fdd5469b163e04011def47 for cells of type $extern:wrap:$neg:Y_WIDTH=11:A_WIDTH=11:A_SIGNED=1:394426c56d1a028ba8fdd5469b163e04011def47.
Using extmapper simplemap for cells of type $mux.
Using extmapper simplemap for cells of type $logic_not.
Using extmapper simplemap for cells of type $logic_and.
Using extmapper simplemap for cells of type $logic_or.
Using extmapper simplemap for cells of type $xor.
Running "alumacc" on wrapper $extern:wrap:$le:Y_WIDTH=1:B_WIDTH=10:A_WIDTH=10:B_SIGNED=0:A_SIGNED=0:394426c56d1a028ba8fdd5469b163e04011def47.
Using template $extern:wrap:$le:Y_WIDTH=1:B_WIDTH=10:A_WIDTH=10:B_SIGNED=0:A_SIGNED=0:394426c56d1a028ba8fdd5469b163e04011def47 for cells of type $extern:wrap:$le:Y_WIDTH=1:B_WIDTH=10:A_WIDTH=10:B_SIGNED=0:A_SIGNED=0:394426c56d1a028ba8fdd5469b163e04011def47.
Using extmapper simplemap for cells of type $reduce_or.
Using template $paramod$484d51534650924b7ed4c69e46eed3a56904771f\_90_alu for cells of type $alu.
Using extmapper simplemap for cells of type $not.
Using extmapper simplemap for cells of type $reduce_and.
Using template $paramod$c6cac7b66cb5130862ba6df599147e943f2b57cd\_90_alu for cells of type $alu.
Using template $paramod$b88c814db3182f0c444e9827cc183ec51bbd865d\_90_alu for cells of type $alu.
Using template $paramod$92a756966432b34ce84eafab06f04f8fcb0d72b0\_90_alu for cells of type $alu.
Using extmapper simplemap for cells of type $pos.
Using template $paramod\_90_fa\WIDTH=32'00000000000000000000000000001010 for cells of type $fa.
Using template $paramod\_90_lcu_brent_kung\WIDTH=32'00000000000000000000000000001010 for cells of type $lcu.
Using template $paramod\_90_fa\WIDTH=32'00000000000000000000000000001011 for cells of type $fa.
Using template $paramod\_90_lcu_brent_kung\WIDTH=32'00000000000000000000000000001011 for cells of type $lcu.
Using template $paramod\_90_fa\WIDTH=32'00000000000000000000000000100000 for cells of type $fa.
Using template $paramod\_90_lcu_brent_kung\WIDTH=32'00000000000000000000000000100000 for cells of type $lcu.
Using extmapper simplemap for cells of type $or.
Using extmapper simplemap for cells of type $and.
No more expansions possible.

11. Executing OPT pass (performing simple optimizations).

11.1. Executing OPT_EXPR pass (perform const folding).
Optimizing module ex251_semantic_int3_dot2_prodtable_qrange.

11.2. Executing OPT_MERGE pass (detect identical cells).
Finding identical cells in module `\ex251_semantic_int3_dot2_prodtable_qrange'.
Computing hashes of 3434 cells of `\ex251_semantic_int3_dot2_prodtable_qrange'.
Finding duplicate cells in `\ex251_semantic_int3_dot2_prodtable_qrange'.
Computing hashes of 2706 cells of `\ex251_semantic_int3_dot2_prodtable_qrange'.
Finding duplicate cells in `\ex251_semantic_int3_dot2_prodtable_qrange'.
Computing hashes of 2235 cells of `\ex251_semantic_int3_dot2_prodtable_qrange'.
Finding duplicate cells in `\ex251_semantic_int3_dot2_prodtable_qrange'.
Computing hashes of 1891 cells of `\ex251_semantic_int3_dot2_prodtable_qrange'.
Finding duplicate cells in `\ex251_semantic_int3_dot2_prodtable_qrange'.
Computing hashes of 1705 cells of `\ex251_semantic_int3_dot2_prodtable_qrange'.
Finding duplicate cells in `\ex251_semantic_int3_dot2_prodtable_qrange'.
Computing hashes of 1626 cells of `\ex251_semantic_int3_dot2_prodtable_qrange'.
Finding duplicate cells in `\ex251_semantic_int3_dot2_prodtable_qrange'.
Computing hashes of 1599 cells of `\ex251_semantic_int3_dot2_prodtable_qrange'.
Finding duplicate cells in `\ex251_semantic_int3_dot2_prodtable_qrange'.
Computing hashes of 1592 cells of `\ex251_semantic_int3_dot2_prodtable_qrange'.
Finding duplicate cells in `\ex251_semantic_int3_dot2_prodtable_qrange'.
Computing hashes of 1586 cells of `\ex251_semantic_int3_dot2_prodtable_qrange'.
Finding duplicate cells in `\ex251_semantic_int3_dot2_prodtable_qrange'.
Computing hashes of 1584 cells of `\ex251_semantic_int3_dot2_prodtable_qrange'.
Finding duplicate cells in `\ex251_semantic_int3_dot2_prodtable_qrange'.
Computing hashes of 1583 cells of `\ex251_semantic_int3_dot2_prodtable_qrange'.
Finding duplicate cells in `\ex251_semantic_int3_dot2_prodtable_qrange'.
Removed a total of 1851 cells.

11.3. Executing OPT_MUXTREE pass (detect dead branches in mux trees).
Running muxtree optimizer on module \ex251_semantic_int3_dot2_prodtable_qrange..
  Creating internal representation of mux trees.
  No muxes found in this module.
Removed 0 multiplexer ports.

11.4. Executing OPT_REDUCE pass (consolidate $*mux and $reduce_* inputs).
  Optimizing cells in module \ex251_semantic_int3_dot2_prodtable_qrange.
Performed a total of 0 changes.

11.5. Executing OPT_MERGE pass (detect identical cells).
Finding identical cells in module `\ex251_semantic_int3_dot2_prodtable_qrange'.
Computing hashes of 1583 cells of `\ex251_semantic_int3_dot2_prodtable_qrange'.
Finding duplicate cells in `\ex251_semantic_int3_dot2_prodtable_qrange'.
Removed a total of 0 cells.

11.6. Executing OPT_DFF pass (perform DFF optimizations).

11.7. Executing OPT_CLEAN pass (remove unused cells and wires).
Finding unused cells or wires in module \ex251_semantic_int3_dot2_prodtable_qrange..
Removed 569 unused cells and 3404 unused wires.

11.8. Executing OPT_EXPR pass (perform const folding).
Optimizing module ex251_semantic_int3_dot2_prodtable_qrange.

11.9. Rerunning OPT passes. (Maybe there is more to do..)

11.10. Executing OPT_MUXTREE pass (detect dead branches in mux trees).
Running muxtree optimizer on module \ex251_semantic_int3_dot2_prodtable_qrange..
  Creating internal representation of mux trees.
  No muxes found in this module.
Removed 0 multiplexer ports.

11.11. Executing OPT_REDUCE pass (consolidate $*mux and $reduce_* inputs).
  Optimizing cells in module \ex251_semantic_int3_dot2_prodtable_qrange.
Performed a total of 0 changes.

11.12. Executing OPT_MERGE pass (detect identical cells).
Finding identical cells in module `\ex251_semantic_int3_dot2_prodtable_qrange'.
Computing hashes of 981 cells of `\ex251_semantic_int3_dot2_prodtable_qrange'.
Finding duplicate cells in `\ex251_semantic_int3_dot2_prodtable_qrange'.
Computing hashes of 979 cells of `\ex251_semantic_int3_dot2_prodtable_qrange'.
Finding duplicate cells in `\ex251_semantic_int3_dot2_prodtable_qrange'.
Computing hashes of 978 cells of `\ex251_semantic_int3_dot2_prodtable_qrange'.
Finding duplicate cells in `\ex251_semantic_int3_dot2_prodtable_qrange'.
Removed a total of 3 cells.

11.13. Executing OPT_DFF pass (perform DFF optimizations).

11.14. Executing OPT_CLEAN pass (remove unused cells and wires).
Finding unused cells or wires in module \ex251_semantic_int3_dot2_prodtable_qrange..
Removed 0 unused cells and 17 unused wires.

11.15. Executing OPT_EXPR pass (perform const folding).
Optimizing module ex251_semantic_int3_dot2_prodtable_qrange.

11.16. Rerunning OPT passes. (Maybe there is more to do..)

11.17. Executing OPT_MUXTREE pass (detect dead branches in mux trees).
Running muxtree optimizer on module \ex251_semantic_int3_dot2_prodtable_qrange..
  Creating internal representation of mux trees.
  No muxes found in this module.
Removed 0 multiplexer ports.

11.18. Executing OPT_REDUCE pass (consolidate $*mux and $reduce_* inputs).
  Optimizing cells in module \ex251_semantic_int3_dot2_prodtable_qrange.
Performed a total of 0 changes.

11.19. Executing OPT_MERGE pass (detect identical cells).
Finding identical cells in module `\ex251_semantic_int3_dot2_prodtable_qrange'.
Computing hashes of 978 cells of `\ex251_semantic_int3_dot2_prodtable_qrange'.
Finding duplicate cells in `\ex251_semantic_int3_dot2_prodtable_qrange'.
Removed a total of 0 cells.

11.20. Executing OPT_DFF pass (perform DFF optimizations).

11.21. Executing OPT_CLEAN pass (remove unused cells and wires).
Finding unused cells or wires in module \ex251_semantic_int3_dot2_prodtable_qrange..

11.22. Executing OPT_EXPR pass (perform const folding).
Optimizing module ex251_semantic_int3_dot2_prodtable_qrange.

11.23. Finished fast OPT passes. (There is nothing left to do.)

12. Executing ABC pass (technology mapping using ABC).

12.1. Extracting gate netlist of module `\ex251_semantic_int3_dot2_prodtable_qrange' to `<abc-temp-dir>/input.blif'..

12.1.1. Executed ABC.
Extracted 978 gates and 996 wires to a netlist network with 16 inputs and 8 outputs.
Running ABC script: <abc-temp-dir>/abc.script
ABC: UC Berkeley, ABC 1.01 (compiled May 12 2026 13:26:50)
ABC: abc 01> empty
ABC: abc 01> source <abc-temp-dir>/abc.script
ABC: + read_blif <abc-temp-dir>/input.blif 
ABC: + read_library <abc-temp-dir>/stdcells.genlib 
ABC: + strash 
ABC: + &get -n 
ABC: + &fraig -x 
ABC: + &put 
ABC: + scorr 
ABC: Warning: The network is combinational (run "fraig" or "fraig_sweep").
ABC: + dc2 
ABC: + dretime 
ABC: + strash 
ABC: + &get -n 
ABC: + &dch -f 
ABC: + &nf 
ABC: + &put 
ABC: + write_blif <abc-temp-dir>/output.blif 
ABC: 
ABC: YOSYS_ABC_DONE 

12.1.2. Re-integrating ABC results.
ABC RESULTS:               AND cells:      692
ABC RESULTS:               NOT cells:      526
ABC RESULTS:        internal signals:      972
ABC RESULTS:           input signals:       16
ABC RESULTS:          output signals:        8
Removing temp directory.
Removing global temp directory.

13. Executing OPT pass (performing simple optimizations).

13.1. Executing OPT_EXPR pass (perform const folding).
Optimizing module ex251_semantic_int3_dot2_prodtable_qrange.

13.2. Executing OPT_MERGE pass (detect identical cells).
Finding identical cells in module `\ex251_semantic_int3_dot2_prodtable_qrange'.
Computing hashes of 1218 cells of `\ex251_semantic_int3_dot2_prodtable_qrange'.
Finding duplicate cells in `\ex251_semantic_int3_dot2_prodtable_qrange'.
Removed a total of 0 cells.

13.3. Executing OPT_MUXTREE pass (detect dead branches in mux trees).
Running muxtree optimizer on module \ex251_semantic_int3_dot2_prodtable_qrange..
  Creating internal representation of mux trees.
  No muxes found in this module.
Removed 0 multiplexer ports.

13.4. Executing OPT_REDUCE pass (consolidate $*mux and $reduce_* inputs).
  Optimizing cells in module \ex251_semantic_int3_dot2_prodtable_qrange.
Performed a total of 0 changes.

13.5. Executing OPT_MERGE pass (detect identical cells).
Finding identical cells in module `\ex251_semantic_int3_dot2_prodtable_qrange'.
Computing hashes of 1218 cells of `\ex251_semantic_int3_dot2_prodtable_qrange'.
Finding duplicate cells in `\ex251_semantic_int3_dot2_prodtable_qrange'.
Removed a total of 0 cells.

13.6. Executing OPT_DFF pass (perform DFF optimizations).

13.7. Executing OPT_CLEAN pass (remove unused cells and wires).
Finding unused cells or wires in module \ex251_semantic_int3_dot2_prodtable_qrange..
Removed 0 unused cells and 514 unused wires.

13.8. Executing OPT_EXPR pass (perform const folding).
Optimizing module ex251_semantic_int3_dot2_prodtable_qrange.

13.9. Rerunning OPT passes. (Maybe there is more to do..)

13.10. Executing OPT_MUXTREE pass (detect dead branches in mux trees).
Running muxtree optimizer on module \ex251_semantic_int3_dot2_prodtable_qrange..
  Creating internal representation of mux trees.
  No muxes found in this module.
Removed 0 multiplexer ports.

13.11. Executing OPT_REDUCE pass (consolidate $*mux and $reduce_* inputs).
  Optimizing cells in module \ex251_semantic_int3_dot2_prodtable_qrange.
Performed a total of 0 changes.

13.12. Executing OPT_MERGE pass (detect identical cells).
Finding identical cells in module `\ex251_semantic_int3_dot2_prodtable_qrange'.
Computing hashes of 1218 cells of `\ex251_semantic_int3_dot2_prodtable_qrange'.
Finding duplicate cells in `\ex251_semantic_int3_dot2_prodtable_qrange'.
Removed a total of 0 cells.

13.13. Executing OPT_DFF pass (perform DFF optimizations).

13.14. Executing OPT_CLEAN pass (remove unused cells and wires).
Finding unused cells or wires in module \ex251_semantic_int3_dot2_prodtable_qrange..

13.15. Executing OPT_EXPR pass (perform const folding).
Optimizing module ex251_semantic_int3_dot2_prodtable_qrange.

13.16. Finished fast OPT passes. (There is nothing left to do.)

14. Executing AIGMAP pass (map logic to AIG).
Module ex251_semantic_int3_dot2_prodtable_qrange: replaced 0 cells with 0 new cells, skipped 1218 cells.
  not replaced 2 cell types:
     692 $_AND_
     526 $_NOT_

15. Executing OPT pass (performing simple optimizations).

15.1. Executing OPT_EXPR pass (perform const folding).
Optimizing module ex251_semantic_int3_dot2_prodtable_qrange.

15.2. Executing OPT_MERGE pass (detect identical cells).
Finding identical cells in module `\ex251_semantic_int3_dot2_prodtable_qrange'.
Computing hashes of 1218 cells of `\ex251_semantic_int3_dot2_prodtable_qrange'.
Finding duplicate cells in `\ex251_semantic_int3_dot2_prodtable_qrange'.
Removed a total of 0 cells.

15.3. Executing OPT_MUXTREE pass (detect dead branches in mux trees).
Running muxtree optimizer on module \ex251_semantic_int3_dot2_prodtable_qrange..
  Creating internal representation of mux trees.
  No muxes found in this module.
Removed 0 multiplexer ports.

15.4. Executing OPT_REDUCE pass (consolidate $*mux and $reduce_* inputs).
  Optimizing cells in module \ex251_semantic_int3_dot2_prodtable_qrange.
Performed a total of 0 changes.

15.5. Executing OPT_MERGE pass (detect identical cells).
Finding identical cells in module `\ex251_semantic_int3_dot2_prodtable_qrange'.
Computing hashes of 1218 cells of `\ex251_semantic_int3_dot2_prodtable_qrange'.
Finding duplicate cells in `\ex251_semantic_int3_dot2_prodtable_qrange'.
Removed a total of 0 cells.

15.6. Executing OPT_DFF pass (perform DFF optimizations).

15.7. Executing OPT_CLEAN pass (remove unused cells and wires).
Finding unused cells or wires in module \ex251_semantic_int3_dot2_prodtable_qrange..

15.8. Executing OPT_EXPR pass (perform const folding).
Optimizing module ex251_semantic_int3_dot2_prodtable_qrange.

15.9. Finished fast OPT passes. (There is nothing left to do.)

16. Executing AIGER backend.
ERROR: Can't open output file `/home/b10507053/ALS_Final_Project/student/work/ex250_ex254_frontend_fp4_dot_fma_semantic_20260608_2105/ex251/aigs/ex251_semantic_int3_dot2_prodtable_qrange_default.aig' for writing: No such file or directory
